Flutter crash report.
Please report a bug at https://github.com/flutter/flutter/issues.

## command

flutter debug_adapter

## exception

RPCError: readyToResume: (-32603) Unexpected DWDS error for resume: WipError -32000 Inspected target navigated or closed

```
#0      new _OutstandingRequest (package:vm_service/src/vm_service.dart:268:34)
#1      VmService._call.<anonymous closure> (package:vm_service/src/vm_service.dart:1950:25)
#2      VmService._call (package:vm_service/src/vm_service.dart:1962:8)
#3      VmService.callServiceExtension (package:vm_service/src/vm_service.dart:1901:14)
#4      VmService.callMethod (package:vm_service/src/vm_service.dart:1884:12)
#5      DdsExtension._callHelper (package:dds_service_extensions/dds_service_extensions.dart:369:12)
#6      DdsExtension.readyToResume (package:dds_service_extensions/dds_service_extensions.dart:327:12)
<asynchronous suspension>
#7      IsolateManager._readyToResume (package:dds/src/dap/isolate_manager.dart:425:7)
<asynchronous suspension>
#8      IsolateManager.readyToResumeThread (package:dds/src/dap/isolate_manager.dart:306:5)
<asynchronous suspension>
#9      IsolateManager._handlePause (package:dds/src/dap/isolate_manager.dart:695:7)
<asynchronous suspension>
#10     IsolateManager.handleEvent (package:dds/src/dap/isolate_manager.dart:207:7)
<asynchronous suspension>
#11     DartDebugAdapter.handleDebugEvent (package:dds/src/dap/adapters/dart.dart:2529:5)
<asynchronous suspension>
#12     DartDebugAdapter._withErrorHandling (package:dds/src/dap/adapters/dart.dart:2896:14)
<asynchronous suspension>
```

## flutter doctor

```
[✓] Flutter (Channel stable, 3.44.1, on Microsoft Windows [Version 10.0.26200.9445], locale en-IN) [1,435ms]
    • Flutter version 3.44.1 on channel stable at C:\Users\AJI\develop\flutter
    • Upstream repository https://github.com/flutter/flutter.git
    • Framework revision 924134a44c (3 months ago), 2026-05-29 12:13:22 -0400
    • Engine revision c416acfeb8
    • Dart version 3.12.1
    • DevTools version 2.57.0
    • Feature flags: enable-web, enable-linux-desktop, enable-macos-desktop, enable-windows-desktop, enable-android, enable-ios, cli-animations, enable-native-assets, enable-swift-package-manager, omit-legacy-version-file, enable-lldb-debugging, enable-uiscene-migration

[✓] Windows Version (Windows 11 or higher, 25H2, 2009) [2.5s]

[✓] Android toolchain - develop for Android devices (Android SDK version 37.0.0) [4.3s]
    • Android SDK at C:\Users\AJI\AppData\Local\Android\sdk
    • Emulator version 36.5.11.0 (build_id 15261927) (CL:N/A)
    • Platform android-CinnamonBun, build-tools 37.0.0
    • Java binary at: C:\Program Files\Eclipse Adoptium\jdk-25.0.3.9-hotspot\bin\java
      This JDK is specified in your Flutter configuration.
      To change the current JDK, run: `flutter config --jdk-dir="path/to/jdk"`.
    • Java version OpenJDK Runtime Environment Temurin-25.0.3+9 (build 25.0.3+9-LTS)
    • All Android licenses accepted.

[✓] Chrome - develop for the web [386ms]
    • Chrome at C:\Program Files\Google\Chrome\Application\chrome.exe

[!] Visual Studio - develop Windows apps (Visual Studio Community 2026 18.7.3) [383ms]
    • Visual Studio at C:\Program Files\Microsoft Visual Studio\18\Community
    • Visual Studio Community 2026 version 18.7.11925.98
    ✗ Visual Studio is missing necessary components. Please re-run the Visual Studio installer for the "Desktop development with C++" workload, and include these components:
        MSVC v142 - VS 2019 C++ x64/x86 build tools
         - If there are multiple build tool versions available, install the latest
        C++ CMake tools for Windows
        Windows 10 SDK

[✓] Connected device (3 available) [355ms]
    • Windows (desktop) • windows • windows-x64    • Microsoft Windows [Version 10.0.26200.9445]
    • Chrome (web)      • chrome  • web-javascript • Google Chrome 152.0.7977.84
    • Edge (web)        • edge    • web-javascript • Microsoft Edge 152.0.4191.66

[✓] Network resources [1,278ms]
    • All expected network resources are available.

! Doctor found issues in 1 category.
```
