#
# There is insufficient memory for the Java Runtime Environment to continue.
# Native memory allocation (malloc) failed to allocate 981920 bytes. Error detail: Chunk::new
# Possible reasons:
#   The system is out of physical RAM or swap space
#   This process is running with CompressedOops enabled, and the Java Heap may be blocking the growth of the native heap
# Possible solutions:
#   Reduce memory load on the system
#   Increase physical memory or swap space
#   Check if swap backing store is full
#   Decrease Java heap size (-Xmx/-Xms)
#   Decrease number of Java threads
#   Decrease Java thread stack sizes (-Xss)
#   Set larger code cache with -XX:ReservedCodeCacheSize=
#   JVM is running with Zero Based Compressed Oops mode in which the Java heap is
#     placed in the first 32GB address space. The Java Heap base address is the
#     maximum limit for the native heap growth. Please use -XX:HeapBaseMinAddress
#     to set the Java Heap base and to place the Java Heap above 32GB virtual address.
# This output file may be truncated or incomplete.
#
#  Out of Memory Error (arena.cpp:168), pid=83672, tid=64996
#
# JRE version: OpenJDK Runtime Environment Temurin-21.0.12.1+1 (21.0.12.1+1) (build 21.0.12.1+1-LTS)
# Java VM: OpenJDK 64-Bit Server VM Temurin-21.0.12.1+1 (21.0.12.1+1-LTS, mixed mode, sharing, tiered, compressed oops, compressed class ptrs, g1 gc, windows-amd64)
# No core dump will be written. Minidumps are not enabled by default on client versions of Windows
#

---------------  S U M M A R Y ------------

Command Line: --add-opens=java.base/java.lang=ALL-UNNAMED --add-opens=java.base/java.lang.invoke=ALL-UNNAMED --add-opens=java.base/java.util=ALL-UNNAMED --add-opens=java.prefs/java.util.prefs=ALL-UNNAMED --add-exports=jdk.compiler/com.sun.tools.javac.api=ALL-UNNAMED --add-exports=jdk.compiler/com.sun.tools.javac.util=ALL-UNNAMED --add-opens=java.base/java.util=ALL-UNNAMED --add-opens=java.prefs/java.util.prefs=ALL-UNNAMED --add-opens=java.base/java.nio.charset=ALL-UNNAMED --add-opens=java.base/java.net=ALL-UNNAMED --add-opens=java.base/java.util.concurrent=ALL-UNNAMED --add-opens=java.base/java.util.concurrent.atomic=ALL-UNNAMED --add-opens=java.xml/javax.xml.namespace=ALL-UNNAMED --add-opens=java.base/java.time=ALL-UNNAMED -XX:MaxMetaspaceSize=4G -XX:ReservedCodeCacheSize=512m -XX:+HeapDumpOnOutOfMemoryError -Xmx8G -Dfile.encoding=UTF-8 -Duser.country=IN -Duser.language=en -Duser.variant -javaagent:C:\Users\AJI\.gradle\wrapper\dists\gradle-9.1.0-all\7wzd0jkjit61aq2p43wpjgij9\gradle-9.1.0\lib\agents\gradle-instrumentation-agent-9.1.0.jar org.gradle.launcher.daemon.bootstrap.GradleDaemon 9.1.0

Host: 12th Gen Intel(R) Core(TM) i7-12700H, 20 cores, 15G,  Windows 11 , 64 bit Build 26100 (10.0.26100.9444)
Time: Thu Sep 10 13:13:34 2026 India Standard Time elapsed time: 5.962482 seconds (0d 0h 0m 5s)

---------------  T H R E A D  ---------------

Current thread (0x000002094bb4efd0):  JavaThread "C2 CompilerThread0" daemon [_thread_in_native, id=64996, stack(0x0000006facc00000,0x0000006facd00000) (1024K)]


Current CompileTask:
C2:5962 2974   !   4       java.lang.ClassLoader::loadClass (121 bytes)

Stack: [0x0000006facc00000,0x0000006facd00000]
Native frames: (J=compiled Java code, j=interpreted, Vv=VM code, C=native code)
V  [jvm.dll+0x6d83e9]
V  [jvm.dll+0x8b5736]
V  [jvm.dll+0x8b7cee]
V  [jvm.dll+0x8b83d3]
V  [jvm.dll+0x284596]
V  [jvm.dll+0xc685d]
V  [jvm.dll+0xc6da1]
V  [jvm.dll+0x3bf18b]
V  [jvm.dll+0x1e3da4]
V  [jvm.dll+0x24c853]
V  [jvm.dll+0x24bce0]
V  [jvm.dll+0x1cb4ae]
V  [jvm.dll+0x25baad]
V  [jvm.dll+0x25a03a]
V  [jvm.dll+0x3f8aae]
V  [jvm.dll+0x8600cd]
V  [jvm.dll+0x6d6c1d]
C  [ucrtbase.dll+0x2cd30]
C  [KERNEL32.DLL+0x2cd87]
C  [ntdll.dll+0xacaec]


---------------  P R O C E S S  ---------------

Threads class SMR info:
_java_thread_list=0x00000209929690f0, length=25, elements={
0x000002091a95ff80, 0x000002094bb42090, 0x000002094bb45110, 0x000002094bb48cc0,
0x000002094bb4b830, 0x000002094bb4ca30, 0x000002094bb4d6f0, 0x000002094bb4efd0,
0x000002094bb568f0, 0x000002094bdfeaa0, 0x000002094bd05020, 0x000002099288cc80,
0x0000020991b89fe0, 0x0000020992728f20, 0x0000020992769790, 0x0000020992761370,
0x00000209928a4640, 0x00000209928df9c0, 0x00000209928e0050, 0x00000209928df330,
0x00000209928e1a90, 0x00000209928e06e0, 0x00000209928de610, 0x00000209928deca0,
0x00000209928e0d70
}

Java Threads: ( => current thread )
  0x000002091a95ff80 JavaThread "main"                              [_thread_blocked, id=33080, stack(0x0000006fabe00000,0x0000006fabf00000) (1024K)]
  0x000002094bb42090 JavaThread "Reference Handler"          daemon [_thread_blocked, id=74668, stack(0x0000006fac600000,0x0000006fac700000) (1024K)]
  0x000002094bb45110 JavaThread "Finalizer"                  daemon [_thread_blocked, id=51720, stack(0x0000006fac700000,0x0000006fac800000) (1024K)]
  0x000002094bb48cc0 JavaThread "Signal Dispatcher"          daemon [_thread_blocked, id=42436, stack(0x0000006fac800000,0x0000006fac900000) (1024K)]
  0x000002094bb4b830 JavaThread "Attach Listener"            daemon [_thread_blocked, id=1516, stack(0x0000006fac900000,0x0000006faca00000) (1024K)]
  0x000002094bb4ca30 JavaThread "Service Thread"             daemon [_thread_blocked, id=34872, stack(0x0000006faca00000,0x0000006facb00000) (1024K)]
  0x000002094bb4d6f0 JavaThread "Monitor Deflation Thread"   daemon [_thread_blocked, id=74592, stack(0x0000006facb00000,0x0000006facc00000) (1024K)]
=>0x000002094bb4efd0 JavaThread "C2 CompilerThread0"         daemon [_thread_in_native, id=64996, stack(0x0000006facc00000,0x0000006facd00000) (1024K)]
  0x000002094bb568f0 JavaThread "C1 CompilerThread0"         daemon [_thread_blocked, id=62784, stack(0x0000006facd00000,0x0000006face00000) (1024K)]
  0x000002094bdfeaa0 JavaThread "Common-Cleaner"             daemon [_thread_blocked, id=64088, stack(0x0000006face00000,0x0000006facf00000) (1024K)]
  0x000002094bd05020 JavaThread "Notification Thread"        daemon [_thread_blocked, id=68804, stack(0x0000006facf00000,0x0000006fad000000) (1024K)]
  0x000002099288cc80 JavaThread "Daemon health stats"               [_thread_blocked, id=61588, stack(0x0000006fad500000,0x0000006fad600000) (1024K)]
  0x0000020991b89fe0 JavaThread "Incoming local TCP Connector on port 42567"        [_thread_in_native, id=49544, stack(0x0000006fad600000,0x0000006fad700000) (1024K)]
  0x0000020992728f20 JavaThread "Daemon periodic checks"            [_thread_blocked, id=26456, stack(0x0000006fad700000,0x0000006fad800000) (1024K)]
  0x0000020992769790 JavaThread "Daemon"                            [_thread_blocked, id=70076, stack(0x0000006fad800000,0x0000006fad900000) (1024K)]
  0x0000020992761370 JavaThread "Handler for socket connection from /127.0.0.1:42567 to /127.0.0.1:42568"        [_thread_in_native, id=45092, stack(0x0000006fad900000,0x0000006fada00000) (1024K)]
  0x00000209928a4640 JavaThread "Cancel handler"                    [_thread_blocked, id=71668, stack(0x0000006fae200000,0x0000006fae300000) (1024K)]
  0x00000209928df9c0 JavaThread "Daemon worker"                     [_thread_blocked, id=46792, stack(0x0000006fae300000,0x0000006fae400000) (1024K)]
  0x00000209928e0050 JavaThread "Asynchronous log dispatcher for DefaultDaemonConnection: socket connection from /127.0.0.1:42567 to /127.0.0.1:42568"        [_thread_blocked, id=38024, stack(0x0000006fae400000,0x0000006fae500000) (1024K)]
  0x00000209928df330 JavaThread "Stdin handler"                     [_thread_blocked, id=55708, stack(0x0000006fae500000,0x0000006fae600000) (1024K)]
  0x00000209928e1a90 JavaThread "Daemon client event forwarder"        [_thread_blocked, id=46024, stack(0x0000006fae600000,0x0000006fae700000) (1024K)]
  0x00000209928e06e0 JavaThread "Cache worker for journal cache (C:\Users\AJI\.gradle\caches\journal-1)"        [_thread_blocked, id=61144, stack(0x0000006fae700000,0x0000006fae800000) (1024K)]
  0x00000209928de610 JavaThread "File lock request listener"        [_thread_in_native, id=81092, stack(0x0000006fae800000,0x0000006fae900000) (1024K)]
  0x00000209928deca0 JavaThread "File lock release action executor"        [_thread_blocked, id=54536, stack(0x0000006fae900000,0x0000006faea00000) (1024K)]
  0x00000209928e0d70 JavaThread "Cache worker for file hash cache (C:\Users\AJI\.gradle\caches\9.1.0\fileHashes)"        [_thread_blocked, id=56624, stack(0x0000006faea00000,0x0000006faeb00000) (1024K)]
Total: 25

Other Threads:
  0x0000020948b26100 VMThread "VM Thread"                           [id=13720, stack(0x0000006fac500000,0x0000006fac600000) (1024K)]
  0x0000020948b13420 WatcherThread "VM Periodic Task Thread"        [id=83412, stack(0x0000006fac400000,0x0000006fac500000) (1024K)]
  0x000002091aa0ced0 WorkerThread "GC Thread#0"                     [id=7348, stack(0x0000006fabf00000,0x0000006fac000000) (1024K)]
  0x000002094be26260 WorkerThread "GC Thread#1"                     [id=60172, stack(0x0000006fad000000,0x0000006fad100000) (1024K)]
  0x000002094be55b90 WorkerThread "GC Thread#2"                     [id=70348, stack(0x0000006fad100000,0x0000006fad200000) (1024K)]
  0x000002094be55f40 WorkerThread "GC Thread#3"                     [id=23496, stack(0x0000006fad200000,0x0000006fad300000) (1024K)]
  0x000002099101c070 WorkerThread "GC Thread#4"                     [id=53468, stack(0x0000006fad300000,0x0000006fad400000) (1024K)]
  0x000002099101c420 WorkerThread "GC Thread#5"                     [id=55004, stack(0x0000006fad400000,0x0000006fad500000) (1024K)]
  0x0000020992768bd0 WorkerThread "GC Thread#6"                     [id=70556, stack(0x0000006fada00000,0x0000006fadb00000) (1024K)]
  0x00000209926e6840 WorkerThread "GC Thread#7"                     [id=71928, stack(0x0000006fadb00000,0x0000006fadc00000) (1024K)]
  0x00000209926e8ac0 WorkerThread "GC Thread#8"                     [id=76312, stack(0x0000006fadc00000,0x0000006fadd00000) (1024K)]
  0x00000209926e7fb0 WorkerThread "GC Thread#9"                     [id=51736, stack(0x0000006fadd00000,0x0000006fade00000) (1024K)]
  0x00000209926e8360 WorkerThread "GC Thread#10"                    [id=51160, stack(0x0000006fade00000,0x0000006fadf00000) (1024K)]
  0x00000209926e7850 WorkerThread "GC Thread#11"                    [id=69888, stack(0x0000006fadf00000,0x0000006fae000000) (1024K)]
  0x00000209926e8710 WorkerThread "GC Thread#12"                    [id=57556, stack(0x0000006fae000000,0x0000006fae100000) (1024K)]
  0x00000209926e9220 WorkerThread "GC Thread#13"                    [id=71192, stack(0x0000006fae100000,0x0000006fae200000) (1024K)]
  0x000002091aa1e6d0 ConcurrentGCThread "G1 Main Marker"            [id=48996, stack(0x0000006fac000000,0x0000006fac100000) (1024K)]
  0x0000020948941160 WorkerThread "G1 Conc#0"                       [id=27620, stack(0x0000006fac100000,0x0000006fac200000) (1024K)]
  0x00000209489dba60 ConcurrentGCThread "G1 Refine#0"               [id=12676, stack(0x0000006fac200000,0x0000006fac300000) (1024K)]
  0x00000209489dd490 ConcurrentGCThread "G1 Service"                [id=79320, stack(0x0000006fac300000,0x0000006fac400000) (1024K)]
Total: 20

Threads with active compile tasks:
C2 CompilerThread0  6035 2974   !   4       java.lang.ClassLoader::loadClass (121 bytes)
Total: 1

VM state: not at safepoint (normal execution)

VM Mutex/Monitor currently owned by a thread: None

Heap address: 0x0000000600000000, size: 8192 MB, Compressed Oops mode: Zero based, Oop shift amount: 3

CDS archive(s) mapped at: [0x000002094c000000-0x000002094cba0000-0x000002094cba0000), size 12189696, SharedBaseAddress: 0x000002094c000000, ArchiveRelocationMode: 1.
Compressed class space mapped at: 0x000002094d000000-0x000002098d000000, reserved size: 1073741824
Narrow klass base: 0x000002094c000000, Narrow klass shift: 0, Narrow klass range: 0x100000000

GC Precious Log:
 CardTable entry size: 512
 Card Set container configuration: InlinePtr #cards 4 size 8 Array Of Cards #cards 32 size 80 Howl #buckets 8 coarsen threshold 7372 Howl Bitmap #cards 1024 size 144 coarsen threshold 921 Card regions per heap region 1 cards per card region 8192
 CPUs: 20 total, 20 available
 Memory: 16068M
 Large Page Support: Disabled
 NUMA Support: Disabled
 Compressed Oops: Enabled (Zero based)
 Heap Region Size: 4M
 Heap Min Capacity: 8M
 Heap Initial Capacity: 252M
 Heap Max Capacity: 8G
 Pre-touch: Disabled
 Parallel Workers: 15
 Concurrent Workers: 4
 Concurrent Refinement Workers: 15
 Periodic GC: Disabled

Heap:
 garbage-first heap   total 258048K, used 52615K [0x0000000600000000, 0x0000000800000000)
  region size 4096K, 12 young (49152K), 3 survivors (12288K)
 Metaspace       used 15630K, committed 16064K, reserved 1114112K
  class space    used 2146K, committed 2368K, reserved 1048576K

Heap Regions: E=young(eden), S=young(survivor), O=old, HS=humongous(starts), HC=humongous(continues), CS=collection set, F=free, TAMS=top-at-mark-start, PB=parsable bottom
|   0|0x0000000600000000, 0x0000000600400000, 0x0000000600400000|100%|HS|  |TAMS 0x0000000600000000| PB 0x0000000600000000| Complete 
|   1|0x0000000600400000, 0x0000000600800000, 0x0000000600800000|100%| O|  |TAMS 0x0000000600400000| PB 0x0000000600400000| Untracked 
|   2|0x0000000600800000, 0x0000000600af4160, 0x0000000600c00000| 73%| O|  |TAMS 0x0000000600800000| PB 0x0000000600800000| Untracked 
|   3|0x0000000600c00000, 0x0000000600c00000, 0x0000000601000000|  0%| F|  |TAMS 0x0000000600c00000| PB 0x0000000600c00000| Untracked 
|   4|0x0000000601000000, 0x0000000601000000, 0x0000000601400000|  0%| F|  |TAMS 0x0000000601000000| PB 0x0000000601000000| Untracked 
|   5|0x0000000601400000, 0x0000000601400000, 0x0000000601800000|  0%| F|  |TAMS 0x0000000601400000| PB 0x0000000601400000| Untracked 
|   6|0x0000000601800000, 0x0000000601800000, 0x0000000601c00000|  0%| F|  |TAMS 0x0000000601800000| PB 0x0000000601800000| Untracked 
|   7|0x0000000601c00000, 0x0000000601c00000, 0x0000000602000000|  0%| F|  |TAMS 0x0000000601c00000| PB 0x0000000601c00000| Untracked 
|   8|0x0000000602000000, 0x0000000602000000, 0x0000000602400000|  0%| F|  |TAMS 0x0000000602000000| PB 0x0000000602000000| Untracked 
|   9|0x0000000602400000, 0x0000000602400000, 0x0000000602800000|  0%| F|  |TAMS 0x0000000602400000| PB 0x0000000602400000| Untracked 
|  10|0x0000000602800000, 0x0000000602800000, 0x0000000602c00000|  0%| F|  |TAMS 0x0000000602800000| PB 0x0000000602800000| Untracked 
|  11|0x0000000602c00000, 0x0000000602c00000, 0x0000000603000000|  0%| F|  |TAMS 0x0000000602c00000| PB 0x0000000602c00000| Untracked 
|  12|0x0000000603000000, 0x0000000603000000, 0x0000000603400000|  0%| F|  |TAMS 0x0000000603000000| PB 0x0000000603000000| Untracked 
|  13|0x0000000603400000, 0x0000000603400000, 0x0000000603800000|  0%| F|  |TAMS 0x0000000603400000| PB 0x0000000603400000| Untracked 
|  14|0x0000000603800000, 0x0000000603800000, 0x0000000603c00000|  0%| F|  |TAMS 0x0000000603800000| PB 0x0000000603800000| Untracked 
|  15|0x0000000603c00000, 0x0000000603c00000, 0x0000000604000000|  0%| F|  |TAMS 0x0000000603c00000| PB 0x0000000603c00000| Untracked 
|  16|0x0000000604000000, 0x0000000604000000, 0x0000000604400000|  0%| F|  |TAMS 0x0000000604000000| PB 0x0000000604000000| Untracked 
|  17|0x0000000604400000, 0x0000000604400000, 0x0000000604800000|  0%| F|  |TAMS 0x0000000604400000| PB 0x0000000604400000| Untracked 
|  18|0x0000000604800000, 0x0000000604800000, 0x0000000604c00000|  0%| F|  |TAMS 0x0000000604800000| PB 0x0000000604800000| Untracked 
|  19|0x0000000604c00000, 0x0000000604c00000, 0x0000000605000000|  0%| F|  |TAMS 0x0000000604c00000| PB 0x0000000604c00000| Untracked 
|  20|0x0000000605000000, 0x0000000605000000, 0x0000000605400000|  0%| F|  |TAMS 0x0000000605000000| PB 0x0000000605000000| Untracked 
|  21|0x0000000605400000, 0x0000000605400000, 0x0000000605800000|  0%| F|  |TAMS 0x0000000605400000| PB 0x0000000605400000| Untracked 
|  22|0x0000000605800000, 0x0000000605800000, 0x0000000605c00000|  0%| F|  |TAMS 0x0000000605800000| PB 0x0000000605800000| Untracked 
|  23|0x0000000605c00000, 0x0000000605c00000, 0x0000000606000000|  0%| F|  |TAMS 0x0000000605c00000| PB 0x0000000605c00000| Untracked 
|  24|0x0000000606000000, 0x0000000606000000, 0x0000000606400000|  0%| F|  |TAMS 0x0000000606000000| PB 0x0000000606000000| Untracked 
|  25|0x0000000606400000, 0x0000000606400000, 0x0000000606800000|  0%| F|  |TAMS 0x0000000606400000| PB 0x0000000606400000| Untracked 
|  26|0x0000000606800000, 0x0000000606800000, 0x0000000606c00000|  0%| F|  |TAMS 0x0000000606800000| PB 0x0000000606800000| Untracked 
|  27|0x0000000606c00000, 0x0000000606c00000, 0x0000000607000000|  0%| F|  |TAMS 0x0000000606c00000| PB 0x0000000606c00000| Untracked 
|  28|0x0000000607000000, 0x0000000607000000, 0x0000000607400000|  0%| F|  |TAMS 0x0000000607000000| PB 0x0000000607000000| Untracked 
|  29|0x0000000607400000, 0x0000000607400000, 0x0000000607800000|  0%| F|  |TAMS 0x0000000607400000| PB 0x0000000607400000| Untracked 
|  30|0x0000000607800000, 0x0000000607800000, 0x0000000607c00000|  0%| F|  |TAMS 0x0000000607800000| PB 0x0000000607800000| Untracked 
|  31|0x0000000607c00000, 0x0000000607c00000, 0x0000000608000000|  0%| F|  |TAMS 0x0000000607c00000| PB 0x0000000607c00000| Untracked 
|  32|0x0000000608000000, 0x0000000608000000, 0x0000000608400000|  0%| F|  |TAMS 0x0000000608000000| PB 0x0000000608000000| Untracked 
|  33|0x0000000608400000, 0x0000000608400000, 0x0000000608800000|  0%| F|  |TAMS 0x0000000608400000| PB 0x0000000608400000| Untracked 
|  34|0x0000000608800000, 0x0000000608800000, 0x0000000608c00000|  0%| F|  |TAMS 0x0000000608800000| PB 0x0000000608800000| Untracked 
|  35|0x0000000608c00000, 0x0000000608c00000, 0x0000000609000000|  0%| F|  |TAMS 0x0000000608c00000| PB 0x0000000608c00000| Untracked 
|  36|0x0000000609000000, 0x0000000609000000, 0x0000000609400000|  0%| F|  |TAMS 0x0000000609000000| PB 0x0000000609000000| Untracked 
|  37|0x0000000609400000, 0x0000000609400000, 0x0000000609800000|  0%| F|  |TAMS 0x0000000609400000| PB 0x0000000609400000| Untracked 
|  38|0x0000000609800000, 0x0000000609800000, 0x0000000609c00000|  0%| F|  |TAMS 0x0000000609800000| PB 0x0000000609800000| Untracked 
|  39|0x0000000609c00000, 0x0000000609c00000, 0x000000060a000000|  0%| F|  |TAMS 0x0000000609c00000| PB 0x0000000609c00000| Untracked 
|  40|0x000000060a000000, 0x000000060a000000, 0x000000060a400000|  0%| F|  |TAMS 0x000000060a000000| PB 0x000000060a000000| Untracked 
|  41|0x000000060a400000, 0x000000060a46de88, 0x000000060a800000| 10%| S|CS|TAMS 0x000000060a400000| PB 0x000000060a400000| Complete 
|  42|0x000000060a800000, 0x000000060ac00000, 0x000000060ac00000|100%| S|CS|TAMS 0x000000060a800000| PB 0x000000060a800000| Complete 
|  43|0x000000060ac00000, 0x000000060b000000, 0x000000060b000000|100%| S|CS|TAMS 0x000000060ac00000| PB 0x000000060ac00000| Complete 
|  44|0x000000060b000000, 0x000000060b000000, 0x000000060b400000|  0%| F|  |TAMS 0x000000060b000000| PB 0x000000060b000000| Untracked 
|  45|0x000000060b400000, 0x000000060b400000, 0x000000060b800000|  0%| F|  |TAMS 0x000000060b400000| PB 0x000000060b400000| Untracked 
|  46|0x000000060b800000, 0x000000060b800000, 0x000000060bc00000|  0%| F|  |TAMS 0x000000060b800000| PB 0x000000060b800000| Untracked 
|  47|0x000000060bc00000, 0x000000060bc00000, 0x000000060c000000|  0%| F|  |TAMS 0x000000060bc00000| PB 0x000000060bc00000| Untracked 
|  48|0x000000060c000000, 0x000000060c000000, 0x000000060c400000|  0%| F|  |TAMS 0x000000060c000000| PB 0x000000060c000000| Untracked 
|  49|0x000000060c400000, 0x000000060c400000, 0x000000060c800000|  0%| F|  |TAMS 0x000000060c400000| PB 0x000000060c400000| Untracked 
|  50|0x000000060c800000, 0x000000060c800000, 0x000000060cc00000|  0%| F|  |TAMS 0x000000060c800000| PB 0x000000060c800000| Untracked 
|  51|0x000000060cc00000, 0x000000060cc00000, 0x000000060d000000|  0%| F|  |TAMS 0x000000060cc00000| PB 0x000000060cc00000| Untracked 
|  52|0x000000060d000000, 0x000000060d000000, 0x000000060d400000|  0%| F|  |TAMS 0x000000060d000000| PB 0x000000060d000000| Untracked 
|  53|0x000000060d400000, 0x000000060d400000, 0x000000060d800000|  0%| F|  |TAMS 0x000000060d400000| PB 0x000000060d400000| Untracked 
|  54|0x000000060d800000, 0x000000060dc00000, 0x000000060dc00000|100%| E|  |TAMS 0x000000060d800000| PB 0x000000060d800000| Complete 
|  55|0x000000060dc00000, 0x000000060e000000, 0x000000060e000000|100%| E|CS|TAMS 0x000000060dc00000| PB 0x000000060dc00000| Complete 
|  56|0x000000060e000000, 0x000000060e400000, 0x000000060e400000|100%| E|CS|TAMS 0x000000060e000000| PB 0x000000060e000000| Complete 
|  57|0x000000060e400000, 0x000000060e800000, 0x000000060e800000|100%| E|CS|TAMS 0x000000060e400000| PB 0x000000060e400000| Complete 
|  58|0x000000060e800000, 0x000000060ec00000, 0x000000060ec00000|100%| E|CS|TAMS 0x000000060e800000| PB 0x000000060e800000| Complete 
|  59|0x000000060ec00000, 0x000000060f000000, 0x000000060f000000|100%| E|CS|TAMS 0x000000060ec00000| PB 0x000000060ec00000| Complete 
|  60|0x000000060f000000, 0x000000060f400000, 0x000000060f400000|100%| E|CS|TAMS 0x000000060f000000| PB 0x000000060f000000| Complete 
|  61|0x000000060f400000, 0x000000060f800000, 0x000000060f800000|100%| E|CS|TAMS 0x000000060f400000| PB 0x000000060f400000| Complete 
|  62|0x000000060f800000, 0x000000060fc00000, 0x000000060fc00000|100%| E|CS|TAMS 0x000000060f800000| PB 0x000000060f800000| Complete 

Card table byte_map: [0x000002093f830000,0x0000020940830000] _byte_map_base: 0x000002093c830000

Marking Bits: (CMBitMap*) 0x000002091aa0d5e0
 Bits: [0x0000020940830000, 0x0000020948830000)

Polling page: 0x0000020918460000

Metaspace:

Usage:
  Non-class:     13.17 MB used.
      Class:      2.10 MB used.
       Both:     15.26 MB used.

Virtual space:
  Non-class space:       64.00 MB reserved,      13.38 MB ( 21%) committed,  1 nodes.
      Class space:        1.00 GB reserved,       2.31 MB ( <1%) committed,  1 nodes.
             Both:        1.06 GB reserved,      15.69 MB (  1%) committed. 

Chunk freelists:
   Non-Class:  2.58 MB
       Class:  13.72 MB
        Both:  16.30 MB

MaxMetaspaceSize: 4.00 GB
CompressedClassSpaceSize: 1.00 GB
Initial GC threshold: 21.00 MB
Current GC threshold: 21.00 MB
CDS: on
 - commit_granule_bytes: 65536.
 - commit_granule_words: 8192.
 - virtual_space_node_default_size: 8388608.
 - enlarge_chunks_in_place: 1.
 - use_allocation_guard: 0.


Internal statistics:

num_allocs_failed_limit: 0.
num_arena_births: 522.
num_arena_deaths: 0.
num_vsnodes_births: 2.
num_vsnodes_deaths: 0.
num_space_committed: 251.
num_space_uncommitted: 0.
num_chunks_returned_to_freelist: 0.
num_chunks_taken_from_freelist: 1042.
num_chunk_merges: 0.
num_chunk_splits: 686.
num_chunks_enlarged: 478.
num_inconsistent_stats: 0.

CodeHeap 'non-profiled nmethods': size=258432Kb used=1345Kb max_used=1345Kb free=257086Kb
 bounds [0x000002092df00000, 0x000002092e170000, 0x000002093db60000]
CodeHeap 'profiled nmethods': size=258368Kb used=5983Kb max_used=5983Kb free=252384Kb
 bounds [0x000002091db60000, 0x000002091e140000, 0x000002092d7b0000]
CodeHeap 'non-nmethods': size=7488Kb used=1400Kb max_used=1414Kb free=6087Kb
 bounds [0x000002092d7b0000, 0x000002092da20000, 0x000002092df00000]
CodeCache: size=524288Kb, used=8728Kb, max_used=8742Kb, free=515557Kb
 total_blobs=3568, nmethods=3012, adapters=460, full_count=0
Compilation: enabled, stopped_count=0, restarted_count=0

Compilation events (20 events):
Event: 5.716 Thread 0x000002094bb568f0 3005       3       jdk.internal.reflect.MagicAccessorImpl::<init> (5 bytes)
Event: 5.716 Thread 0x000002094bb568f0 nmethod 3005 0x000002091e132c10 code [0x000002091e132dc0, 0x000002091e132f28]
Event: 5.716 Thread 0x000002094bb568f0 3006       3       jdk.internal.reflect.MethodHandleAccessorFactory::ensureClassInitialized (18 bytes)
Event: 5.716 Thread 0x000002094bb568f0 nmethod 3006 0x000002091e133010 code [0x000002091e133220, 0x000002091e133688]
Event: 5.722 Thread 0x000002094bb568f0 3007       3       jdk.internal.reflect.ReflectionFactory::useMethodHandleAccessor (18 bytes)
Event: 5.722 Thread 0x000002094bb568f0 nmethod 3007 0x000002091e133810 code [0x000002091e1339c0, 0x000002091e133b40]
Event: 5.722 Thread 0x000002094bb568f0 3008       3       jdk.internal.reflect.MethodHandleAccessorFactory::useNativeAccessor (86 bytes)
Event: 5.723 Thread 0x000002094bb568f0 nmethod 3008 0x000002091e133c10 code [0x000002091e133e80, 0x000002091e134850]
Event: 5.745 Thread 0x000002094bb568f0 3011       3       java.lang.invoke.LambdaFormBuffer::endEdit (313 bytes)
Event: 5.746 Thread 0x000002094bb568f0 nmethod 3011 0x000002091e134b10 code [0x000002091e134d80, 0x000002091e135b40]
Event: 5.746 Thread 0x000002094bb568f0 3012       3       java.lang.invoke.LambdaFormBuffer::replaceName (124 bytes)
Event: 5.746 Thread 0x000002094bb568f0 nmethod 3012 0x000002091e135f10 code [0x000002091e1360c0, 0x000002091e136280]
Event: 5.746 Thread 0x000002094bb568f0 3013       3       jdk.internal.org.objectweb.asm.ClassWriter::visitSource (39 bytes)
Event: 5.747 Thread 0x000002094bb568f0 nmethod 3013 0x000002091e136390 code [0x000002091e136580, 0x000002091e136a08]
Event: 5.747 Thread 0x000002094bb568f0 3014       3       java.lang.invoke.InvokerBytecodeGenerator$ClassData::<init> (20 bytes)
Event: 5.747 Thread 0x000002094bb568f0 nmethod 3014 0x000002091e136b90 code [0x000002091e136d40, 0x000002091e136fd8]
Event: 5.752 Thread 0x000002094bb568f0 3015       3       java.util.Random::next (47 bytes)
Event: 5.752 Thread 0x000002094bb568f0 nmethod 3015 0x000002091e137090 code [0x000002091e137240, 0x000002091e1374a8]
Event: 5.752 Thread 0x000002094bb568f0 3016       3       java.util.HashMap::remove (26 bytes)
Event: 5.753 Thread 0x000002094bb568f0 nmethod 3016 0x000002091e137610 code [0x000002091e1377e0, 0x000002091e137b50]

GC Heap History (6 events):
Event: 0.672 GC heap before
{Heap before GC invocations=0 (full 0):
 garbage-first heap   total 258048K, used 20480K [0x0000000600000000, 0x0000000800000000)
  region size 4096K, 5 young (20480K), 0 survivors (0K)
 Metaspace       used 881K, committed 1024K, reserved 1114112K
  class space    used 71K, committed 128K, reserved 1048576K
}
Event: 0.681 GC heap after
{Heap after GC invocations=1 (full 0):
 garbage-first heap   total 258048K, used 1520K [0x0000000600000000, 0x0000000800000000)
  region size 4096K, 1 young (4096K), 1 survivors (4096K)
 Metaspace       used 881K, committed 1024K, reserved 1114112K
  class space    used 71K, committed 128K, reserved 1048576K
}
Event: 2.415 GC heap before
{Heap before GC invocations=1 (full 0):
 garbage-first heap   total 258048K, used 42480K [0x0000000600000000, 0x0000000800000000)
  region size 4096K, 11 young (45056K), 1 survivors (4096K)
 Metaspace       used 4608K, committed 4800K, reserved 1114112K
  class space    used 584K, committed 704K, reserved 1048576K
}
Event: 2.420 GC heap after
{Heap after GC invocations=2 (full 0):
 garbage-first heap   total 258048K, used 11556K [0x0000000600000000, 0x0000000800000000)
  region size 4096K, 2 young (8192K), 2 survivors (8192K)
 Metaspace       used 4608K, committed 4800K, reserved 1114112K
  class space    used 584K, committed 704K, reserved 1048576K
}
Event: 4.691 GC heap before
{Heap before GC invocations=2 (full 0):
 garbage-first heap   total 258048K, used 81188K [0x0000000600000000, 0x0000000800000000)
  region size 4096K, 19 young (77824K), 2 survivors (8192K)
 Metaspace       used 10316K, committed 10624K, reserved 1114112K
  class space    used 1396K, committed 1536K, reserved 1048576K
}
Event: 4.699 GC heap after
{Heap after GC invocations=3 (full 0):
 garbage-first heap   total 258048K, used 19847K [0x0000000600000000, 0x0000000800000000)
  region size 4096K, 3 young (12288K), 3 survivors (12288K)
 Metaspace       used 10316K, committed 10624K, reserved 1114112K
  class space    used 1396K, committed 1536K, reserved 1048576K
}

Dll operation events (20 events):
Event: 0.224 Attempting to load shared library C:\Users\AJI\.vscode\extensions\redhat.java-1.56.0-win32-x64\jre\21.0.12.1-win32-x86_64\bin\nio.dll
Event: 0.240 Loaded shared library C:\Users\AJI\.vscode\extensions\redhat.java-1.56.0-win32-x64\jre\21.0.12.1-win32-x86_64\bin\nio.dll
Event: 0.243 Attempting to load shared library C:\Users\AJI\.vscode\extensions\redhat.java-1.56.0-win32-x64\jre\21.0.12.1-win32-x86_64\bin\zip.dll
Event: 0.243 Loaded shared library C:\Users\AJI\.vscode\extensions\redhat.java-1.56.0-win32-x64\jre\21.0.12.1-win32-x86_64\bin\zip.dll
Event: 0.695 Attempting to load shared library C:\Users\AJI\.vscode\extensions\redhat.java-1.56.0-win32-x64\jre\21.0.12.1-win32-x86_64\bin\jimage.dll
Event: 0.695 Loaded shared library C:\Users\AJI\.vscode\extensions\redhat.java-1.56.0-win32-x64\jre\21.0.12.1-win32-x86_64\bin\jimage.dll
Event: 1.150 Attempting to load shared library C:\Users\AJI\.vscode\extensions\redhat.java-1.56.0-win32-x64\jre\21.0.12.1-win32-x86_64\bin\verify.dll
Event: 1.153 Loaded shared library C:\Users\AJI\.vscode\extensions\redhat.java-1.56.0-win32-x64\jre\21.0.12.1-win32-x86_64\bin\verify.dll
Event: 1.270 Attempting to load shared library C:\Users\AJI\.gradle\native\1def1411415f61bf3af743bc5b6707747c0891f09f0c88961ee8f79bc544acac\windows-amd64\native-platform.dll
Event: 1.273 Loaded shared library C:\Users\AJI\.gradle\native\1def1411415f61bf3af743bc5b6707747c0891f09f0c88961ee8f79bc544acac\windows-amd64\native-platform.dll
Event: 1.294 Attempting to load shared library C:\Users\AJI\.gradle\native\0.2.8\x86_64-windows-gnu\gradle-fileevents.dll
Event: 1.297 Loaded shared library C:\Users\AJI\.gradle\native\0.2.8\x86_64-windows-gnu\gradle-fileevents.dll
Event: 3.624 Attempting to load shared library C:\Users\AJI\.vscode\extensions\redhat.java-1.56.0-win32-x64\jre\21.0.12.1-win32-x86_64\bin\management.dll
Event: 3.625 Loaded shared library C:\Users\AJI\.vscode\extensions\redhat.java-1.56.0-win32-x64\jre\21.0.12.1-win32-x86_64\bin\management.dll
Event: 3.628 Attempting to load shared library C:\Users\AJI\.vscode\extensions\redhat.java-1.56.0-win32-x64\jre\21.0.12.1-win32-x86_64\bin\management_ext.dll
Event: 3.629 Loaded shared library C:\Users\AJI\.vscode\extensions\redhat.java-1.56.0-win32-x64\jre\21.0.12.1-win32-x86_64\bin\management_ext.dll
Event: 4.103 Attempting to load shared library C:\Users\AJI\.vscode\extensions\redhat.java-1.56.0-win32-x64\jre\21.0.12.1-win32-x86_64\bin\extnet.dll
Event: 4.128 Loaded shared library C:\Users\AJI\.vscode\extensions\redhat.java-1.56.0-win32-x64\jre\21.0.12.1-win32-x86_64\bin\extnet.dll
Event: 4.599 Attempting to load shared library C:\Users\AJI\.vscode\extensions\redhat.java-1.56.0-win32-x64\jre\21.0.12.1-win32-x86_64\bin\sunmscapi.dll
Event: 4.603 Loaded shared library C:\Users\AJI\.vscode\extensions\redhat.java-1.56.0-win32-x64\jre\21.0.12.1-win32-x86_64\bin\sunmscapi.dll

Deoptimization events (20 events):
Event: 5.391 Thread 0x00000209928df9c0 DEOPT PACKING pc=0x000002092dfcded8 sp=0x0000006fae3fc0f0
Event: 5.391 Thread 0x00000209928df9c0 DEOPT UNPACKING pc=0x000002092d804422 sp=0x0000006fae3fc0a8 mode 2
Event: 5.407 Thread 0x00000209928de610 Uncommon trap: trap_request=0xffffff45 fr.pc=0x000002092dfeedac relative=0x000000000000018c
Event: 5.407 Thread 0x00000209928de610 Uncommon trap: reason=unstable_if action=reinterpret pc=0x000002092dfeedac method=java.util.concurrent.locks.ReentrantLock$NonfairSync.initialTryLock()Z @ 25 c2
Event: 5.407 Thread 0x00000209928de610 DEOPT PACKING pc=0x000002092dfeedac sp=0x0000006fae8fef70
Event: 5.407 Thread 0x00000209928de610 DEOPT UNPACKING pc=0x000002092d804422 sp=0x0000006fae8fef10 mode 2
Event: 5.660 Thread 0x00000209928df9c0 Uncommon trap: trap_request=0xffffff45 fr.pc=0x000002092df997b8 relative=0x0000000000000a38
Event: 5.660 Thread 0x00000209928df9c0 Uncommon trap: reason=unstable_if action=reinterpret pc=0x000002092df997b8 method=java.util.regex.Matcher.reset()Ljava/util/regex/Matcher; @ 47 c2
Event: 5.660 Thread 0x00000209928df9c0 DEOPT PACKING pc=0x000002092df997b8 sp=0x0000006fae3fb1d0
Event: 5.660 Thread 0x00000209928df9c0 DEOPT UNPACKING pc=0x000002092d804422 sp=0x0000006fae3fb100 mode 2
Event: 5.660 Thread 0x00000209928df9c0 Uncommon trap: trap_request=0xffffff45 fr.pc=0x000002092df28964 relative=0x00000000000004c4
Event: 5.660 Thread 0x00000209928df9c0 Uncommon trap: reason=unstable_if action=reinterpret pc=0x000002092df28964 method=java.util.regex.Matcher.match(II)Z @ 76 c2
Event: 5.660 Thread 0x00000209928df9c0 DEOPT PACKING pc=0x000002092df28964 sp=0x0000006fae3fb1f0
Event: 5.660 Thread 0x00000209928df9c0 DEOPT UNPACKING pc=0x000002092d804422 sp=0x0000006fae3fb1a8 mode 2
Event: 5.660 Thread 0x00000209928df9c0 Uncommon trap: trap_request=0xffffff45 fr.pc=0x000002092df28018 relative=0x00000000000001d8
Event: 5.660 Thread 0x00000209928df9c0 Uncommon trap: reason=unstable_if action=reinterpret pc=0x000002092df28018 method=java.util.regex.Matcher.reset()Ljava/util/regex/Matcher; @ 47 c2
Event: 5.661 Thread 0x00000209928df9c0 DEOPT PACKING pc=0x000002092df28018 sp=0x0000006fae3fb080
Event: 5.661 Thread 0x00000209928df9c0 DEOPT UNPACKING pc=0x000002092d804422 sp=0x0000006fae3fb010 mode 2
Event: 5.669 Thread 0x00000209928df9c0 DEOPT PACKING pc=0x000002091dc6c5d9 sp=0x0000006fae3fae30
Event: 5.669 Thread 0x00000209928df9c0 DEOPT UNPACKING pc=0x000002092d804bc2 sp=0x0000006fae3fa2c8 mode 0

Classes loaded (20 events):
Event: 5.394 Loading class java/util/concurrent/ArrayBlockingQueue
Event: 5.395 Loading class java/util/concurrent/ArrayBlockingQueue done
Event: 5.395 Loading class java/util/concurrent/locks/ReentrantLock$FairSync
Event: 5.395 Loading class java/util/concurrent/locks/ReentrantLock$FairSync done
Event: 5.408 Loading class java/net/DatagramPacket
Event: 5.408 Loading class java/net/DatagramPacket done
Event: 5.409 Loading class sun/nio/ch/DatagramChannelImpl$DatagramPackets
Event: 5.409 Loading class sun/nio/ch/DatagramChannelImpl$DatagramPackets done
Event: 5.684 Loading class java/lang/Character$UnicodeBlock
Event: 5.685 Loading class java/lang/Character$Subset
Event: 5.685 Loading class java/lang/Character$Subset done
Event: 5.686 Loading class java/lang/Character$UnicodeBlock done
Event: 5.721 Loading class sun/security/provider/MD5
Event: 5.722 Loading class sun/security/provider/MD5 done
Event: 5.723 Loading class sun/security/provider/SHA5$SHA512
Event: 5.723 Loading class sun/security/provider/SHA5
Event: 5.723 Loading class sun/security/provider/SHA5 done
Event: 5.723 Loading class sun/security/provider/SHA5$SHA512 done
Event: 5.725 Loading class sun/security/provider/ByteArrayAccess$LE
Event: 5.725 Loading class sun/security/provider/ByteArrayAccess$LE done

Classes unloaded (0 events):
No events

Classes redefined (0 events):
No events

Internal exceptions (20 events):
Event: 4.222 Thread 0x000002091a95ff80 Exception <a 'java/lang/NoSuchMethodError'{0x000000060ba13ab0}: 'java.lang.Object java.lang.invoke.DirectMethodHandle$Holder.invokeVirtual(java.lang.Object, java.lang.Object, java.lang.Object, java.lang.Object, java.lang.Object, java.lang.Object, java.lang.Object, java.lang.Object, java.lang.Object)'> (0x000000060ba13ab0) 
thrown [s\src\hotspot\share\interpreter\linkResolver.cpp, line 773]
Event: 4.299 Thread 0x000002091a95ff80 Exception <a 'java/lang/NoSuchMethodError'{0x000000060bbba108}: 'java.lang.Object java.lang.invoke.DirectMethodHandle$Holder.invokeStaticInit(java.lang.Object, int, int, int, int)'> (0x000000060bbba108) 
thrown [s\src\hotspot\share\interpreter\linkResolver.cpp, line 773]
Event: 4.350 Thread 0x000002091a95ff80 Exception <a 'java/lang/NoSuchMethodError'{0x000000060b45c390}: 'java.lang.Object java.lang.invoke.DirectMethodHandle$Holder.invokeStaticInit(java.lang.Object, java.lang.Object, int, int, int, int)'> (0x000000060b45c390) 
thrown [s\src\hotspot\share\interpreter\linkResolver.cpp, line 773]
Event: 4.559 Thread 0x000002091a95ff80 Exception <a 'java/io/IOException'{0x000000060b791f58}> (0x000000060b791f58) 
thrown [s\src\hotspot\share\prims\jni.cpp, line 520]
Event: 4.581 Thread 0x000002091a95ff80 Implicit null exception at 0x000002092df92e24 to 0x000002092df9348c
Event: 4.588 Thread 0x000002091a95ff80 Exception <a 'java/lang/NoSuchMethodError'{0x000000060b0094d0}: 'java.lang.Object java.lang.invoke.DirectMethodHandle$Holder.newInvokeSpecial(java.lang.Object, java.lang.Object, java.lang.Object, java.lang.Object, java.lang.Object)'> (0x000000060b0094d0) 
thrown [s\src\hotspot\share\interpreter\linkResolver.cpp, line 773]
Event: 4.738 Thread 0x0000020992769790 Implicit null exception at 0x000002092e00f5f5 to 0x000002092e0104a0
Event: 4.757 Thread 0x0000020992769790 Exception <a 'java/lang/NoSuchMethodError'{0x000000060fa65d80}: 'void java.lang.invoke.DirectMethodHandle$Holder.invokeSpecial(java.lang.Object, java.lang.Object, java.lang.Object)'> (0x000000060fa65d80) 
thrown [s\src\hotspot\share\interpreter\linkResolver.cpp, line 773]
Event: 4.877 Thread 0x00000209928df9c0 Exception <a 'java/lang/NoSuchMethodError'{0x000000060f194ad8}: 'long java.lang.invoke.DirectMethodHandle$Holder.invokeInterface(java.lang.Object, java.lang.Object)'> (0x000000060f194ad8) 
thrown [s\src\hotspot\share\interpreter\linkResolver.cpp, line 773]
Event: 4.990 Thread 0x00000209928df9c0 Exception <a 'java/lang/NoSuchMethodError'{0x000000060ed89d28}: 'void java.lang.invoke.DirectMethodHandle$Holder.invokeStatic(java.lang.Object, java.lang.Object)'> (0x000000060ed89d28) 
thrown [s\src\hotspot\share\interpreter\linkResolver.cpp, line 773]
Event: 5.005 Thread 0x00000209928df9c0 Exception <a 'java/lang/NoSuchMethodError'{0x000000060ede4960}: 'java.lang.Object java.lang.invoke.DirectMethodHandle$Holder.invokeVirtual(java.lang.Object, java.lang.Object, java.lang.Object, java.lang.Object, java.lang.Object, java.lang.Object, java.lang.Object, java.lang.Object, java.lang.Object, java.lang.Object, java.lang.Object, java.lang.Object)'> (0x000000060ede4960) 
thrown [s\src\hotspot\share\interpreter\linkResolver.cpp, line 773]
Event: 5.006 Thread 0x00000209928df9c0 Exception <a 'java/lang/NoSuchMethodError'{0x000000060ede9b10}: 'java.lang.Object java.lang.invoke.DirectMethodHandle$Holder.invokeSpecial(java.lang.Object, java.lang.Object, java.lang.Object, java.lang.Object, java.lang.Object, java.lang.Object, java.lang.Object, java.lang.Object, java.lang.Object, java.lang.Object, java.lang.Object, java.lang.Object, java.lang.Object)'> (0x000000060ede9b10) 
thrown [s\src\hotspot\share\interpreter\linkResolver.cpp, line 773]
Event: 5.068 Thread 0x00000209928df9c0 Exception <a 'java/lang/NoSuchMethodError'{0x000000060e846448}: 'int java.lang.invoke.DirectMethodHandle$Holder.invokeVirtual(java.lang.Object, java.lang.Object, java.lang.Object)'> (0x000000060e846448) 
thrown [s\src\hotspot\share\interpreter\linkResolver.cpp, line 773]
Event: 5.130 Thread 0x00000209928df9c0 Exception <a 'java/lang/NoSuchMethodError'{0x000000060eadbfb8}: 'java.lang.Object java.lang.invoke.DirectMethodHandle$Holder.newInvokeSpecial(java.lang.Object, java.lang.Object, java.lang.Object, java.lang.Object, java.lang.Object, java.lang.Object)'> (0x000000060eadbfb8) 
thrown [s\src\hotspot\share\interpreter\linkResolver.cpp, line 773]
Event: 5.203 Thread 0x00000209928df9c0 Exception <a 'java/lang/NoSuchMethodError'{0x000000060e5857c8}: 'void java.lang.invoke.DelegatingMethodHandle$Holder.reinvoke_L(java.lang.Object, java.lang.Object, java.lang.Object, java.lang.Object, java.lang.Object, java.lang.Object, java.lang.Object, java.lang.Object, java.lang.Object, java.lang.Object)'> (0x000000060e5857c8) 
thrown [s\src\hotspot\share\interpreter\linkResolver.cpp, line 773]
Event: 5.204 Thread 0x00000209928df9c0 Exception <a 'java/lang/NoSuchMethodError'{0x000000060e58d2a8}: 'java.lang.Object java.lang.invoke.Invokers$Holder.invoker(java.lang.Object, java.lang.Object, java.lang.Object, java.lang.Object, java.lang.Object, java.lang.Object, java.lang.Object, java.lang.Object, java.lang.Object, java.lang.Object)'> (0x000000060e58d2a8) 
thrown [s\src\hotspot\share\interpreter\linkResolver.cpp, line 773]
Event: 5.377 Thread 0x00000209928df9c0 Exception <a 'java/lang/NoSuchMethodError'{0x000000060dc2d008}: 'void java.lang.invoke.DirectMethodHandle$Holder.invokeInterface(java.lang.Object, java.lang.Object)'> (0x000000060dc2d008) 
thrown [s\src\hotspot\share\interpreter\linkResolver.cpp, line 773]
Event: 5.377 Thread 0x00000209928df9c0 Exception <a 'java/lang/IncompatibleClassChangeError'{0x000000060dc30588}: Found class java.lang.Object, but interface was expected> (0x000000060dc30588) 
thrown [s\src\hotspot\share\interpreter\linkResolver.cpp, line 840]
Event: 5.400 Thread 0x00000209928df9c0 Exception <a 'java/lang/NoSuchMethodError'{0x000000060dd605b8}: 'java.lang.Object java.lang.invoke.DirectMethodHandle$Holder.newInvokeSpecial(java.lang.Object, java.lang.Object, int)'> (0x000000060dd605b8) 
thrown [s\src\hotspot\share\interpreter\linkResolver.cpp, line 773]
Event: 5.744 Thread 0x00000209928df9c0 Exception <a 'java/lang/NoSuchMethodError'{0x000000060da970e0}: 'java.lang.Object java.lang.invoke.DirectMethodHandle$Holder.invokeVirtual(java.lang.Object, java.lang.Object, java.lang.Object, java.lang.Object, java.lang.Object, java.lang.Object, java.lang.Object, java.lang.Object)'> (0x000000060da970e0) 
thrown [s\src\hotspot\share\interpreter\linkResolver.cpp, line 773]

ZGC Phase Switch (0 events):
No events

VM Operations (20 events):
Event: 4.068 Executing non-safepoint VM operation: HandshakeAllThreads (Deoptimize)
Event: 4.097 Executing non-safepoint VM operation: HandshakeAllThreads (Deoptimize) done
Event: 4.196 Executing non-safepoint VM operation: HandshakeAllThreads (Deoptimize)
Event: 4.196 Executing non-safepoint VM operation: HandshakeAllThreads (Deoptimize) done
Event: 4.272 Executing non-safepoint VM operation: HandshakeAllThreads (Deoptimize)
Event: 4.272 Executing non-safepoint VM operation: HandshakeAllThreads (Deoptimize) done
Event: 4.331 Executing non-safepoint VM operation: HandshakeAllThreads (Deoptimize)
Event: 4.331 Executing non-safepoint VM operation: HandshakeAllThreads (Deoptimize) done
Event: 4.566 Executing safepoint VM operation: ICBufferFull
Event: 4.566 Executing safepoint VM operation: ICBufferFull done
Event: 4.616 Executing non-safepoint VM operation: HandshakeAllThreads (Deoptimize)
Event: 4.616 Executing non-safepoint VM operation: HandshakeAllThreads (Deoptimize) done
Event: 4.660 Executing non-safepoint VM operation: HandshakeAllThreads (Deoptimize)
Event: 4.660 Executing non-safepoint VM operation: HandshakeAllThreads (Deoptimize) done
Event: 4.690 Executing safepoint VM operation: G1CollectForAllocation (G1 Evacuation Pause)
Event: 4.699 Executing safepoint VM operation: G1CollectForAllocation (G1 Evacuation Pause) done
Event: 5.395 Executing non-safepoint VM operation: HandshakeAllThreads (Deoptimize)
Event: 5.395 Executing non-safepoint VM operation: HandshakeAllThreads (Deoptimize) done
Event: 5.723 Executing safepoint VM operation: ICBufferFull
Event: 5.724 Executing safepoint VM operation: ICBufferFull done

Memory protections (0 events):
No events

Nmethod flushes (0 events):
No events

Events (20 events):
Event: 0.077 Thread 0x000002091a95ff80 Thread added: 0x000002094bb4ca30
Event: 0.077 Thread 0x000002091a95ff80 Thread added: 0x000002094bb4d6f0
Event: 0.077 Thread 0x000002091a95ff80 Thread added: 0x000002094bb4efd0
Event: 0.077 Thread 0x000002091a95ff80 Thread added: 0x000002094bb568f0
Event: 0.183 Thread 0x000002091a95ff80 Thread added: 0x000002094bdfeaa0
Event: 0.259 Thread 0x000002091a95ff80 Thread added: 0x000002094bd05020
Event: 3.738 Thread 0x000002091a95ff80 Thread added: 0x000002099288cc80
Event: 4.401 Thread 0x000002091a95ff80 Thread added: 0x0000020991b89fe0
Event: 4.598 Thread 0x000002091a95ff80 Thread added: 0x0000020992728f20
Event: 4.665 Thread 0x0000020991b89fe0 Thread added: 0x0000020992769790
Event: 4.673 Thread 0x0000020992769790 Thread added: 0x0000020992761370
Event: 4.732 Thread 0x0000020992769790 Thread added: 0x00000209928a4640
Event: 4.758 Thread 0x0000020992769790 Thread added: 0x00000209928df9c0
Event: 4.778 Thread 0x00000209928df9c0 Thread added: 0x00000209928e0050
Event: 4.783 Thread 0x00000209928df9c0 Thread added: 0x00000209928df330
Event: 4.792 Thread 0x00000209928df9c0 Thread added: 0x00000209928e1a90
Event: 5.398 Thread 0x00000209928df9c0 Thread added: 0x00000209928e06e0
Event: 5.407 Thread 0x00000209928df9c0 Thread added: 0x00000209928de610
Event: 5.687 Thread 0x00000209928de610 Thread added: 0x00000209928deca0
Event: 5.749 Thread 0x00000209928df9c0 Thread added: 0x00000209928e0d70


Dynamic libraries:
0x00007ff735c60000 - 0x00007ff735c6e000 	C:\Users\AJI\.vscode\extensions\redhat.java-1.56.0-win32-x64\jre\21.0.12.1-win32-x86_64\bin\java.exe
0x00007ffaa9a20000 - 0x00007ffaa9c87000 	C:\WINDOWS\SYSTEM32\ntdll.dll
0x00007ffaa7cd0000 - 0x00007ffaa7d9b000 	C:\WINDOWS\System32\KERNEL32.DLL
0x00007ffaa71b0000 - 0x00007ffaa75b2000 	C:\WINDOWS\System32\KERNELBASE.dll
0x00007ffaa7050000 - 0x00007ffaa719c000 	C:\WINDOWS\System32\ucrtbase.dll
0x00007ffa76fd0000 - 0x00007ffa76fee000 	C:\Users\AJI\.vscode\extensions\redhat.java-1.56.0-win32-x64\jre\21.0.12.1-win32-x86_64\bin\VCRUNTIME140.dll
0x00007ffa5b940000 - 0x00007ffa5b958000 	C:\Users\AJI\.vscode\extensions\redhat.java-1.56.0-win32-x64\jre\21.0.12.1-win32-x86_64\bin\jli.dll
0x00007ffaa7da0000 - 0x00007ffaa7f6f000 	C:\WINDOWS\System32\USER32.dll
0x00007ffa85610000 - 0x00007ffa858a0000 	C:\WINDOWS\WinSxS\amd64_microsoft.windows.common-controls_6595b64144ccf1df_6.0.26100.9278_none_3e0d1ba8e3303201\COMCTL32.dll
0x00007ffaa6e90000 - 0x00007ffaa6eb7000 	C:\WINDOWS\System32\win32u.dll
0x00007ffaa8760000 - 0x00007ffaa8809000 	C:\WINDOWS\System32\msvcrt.dll
0x00007ffaa7740000 - 0x00007ffaa776b000 	C:\WINDOWS\System32\GDI32.dll
0x00007ffaa6cd0000 - 0x00007ffaa6df9000 	C:\WINDOWS\System32\gdi32full.dll
0x00007ffaa6c20000 - 0x00007ffaa6cc3000 	C:\WINDOWS\System32\msvcp_win.dll
0x00007ffaa9250000 - 0x00007ffaa9281000 	C:\WINDOWS\System32\IMM32.DLL
0x00007ffa8fa10000 - 0x00007ffa8fa1c000 	C:\Users\AJI\.vscode\extensions\redhat.java-1.56.0-win32-x64\jre\21.0.12.1-win32-x86_64\bin\vcruntime140_1.dll
0x00007ff9ae9a0000 - 0x00007ff9aea2d000 	C:\Users\AJI\.vscode\extensions\redhat.java-1.56.0-win32-x64\jre\21.0.12.1-win32-x86_64\bin\msvcp140.dll
0x00007ff96c320000 - 0x00007ff96d0c2000 	C:\Users\AJI\.vscode\extensions\redhat.java-1.56.0-win32-x64\jre\21.0.12.1-win32-x86_64\bin\server\jvm.dll
0x00007ffaa8fb0000 - 0x00007ffaa906c000 	C:\WINDOWS\System32\ADVAPI32.dll
0x00007ffaa7b90000 - 0x00007ffaa7c39000 	C:\WINDOWS\System32\sechost.dll
0x00007ffaa80d0000 - 0x00007ffaa81e8000 	C:\WINDOWS\System32\RPCRT4.dll
0x00007ffaa7c40000 - 0x00007ffaa7cc0000 	C:\WINDOWS\System32\WS2_32.dll
0x00007ffaa6a80000 - 0x00007ffaa6ade000 	C:\WINDOWS\SYSTEM32\POWRPROF.dll
0x00007ffaa0960000 - 0x00007ffaa0996000 	C:\WINDOWS\SYSTEM32\WINMM.dll
0x00007ffa9deb0000 - 0x00007ffa9debb000 	C:\WINDOWS\SYSTEM32\VERSION.dll
0x00007ffaa6a60000 - 0x00007ffaa6a75000 	C:\WINDOWS\SYSTEM32\UMPDC.dll
0x00007ffaa5400000 - 0x00007ffaa541b000 	C:\WINDOWS\SYSTEM32\kernel.appcore.dll
0x00007ffa8f9e0000 - 0x00007ffa8f9ea000 	C:\Users\AJI\.vscode\extensions\redhat.java-1.56.0-win32-x64\jre\21.0.12.1-win32-x86_64\bin\jimage.dll
0x00007ffaa3d10000 - 0x00007ffaa3f5c000 	C:\WINDOWS\SYSTEM32\DBGHELP.DLL
0x00007ffaa9320000 - 0x00007ffaa96a5000 	C:\WINDOWS\System32\combase.dll
0x00007ffaa81f0000 - 0x00007ffaa82c9000 	C:\WINDOWS\System32\OLEAUT32.dll
0x00007ffa84dc0000 - 0x00007ffa84dfb000 	C:\WINDOWS\SYSTEM32\dbgcore.DLL
0x00007ffaa75c0000 - 0x00007ffaa766c000 	C:\WINDOWS\System32\bcryptPrimitives.dll
0x00007ffa80050000 - 0x00007ffa8005f000 	C:\Users\AJI\.vscode\extensions\redhat.java-1.56.0-win32-x64\jre\21.0.12.1-win32-x86_64\bin\instrument.dll
0x00007ffa56a30000 - 0x00007ffa56a50000 	C:\Users\AJI\.vscode\extensions\redhat.java-1.56.0-win32-x64\jre\21.0.12.1-win32-x86_64\bin\java.dll
0x00007ffaa8810000 - 0x00007ffaa8fa8000 	C:\WINDOWS\System32\SHELL32.dll
0x00007ffaa4150000 - 0x00007ffaa49fe000 	C:\WINDOWS\SYSTEM32\windows.storage.dll
0x00007ffaa96b0000 - 0x00007ffaa97ab000 	C:\WINDOWS\System32\SHCORE.dll
0x00007ffaa7a10000 - 0x00007ffaa7a76000 	C:\WINDOWS\System32\shlwapi.dll
0x00007ffaa6b40000 - 0x00007ffaa6b69000 	C:\WINDOWS\SYSTEM32\profapi.dll
0x00007ffa554d0000 - 0x00007ffa554e8000 	C:\Users\AJI\.vscode\extensions\redhat.java-1.56.0-win32-x64\jre\21.0.12.1-win32-x86_64\bin\zip.dll
0x00007ffa813d0000 - 0x00007ffa813e0000 	C:\Users\AJI\.vscode\extensions\redhat.java-1.56.0-win32-x64\jre\21.0.12.1-win32-x86_64\bin\net.dll
0x00007ffa9f270000 - 0x00007ffa9f39a000 	C:\WINDOWS\SYSTEM32\WINHTTP.dll
0x00007ffaa59c0000 - 0x00007ffaa5a2c000 	C:\WINDOWS\system32\mswsock.dll
0x00007ffa554b0000 - 0x00007ffa554c6000 	C:\Users\AJI\.vscode\extensions\redhat.java-1.56.0-win32-x64\jre\21.0.12.1-win32-x86_64\bin\nio.dll
0x00007ffa7fae0000 - 0x00007ffa7faf0000 	C:\Users\AJI\.vscode\extensions\redhat.java-1.56.0-win32-x64\jre\21.0.12.1-win32-x86_64\bin\verify.dll
0x00007ffa399a0000 - 0x00007ffa399c7000 	C:\Users\AJI\.gradle\native\1def1411415f61bf3af743bc5b6707747c0891f09f0c88961ee8f79bc544acac\windows-amd64\native-platform.dll
0x00007ff9bbe60000 - 0x00007ff9bbed7000 	C:\Users\AJI\.gradle\native\0.2.8\x86_64-windows-gnu\gradle-fileevents.dll
0x00007ffa7eee0000 - 0x00007ffa7eeea000 	C:\Users\AJI\.vscode\extensions\redhat.java-1.56.0-win32-x64\jre\21.0.12.1-win32-x86_64\bin\management.dll
0x00007ffa77400000 - 0x00007ffa7740c000 	C:\Users\AJI\.vscode\extensions\redhat.java-1.56.0-win32-x64\jre\21.0.12.1-win32-x86_64\bin\management_ext.dll
0x00007ffaa7b80000 - 0x00007ffaa7b88000 	C:\WINDOWS\System32\PSAPI.DLL
0x00007ffaa4ee0000 - 0x00007ffaa4f13000 	C:\WINDOWS\SYSTEM32\IPHLPAPI.DLL
0x00007ffaa80c0000 - 0x00007ffaa80ca000 	C:\WINDOWS\System32\NSI.dll
0x00007ffa74220000 - 0x00007ffa74229000 	C:\Users\AJI\.vscode\extensions\redhat.java-1.56.0-win32-x64\jre\21.0.12.1-win32-x86_64\bin\extnet.dll
0x00007ffaa5cb0000 - 0x00007ffaa5ccb000 	C:\WINDOWS\SYSTEM32\CRYPTSP.dll
0x00007ffaa5360000 - 0x00007ffaa5399000 	C:\WINDOWS\system32\rsaenh.dll
0x00007ffaa5a70000 - 0x00007ffaa5aa4000 	C:\WINDOWS\SYSTEM32\USERENV.dll
0x00007ffaa6b10000 - 0x00007ffaa6b3a000 	C:\WINDOWS\SYSTEM32\bcrypt.dll
0x00007ffaa5cd0000 - 0x00007ffaa5cdc000 	C:\WINDOWS\SYSTEM32\CRYPTBASE.dll
0x00007ffa73220000 - 0x00007ffa7322e000 	C:\Users\AJI\.vscode\extensions\redhat.java-1.56.0-win32-x64\jre\21.0.12.1-win32-x86_64\bin\sunmscapi.dll
0x00007ffaa6ec0000 - 0x00007ffaa703e000 	C:\WINDOWS\System32\CRYPT32.dll
0x00007ffaa5ea0000 - 0x00007ffaa5ed0000 	C:\WINDOWS\SYSTEM32\ncrypt.dll
0x00007ffaa5e50000 - 0x00007ffaa5e8f000 	C:\WINDOWS\SYSTEM32\NTASN1.dll
0x00007ffa7c400000 - 0x00007ffa7c408000 	C:\WINDOWS\system32\wshunix.dll

JVMTI agents:
C:\Users\AJI\.gradle\wrapper\dists\gradle-9.1.0-all\7wzd0jkjit61aq2p43wpjgij9\gradle-9.1.0\lib\agents\gradle-instrumentation-agent-9.1.0.jar path:C:\Users\AJI\.vscode\extensions\redhat.java-1.56.0-win32-x64\jre\21.0.12.1-win32-x86_64\bin\instrument.dll, loaded, initialized, instrumentlib options:none

dbghelp: loaded successfully - version: 4.0.5 - missing functions: none
symbol engine: initialized successfully - sym options: 0x614 - pdb path: .;C:\Users\AJI\.vscode\extensions\redhat.java-1.56.0-win32-x64\jre\21.0.12.1-win32-x86_64\bin;C:\WINDOWS\SYSTEM32;C:\WINDOWS\WinSxS\amd64_microsoft.windows.common-controls_6595b64144ccf1df_6.0.26100.9278_none_3e0d1ba8e3303201;C:\Users\AJI\.vscode\extensions\redhat.java-1.56.0-win32-x64\jre\21.0.12.1-win32-x86_64\bin\server;C:\Users\AJI\.gradle\native\1def1411415f61bf3af743bc5b6707747c0891f09f0c88961ee8f79bc544acac\windows-amd64;C:\Users\AJI\.gradle\native\0.2.8\x86_64-windows-gnu

VM Arguments:
jvm_args: --add-opens=java.base/java.lang=ALL-UNNAMED --add-opens=java.base/java.lang.invoke=ALL-UNNAMED --add-opens=java.base/java.util=ALL-UNNAMED --add-opens=java.prefs/java.util.prefs=ALL-UNNAMED --add-exports=jdk.compiler/com.sun.tools.javac.api=ALL-UNNAMED --add-exports=jdk.compiler/com.sun.tools.javac.util=ALL-UNNAMED --add-opens=java.base/java.util=ALL-UNNAMED --add-opens=java.prefs/java.util.prefs=ALL-UNNAMED --add-opens=java.base/java.nio.charset=ALL-UNNAMED --add-opens=java.base/java.net=ALL-UNNAMED --add-opens=java.base/java.util.concurrent=ALL-UNNAMED --add-opens=java.base/java.util.concurrent.atomic=ALL-UNNAMED --add-opens=java.xml/javax.xml.namespace=ALL-UNNAMED --add-opens=java.base/java.time=ALL-UNNAMED -XX:MaxMetaspaceSize=4G -XX:ReservedCodeCacheSize=512m -XX:+HeapDumpOnOutOfMemoryError -Xmx8G -Dfile.encoding=UTF-8 -Duser.country=IN -Duser.language=en -Duser.variant -javaagent:C:\Users\AJI\.gradle\wrapper\dists\gradle-9.1.0-all\7wzd0jkjit61aq2p43wpjgij9\gradle-9.1.0\lib\agents\gradle-instrumentation-agent-9.1.0.jar 
java_command: org.gradle.launcher.daemon.bootstrap.GradleDaemon 9.1.0
java_class_path (initial): C:\Users\AJI\.gradle\wrapper\dists\gradle-9.1.0-all\7wzd0jkjit61aq2p43wpjgij9\gradle-9.1.0\lib\gradle-daemon-main-9.1.0.jar
Launcher Type: SUN_STANDARD

[Global flags]
     intx CICompilerCount                          = 12                                        {product} {ergonomic}
     uint ConcGCThreads                            = 4                                         {product} {ergonomic}
     uint G1ConcRefinementThreads                  = 15                                        {product} {ergonomic}
   size_t G1HeapRegionSize                         = 4194304                                   {product} {ergonomic}
    uintx GCDrainStackTargetSize                   = 64                                        {product} {ergonomic}
     bool HeapDumpOnOutOfMemoryError               = true                                   {manageable} {command line}
   size_t InitialHeapSize                          = 264241152                                 {product} {ergonomic}
   size_t MarkStackSize                            = 4194304                                   {product} {ergonomic}
   size_t MaxHeapSize                              = 8589934592                                {product} {command line}
   size_t MaxMetaspaceSize                         = 4294967296                                {product} {command line}
   size_t MaxNewSize                               = 5150605312                                {product} {ergonomic}
   size_t MinHeapDeltaBytes                        = 4194304                                   {product} {ergonomic}
   size_t MinHeapSize                              = 8388608                                   {product} {ergonomic}
    uintx NonNMethodCodeHeapSize                   = 7602480                                {pd product} {ergonomic}
    uintx NonProfiledCodeHeapSize                  = 264634216                              {pd product} {ergonomic}
    uintx ProfiledCodeHeapSize                     = 264634216                              {pd product} {ergonomic}
    uintx ReservedCodeCacheSize                    = 536870912                              {pd product} {command line}
     bool SegmentedCodeCache                       = true                                      {product} {ergonomic}
   size_t SoftMaxHeapSize                          = 8589934592                             {manageable} {ergonomic}
     bool UseCompressedOops                        = true                           {product lp64_product} {ergonomic}
     bool UseG1GC                                  = true                                      {product} {ergonomic}
     bool UseLargePagesIndividualAllocation        = false                                  {pd product} {ergonomic}

Logging:
Log output configuration:
 #0: stdout all=warning uptime,level,tags foldmultilines=false
 #1: stderr all=off uptime,level,tags foldmultilines=false

Release file:
JAVA_VERSION="21.0.12.1" 
MODULES="java.base java.compiler java.datatransfer java.xml java.prefs java.desktop java.instrument java.logging java.management java.security.sasl java.naming java.rmi java.management.rmi java.net.http java.scripting java.security.jgss java.transaction.xa java.sql java.sql.rowset java.xml.crypto java.se java.smartcardio jdk.accessibility jdk.internal.jvmstat jdk.attach jdk.charsets jdk.internal.opt jdk.zipfs jdk.compiler jdk.crypto.ec jdk.crypto.cryptoki jdk.crypto.mscapi jdk.dynalink jdk.internal.ed jdk.editpad jdk.hotspot.agent jdk.httpserver jdk.internal.le jdk.internal.vm.ci jdk.internal.vm.compiler jdk.internal.vm.compiler.management jdk.jartool jdk.javadoc jdk.jcmd jdk.management jdk.management.agent jdk.jconsole jdk.jdeps jdk.jdwp.agent jdk.jdi jdk.jfr jdk.jshell jdk.jsobject jdk.jstatd jdk.localedata jdk.management.jfr jdk.naming.dns jdk.naming.rmi jdk.net jdk.nio.mapmode jdk.random jdk.sctp jdk.security.auth jdk.security.jgss jdk.unsupported jdk.unsupported.desktop jdk.xml.dom" 

Environment Variables:
JAVA_HOME=C:\Program Files\Java\jdk-17
PATH=C:\Python314\Scripts\;C:\Python314\;C:\Program Files\Eclipse Adoptium\jdk-25.0.3.9-hotspot\bin;C:\Program Files\Microsoft\jdk-11.0.16.101-hotspot\bin;C:\WINDOWS\system32;C:\WINDOWS;C:\WINDOWS\System32\Wbem;C:\WINDOWS\System32\WindowsPowerShell\v1.0\;C:\WINDOWS\System32\OpenSSH\;C:\Program Files\dotnet\;C:\MinGW\bin;C:\ProgramData\chocolatey\bin;C:\Users\AJI\AppData\Local\Pub\Cache\bin;C:\Program Files\Java\jdk-17\bin;d:\cursor\resources\app\bin;C:\Users\AJI\develop\flutter\bin;C:\Users\AJI\.local\bin;D:\node\node_modules\npm\bin;D:\node\;C:\Program Files\nodejs\;C:\Program Files\nodejs\node_modules\npm\bin;C:\Users\AJI\Documents\MONGO\mongosh-2.9.2-win32-x64\bin;C:\xampp\php;C:\Program Files\Git\cmd;C:\Users\AJI\AppData\Local\Programs\Python\Python312\Scripts\;C:\Users\AJI\AppData\Local\Programs\Python\Python312\;C:\Users\AJI\.local\bin;C:\Users\AJI\AppData\Local\Microsoft\WindowsApps;D:\IntelliJ IDEA Community Edition 2023.1.5\bin;;C:\mingw64\bin;C:\Users\AJI\.dotnet\tools;C:\Users\AJI\Documents\flutter_windows_3.13.4-stable\flutter\bin;C:\Users\AJI\AppData\Local\Pub\Cache\bin;D:\flutter_pub_cache;C:\Users\AJI\AppData\Local\Android\Sdk;C:\Program Files\Java\jdk-17\bin;D:\rider\JetBrains Rider 2024.3.7\bin;;D:\Program Files\Microsoft VS Code\bin;D:\freelanceing\cursor\resources\app\bin;C:\Users\AJI\AppData\Local\Programs\Microsoft VS Code\bin;C:\Users\AJI\AppData\Local\Programs\cursor\resources\app\bin;C:\Users\AJI\AppData\Roaming\npm
USERNAME=AJI
OS=Windows_NT
PROCESSOR_IDENTIFIER=Intel64 Family 6 Model 154 Stepping 3, GenuineIntel
TMP=C:\Users\AJI\AppData\Local\Temp
TEMP=C:\Users\AJI\AppData\Local\Temp




Periodic native trim disabled

---------------  S Y S T E M  ---------------

OS:
 Windows 11 , 64 bit Build 26100 (10.0.26100.9444)
OS uptime: 0 days 4:10 hours
Hyper-V role detected

CPU: total 20 (initial active 20) (10 cores per cpu, 2 threads per core) family 6 model 154 stepping 3 microcode 0x43b, cx8, cmov, fxsr, ht, mmx, 3dnowpref, sse, sse2, sse3, ssse3, sse4.1, sse4.2, popcnt, lzcnt, tsc, tscinvbit, avx, avx2, aes, erms, clmul, bmi1, bmi2, adx, sha, fma, vzeroupper, clflush, clflushopt, clwb, hv, serialize, rdtscp, rdpid, fsrm, f16c, cet_ibt, cet_ss
Processor Information for processor 0
  Max Mhz: 2300, Current Mhz: 2300, Mhz Limit: 2300
Processor Information for processor 1
  Max Mhz: 2300, Current Mhz: 2300, Mhz Limit: 2300
Processor Information for processor 2
  Max Mhz: 2300, Current Mhz: 2300, Mhz Limit: 2300
Processor Information for processor 3
  Max Mhz: 2300, Current Mhz: 2300, Mhz Limit: 2300
Processor Information for processor 4
  Max Mhz: 2300, Current Mhz: 2300, Mhz Limit: 2300
Processor Information for processor 5
  Max Mhz: 2300, Current Mhz: 2300, Mhz Limit: 2300
Processor Information for processor 6
  Max Mhz: 2300, Current Mhz: 2300, Mhz Limit: 2300
Processor Information for processor 7
  Max Mhz: 2300, Current Mhz: 2300, Mhz Limit: 2300
Processor Information for processor 8
  Max Mhz: 2300, Current Mhz: 2300, Mhz Limit: 2300
Processor Information for processor 9
  Max Mhz: 2300, Current Mhz: 2300, Mhz Limit: 2300
Processor Information for processor 10
  Max Mhz: 2300, Current Mhz: 2300, Mhz Limit: 2300
Processor Information for processor 11
  Max Mhz: 2300, Current Mhz: 2300, Mhz Limit: 2300
Processor Information for processor 12
  Max Mhz: 2300, Current Mhz: 2300, Mhz Limit: 2300
Processor Information for processor 13
  Max Mhz: 2300, Current Mhz: 2300, Mhz Limit: 2300
Processor Information for processor 14
  Max Mhz: 2300, Current Mhz: 2300, Mhz Limit: 2300
Processor Information for processor 15
  Max Mhz: 2300, Current Mhz: 2300, Mhz Limit: 2300
Processor Information for processor 16
  Max Mhz: 2300, Current Mhz: 2300, Mhz Limit: 2300
Processor Information for processor 17
  Max Mhz: 2300, Current Mhz: 1488, Mhz Limit: 2300
Processor Information for processor 18
  Max Mhz: 2300, Current Mhz: 2300, Mhz Limit: 2300
Processor Information for processor 19
  Max Mhz: 2300, Current Mhz: 2300, Mhz Limit: 2300

Memory: 4k page, system-wide physical 16068M (138M free)
TotalPageFile size 65220M (AvailPageFile size 73M)
current process WorkingSet (physical memory assigned to process): 191M, peak: 193M
current process commit charge ("private bytes"): 418M, peak: 421M

vm_info: OpenJDK 64-Bit Server VM (21.0.12.1+1-LTS) for windows-amd64 JRE (21.0.12.1+1-LTS), built on 2026-08-18T00:00:00Z by "admin" with MS VC++ 17.12 (VS2022)

END.
