#
# There is insufficient memory for the Java Runtime Environment to continue.
# Native memory allocation (malloc) failed to allocate 1794576 bytes. Error detail: Chunk::new
# Possible reasons:
#   The system is out of physical RAM or swap space
#   This process is running with CompressedOops enabled, and the Java Heap may be blocking the growth of the native heap
# Possible solutions:
#   Reduce memory load on the system
#   Increase physical memory or swap space
#   Check if swap backing store is full
#   Decrease Java heap size (-Xmx/-Xms)
#   Decrease number of Java threads
#   Decrease Java thread stack sizes (-Xss)
#   Set larger code cache with -XX:ReservedCodeCacheSize=
#   JVM is running with Zero Based Compressed Oops mode in which the Java heap is
#     placed in the first 32GB address space. The Java Heap base address is the
#     maximum limit for the native heap growth. Please use -XX:HeapBaseMinAddress
#     to set the Java Heap base and to place the Java Heap above 32GB virtual address.
# This output file may be truncated or incomplete.
#
#  Out of Memory Error (arena.cpp:168), pid=73012, tid=64288
#
# JRE version: OpenJDK Runtime Environment Temurin-21.0.12.1+1 (21.0.12.1+1) (build 21.0.12.1+1-LTS)
# Java VM: OpenJDK 64-Bit Server VM Temurin-21.0.12.1+1 (21.0.12.1+1-LTS, mixed mode, sharing, tiered, compressed oops, compressed class ptrs, g1 gc, windows-amd64)
# No core dump will be written. Minidumps are not enabled by default on client versions of Windows
#

---------------  S U M M A R Y ------------

Command Line: --add-opens=java.base/java.lang=ALL-UNNAMED --add-opens=java.base/java.lang.invoke=ALL-UNNAMED --add-opens=java.base/java.util=ALL-UNNAMED --add-opens=java.prefs/java.util.prefs=ALL-UNNAMED --add-exports=jdk.compiler/com.sun.tools.javac.api=ALL-UNNAMED --add-exports=jdk.compiler/com.sun.tools.javac.util=ALL-UNNAMED --add-opens=java.base/java.util=ALL-UNNAMED --add-opens=java.prefs/java.util.prefs=ALL-UNNAMED --add-opens=java.base/java.nio.charset=ALL-UNNAMED --add-opens=java.base/java.net=ALL-UNNAMED --add-opens=java.base/java.util.concurrent=ALL-UNNAMED --add-opens=java.base/java.util.concurrent.atomic=ALL-UNNAMED --add-opens=java.xml/javax.xml.namespace=ALL-UNNAMED --add-opens=java.base/java.time=ALL-UNNAMED -XX:MaxMetaspaceSize=4G -XX:ReservedCodeCacheSize=512m -XX:+HeapDumpOnOutOfMemoryError -Xmx8G -Dfile.encoding=UTF-8 -Duser.country=IN -Duser.language=en -Duser.variant -javaagent:C:\Users\AJI\.gradle\wrapper\dists\gradle-9.1.0-all\7wzd0jkjit61aq2p43wpjgij9\gradle-9.1.0\lib\agents\gradle-instrumentation-agent-9.1.0.jar org.gradle.launcher.daemon.bootstrap.GradleDaemon 9.1.0

Host: 12th Gen Intel(R) Core(TM) i7-12700H, 20 cores, 15G,  Windows 11 , 64 bit Build 26100 (10.0.26100.9444)
Time: Thu Sep 10 13:13:34 2026 India Standard Time elapsed time: 213.635325 seconds (0d 0h 3m 33s)

---------------  T H R E A D  ---------------

Current thread (0x00000240f9005a50):  JavaThread "C2 CompilerThread0" daemon [_thread_in_native, id=64288, stack(0x0000005516900000,0x0000005516a00000) (1024K)]


Current CompileTask:
C2:213635 5338   !   4       sun.reflect.annotation.AnnotationParser::parseAnnotations (37 bytes)

Stack: [0x0000005516900000,0x0000005516a00000]
Native frames: (J=compiled Java code, j=interpreted, Vv=VM code, C=native code)
V  [jvm.dll+0x6d83e9]
V  [jvm.dll+0x8b5736]
V  [jvm.dll+0x8b7cee]
V  [jvm.dll+0x8b83d3]
V  [jvm.dll+0x284596]
V  [jvm.dll+0xc685d]
V  [jvm.dll+0xc6da1]
V  [jvm.dll+0x3bf151]
V  [jvm.dll+0x38b6d2]
V  [jvm.dll+0x38ab1a]
V  [jvm.dll+0x24c700]
V  [jvm.dll+0x24bce0]
V  [jvm.dll+0x1cb4ae]
V  [jvm.dll+0x25baad]
V  [jvm.dll+0x25a03a]
V  [jvm.dll+0x3f8aae]
V  [jvm.dll+0x8600cd]
V  [jvm.dll+0x6d6c1d]
C  [ucrtbase.dll+0x2cd30]
C  [KERNEL32.DLL+0x2cd87]
C  [ntdll.dll+0xacaec]


---------------  P R O C E S S  ---------------

Threads class SMR info:
_java_thread_list=0x00000240fc5bf620, length=34, elements={
0x00000240c3af1b20, 0x00000240f1cc2260, 0x00000240f1cc2cc0, 0x00000240f1cc8f20,
0x00000240f1cc9980, 0x00000240f1ccab80, 0x00000240f9003b20, 0x00000240f9005a50,
0x00000240f900d9b0, 0x00000240f9256ad0, 0x00000240f931b0f0, 0x00000240fa2a60c0,
0x00000240f9edeab0, 0x00000240f90ae8e0, 0x00000240f928bc20, 0x00000240f90681a0,
0x00000240fa03d890, 0x00000240f93c3fe0, 0x00000240f93c4d00, 0x00000240f93c5a20,
0x00000240f93c60b0, 0x00000240f93c2c30, 0x00000240f93c5390, 0x00000240f93c32c0,
0x00000240fb763aa0, 0x00000240fb762d80, 0x00000240fb7647c0, 0x00000240fb762060,
0x00000240fb766200, 0x00000240fb765b70, 0x00000240fb766890, 0x00000240fb763410,
0x00000240fb766f20, 0x00000240fb767c40
}

Java Threads: ( => current thread )
  0x00000240c3af1b20 JavaThread "main"                              [_thread_blocked, id=22584, stack(0x0000005515b00000,0x0000005515c00000) (1024K)]
  0x00000240f1cc2260 JavaThread "Reference Handler"          daemon [_thread_blocked, id=34592, stack(0x0000005516300000,0x0000005516400000) (1024K)]
  0x00000240f1cc2cc0 JavaThread "Finalizer"                  daemon [_thread_blocked, id=51936, stack(0x0000005516400000,0x0000005516500000) (1024K)]
  0x00000240f1cc8f20 JavaThread "Signal Dispatcher"          daemon [_thread_blocked, id=35976, stack(0x0000005516500000,0x0000005516600000) (1024K)]
  0x00000240f1cc9980 JavaThread "Attach Listener"            daemon [_thread_blocked, id=71432, stack(0x0000005516600000,0x0000005516700000) (1024K)]
  0x00000240f1ccab80 JavaThread "Service Thread"             daemon [_thread_blocked, id=19900, stack(0x0000005516700000,0x0000005516800000) (1024K)]
  0x00000240f9003b20 JavaThread "Monitor Deflation Thread"   daemon [_thread_blocked, id=18476, stack(0x0000005516800000,0x0000005516900000) (1024K)]
=>0x00000240f9005a50 JavaThread "C2 CompilerThread0"         daemon [_thread_in_native, id=64288, stack(0x0000005516900000,0x0000005516a00000) (1024K)]
  0x00000240f900d9b0 JavaThread "C1 CompilerThread0"         daemon [_thread_blocked, id=33340, stack(0x0000005516a00000,0x0000005516b00000) (1024K)]
  0x00000240f9256ad0 JavaThread "Common-Cleaner"             daemon [_thread_blocked, id=46348, stack(0x0000005516b00000,0x0000005516c00000) (1024K)]
  0x00000240f931b0f0 JavaThread "Notification Thread"        daemon [_thread_blocked, id=56128, stack(0x0000005516c00000,0x0000005516d00000) (1024K)]
  0x00000240fa2a60c0 JavaThread "Daemon health stats"               [_thread_blocked, id=58876, stack(0x0000005517300000,0x0000005517400000) (1024K)]
  0x00000240f9edeab0 JavaThread "Incoming local TCP Connector on port 54724"        [_thread_in_native, id=39412, stack(0x0000005517400000,0x0000005517500000) (1024K)]
  0x00000240f90ae8e0 JavaThread "Daemon periodic checks"            [_thread_blocked, id=23248, stack(0x0000005517500000,0x0000005517600000) (1024K)]
  0x00000240f928bc20 JavaThread "Daemon"                            [_thread_blocked, id=46304, stack(0x0000005517600000,0x0000005517700000) (1024K)]
  0x00000240f90681a0 JavaThread "Handler for socket connection from /127.0.0.1:54724 to /127.0.0.1:54725"        [_thread_in_native, id=46032, stack(0x0000005517700000,0x0000005517800000) (1024K)]
  0x00000240fa03d890 JavaThread "Cancel handler"                    [_thread_blocked, id=47864, stack(0x0000005518000000,0x0000005518100000) (1024K)]
  0x00000240f93c3fe0 JavaThread "Daemon worker"                     [_thread_in_native, id=21040, stack(0x0000005518100000,0x0000005518200000) (1024K)]
  0x00000240f93c4d00 JavaThread "Asynchronous log dispatcher for DefaultDaemonConnection: socket connection from /127.0.0.1:54724 to /127.0.0.1:54725"        [_thread_blocked, id=47780, stack(0x0000005518200000,0x0000005518300000) (1024K)]
  0x00000240f93c5a20 JavaThread "Stdin handler"                     [_thread_blocked, id=39912, stack(0x0000005518300000,0x0000005518400000) (1024K)]
  0x00000240f93c60b0 JavaThread "Daemon client event forwarder"        [_thread_blocked, id=39196, stack(0x0000005518400000,0x0000005518500000) (1024K)]
  0x00000240f93c2c30 JavaThread "Cache worker for journal cache (C:\Users\AJI\.gradle\caches\journal-1)"        [_thread_blocked, id=1308, stack(0x0000005518500000,0x0000005518600000) (1024K)]
  0x00000240f93c5390 JavaThread "File lock request listener"        [_thread_in_native, id=58388, stack(0x0000005518600000,0x0000005518700000) (1024K)]
  0x00000240f93c32c0 JavaThread "Cache worker for file hash cache (C:\Users\AJI\.gradle\caches\9.1.0\fileHashes)"        [_thread_blocked, id=52412, stack(0x0000005518800000,0x0000005518900000) (1024K)]
  0x00000240fb763aa0 JavaThread "Cache worker for file hash cache (C:\Users\AJI\Documents\personal_website\ajilesh_web\aj_profile\android\.gradle\9.1.0\fileHashes)"        [_thread_blocked, id=49188, stack(0x0000005518d00000,0x0000005518e00000) (1024K)]
  0x00000240fb762d80 JavaThread "Cache worker for Build Output Cleanup Cache (C:\Users\AJI\Documents\personal_website\ajilesh_web\aj_profile\android\.gradle\buildOutputCleanup)"        [_thread_blocked, id=18056, stack(0x0000005518e00000,0x0000005518f00000) (1024K)]
  0x00000240fb7647c0 JavaThread "File watcher server"        daemon [_thread_in_native, id=80080, stack(0x0000005518f00000,0x0000005519000000) (1024K)]
  0x00000240fb762060 JavaThread "File watcher consumer"      daemon [_thread_blocked, id=63220, stack(0x0000005519000000,0x0000005519100000) (1024K)]
  0x00000240fb766200 JavaThread "Cache worker for checksums cache (C:\Users\AJI\Documents\personal_website\ajilesh_web\aj_profile\android\.gradle\9.1.0\checksums)"        [_thread_blocked, id=21064, stack(0x0000005519100000,0x0000005519200000) (1024K)]
  0x00000240fb765b70 JavaThread "Cache worker for file content cache (C:\Users\AJI\.gradle\caches\9.1.0\fileContent)"        [_thread_blocked, id=33992, stack(0x0000005519200000,0x0000005519300000) (1024K)]
  0x00000240fb766890 JavaThread "Cache worker for cache directory md-supplier (C:\Users\AJI\.gradle\caches\9.1.0\md-supplier)"        [_thread_blocked, id=83720, stack(0x0000005519300000,0x0000005519400000) (1024K)]
  0x00000240fb763410 JavaThread "Cache worker for cache directory md-rule (C:\Users\AJI\.gradle\caches\9.1.0\md-rule)"        [_thread_blocked, id=56864, stack(0x0000005519400000,0x0000005519500000) (1024K)]
  0x00000240fb766f20 JavaThread "File lock release action executor Thread 2"        [_thread_blocked, id=44284, stack(0x0000005515800000,0x0000005515900000) (1024K)]
  0x00000240fb767c40 JavaThread "Cache worker for Build Output Cleanup Cache (C:\Users\AJI\develop\flutter\packages\flutter_tools\gradle\.gradle\buildOutputCleanup)"        [_thread_blocked, id=78432, stack(0x0000005515900000,0x0000005515a00000) (1024K)]
Total: 34

Other Threads:
  0x00000240f1ca48b0 VMThread "VM Thread"                           [id=62636, stack(0x0000005516200000,0x0000005516300000) (1024K)]
  0x00000240f1c95140 WatcherThread "VM Periodic Task Thread"        [id=43268, stack(0x0000005516100000,0x0000005516200000) (1024K)]
  0x00000240c3b9d7c0 WorkerThread "GC Thread#0"                     [id=51576, stack(0x0000005515c00000,0x0000005515d00000) (1024K)]
  0x00000240f93445b0 WorkerThread "GC Thread#1"                     [id=65744, stack(0x0000005516d00000,0x0000005516e00000) (1024K)]
  0x00000240f9344960 WorkerThread "GC Thread#2"                     [id=64852, stack(0x0000005516e00000,0x0000005516f00000) (1024K)]
  0x00000240f935a440 WorkerThread "GC Thread#3"                     [id=60496, stack(0x0000005516f00000,0x0000005517000000) (1024K)]
  0x00000240f935a7f0 WorkerThread "GC Thread#4"                     [id=34040, stack(0x0000005517000000,0x0000005517100000) (1024K)]
  0x00000240f935aba0 WorkerThread "GC Thread#5"                     [id=49732, stack(0x0000005517100000,0x0000005517200000) (1024K)]
  0x00000240f906be20 WorkerThread "GC Thread#6"                     [id=7428, stack(0x0000005517800000,0x0000005517900000) (1024K)]
  0x00000240f906c1d0 WorkerThread "GC Thread#7"                     [id=49908, stack(0x0000005517900000,0x0000005517a00000) (1024K)]
  0x00000240faba0ba0 WorkerThread "GC Thread#8"                     [id=67288, stack(0x0000005517a00000,0x0000005517b00000) (1024K)]
  0x00000240faba0f50 WorkerThread "GC Thread#9"                     [id=41368, stack(0x0000005517b00000,0x0000005517c00000) (1024K)]
  0x00000240faba07f0 WorkerThread "GC Thread#10"                    [id=10008, stack(0x0000005517c00000,0x0000005517d00000) (1024K)]
  0x00000240faba16b0 WorkerThread "GC Thread#11"                    [id=65636, stack(0x0000005517d00000,0x0000005517e00000) (1024K)]
  0x00000240faba1a60 WorkerThread "GC Thread#12"                    [id=52640, stack(0x0000005517e00000,0x0000005517f00000) (1024K)]
  0x00000240faba0090 WorkerThread "GC Thread#13"                    [id=79956, stack(0x0000005517f00000,0x0000005518000000) (1024K)]
  0x00000240fbb3a000 WorkerThread "GC Thread#14"                    [id=19968, stack(0x0000005517200000,0x0000005517300000) (1024K)]
  0x00000240f1b12010 ConcurrentGCThread "G1 Main Marker"            [id=28360, stack(0x0000005515d00000,0x0000005515e00000) (1024K)]
  0x00000240f1b131d0 WorkerThread "G1 Conc#0"                       [id=15084, stack(0x0000005515e00000,0x0000005515f00000) (1024K)]
  0x00000240fbb394f0 WorkerThread "G1 Conc#1"                       [id=2724, stack(0x0000005518900000,0x0000005518a00000) (1024K)]
  0x00000240fbb37b20 WorkerThread "G1 Conc#2"                       [id=44736, stack(0x0000005518a00000,0x0000005518b00000) (1024K)]
  0x00000240fbb3a760 WorkerThread "G1 Conc#3"                       [id=8232, stack(0x0000005518b00000,0x0000005518c00000) (1024K)]
  0x00000240f1b62270 ConcurrentGCThread "G1 Refine#0"               [id=55864, stack(0x0000005515f00000,0x0000005516000000) (1024K)]
  0x00000240f1b63bb0 ConcurrentGCThread "G1 Service"                [id=83104, stack(0x0000005516000000,0x0000005516100000) (1024K)]
Total: 24

Threads with active compile tasks:
C2 CompilerThread0  213695 5338   !   4       sun.reflect.annotation.AnnotationParser::parseAnnotations (37 bytes)
Total: 1

VM state: not at safepoint (normal execution)

VM Mutex/Monitor currently owned by a thread: None

Heap address: 0x0000000600000000, size: 8192 MB, Compressed Oops mode: Zero based, Oop shift amount: 3

CDS archive(s) mapped at: [0x0000024080000000-0x0000024080ba0000-0x0000024080ba0000), size 12189696, SharedBaseAddress: 0x0000024080000000, ArchiveRelocationMode: 1.
Compressed class space mapped at: 0x0000024081000000-0x00000240c1000000, reserved size: 1073741824
Narrow klass base: 0x0000024080000000, Narrow klass shift: 0, Narrow klass range: 0x100000000

GC Precious Log:
 CardTable entry size: 512
 Card Set container configuration: InlinePtr #cards 4 size 8 Array Of Cards #cards 32 size 80 Howl #buckets 8 coarsen threshold 7372 Howl Bitmap #cards 1024 size 144 coarsen threshold 921 Card regions per heap region 1 cards per card region 8192
 CPUs: 20 total, 20 available
 Memory: 16068M
 Large Page Support: Disabled
 NUMA Support: Disabled
 Compressed Oops: Enabled (Zero based)
 Heap Region Size: 4M
 Heap Min Capacity: 8M
 Heap Initial Capacity: 252M
 Heap Max Capacity: 8G
 Pre-touch: Disabled
 Parallel Workers: 15
 Concurrent Workers: 4
 Concurrent Refinement Workers: 15
 Periodic GC: Disabled

Heap:
 garbage-first heap   total 98304K, used 66232K [0x0000000600000000, 0x0000000800000000)
  region size 4096K, 11 young (45056K), 2 survivors (8192K)
 Metaspace       used 41713K, committed 43456K, reserved 1114112K
  class space    used 6103K, committed 6976K, reserved 1048576K

Heap Regions: E=young(eden), S=young(survivor), O=old, HS=humongous(starts), HC=humongous(continues), CS=collection set, F=free, TAMS=top-at-mark-start, PB=parsable bottom
|   0|0x0000000600000000, 0x0000000600400000, 0x0000000600400000|100%|HS|  |TAMS 0x0000000600000000| PB 0x0000000600000000| Complete 
|   1|0x0000000600400000, 0x0000000600800000, 0x0000000600800000|100%| O|  |TAMS 0x0000000600400000| PB 0x0000000600400000| Untracked 
|   2|0x0000000600800000, 0x0000000600c00000, 0x0000000600c00000|100%| O|  |TAMS 0x0000000600800000| PB 0x0000000600800000| Untracked 
|   3|0x0000000600c00000, 0x0000000601000000, 0x0000000601000000|100%| O|  |TAMS 0x0000000600c00000| PB 0x0000000600c00000| Untracked 
|   4|0x0000000601000000, 0x0000000601400000, 0x0000000601400000|100%| O|  |TAMS 0x0000000601000000| PB 0x0000000601000000| Untracked 
|   5|0x0000000601400000, 0x0000000601491810, 0x0000000601800000| 14%| O|  |TAMS 0x0000000601400000| PB 0x0000000601400000| Untracked 
|   6|0x0000000601800000, 0x0000000601800000, 0x0000000601c00000|  0%| F|  |TAMS 0x0000000601800000| PB 0x0000000601800000| Untracked 
|   7|0x0000000601c00000, 0x0000000601c00000, 0x0000000602000000|  0%| F|  |TAMS 0x0000000601c00000| PB 0x0000000601c00000| Untracked 
|   8|0x0000000602000000, 0x0000000602000000, 0x0000000602400000|  0%| F|  |TAMS 0x0000000602000000| PB 0x0000000602000000| Untracked 
|   9|0x0000000602400000, 0x000000060241c890, 0x0000000602800000|  2%| S|CS|TAMS 0x0000000602400000| PB 0x0000000602400000| Complete 
|  10|0x0000000602800000, 0x0000000602c00000, 0x0000000602c00000|100%| S|CS|TAMS 0x0000000602800000| PB 0x0000000602800000| Complete 
|  11|0x0000000602c00000, 0x0000000602c00000, 0x0000000603000000|  0%| F|  |TAMS 0x0000000602c00000| PB 0x0000000602c00000| Untracked 
|  12|0x0000000603000000, 0x0000000603000000, 0x0000000603400000|  0%| F|  |TAMS 0x0000000603000000| PB 0x0000000603000000| Untracked 
|  13|0x0000000603400000, 0x0000000603609220, 0x0000000603800000| 50%| E|  |TAMS 0x0000000603400000| PB 0x0000000603400000| Complete 
|  14|0x0000000603800000, 0x0000000603c00000, 0x0000000603c00000|100%| E|CS|TAMS 0x0000000603800000| PB 0x0000000603800000| Complete 
|  15|0x0000000603c00000, 0x0000000604000000, 0x0000000604000000|100%| E|CS|TAMS 0x0000000603c00000| PB 0x0000000603c00000| Complete 
|  16|0x0000000604000000, 0x0000000604400000, 0x0000000604400000|100%| E|CS|TAMS 0x0000000604000000| PB 0x0000000604000000| Complete 
|  17|0x0000000604400000, 0x0000000604800000, 0x0000000604800000|100%| E|CS|TAMS 0x0000000604400000| PB 0x0000000604400000| Complete 
|  39|0x0000000609c00000, 0x000000060a000000, 0x000000060a000000|100%| E|CS|TAMS 0x0000000609c00000| PB 0x0000000609c00000| Complete 
|  40|0x000000060a000000, 0x000000060a400000, 0x000000060a400000|100%| E|CS|TAMS 0x000000060a000000| PB 0x000000060a000000| Complete 
|  44|0x000000060b000000, 0x000000060b400000, 0x000000060b400000|100%| E|CS|TAMS 0x000000060b000000| PB 0x000000060b000000| Complete 
|  62|0x000000060f800000, 0x000000060fc00000, 0x000000060fc00000|100%| E|CS|TAMS 0x000000060f800000| PB 0x000000060f800000| Complete 
|2046|0x00000007ff800000, 0x00000007ffc00000, 0x00000007ffc00000|100%| O|  |TAMS 0x00000007ff800000| PB 0x00000007ff800000| Untracked 
|2047|0x00000007ffc00000, 0x0000000800000000, 0x0000000800000000|100%| O|  |TAMS 0x00000007ffc00000| PB 0x00000007ffc00000| Untracked 

Card table byte_map: [0x00000240e89c0000,0x00000240e99c0000] _byte_map_base: 0x00000240e59c0000

Marking Bits: (CMBitMap*) 0x00000240c3b9dde0
 Bits: [0x00000240e99c0000, 0x00000240f19c0000)

Polling page: 0x00000240c1570000

Metaspace:

Usage:
  Non-class:     34.78 MB used.
      Class:      5.96 MB used.
       Both:     40.74 MB used.

Virtual space:
  Non-class space:       64.00 MB reserved,      35.62 MB ( 56%) committed,  1 nodes.
      Class space:        1.00 GB reserved,       6.81 MB ( <1%) committed,  1 nodes.
             Both:        1.06 GB reserved,      42.44 MB (  4%) committed. 

Chunk freelists:
   Non-Class:  11.84 MB
       Class:  9.17 MB
        Both:  21.01 MB

MaxMetaspaceSize: 4.00 GB
CompressedClassSpaceSize: 1.00 GB
Initial GC threshold: 21.00 MB
Current GC threshold: 59.00 MB
CDS: on
 - commit_granule_bytes: 65536.
 - commit_granule_words: 8192.
 - virtual_space_node_default_size: 8388608.
 - enlarge_chunks_in_place: 1.
 - use_allocation_guard: 0.


Internal statistics:

num_allocs_failed_limit: 6.
num_arena_births: 2974.
num_arena_deaths: 0.
num_vsnodes_births: 2.
num_vsnodes_deaths: 0.
num_space_committed: 679.
num_space_uncommitted: 0.
num_chunks_returned_to_freelist: 6.
num_chunks_taken_from_freelist: 5004.
num_chunk_merges: 6.
num_chunk_splits: 3277.
num_chunks_enlarged: 2020.
num_inconsistent_stats: 0.

CodeHeap 'non-profiled nmethods': size=258432Kb used=3040Kb max_used=3040Kb free=255391Kb
 bounds [0x00000240d7090000, 0x00000240d7390000, 0x00000240e6cf0000]
CodeHeap 'profiled nmethods': size=258368Kb used=9369Kb max_used=9369Kb free=248998Kb
 bounds [0x00000240c6cf0000, 0x00000240c7620000, 0x00000240d6940000]
CodeHeap 'non-nmethods': size=7488Kb used=1842Kb max_used=2405Kb free=5645Kb
 bounds [0x00000240d6940000, 0x00000240d6bb0000, 0x00000240d7090000]
CodeCache: size=524288Kb, used=14251Kb, max_used=14814Kb, free=510034Kb
 total_blobs=5560, nmethods=4849, adapters=615, full_count=0
Compilation: enabled, stopped_count=0, restarted_count=0

Compilation events (20 events):
Event: 213.598 Thread 0x00000240f900d9b0 5357       3       org.gradle.internal.instantiation.generator.AsmBackedClassGenerator$ClassBuilderImpl$$Lambda/0x00000240811f3588::transform (8 bytes)
Event: 213.598 Thread 0x00000240f900d9b0 nmethod 5357 0x00000240c760c910 code [0x00000240c760cac0, 0x00000240c760ccf0]
Event: 213.598 Thread 0x00000240f900d9b0 5354       3       com.google.common.collect.LinkedHashMultimap::createCollection (14 bytes)
Event: 213.599 Thread 0x00000240f900d9b0 nmethod 5354 0x00000240c760cd90 code [0x00000240c760cf40, 0x00000240c760d0f8]
Event: 213.599 Thread 0x00000240f900d9b0 5355       3       com.google.common.collect.LinkedHashMultimap$ValueSet::<init> (55 bytes)
Event: 213.599 Thread 0x00000240f900d9b0 nmethod 5355 0x00000240c760d210 code [0x00000240c760d420, 0x00000240c760d978]
Event: 213.599 Thread 0x00000240f900d9b0 5358       3       com.google.common.collect.AbstractSetMultimap::get (9 bytes)
Event: 213.599 Thread 0x00000240f900d9b0 nmethod 5358 0x00000240c760db10 code [0x00000240c760dd00, 0x00000240c760e338]
Event: 213.600 Thread 0x00000240f900d9b0 5359       3       com.google.common.collect.AbstractMapBasedMultimap$WrappedSet::<init> (14 bytes)
Event: 213.600 Thread 0x00000240f900d9b0 nmethod 5359 0x00000240c760e490 code [0x00000240c760e640, 0x00000240c760e7e8]
Event: 213.600 Thread 0x00000240f900d9b0 5361       3       org.gradle.model.internal.asm.AsmClassGeneratorUtils::visitClass (68 bytes)
Event: 213.600 Thread 0x00000240f900d9b0 nmethod 5361 0x00000240c760e890 code [0x00000240c760eb20, 0x00000240c760f288]
Event: 213.601 Thread 0x00000240f900d9b0 5356       3       org.gradle.internal.instantiation.generator.AsmBackedClassGenerator$ClassBuilderImpl::access$5800 (4 bytes)
Event: 213.601 Thread 0x00000240f900d9b0 nmethod 5356 0x00000240c760f610 code [0x00000240c760f7a0, 0x00000240c760f898]
Event: 213.601 Thread 0x00000240f900d9b0 5360       1       org.gradle.internal.instantiation.generator.AbstractClassGenerator$PropertyMetadata::access$1400 (5 bytes)
Event: 213.601 Thread 0x00000240f900d9b0 nmethod 5360 0x00000240d7388010 code [0x00000240d73881a0, 0x00000240d7388250]
Event: 213.610 Thread 0x00000240f900d9b0 5363       3       java.util.LinkedHashMap$LinkedEntryIterator::next (5 bytes)
Event: 213.610 Thread 0x00000240f900d9b0 nmethod 5363 0x00000240c760f910 code [0x00000240c760fac0, 0x00000240c760fc58]
Event: 213.610 Thread 0x00000240f900d9b0 5364       3       java.util.LinkedHashMap$LinkedEntryIterator::next (5 bytes)
Event: 213.610 Thread 0x00000240f900d9b0 nmethod 5364 0x00000240c760fd10 code [0x00000240c760fec0, 0x00000240c760fff8]

GC Heap History (18 events):
Event: 0.730 GC heap before
{Heap before GC invocations=0 (full 0):
 garbage-first heap   total 258048K, used 20480K [0x0000000600000000, 0x0000000800000000)
  region size 4096K, 5 young (20480K), 0 survivors (0K)
 Metaspace       used 882K, committed 1024K, reserved 1114112K
  class space    used 71K, committed 128K, reserved 1048576K
}
Event: 0.734 GC heap after
{Heap after GC invocations=1 (full 0):
 garbage-first heap   total 258048K, used 1680K [0x0000000600000000, 0x0000000800000000)
  region size 4096K, 1 young (4096K), 1 survivors (4096K)
 Metaspace       used 882K, committed 1024K, reserved 1114112K
  class space    used 71K, committed 128K, reserved 1048576K
}
Event: 2.200 GC heap before
{Heap before GC invocations=1 (full 0):
 garbage-first heap   total 258048K, used 42640K [0x0000000600000000, 0x0000000800000000)
  region size 4096K, 11 young (45056K), 1 survivors (4096K)
 Metaspace       used 4611K, committed 4800K, reserved 1114112K
  class space    used 583K, committed 704K, reserved 1048576K
}
Event: 2.206 GC heap after
{Heap after GC invocations=2 (full 0):
 garbage-first heap   total 258048K, used 11492K [0x0000000600000000, 0x0000000800000000)
  region size 4096K, 2 young (8192K), 2 survivors (8192K)
 Metaspace       used 4611K, committed 4800K, reserved 1114112K
  class space    used 583K, committed 704K, reserved 1048576K
}
Event: 7.241 GC heap before
{Heap before GC invocations=2 (full 0):
 garbage-first heap   total 258048K, used 77028K [0x0000000600000000, 0x0000000800000000)
  region size 4096K, 19 young (77824K), 2 survivors (8192K)
 Metaspace       used 10402K, committed 10752K, reserved 1114112K
  class space    used 1402K, committed 1536K, reserved 1048576K
}
Event: 7.250 GC heap after
{Heap after GC invocations=3 (full 0):
 garbage-first heap   total 258048K, used 19895K [0x0000000600000000, 0x0000000800000000)
  region size 4096K, 3 young (12288K), 3 survivors (12288K)
 Metaspace       used 10402K, committed 10752K, reserved 1114112K
  class space    used 1402K, committed 1536K, reserved 1048576K
}
Event: 20.634 GC heap before
{Heap before GC invocations=3 (full 0):
 garbage-first heap   total 258048K, used 89527K [0x0000000600000000, 0x0000000800000000)
  region size 4096K, 21 young (86016K), 3 survivors (12288K)
 Metaspace       used 20860K, committed 21504K, reserved 1114112K
  class space    used 2894K, committed 3200K, reserved 1048576K
}
Event: 20.647 GC heap after
{Heap after GC invocations=4 (full 0):
 garbage-first heap   total 258048K, used 23340K [0x0000000600000000, 0x0000000800000000)
  region size 4096K, 3 young (12288K), 3 survivors (12288K)
 Metaspace       used 20860K, committed 21504K, reserved 1114112K
  class space    used 2894K, committed 3200K, reserved 1048576K
}
Event: 26.904 GC heap before
{Heap before GC invocations=5 (full 0):
 garbage-first heap   total 81920K, used 80684K [0x0000000600000000, 0x0000000800000000)
  region size 4096K, 17 young (69632K), 3 survivors (12288K)
 Metaspace       used 28040K, committed 29120K, reserved 1114112K
  class space    used 4032K, committed 4544K, reserved 1048576K
}
Event: 26.912 GC heap after
{Heap after GC invocations=6 (full 0):
 garbage-first heap   total 98304K, used 26712K [0x0000000600000000, 0x0000000800000000)
  region size 4096K, 2 young (8192K), 2 survivors (8192K)
 Metaspace       used 28040K, committed 29120K, reserved 1114112K
  class space    used 4032K, committed 4544K, reserved 1048576K
}
Event: 28.766 GC heap before
{Heap before GC invocations=6 (full 0):
 garbage-first heap   total 98304K, used 71768K [0x0000000600000000, 0x0000000800000000)
  region size 4096K, 14 young (57344K), 2 survivors (8192K)
 Metaspace       used 34292K, committed 35584K, reserved 1114112K
  class space    used 4929K, committed 5568K, reserved 1048576K
}
Event: 28.772 GC heap after
{Heap after GC invocations=7 (full 0):
 garbage-first heap   total 98304K, used 29300K [0x0000000600000000, 0x0000000800000000)
  region size 4096K, 2 young (8192K), 2 survivors (8192K)
 Metaspace       used 34292K, committed 35584K, reserved 1114112K
  class space    used 4929K, committed 5568K, reserved 1048576K
}
Event: 28.877 GC heap before
{Heap before GC invocations=7 (full 0):
 garbage-first heap   total 98304K, used 29300K [0x0000000600000000, 0x0000000800000000)
  region size 4096K, 3 young (12288K), 2 survivors (8192K)
 Metaspace       used 34680K, committed 35968K, reserved 1114112K
  class space    used 4967K, committed 5568K, reserved 1048576K
}
Event: 28.881 GC heap after
{Heap after GC invocations=8 (full 0):
 garbage-first heap   total 98304K, used 30348K [0x0000000600000000, 0x0000000800000000)
  region size 4096K, 1 young (4096K), 1 survivors (4096K)
 Metaspace       used 34680K, committed 35968K, reserved 1114112K
  class space    used 4967K, committed 5568K, reserved 1048576K
}
Event: 77.010 GC heap before
{Heap before GC invocations=9 (full 0):
 garbage-first heap   total 98304K, used 79500K [0x0000000600000000, 0x0000000800000000)
  region size 4096K, 13 young (53248K), 1 survivors (4096K)
 Metaspace       used 36958K, committed 38400K, reserved 1114112K
  class space    used 5317K, committed 6016K, reserved 1048576K
}
Event: 77.238 GC heap after
{Heap after GC invocations=10 (full 0):
 garbage-first heap   total 98304K, used 31765K [0x0000000600000000, 0x0000000800000000)
  region size 4096K, 2 young (8192K), 2 survivors (8192K)
 Metaspace       used 36958K, committed 38400K, reserved 1114112K
  class space    used 5317K, committed 6016K, reserved 1048576K
}
Event: 193.818 GC heap before
{Heap before GC invocations=10 (full 0):
 garbage-first heap   total 98304K, used 76821K [0x0000000600000000, 0x0000000800000000)
  region size 4096K, 13 young (53248K), 2 survivors (8192K)
 Metaspace       used 40510K, committed 42048K, reserved 1114112K
  class space    used 5905K, committed 6656K, reserved 1048576K
}
Event: 193.836 GC heap after
{Heap after GC invocations=11 (full 0):
 garbage-first heap   total 98304K, used 33464K [0x0000000600000000, 0x0000000800000000)
  region size 4096K, 2 young (8192K), 2 survivors (8192K)
 Metaspace       used 40510K, committed 42048K, reserved 1114112K
  class space    used 5905K, committed 6656K, reserved 1048576K
}

Dll operation events (20 events):
Event: 0.243 Attempting to load shared library C:\Users\AJI\.vscode\extensions\redhat.java-1.56.0-win32-x64\jre\21.0.12.1-win32-x86_64\bin\nio.dll
Event: 0.244 Loaded shared library C:\Users\AJI\.vscode\extensions\redhat.java-1.56.0-win32-x64\jre\21.0.12.1-win32-x86_64\bin\nio.dll
Event: 0.251 Attempting to load shared library C:\Users\AJI\.vscode\extensions\redhat.java-1.56.0-win32-x64\jre\21.0.12.1-win32-x86_64\bin\zip.dll
Event: 0.251 Loaded shared library C:\Users\AJI\.vscode\extensions\redhat.java-1.56.0-win32-x64\jre\21.0.12.1-win32-x86_64\bin\zip.dll
Event: 0.751 Attempting to load shared library C:\Users\AJI\.vscode\extensions\redhat.java-1.56.0-win32-x64\jre\21.0.12.1-win32-x86_64\bin\jimage.dll
Event: 0.751 Loaded shared library C:\Users\AJI\.vscode\extensions\redhat.java-1.56.0-win32-x64\jre\21.0.12.1-win32-x86_64\bin\jimage.dll
Event: 1.388 Attempting to load shared library C:\Users\AJI\.vscode\extensions\redhat.java-1.56.0-win32-x64\jre\21.0.12.1-win32-x86_64\bin\verify.dll
Event: 1.390 Loaded shared library C:\Users\AJI\.vscode\extensions\redhat.java-1.56.0-win32-x64\jre\21.0.12.1-win32-x86_64\bin\verify.dll
Event: 1.462 Attempting to load shared library C:\Users\AJI\.gradle\native\1def1411415f61bf3af743bc5b6707747c0891f09f0c88961ee8f79bc544acac\windows-amd64\native-platform.dll
Event: 1.464 Loaded shared library C:\Users\AJI\.gradle\native\1def1411415f61bf3af743bc5b6707747c0891f09f0c88961ee8f79bc544acac\windows-amd64\native-platform.dll
Event: 1.476 Attempting to load shared library C:\Users\AJI\.gradle\native\0.2.8\x86_64-windows-gnu\gradle-fileevents.dll
Event: 1.481 Loaded shared library C:\Users\AJI\.gradle\native\0.2.8\x86_64-windows-gnu\gradle-fileevents.dll
Event: 5.246 Attempting to load shared library C:\Users\AJI\.vscode\extensions\redhat.java-1.56.0-win32-x64\jre\21.0.12.1-win32-x86_64\bin\management.dll
Event: 5.253 Loaded shared library C:\Users\AJI\.vscode\extensions\redhat.java-1.56.0-win32-x64\jre\21.0.12.1-win32-x86_64\bin\management.dll
Event: 5.257 Attempting to load shared library C:\Users\AJI\.vscode\extensions\redhat.java-1.56.0-win32-x64\jre\21.0.12.1-win32-x86_64\bin\management_ext.dll
Event: 5.266 Loaded shared library C:\Users\AJI\.vscode\extensions\redhat.java-1.56.0-win32-x64\jre\21.0.12.1-win32-x86_64\bin\management_ext.dll
Event: 5.496 Attempting to load shared library C:\Users\AJI\.vscode\extensions\redhat.java-1.56.0-win32-x64\jre\21.0.12.1-win32-x86_64\bin\extnet.dll
Event: 5.514 Loaded shared library C:\Users\AJI\.vscode\extensions\redhat.java-1.56.0-win32-x64\jre\21.0.12.1-win32-x86_64\bin\extnet.dll
Event: 7.069 Attempting to load shared library C:\Users\AJI\.vscode\extensions\redhat.java-1.56.0-win32-x64\jre\21.0.12.1-win32-x86_64\bin\sunmscapi.dll
Event: 7.073 Loaded shared library C:\Users\AJI\.vscode\extensions\redhat.java-1.56.0-win32-x64\jre\21.0.12.1-win32-x86_64\bin\sunmscapi.dll

Deoptimization events (20 events):
Event: 213.589 Thread 0x00000240f93c3fe0 Uncommon trap: trap_request=0xffffff45 fr.pc=0x00000240d72b7bf8 relative=0x00000000000002b8
Event: 213.589 Thread 0x00000240f93c3fe0 Uncommon trap: reason=unstable_if action=reinterpret pc=0x00000240d72b7bf8 method=java.util.HashMap.getNode(Ljava/lang/Object;)Ljava/util/HashMap$Node; @ 85 c2
Event: 213.589 Thread 0x00000240f93c3fe0 DEOPT PACKING pc=0x00000240d72b7bf8 sp=0x00000055181f5ad0
Event: 213.591 Thread 0x00000240f93c3fe0 DEOPT UNPACKING pc=0x00000240d6994422 sp=0x00000055181f59d0 mode 2
Event: 213.591 Thread 0x00000240f93c3fe0 Uncommon trap: trap_request=0xffffff45 fr.pc=0x00000240d7189a58 relative=0x00000000000007b8
Event: 213.591 Thread 0x00000240f93c3fe0 Uncommon trap: reason=unstable_if action=reinterpret pc=0x00000240d7189a58 method=java.util.HashMap.putVal(ILjava/lang/Object;Ljava/lang/Object;ZZ)Ljava/lang/Object; @ 109 c2
Event: 213.591 Thread 0x00000240f93c3fe0 DEOPT PACKING pc=0x00000240d7189a58 sp=0x00000055181f5a90
Event: 213.591 Thread 0x00000240f93c3fe0 DEOPT UNPACKING pc=0x00000240d6994422 sp=0x00000055181f59a8 mode 2
Event: 213.591 Thread 0x00000240f93c3fe0 Uncommon trap: trap_request=0xffffff45 fr.pc=0x00000240d70c0fe0 relative=0x00000000000009c0
Event: 213.591 Thread 0x00000240f93c3fe0 Uncommon trap: reason=unstable_if action=reinterpret pc=0x00000240d70c0fe0 method=java.util.HashMap.resize()[Ljava/util/HashMap$Node; @ 203 c2
Event: 213.591 Thread 0x00000240f93c3fe0 DEOPT PACKING pc=0x00000240d70c0fe0 sp=0x00000055181f5940
Event: 213.591 Thread 0x00000240f93c3fe0 DEOPT UNPACKING pc=0x00000240d6994422 sp=0x00000055181f58e0 mode 2
Event: 213.591 Thread 0x00000240f93c3fe0 Uncommon trap: trap_request=0xffffff45 fr.pc=0x00000240d72d5418 relative=0x0000000000000258
Event: 213.591 Thread 0x00000240f93c3fe0 Uncommon trap: reason=unstable_if action=reinterpret pc=0x00000240d72d5418 method=java.util.HashMap.getNode(Ljava/lang/Object;)Ljava/util/HashMap$Node; @ 85 c2
Event: 213.591 Thread 0x00000240f93c3fe0 DEOPT PACKING pc=0x00000240d72d5418 sp=0x00000055181f5a50
Event: 213.591 Thread 0x00000240f93c3fe0 DEOPT UNPACKING pc=0x00000240d6994422 sp=0x00000055181f59d0 mode 2
Event: 213.591 Thread 0x00000240f93c3fe0 Uncommon trap: trap_request=0xffffff45 fr.pc=0x00000240d713b848 relative=0x0000000000000728
Event: 213.591 Thread 0x00000240f93c3fe0 Uncommon trap: reason=unstable_if action=reinterpret pc=0x00000240d713b848 method=java.util.HashMap.putVal(ILjava/lang/Object;Ljava/lang/Object;ZZ)Ljava/lang/Object; @ 109 c2
Event: 213.591 Thread 0x00000240f93c3fe0 DEOPT PACKING pc=0x00000240d713b848 sp=0x00000055181f59e0
Event: 213.591 Thread 0x00000240f93c3fe0 DEOPT UNPACKING pc=0x00000240d6994422 sp=0x00000055181f5998 mode 2

Classes loaded (20 events):
Event: 191.849 Loading class sun/reflect/generics/tree/BooleanSignature
Event: 191.851 Loading class sun/reflect/generics/tree/BooleanSignature done
Event: 191.872 Loading class sun/invoke/util/ValueConversions$1
Event: 191.873 Loading class sun/invoke/util/ValueConversions$1 done
Event: 191.877 Loading class java/lang/invoke/BoundMethodHandle$Species_LI
Event: 191.877 Loading class java/lang/invoke/BoundMethodHandle$Species_LI done
Event: 192.224 Loading class java/util/PrimitiveIterator$OfInt
Event: 192.225 Loading class java/util/PrimitiveIterator
Event: 192.227 Loading class java/util/PrimitiveIterator done
Event: 192.227 Loading class java/util/PrimitiveIterator$OfInt done
Event: 192.283 Loading class java/util/concurrent/RecursiveAction
Event: 192.297 Loading class java/util/concurrent/RecursiveAction done
Event: 193.048 Loading class java/util/DualPivotQuicksort
Event: 193.049 Loading class java/util/DualPivotQuicksort done
Event: 193.435 Loading class java/util/stream/ReduceOps$2
Event: 193.438 Loading class java/util/stream/ReduceOps$2 done
Event: 193.438 Loading class java/util/stream/ReduceOps$2ReducingSink
Event: 193.438 Loading class java/util/stream/ReduceOps$2ReducingSink done
Event: 213.479 Loading class java/io/FileWriter
Event: 213.479 Loading class java/io/FileWriter done

Classes unloaded (0 events):
No events

Classes redefined (0 events):
No events

Internal exceptions (20 events):
Event: 191.442 Thread 0x00000240f93c3fe0 Exception <a 'java/lang/NoSuchMethodError'{0x000000060428fb48}: 'java.lang.Object java.lang.invoke.DirectMethodHandle$Holder.newInvokeSpecial(java.lang.Object, long)'> (0x000000060428fb48) 
thrown [s\src\hotspot\share\interpreter\linkResolver.cpp, line 773]
Event: 191.499 Thread 0x00000240f93c3fe0 Exception <a 'java/lang/NoSuchMethodError'{0x00000006042f6a80}: 'java.lang.Object java.lang.invoke.DirectMethodHandle$Holder.newInvokeSpecial(java.lang.Object, java.lang.Object, java.lang.Object, java.lang.Object, java.lang.Object, long, java.lang.Object)'> (0x00000006042f6a80) 
thrown [s\src\hotspot\share\interpreter\linkResolver.cpp, line 773]
Event: 191.503 Thread 0x00000240f93c3fe0 Exception <a 'java/lang/NoSuchMethodError'{0x00000006042ff4c8}: 'java.lang.Object java.lang.invoke.Invokers$Holder.linkToTargetMethod(java.lang.Object, java.lang.Object, java.lang.Object, java.lang.Object, long, java.lang.Object, java.lang.Object)'> (0x00000006042ff4c8) 
thrown [s\src\hotspot\share\interpreter\linkResolver.cpp, line 773]
Event: 191.514 Thread 0x00000240f93c3fe0 Exception <a 'java/lang/NoSuchMethodError'{0x0000000604343b28}: 'java.lang.Object java.lang.invoke.DirectMethodHandle$Holder.newInvokeSpecial(java.lang.Object, java.lang.Object, java.lang.Object, long, java.lang.Object)'> (0x0000000604343b28) 
thrown [s\src\hotspot\share\interpreter\linkResolver.cpp, line 773]
Event: 191.514 Thread 0x00000240f93c3fe0 Exception <a 'java/lang/NoSuchMethodError'{0x0000000604348c30}: 'java.lang.Object java.lang.invoke.DirectMethodHandle$Holder.invokeSpecial(java.lang.Object, java.lang.Object, java.lang.Object, java.lang.Object, long, java.lang.Object)'> (0x0000000604348c30) 
thrown [s\src\hotspot\share\interpreter\linkResolver.cpp, line 773]
Event: 191.515 Thread 0x00000240f93c3fe0 Exception <a 'java/lang/NoSuchMethodError'{0x000000060434d1b0}: 'java.lang.Object java.lang.invoke.Invokers$Holder.linkToTargetMethod(java.lang.Object, java.lang.Object, long, java.lang.Object, java.lang.Object)'> (0x000000060434d1b0) 
thrown [s\src\hotspot\share\interpreter\linkResolver.cpp, line 773]
Event: 191.871 Thread 0x00000240f93c3fe0 Implicit null exception at 0x00000240d720e272 to 0x00000240d720e4f0
Event: 191.875 Thread 0x00000240f93c3fe0 Exception <a 'java/lang/NoSuchMethodError'{0x0000000603db5b00}: 'int java.lang.invoke.DirectMethodHandle$Holder.invokeSpecial(java.lang.Object, java.lang.Object, java.lang.Object, int)'> (0x0000000603db5b00) 
thrown [s\src\hotspot\share\interpreter\linkResolver.cpp, line 773]
Event: 191.881 Thread 0x00000240f93c3fe0 Exception <a 'java/lang/NoSuchMethodError'{0x0000000603dc6968}: 'java.lang.Object java.lang.invoke.DirectMethodHandle$Holder.invokeStatic(java.lang.Object, java.lang.Object, java.lang.Object, java.lang.Object, int)'> (0x0000000603dc6968) 
thrown [s\src\hotspot\share\interpreter\linkResolver.cpp, line 773]
Event: 191.883 Thread 0x00000240f93c3fe0 Exception <a 'java/lang/NoSuchMethodError'{0x0000000603dd4ce0}: 'java.lang.Object java.lang.invoke.DelegatingMethodHandle$Holder.reinvoke_L(java.lang.Object, java.lang.Object, java.lang.Object, int, java.lang.Object, java.lang.Object, java.lang.Object, java.lang.Object, java.lang.Object, java.lang.Object, java.lang.Object, java.lang.Object, java.lang.Object, java.lang.Object, java.lang.Object, java.lang.Object, java.lang.Object, java.lang.Object, java.lang.Object, java.lang.Object, java.lang.Object, java.l
Event: 192.183 Thread 0x00000240f93c3fe0 Implicit null exception at 0x00000240d72cfbfc to 0x00000240d72cfcb4
Event: 193.018 Thread 0x00000240f93c3fe0 Exception <a 'java/lang/NoSuchMethodError'{0x000000060374a6c0}: 'java.lang.Object java.lang.invoke.DirectMethodHandle$Holder.newInvokeSpecial(java.lang.Object, java.lang.Object, java.lang.Object, java.lang.Object, java.lang.Object, java.lang.Object, java.lang.Object, java.lang.Object, java.lang.Object, java.lang.Object, java.lang.Object, java.lang.Object, java.lang.Object, java.lang.Object, java.lang.Object, java.lang.Object, java.lang.Object, java.lang.Object, java.lang.Object)'> (0x000000060374a6c0) 
thr
Event: 193.019 Thread 0x00000240f93c3fe0 Exception <a 'java/lang/NoSuchMethodError'{0x0000000603751340}: 'java.lang.Object java.lang.invoke.DirectMethodHandle$Holder.invokeSpecial(java.lang.Object, java.lang.Object, java.lang.Object, java.lang.Object, java.lang.Object, java.lang.Object, java.lang.Object, java.lang.Object, java.lang.Object, java.lang.Object, java.lang.Object, java.lang.Object, java.lang.Object, java.lang.Object, java.lang.Object, java.lang.Object, java.lang.Object, java.lang.Object, java.lang.Object, java.lang.Object)'> (0x0000000
Event: 193.019 Thread 0x00000240f93c3fe0 Exception <a 'java/lang/NoSuchMethodError'{0x0000000603756b90}: 'java.lang.Object java.lang.invoke.DelegatingMethodHandle$Holder.reinvoke_L(java.lang.Object, java.lang.Object, java.lang.Object, java.lang.Object, java.lang.Object, java.lang.Object, java.lang.Object, java.lang.Object, java.lang.Object, java.lang.Object, java.lang.Object, java.lang.Object, java.lang.Object, java.lang.Object, java.lang.Object, java.lang.Object, java.lang.Object, java.lang.Object, java.lang.Object)'> (0x0000000603756b90) 
throw
Event: 193.083 Thread 0x00000240f93c3fe0 Exception <a 'java/lang/NoSuchMethodError'{0x0000000603045040}: 'void java.lang.invoke.DirectMethodHandle$Holder.invokeStatic(java.lang.Object, java.lang.Object, java.lang.Object, java.lang.Object, java.lang.Object, java.lang.Object)'> (0x0000000603045040) 
thrown [s\src\hotspot\share\interpreter\linkResolver.cpp, line 773]
Event: 193.103 Thread 0x00000240f93c3fe0 Exception <a 'java/lang/IncompatibleClassChangeError'{0x000000060305a0c8}: Found class java.lang.Object, but interface was expected> (0x000000060305a0c8) 
thrown [s\src\hotspot\share\interpreter\linkResolver.cpp, line 840]
Event: 193.720 Thread 0x00000240f93c3fe0 Exception <a 'sun/nio/fs/WindowsException'{0x00000006032ec160}> (0x00000006032ec160) 
thrown [s\src\hotspot\share\prims\jni.cpp, line 520]
Event: 193.722 Thread 0x00000240f93c3fe0 Exception <a 'sun/nio/fs/WindowsException'{0x00000006032ede28}> (0x00000006032ede28) 
thrown [s\src\hotspot\share\prims\jni.cpp, line 520]
Event: 193.723 Thread 0x00000240f93c3fe0 Exception <a 'sun/nio/fs/WindowsException'{0x00000006032efae0}> (0x00000006032efae0) 
thrown [s\src\hotspot\share\prims\jni.cpp, line 520]
Event: 193.724 Thread 0x00000240f93c3fe0 Exception <a 'sun/nio/fs/WindowsException'{0x00000006032f1798}> (0x00000006032f1798) 
thrown [s\src\hotspot\share\prims\jni.cpp, line 520]

ZGC Phase Switch (0 events):
No events

VM Operations (20 events):
Event: 191.193 Executing safepoint VM operation: Cleanup
Event: 191.193 Executing safepoint VM operation: Cleanup done
Event: 192.207 Executing safepoint VM operation: Cleanup
Event: 192.207 Executing safepoint VM operation: Cleanup done
Event: 193.208 Executing safepoint VM operation: Cleanup
Event: 193.208 Executing safepoint VM operation: Cleanup done
Event: 193.818 Executing safepoint VM operation: G1CollectForAllocation (G1 Evacuation Pause)
Event: 193.836 Executing safepoint VM operation: G1CollectForAllocation (G1 Evacuation Pause) done
Event: 194.851 Executing safepoint VM operation: Cleanup
Event: 194.851 Executing safepoint VM operation: Cleanup done
Event: 201.915 Executing safepoint VM operation: Cleanup
Event: 201.915 Executing safepoint VM operation: Cleanup done
Event: 202.920 Executing safepoint VM operation: Cleanup
Event: 202.920 Executing safepoint VM operation: Cleanup done
Event: 207.939 Executing safepoint VM operation: Cleanup
Event: 207.939 Executing safepoint VM operation: Cleanup done
Event: 212.959 Executing safepoint VM operation: Cleanup
Event: 212.960 Executing safepoint VM operation: Cleanup done
Event: 213.531 Executing non-safepoint VM operation: HandshakeAllThreads (Deoptimize)
Event: 213.531 Executing non-safepoint VM operation: HandshakeAllThreads (Deoptimize) done

Memory protections (0 events):
No events

Nmethod flushes (20 events):
Event: 28.900 Thread 0x00000240f1ca48b0 flushing  nmethod 0x00000240c6ea7390
Event: 28.900 Thread 0x00000240f1ca48b0 flushing  nmethod 0x00000240c6eaa490
Event: 28.900 Thread 0x00000240f1ca48b0 flushing  nmethod 0x00000240c6eada90
Event: 28.900 Thread 0x00000240f1ca48b0 flushing  nmethod 0x00000240c7058210
Event: 28.900 Thread 0x00000240f1ca48b0 flushing  nmethod 0x00000240c705f590
Event: 28.900 Thread 0x00000240f1ca48b0 flushing  nmethod 0x00000240c705ff90
Event: 28.900 Thread 0x00000240f1ca48b0 flushing  nmethod 0x00000240c7062d90
Event: 28.900 Thread 0x00000240f1ca48b0 flushing  nmethod 0x00000240c7064110
Event: 28.900 Thread 0x00000240f1ca48b0 flushing  nmethod 0x00000240c7064d10
Event: 28.900 Thread 0x00000240f1ca48b0 flushing  nmethod 0x00000240c70ad110
Event: 28.900 Thread 0x00000240f1ca48b0 flushing  nmethod 0x00000240c70ad610
Event: 28.900 Thread 0x00000240f1ca48b0 flushing  nmethod 0x00000240c70aed10
Event: 28.900 Thread 0x00000240f1ca48b0 flushing  nmethod 0x00000240c70b3010
Event: 28.900 Thread 0x00000240f1ca48b0 flushing  nmethod 0x00000240c70d9b10
Event: 28.900 Thread 0x00000240f1ca48b0 flushing  nmethod 0x00000240c7106d10
Event: 28.900 Thread 0x00000240f1ca48b0 flushing  nmethod 0x00000240c7107010
Event: 28.900 Thread 0x00000240f1ca48b0 flushing  nmethod 0x00000240c7107590
Event: 28.900 Thread 0x00000240f1ca48b0 flushing  nmethod 0x00000240c7147e10
Event: 28.900 Thread 0x00000240f1ca48b0 flushing  nmethod 0x00000240c7161310
Event: 28.900 Thread 0x00000240f1ca48b0 flushing  nmethod 0x00000240c7161e10

Events (20 events):
Event: 7.648 Thread 0x00000240f93c3fe0 Thread added: 0x00000240f93c5a20
Event: 7.679 Thread 0x00000240f93c3fe0 Thread added: 0x00000240f93c60b0
Event: 10.147 Thread 0x00000240f93c3fe0 Thread added: 0x00000240f93c2c30
Event: 10.186 Thread 0x00000240f93c3fe0 Thread added: 0x00000240f93c5390
Event: 10.658 Thread 0x00000240f93c5390 Thread added: 0x00000240f93c4670
Event: 11.605 Thread 0x00000240f93c3fe0 Thread added: 0x00000240f93c32c0
Event: 13.025 Thread 0x00000240f9460780 Thread exited: 0x00000240f9460780
Event: 21.536 Thread 0x00000240f900d9b0 Thread added: 0x00000240fb3bc020
Event: 23.721 Thread 0x00000240f93c3fe0 Thread added: 0x00000240fb763aa0
Event: 23.884 Thread 0x00000240f93c3fe0 Thread added: 0x00000240fb762d80
Event: 25.833 Thread 0x00000240f93c3fe0 Thread added: 0x00000240fb7647c0
Event: 25.842 Thread 0x00000240f93c3fe0 Thread added: 0x00000240fb762060
Event: 26.982 Thread 0x00000240f93c3fe0 Thread added: 0x00000240fb766200
Event: 27.104 Thread 0x00000240f93c3fe0 Thread added: 0x00000240fb765b70
Event: 27.801 Thread 0x00000240f93c3fe0 Thread added: 0x00000240fb766890
Event: 27.975 Thread 0x00000240f93c3fe0 Thread added: 0x00000240fb763410
Event: 31.413 Thread 0x00000240fb3bc020 Thread exited: 0x00000240fb3bc020
Event: 131.404 Thread 0x00000240f93c4670 Thread exited: 0x00000240f93c4670
Event: 179.731 Thread 0x00000240f93c5390 Thread added: 0x00000240fb766f20
Event: 193.618 Thread 0x00000240f93c3fe0 Thread added: 0x00000240fb767c40


Dynamic libraries:
0x00007ff735c60000 - 0x00007ff735c6e000 	C:\Users\AJI\.vscode\extensions\redhat.java-1.56.0-win32-x64\jre\21.0.12.1-win32-x86_64\bin\java.exe
0x00007ffaa9a20000 - 0x00007ffaa9c87000 	C:\WINDOWS\SYSTEM32\ntdll.dll
0x00007ffaa7cd0000 - 0x00007ffaa7d9b000 	C:\WINDOWS\System32\KERNEL32.DLL
0x00007ffaa71b0000 - 0x00007ffaa75b2000 	C:\WINDOWS\System32\KERNELBASE.dll
0x00007ffaa7050000 - 0x00007ffaa719c000 	C:\WINDOWS\System32\ucrtbase.dll
0x00007ffa76fd0000 - 0x00007ffa76fee000 	C:\Users\AJI\.vscode\extensions\redhat.java-1.56.0-win32-x64\jre\21.0.12.1-win32-x86_64\bin\VCRUNTIME140.dll
0x00007ffa5b940000 - 0x00007ffa5b958000 	C:\Users\AJI\.vscode\extensions\redhat.java-1.56.0-win32-x64\jre\21.0.12.1-win32-x86_64\bin\jli.dll
0x00007ffaa7da0000 - 0x00007ffaa7f6f000 	C:\WINDOWS\System32\USER32.dll
0x00007ffa85610000 - 0x00007ffa858a0000 	C:\WINDOWS\WinSxS\amd64_microsoft.windows.common-controls_6595b64144ccf1df_6.0.26100.9278_none_3e0d1ba8e3303201\COMCTL32.dll
0x00007ffaa6e90000 - 0x00007ffaa6eb7000 	C:\WINDOWS\System32\win32u.dll
0x00007ffaa7740000 - 0x00007ffaa776b000 	C:\WINDOWS\System32\GDI32.dll
0x00007ffaa6cd0000 - 0x00007ffaa6df9000 	C:\WINDOWS\System32\gdi32full.dll
0x00007ffaa6c20000 - 0x00007ffaa6cc3000 	C:\WINDOWS\System32\msvcp_win.dll
0x00007ffaa8760000 - 0x00007ffaa8809000 	C:\WINDOWS\System32\msvcrt.dll
0x00007ffaa9250000 - 0x00007ffaa9281000 	C:\WINDOWS\System32\IMM32.DLL
0x00007ffa8fa10000 - 0x00007ffa8fa1c000 	C:\Users\AJI\.vscode\extensions\redhat.java-1.56.0-win32-x64\jre\21.0.12.1-win32-x86_64\bin\vcruntime140_1.dll
0x00007ff9ae9a0000 - 0x00007ff9aea2d000 	C:\Users\AJI\.vscode\extensions\redhat.java-1.56.0-win32-x64\jre\21.0.12.1-win32-x86_64\bin\msvcp140.dll
0x00007ff96c320000 - 0x00007ff96d0c2000 	C:\Users\AJI\.vscode\extensions\redhat.java-1.56.0-win32-x64\jre\21.0.12.1-win32-x86_64\bin\server\jvm.dll
0x00007ffaa8fb0000 - 0x00007ffaa906c000 	C:\WINDOWS\System32\ADVAPI32.dll
0x00007ffaa7b90000 - 0x00007ffaa7c39000 	C:\WINDOWS\System32\sechost.dll
0x00007ffaa80d0000 - 0x00007ffaa81e8000 	C:\WINDOWS\System32\RPCRT4.dll
0x00007ffaa7c40000 - 0x00007ffaa7cc0000 	C:\WINDOWS\System32\WS2_32.dll
0x00007ffaa6a80000 - 0x00007ffaa6ade000 	C:\WINDOWS\SYSTEM32\POWRPROF.dll
0x00007ffaa0960000 - 0x00007ffaa0996000 	C:\WINDOWS\SYSTEM32\WINMM.dll
0x00007ffa9deb0000 - 0x00007ffa9debb000 	C:\WINDOWS\SYSTEM32\VERSION.dll
0x00007ffaa6a60000 - 0x00007ffaa6a75000 	C:\WINDOWS\SYSTEM32\UMPDC.dll
0x00007ffaa5400000 - 0x00007ffaa541b000 	C:\WINDOWS\SYSTEM32\kernel.appcore.dll
0x00007ffa8f9e0000 - 0x00007ffa8f9ea000 	C:\Users\AJI\.vscode\extensions\redhat.java-1.56.0-win32-x64\jre\21.0.12.1-win32-x86_64\bin\jimage.dll
0x00007ffaa3d10000 - 0x00007ffaa3f5c000 	C:\WINDOWS\SYSTEM32\DBGHELP.DLL
0x00007ffaa9320000 - 0x00007ffaa96a5000 	C:\WINDOWS\System32\combase.dll
0x00007ffaa81f0000 - 0x00007ffaa82c9000 	C:\WINDOWS\System32\OLEAUT32.dll
0x00007ffa84dc0000 - 0x00007ffa84dfb000 	C:\WINDOWS\SYSTEM32\dbgcore.DLL
0x00007ffaa75c0000 - 0x00007ffaa766c000 	C:\WINDOWS\System32\bcryptPrimitives.dll
0x00007ffa80050000 - 0x00007ffa8005f000 	C:\Users\AJI\.vscode\extensions\redhat.java-1.56.0-win32-x64\jre\21.0.12.1-win32-x86_64\bin\instrument.dll
0x00007ffa56a30000 - 0x00007ffa56a50000 	C:\Users\AJI\.vscode\extensions\redhat.java-1.56.0-win32-x64\jre\21.0.12.1-win32-x86_64\bin\java.dll
0x00007ffaa8810000 - 0x00007ffaa8fa8000 	C:\WINDOWS\System32\SHELL32.dll
0x00007ffaa4150000 - 0x00007ffaa49fe000 	C:\WINDOWS\SYSTEM32\windows.storage.dll
0x00007ffaa96b0000 - 0x00007ffaa97ab000 	C:\WINDOWS\System32\SHCORE.dll
0x00007ffaa7a10000 - 0x00007ffaa7a76000 	C:\WINDOWS\System32\shlwapi.dll
0x00007ffaa6b40000 - 0x00007ffaa6b69000 	C:\WINDOWS\SYSTEM32\profapi.dll
0x00007ffa554d0000 - 0x00007ffa554e8000 	C:\Users\AJI\.vscode\extensions\redhat.java-1.56.0-win32-x64\jre\21.0.12.1-win32-x86_64\bin\zip.dll
0x00007ffa813d0000 - 0x00007ffa813e0000 	C:\Users\AJI\.vscode\extensions\redhat.java-1.56.0-win32-x64\jre\21.0.12.1-win32-x86_64\bin\net.dll
0x00007ffa9f270000 - 0x00007ffa9f39a000 	C:\WINDOWS\SYSTEM32\WINHTTP.dll
0x00007ffaa59c0000 - 0x00007ffaa5a2c000 	C:\WINDOWS\system32\mswsock.dll
0x00007ffa554b0000 - 0x00007ffa554c6000 	C:\Users\AJI\.vscode\extensions\redhat.java-1.56.0-win32-x64\jre\21.0.12.1-win32-x86_64\bin\nio.dll
0x00007ffa7fae0000 - 0x00007ffa7faf0000 	C:\Users\AJI\.vscode\extensions\redhat.java-1.56.0-win32-x64\jre\21.0.12.1-win32-x86_64\bin\verify.dll
0x00007ffa399a0000 - 0x00007ffa399c7000 	C:\Users\AJI\.gradle\native\1def1411415f61bf3af743bc5b6707747c0891f09f0c88961ee8f79bc544acac\windows-amd64\native-platform.dll
0x00007ff9bbe60000 - 0x00007ff9bbed7000 	C:\Users\AJI\.gradle\native\0.2.8\x86_64-windows-gnu\gradle-fileevents.dll
0x00007ffa7eee0000 - 0x00007ffa7eeea000 	C:\Users\AJI\.vscode\extensions\redhat.java-1.56.0-win32-x64\jre\21.0.12.1-win32-x86_64\bin\management.dll
0x00007ffa77400000 - 0x00007ffa7740c000 	C:\Users\AJI\.vscode\extensions\redhat.java-1.56.0-win32-x64\jre\21.0.12.1-win32-x86_64\bin\management_ext.dll
0x00007ffaa7b80000 - 0x00007ffaa7b88000 	C:\WINDOWS\System32\PSAPI.DLL
0x00007ffaa4ee0000 - 0x00007ffaa4f13000 	C:\WINDOWS\SYSTEM32\IPHLPAPI.DLL
0x00007ffaa80c0000 - 0x00007ffaa80ca000 	C:\WINDOWS\System32\NSI.dll
0x00007ffa74220000 - 0x00007ffa74229000 	C:\Users\AJI\.vscode\extensions\redhat.java-1.56.0-win32-x64\jre\21.0.12.1-win32-x86_64\bin\extnet.dll
0x00007ffaa5cb0000 - 0x00007ffaa5ccb000 	C:\WINDOWS\SYSTEM32\CRYPTSP.dll
0x00007ffaa5360000 - 0x00007ffaa5399000 	C:\WINDOWS\system32\rsaenh.dll
0x00007ffaa5a70000 - 0x00007ffaa5aa4000 	C:\WINDOWS\SYSTEM32\USERENV.dll
0x00007ffaa6b10000 - 0x00007ffaa6b3a000 	C:\WINDOWS\SYSTEM32\bcrypt.dll
0x00007ffaa5cd0000 - 0x00007ffaa5cdc000 	C:\WINDOWS\SYSTEM32\CRYPTBASE.dll
0x00007ffa73220000 - 0x00007ffa7322e000 	C:\Users\AJI\.vscode\extensions\redhat.java-1.56.0-win32-x64\jre\21.0.12.1-win32-x86_64\bin\sunmscapi.dll
0x00007ffaa6ec0000 - 0x00007ffaa703e000 	C:\WINDOWS\System32\CRYPT32.dll
0x00007ffaa5ea0000 - 0x00007ffaa5ed0000 	C:\WINDOWS\SYSTEM32\ncrypt.dll
0x00007ffaa5e50000 - 0x00007ffaa5e8f000 	C:\WINDOWS\SYSTEM32\NTASN1.dll
0x00007ffa7c400000 - 0x00007ffa7c408000 	C:\WINDOWS\system32\wshunix.dll

JVMTI agents:
C:\Users\AJI\.gradle\wrapper\dists\gradle-9.1.0-all\7wzd0jkjit61aq2p43wpjgij9\gradle-9.1.0\lib\agents\gradle-instrumentation-agent-9.1.0.jar path:C:\Users\AJI\.vscode\extensions\redhat.java-1.56.0-win32-x64\jre\21.0.12.1-win32-x86_64\bin\instrument.dll, loaded, initialized, instrumentlib options:none

dbghelp: loaded successfully - version: 4.0.5 - missing functions: none
symbol engine: initialized successfully - sym options: 0x614 - pdb path: .;C:\Users\AJI\.vscode\extensions\redhat.java-1.56.0-win32-x64\jre\21.0.12.1-win32-x86_64\bin;C:\WINDOWS\SYSTEM32;C:\WINDOWS\WinSxS\amd64_microsoft.windows.common-controls_6595b64144ccf1df_6.0.26100.9278_none_3e0d1ba8e3303201;C:\Users\AJI\.vscode\extensions\redhat.java-1.56.0-win32-x64\jre\21.0.12.1-win32-x86_64\bin\server;C:\Users\AJI\.gradle\native\1def1411415f61bf3af743bc5b6707747c0891f09f0c88961ee8f79bc544acac\windows-amd64;C:\Users\AJI\.gradle\native\0.2.8\x86_64-windows-gnu

VM Arguments:
jvm_args: --add-opens=java.base/java.lang=ALL-UNNAMED --add-opens=java.base/java.lang.invoke=ALL-UNNAMED --add-opens=java.base/java.util=ALL-UNNAMED --add-opens=java.prefs/java.util.prefs=ALL-UNNAMED --add-exports=jdk.compiler/com.sun.tools.javac.api=ALL-UNNAMED --add-exports=jdk.compiler/com.sun.tools.javac.util=ALL-UNNAMED --add-opens=java.base/java.util=ALL-UNNAMED --add-opens=java.prefs/java.util.prefs=ALL-UNNAMED --add-opens=java.base/java.nio.charset=ALL-UNNAMED --add-opens=java.base/java.net=ALL-UNNAMED --add-opens=java.base/java.util.concurrent=ALL-UNNAMED --add-opens=java.base/java.util.concurrent.atomic=ALL-UNNAMED --add-opens=java.xml/javax.xml.namespace=ALL-UNNAMED --add-opens=java.base/java.time=ALL-UNNAMED -XX:MaxMetaspaceSize=4G -XX:ReservedCodeCacheSize=512m -XX:+HeapDumpOnOutOfMemoryError -Xmx8G -Dfile.encoding=UTF-8 -Duser.country=IN -Duser.language=en -Duser.variant -javaagent:C:\Users\AJI\.gradle\wrapper\dists\gradle-9.1.0-all\7wzd0jkjit61aq2p43wpjgij9\gradle-9.1.0\lib\agents\gradle-instrumentation-agent-9.1.0.jar 
java_command: org.gradle.launcher.daemon.bootstrap.GradleDaemon 9.1.0
java_class_path (initial): C:\Users\AJI\.gradle\wrapper\dists\gradle-9.1.0-all\7wzd0jkjit61aq2p43wpjgij9\gradle-9.1.0\lib\gradle-daemon-main-9.1.0.jar
Launcher Type: SUN_STANDARD

[Global flags]
     intx CICompilerCount                          = 12                                        {product} {ergonomic}
     uint ConcGCThreads                            = 4                                         {product} {ergonomic}
     uint G1ConcRefinementThreads                  = 15                                        {product} {ergonomic}
   size_t G1HeapRegionSize                         = 4194304                                   {product} {ergonomic}
    uintx GCDrainStackTargetSize                   = 64                                        {product} {ergonomic}
     bool HeapDumpOnOutOfMemoryError               = true                                   {manageable} {command line}
   size_t InitialHeapSize                          = 264241152                                 {product} {ergonomic}
   size_t MarkStackSize                            = 4194304                                   {product} {ergonomic}
   size_t MaxHeapSize                              = 8589934592                                {product} {command line}
   size_t MaxMetaspaceSize                         = 4294967296                                {product} {command line}
   size_t MaxNewSize                               = 5150605312                                {product} {ergonomic}
   size_t MinHeapDeltaBytes                        = 4194304                                   {product} {ergonomic}
   size_t MinHeapSize                              = 8388608                                   {product} {ergonomic}
    uintx NonNMethodCodeHeapSize                   = 7602480                                {pd product} {ergonomic}
    uintx NonProfiledCodeHeapSize                  = 264634216                              {pd product} {ergonomic}
    uintx ProfiledCodeHeapSize                     = 264634216                              {pd product} {ergonomic}
    uintx ReservedCodeCacheSize                    = 536870912                              {pd product} {command line}
     bool SegmentedCodeCache                       = true                                      {product} {ergonomic}
   size_t SoftMaxHeapSize                          = 8589934592                             {manageable} {ergonomic}
     bool UseCompressedOops                        = true                           {product lp64_product} {ergonomic}
     bool UseG1GC                                  = true                                      {product} {ergonomic}
     bool UseLargePagesIndividualAllocation        = false                                  {pd product} {ergonomic}

Logging:
Log output configuration:
 #0: stdout all=warning uptime,level,tags foldmultilines=false
 #1: stderr all=off uptime,level,tags foldmultilines=false

Release file:
JAVA_VERSION="21.0.12.1" 
MODULES="java.base java.compiler java.datatransfer java.xml java.prefs java.desktop java.instrument java.logging java.management java.security.sasl java.naming java.rmi java.management.rmi java.net.http java.scripting java.security.jgss java.transaction.xa java.sql java.sql.rowset java.xml.crypto java.se java.smartcardio jdk.accessibility jdk.internal.jvmstat jdk.attach jdk.charsets jdk.internal.opt jdk.zipfs jdk.compiler jdk.crypto.ec jdk.crypto.cryptoki jdk.crypto.mscapi jdk.dynalink jdk.internal.ed jdk.editpad jdk.hotspot.agent jdk.httpserver jdk.internal.le jdk.internal.vm.ci jdk.internal.vm.compiler jdk.internal.vm.compiler.management jdk.jartool jdk.javadoc jdk.jcmd jdk.management jdk.management.agent jdk.jconsole jdk.jdeps jdk.jdwp.agent jdk.jdi jdk.jfr jdk.jshell jdk.jsobject jdk.jstatd jdk.localedata jdk.management.jfr jdk.naming.dns jdk.naming.rmi jdk.net jdk.nio.mapmode jdk.random jdk.sctp jdk.security.auth jdk.security.jgss jdk.unsupported jdk.unsupported.desktop jdk.xml.dom" 

Environment Variables:
JAVA_HOME=C:\Program Files\Java\jdk-17
PATH=C:\Python314\Scripts\;C:\Python314\;C:\Program Files\Eclipse Adoptium\jdk-25.0.3.9-hotspot\bin;C:\Program Files\Microsoft\jdk-11.0.16.101-hotspot\bin;C:\WINDOWS\system32;C:\WINDOWS;C:\WINDOWS\System32\Wbem;C:\WINDOWS\System32\WindowsPowerShell\v1.0\;C:\WINDOWS\System32\OpenSSH\;C:\Program Files\dotnet\;C:\MinGW\bin;C:\ProgramData\chocolatey\bin;C:\Users\AJI\AppData\Local\Pub\Cache\bin;C:\Program Files\Java\jdk-17\bin;d:\cursor\resources\app\bin;C:\Users\AJI\develop\flutter\bin;C:\Users\AJI\.local\bin;D:\node\node_modules\npm\bin;D:\node\;C:\Program Files\nodejs\;C:\Program Files\nodejs\node_modules\npm\bin;C:\Users\AJI\Documents\MONGO\mongosh-2.9.2-win32-x64\bin;C:\xampp\php;C:\Program Files\Git\cmd;C:\Users\AJI\AppData\Local\Programs\Python\Python312\Scripts\;C:\Users\AJI\AppData\Local\Programs\Python\Python312\;C:\Users\AJI\.local\bin;C:\Users\AJI\AppData\Local\Microsoft\WindowsApps;D:\IntelliJ IDEA Community Edition 2023.1.5\bin;;C:\mingw64\bin;C:\Users\AJI\.dotnet\tools;C:\Users\AJI\Documents\flutter_windows_3.13.4-stable\flutter\bin;C:\Users\AJI\AppData\Local\Pub\Cache\bin;D:\flutter_pub_cache;C:\Users\AJI\AppData\Local\Android\Sdk;C:\Program Files\Java\jdk-17\bin;D:\rider\JetBrains Rider 2024.3.7\bin;;D:\Program Files\Microsoft VS Code\bin;D:\freelanceing\cursor\resources\app\bin;C:\Users\AJI\AppData\Local\Programs\Microsoft VS Code\bin;C:\Users\AJI\AppData\Local\Programs\cursor\resources\app\bin;C:\Users\AJI\AppData\Roaming\npm
USERNAME=AJI
OS=Windows_NT
PROCESSOR_IDENTIFIER=Intel64 Family 6 Model 154 Stepping 3, GenuineIntel
TMP=C:\Users\AJI\AppData\Local\Temp
TEMP=C:\Users\AJI\AppData\Local\Temp




Periodic native trim disabled

---------------  S Y S T E M  ---------------

OS:
 Windows 11 , 64 bit Build 26100 (10.0.26100.9444)
OS uptime: 0 days 4:10 hours
Hyper-V role detected

CPU: total 20 (initial active 20) (10 cores per cpu, 2 threads per core) family 6 model 154 stepping 3 microcode 0x43b, cx8, cmov, fxsr, ht, mmx, 3dnowpref, sse, sse2, sse3, ssse3, sse4.1, sse4.2, popcnt, lzcnt, tsc, tscinvbit, avx, avx2, aes, erms, clmul, bmi1, bmi2, adx, sha, fma, vzeroupper, clflush, clflushopt, clwb, hv, serialize, rdtscp, rdpid, fsrm, f16c, cet_ibt, cet_ss
Processor Information for processor 0
  Max Mhz: 2300, Current Mhz: 2300, Mhz Limit: 2300
Processor Information for processor 1
  Max Mhz: 2300, Current Mhz: 2300, Mhz Limit: 2300
Processor Information for processor 2
  Max Mhz: 2300, Current Mhz: 2300, Mhz Limit: 2300
Processor Information for processor 3
  Max Mhz: 2300, Current Mhz: 2300, Mhz Limit: 2300
Processor Information for processor 4
  Max Mhz: 2300, Current Mhz: 2300, Mhz Limit: 2300
Processor Information for processor 5
  Max Mhz: 2300, Current Mhz: 2300, Mhz Limit: 2300
Processor Information for processor 6
  Max Mhz: 2300, Current Mhz: 2300, Mhz Limit: 2300
Processor Information for processor 7
  Max Mhz: 2300, Current Mhz: 2300, Mhz Limit: 2300
Processor Information for processor 8
  Max Mhz: 2300, Current Mhz: 2300, Mhz Limit: 2300
Processor Information for processor 9
  Max Mhz: 2300, Current Mhz: 2300, Mhz Limit: 2300
Processor Information for processor 10
  Max Mhz: 2300, Current Mhz: 2300, Mhz Limit: 2300
Processor Information for processor 11
  Max Mhz: 2300, Current Mhz: 2300, Mhz Limit: 2300
Processor Information for processor 12
  Max Mhz: 2300, Current Mhz: 2300, Mhz Limit: 2300
Processor Information for processor 13
  Max Mhz: 2300, Current Mhz: 1488, Mhz Limit: 2300
Processor Information for processor 14
  Max Mhz: 2300, Current Mhz: 2300, Mhz Limit: 2300
Processor Information for processor 15
  Max Mhz: 2300, Current Mhz: 1488, Mhz Limit: 2300
Processor Information for processor 16
  Max Mhz: 2300, Current Mhz: 2300, Mhz Limit: 2300
Processor Information for processor 17
  Max Mhz: 2300, Current Mhz: 1488, Mhz Limit: 2300
Processor Information for processor 18
  Max Mhz: 2300, Current Mhz: 1488, Mhz Limit: 2300
Processor Information for processor 19
  Max Mhz: 2300, Current Mhz: 2300, Mhz Limit: 2300

Memory: 4k page, system-wide physical 16068M (138M free)
TotalPageFile size 65220M (AvailPageFile size 72M)
current process WorkingSet (physical memory assigned to process): 119M, peak: 195M
current process commit charge ("private bytes"): 305M, peak: 430M

vm_info: OpenJDK 64-Bit Server VM (21.0.12.1+1-LTS) for windows-amd64 JRE (21.0.12.1+1-LTS), built on 2026-08-18T00:00:00Z by "admin" with MS VC++ 17.12 (VS2022)

END.
