#
# There is insufficient memory for the Java Runtime Environment to continue.
# Native memory allocation (mmap) failed to map 20971520 bytes. Error detail: G1 virtual space
# Possible reasons:
#   The system is out of physical RAM or swap space
#   This process is running with CompressedOops enabled, and the Java Heap may be blocking the growth of the native heap
# Possible solutions:
#   Reduce memory load on the system
#   Increase physical memory or swap space
#   Check if swap backing store is full
#   Decrease Java heap size (-Xmx/-Xms)
#   Decrease number of Java threads
#   Decrease Java thread stack sizes (-Xss)
#   Set larger code cache with -XX:ReservedCodeCacheSize=
#   JVM is running with Zero Based Compressed Oops mode in which the Java heap is
#     placed in the first 32GB address space. The Java Heap base address is the
#     maximum limit for the native heap growth. Please use -XX:HeapBaseMinAddress
#     to set the Java Heap base and to place the Java Heap above 32GB virtual address.
# This output file may be truncated or incomplete.
#
#  Out of Memory Error (os_windows.cpp:3732), pid=33572, tid=82784
#
# JRE version: OpenJDK Runtime Environment Temurin-21.0.12.1+1 (21.0.12.1+1) (build 21.0.12.1+1-LTS)
# Java VM: OpenJDK 64-Bit Server VM Temurin-21.0.12.1+1 (21.0.12.1+1-LTS, mixed mode, sharing, tiered, compressed oops, compressed class ptrs, g1 gc, windows-amd64)
# No core dump will be written. Minidumps are not enabled by default on client versions of Windows
#

---------------  S U M M A R Y ------------

Command Line: --add-opens=java.base/java.lang=ALL-UNNAMED --add-opens=java.base/java.lang.invoke=ALL-UNNAMED --add-opens=java.base/java.util=ALL-UNNAMED --add-opens=java.prefs/java.util.prefs=ALL-UNNAMED --add-exports=jdk.compiler/com.sun.tools.javac.api=ALL-UNNAMED --add-exports=jdk.compiler/com.sun.tools.javac.util=ALL-UNNAMED --add-opens=java.base/java.util=ALL-UNNAMED --add-opens=java.prefs/java.util.prefs=ALL-UNNAMED --add-opens=java.base/java.nio.charset=ALL-UNNAMED --add-opens=java.base/java.net=ALL-UNNAMED --add-opens=java.base/java.util.concurrent=ALL-UNNAMED --add-opens=java.base/java.util.concurrent.atomic=ALL-UNNAMED --add-opens=java.xml/javax.xml.namespace=ALL-UNNAMED --add-opens=java.base/java.time=ALL-UNNAMED -XX:MaxMetaspaceSize=4G -XX:ReservedCodeCacheSize=512m -XX:+HeapDumpOnOutOfMemoryError -Xmx8G -Dfile.encoding=UTF-8 -Duser.country=IN -Duser.language=en -Duser.variant -javaagent:C:\Users\AJI\.gradle\wrapper\dists\gradle-9.1.0-all\7wzd0jkjit61aq2p43wpjgij9\gradle-9.1.0\lib\agents\gradle-instrumentation-agent-9.1.0.jar org.gradle.launcher.daemon.bootstrap.GradleDaemon 9.1.0

Host: 12th Gen Intel(R) Core(TM) i7-12700H, 20 cores, 15G,  Windows 11 , 64 bit Build 26100 (10.0.26100.9444)
Time: Thu Sep 10 13:14:06 2026 India Standard Time elapsed time: 86.489689 seconds (0d 0h 1m 26s)

---------------  T H R E A D  ---------------

Current thread (0x000001426deae7f0):  VMThread "VM Thread"          [id=82784, stack(0x0000002d51d00000,0x0000002d51e00000) (1024K)]

Stack: [0x0000002d51d00000,0x0000002d51e00000]
Native frames: (J=compiled Java code, j=interpreted, Vv=VM code, C=native code)
V  [jvm.dll+0x6d83e9]
V  [jvm.dll+0x8b5736]
V  [jvm.dll+0x8b7cee]
V  [jvm.dll+0x8b83d3]
V  [jvm.dll+0x284596]
V  [jvm.dll+0x6d4d05]
V  [jvm.dll+0x6c898a]
V  [jvm.dll+0x35f2f8]
V  [jvm.dll+0x366f36]
V  [jvm.dll+0x3b804e]
V  [jvm.dll+0x3b82f8]
V  [jvm.dll+0x33320c]
V  [jvm.dll+0x33329a]
V  [jvm.dll+0x377382]
V  [jvm.dll+0x375b1a]
V  [jvm.dll+0x332951]
V  [jvm.dll+0x37517a]
V  [jvm.dll+0x8be0c0]
V  [jvm.dll+0x8bf434]
V  [jvm.dll+0x8bf960]
V  [jvm.dll+0x8bfc03]
V  [jvm.dll+0x8600cd]
V  [jvm.dll+0x6d6c1d]
C  [ucrtbase.dll+0x2cd30]
C  [KERNEL32.DLL+0x2cd87]
C  [ntdll.dll+0xacaec]

VM_Operation (0x0000002d530fe1b0): G1CollectForAllocation, mode: safepoint, requested by thread 0x00000142b71a8d80


---------------  P R O C E S S  ---------------

Threads class SMR info:
_java_thread_list=0x00000142b20b8240, length=32, elements={
0x000001423fcd19a0, 0x00000142b2021450, 0x00000142b2021fb0, 0x00000142b2029810,
0x00000142b202abb0, 0x00000142b202d620, 0x00000142b202e080, 0x00000142b2030e20,
0x00000142b203a3d0, 0x00000142b21ffdf0, 0x00000142b2300ff0, 0x00000142b803c700,
0x00000142b7ee2e00, 0x00000142b71a8d80, 0x00000142b26f9c90, 0x00000142b26f9600,
0x00000142b26f88e0, 0x00000142b26f8f70, 0x00000142b23d2de0, 0x00000142b23d3470,
0x00000142b23d5540, 0x00000142b23d4eb0, 0x00000142b23d4820, 0x00000142b23d5bd0,
0x00000142b23d89c0, 0x00000142b23d6f80, 0x00000142b23d7610, 0x00000142b23d8330,
0x00000142b23d6260, 0x00000142b23d7ca0, 0x00000142b23d9050, 0x00000142b23d9d70
}

Java Threads: ( => current thread )
  0x000001423fcd19a0 JavaThread "main"                              [_thread_blocked, id=50116, stack(0x0000002d51600000,0x0000002d51700000) (1024K)]
  0x00000142b2021450 JavaThread "Reference Handler"          daemon [_thread_blocked, id=39536, stack(0x0000002d51e00000,0x0000002d51f00000) (1024K)]
  0x00000142b2021fb0 JavaThread "Finalizer"                  daemon [_thread_blocked, id=65400, stack(0x0000002d51f00000,0x0000002d52000000) (1024K)]
  0x00000142b2029810 JavaThread "Signal Dispatcher"          daemon [_thread_blocked, id=63040, stack(0x0000002d52000000,0x0000002d52100000) (1024K)]
  0x00000142b202abb0 JavaThread "Attach Listener"            daemon [_thread_blocked, id=60504, stack(0x0000002d52100000,0x0000002d52200000) (1024K)]
  0x00000142b202d620 JavaThread "Service Thread"             daemon [_thread_blocked, id=69376, stack(0x0000002d52200000,0x0000002d52300000) (1024K)]
  0x00000142b202e080 JavaThread "Monitor Deflation Thread"   daemon [_thread_blocked, id=75188, stack(0x0000002d52300000,0x0000002d52400000) (1024K)]
  0x00000142b2030e20 JavaThread "C2 CompilerThread0"         daemon [_thread_blocked, id=62816, stack(0x0000002d52400000,0x0000002d52500000) (1024K)]
  0x00000142b203a3d0 JavaThread "C1 CompilerThread0"         daemon [_thread_blocked, id=37900, stack(0x0000002d52500000,0x0000002d52600000) (1024K)]
  0x00000142b21ffdf0 JavaThread "Common-Cleaner"             daemon [_thread_blocked, id=66456, stack(0x0000002d52700000,0x0000002d52800000) (1024K)]
  0x00000142b2300ff0 JavaThread "Notification Thread"        daemon [_thread_blocked, id=47432, stack(0x0000002d52800000,0x0000002d52900000) (1024K)]
  0x00000142b803c700 JavaThread "Daemon health stats"               [_thread_blocked, id=54724, stack(0x0000002d52e00000,0x0000002d52f00000) (1024K)]
  0x00000142b7ee2e00 JavaThread "Incoming local TCP Connector on port 47099"        [_thread_in_native, id=74368, stack(0x0000002d52f00000,0x0000002d53000000) (1024K)]
  0x00000142b71a8d80 JavaThread "Daemon periodic checks"            [_thread_blocked, id=49160, stack(0x0000002d53000000,0x0000002d53100000) (1024K)]
  0x00000142b26f9c90 JavaThread "Daemon"                            [_thread_blocked, id=34084, stack(0x0000002d53100000,0x0000002d53200000) (1024K)]
  0x00000142b26f9600 JavaThread "Handler for socket connection from /127.0.0.1:47099 to /127.0.0.1:47102"        [_thread_in_native, id=7996, stack(0x0000002d53200000,0x0000002d53300000) (1024K)]
  0x00000142b26f88e0 JavaThread "Cancel handler"                    [_thread_blocked, id=82004, stack(0x0000002d53300000,0x0000002d53400000) (1024K)]
  0x00000142b26f8f70 JavaThread "Daemon worker"                     [_thread_blocked, id=37556, stack(0x0000002d53400000,0x0000002d53500000) (1024K)]
  0x00000142b23d2de0 JavaThread "Asynchronous log dispatcher for DefaultDaemonConnection: socket connection from /127.0.0.1:47099 to /127.0.0.1:47102"        [_thread_blocked, id=58680, stack(0x0000002d53500000,0x0000002d53600000) (1024K)]
  0x00000142b23d3470 JavaThread "Stdin handler"                     [_thread_blocked, id=2252, stack(0x0000002d53600000,0x0000002d53700000) (1024K)]
  0x00000142b23d5540 JavaThread "Daemon client event forwarder"        [_thread_blocked, id=40416, stack(0x0000002d53700000,0x0000002d53800000) (1024K)]
  0x00000142b23d4eb0 JavaThread "Cache worker for journal cache (C:\Users\AJI\.gradle\caches\journal-1)"        [_thread_blocked, id=50808, stack(0x0000002d54100000,0x0000002d54200000) (1024K)]
  0x00000142b23d4820 JavaThread "File lock request listener"        [_thread_in_native, id=44220, stack(0x0000002d54200000,0x0000002d54300000) (1024K)]
  0x00000142b23d5bd0 JavaThread "Cache worker for file hash cache (C:\Users\AJI\.gradle\caches\9.1.0\fileHashes)"        [_thread_blocked, id=40508, stack(0x0000002d54400000,0x0000002d54500000) (1024K)]
  0x00000142b23d89c0 JavaThread "Cache worker for file hash cache (C:\Users\AJI\Documents\personal_website\ajilesh_web\aj_profile\android\.gradle\9.1.0\fileHashes)"        [_thread_blocked, id=68144, stack(0x0000002d54700000,0x0000002d54800000) (1024K)]
  0x00000142b23d6f80 JavaThread "Cache worker for Build Output Cleanup Cache (C:\Users\AJI\Documents\personal_website\ajilesh_web\aj_profile\android\.gradle\buildOutputCleanup)"        [_thread_blocked, id=72928, stack(0x0000002d54800000,0x0000002d54900000) (1024K)]
  0x00000142b23d7610 JavaThread "File watcher server"        daemon [_thread_in_native, id=3168, stack(0x0000002d54900000,0x0000002d54a00000) (1024K)]
  0x00000142b23d8330 JavaThread "File watcher consumer"      daemon [_thread_blocked, id=40212, stack(0x0000002d54a00000,0x0000002d54b00000) (1024K)]
  0x00000142b23d6260 JavaThread "Cache worker for checksums cache (C:\Users\AJI\Documents\personal_website\ajilesh_web\aj_profile\android\.gradle\9.1.0\checksums)"        [_thread_blocked, id=11948, stack(0x0000002d54b00000,0x0000002d54c00000) (1024K)]
  0x00000142b23d7ca0 JavaThread "Cache worker for file content cache (C:\Users\AJI\.gradle\caches\9.1.0\fileContent)"        [_thread_blocked, id=68552, stack(0x0000002d54c00000,0x0000002d54d00000) (1024K)]
  0x00000142b23d9050 JavaThread "Cache worker for cache directory md-supplier (C:\Users\AJI\.gradle\caches\9.1.0\md-supplier)"        [_thread_blocked, id=58924, stack(0x0000002d54d00000,0x0000002d54e00000) (1024K)]
  0x00000142b23d9d70 JavaThread "Cache worker for cache directory md-rule (C:\Users\AJI\.gradle\caches\9.1.0\md-rule)"        [_thread_blocked, id=52440, stack(0x0000002d54e00000,0x0000002d54f00000) (1024K)]
Total: 32

Other Threads:
=>0x000001426deae7f0 VMThread "VM Thread"                           [id=82784, stack(0x0000002d51d00000,0x0000002d51e00000) (1024K)]
  0x000001426dea4cc0 WatcherThread "VM Periodic Task Thread"        [id=35096, stack(0x0000002d51c00000,0x0000002d51d00000) (1024K)]
  0x000001423fd7b8b0 WorkerThread "GC Thread#0"                     [id=48024, stack(0x0000002d51700000,0x0000002d51800000) (1024K)]
  0x00000142b233fa40 WorkerThread "GC Thread#1"                     [id=54580, stack(0x0000002d52900000,0x0000002d52a00000) (1024K)]
  0x00000142b23155a0 WorkerThread "GC Thread#2"                     [id=54304, stack(0x0000002d52a00000,0x0000002d52b00000) (1024K)]
  0x00000142b2315950 WorkerThread "GC Thread#3"                     [id=14732, stack(0x0000002d52b00000,0x0000002d52c00000) (1024K)]
  0x00000142b2315d00 WorkerThread "GC Thread#4"                     [id=43960, stack(0x0000002d52c00000,0x0000002d52d00000) (1024K)]
  0x00000142b2316680 WorkerThread "GC Thread#5"                     [id=31692, stack(0x0000002d52d00000,0x0000002d52e00000) (1024K)]
  0x00000142b7f63610 WorkerThread "GC Thread#6"                     [id=5996, stack(0x0000002d53800000,0x0000002d53900000) (1024K)]
  0x00000142b7f639c0 WorkerThread "GC Thread#7"                     [id=75564, stack(0x0000002d53900000,0x0000002d53a00000) (1024K)]
  0x00000142b7f63d70 WorkerThread "GC Thread#8"                     [id=32108, stack(0x0000002d53a00000,0x0000002d53b00000) (1024K)]
  0x00000142b7f65a90 WorkerThread "GC Thread#9"                     [id=59788, stack(0x0000002d53b00000,0x0000002d53c00000) (1024K)]
  0x00000142b7f665a0 WorkerThread "GC Thread#10"                    [id=23624, stack(0x0000002d53c00000,0x0000002d53d00000) (1024K)]
  0x00000142b7f65e40 WorkerThread "GC Thread#11"                    [id=72444, stack(0x0000002d53d00000,0x0000002d53e00000) (1024K)]
  0x00000142b7f66950 WorkerThread "GC Thread#12"                    [id=54232, stack(0x0000002d53e00000,0x0000002d53f00000) (1024K)]
  0x00000142b7f661f0 WorkerThread "GC Thread#13"                    [id=57756, stack(0x0000002d53f00000,0x0000002d54000000) (1024K)]
  0x00000142b7f656e0 WorkerThread "GC Thread#14"                    [id=65244, stack(0x0000002d54000000,0x0000002d54100000) (1024K)]
  0x000001423fd8d0b0 ConcurrentGCThread "G1 Main Marker"            [id=51204, stack(0x0000002d51800000,0x0000002d51900000) (1024K)]
  0x000001423fd8dbc0 WorkerThread "G1 Conc#0"                       [id=70232, stack(0x0000002d51900000,0x0000002d51a00000) (1024K)]
  0x00000142b996ccc0 WorkerThread "G1 Conc#1"                       [id=82920, stack(0x0000002d52600000,0x0000002d52700000) (1024K)]
  0x00000142b996ea40 WorkerThread "G1 Conc#2"                       [id=75804, stack(0x0000002d54500000,0x0000002d54600000) (1024K)]
  0x00000142b996f900 WorkerThread "G1 Conc#3"                       [id=49624, stack(0x0000002d54600000,0x0000002d54700000) (1024K)]
  0x000001426dd72c40 ConcurrentGCThread "G1 Refine#0"               [id=64944, stack(0x0000002d51a00000,0x0000002d51b00000) (1024K)]
  0x000001426dd73660 ConcurrentGCThread "G1 Service"                [id=71904, stack(0x0000002d51b00000,0x0000002d51c00000) (1024K)]
Total: 24

Threads with active compile tasks:
Total: 0

VM state: at safepoint (normal execution)

VM Mutex/Monitor currently owned by a thread:  ([mutex/lock_event])
[0x00007ff96cfdf5b0] Threads_lock - owner thread: 0x000001426deae7f0
[0x00007ff96cfdf6b0] Heap_lock - owner thread: 0x00000142b71a8d80

Heap address: 0x0000000600000000, size: 8192 MB, Compressed Oops mode: Zero based, Oop shift amount: 3

CDS archive(s) mapped at: [0x0000014271000000-0x0000014271ba0000-0x0000014271ba0000), size 12189696, SharedBaseAddress: 0x0000014271000000, ArchiveRelocationMode: 1.
Compressed class space mapped at: 0x0000014272000000-0x00000142b2000000, reserved size: 1073741824
Narrow klass base: 0x0000014271000000, Narrow klass shift: 0, Narrow klass range: 0x100000000

GC Precious Log:
 CardTable entry size: 512
 Card Set container configuration: InlinePtr #cards 4 size 8 Array Of Cards #cards 32 size 80 Howl #buckets 8 coarsen threshold 7372 Howl Bitmap #cards 1024 size 144 coarsen threshold 921 Card regions per heap region 1 cards per card region 8192
 CPUs: 20 total, 20 available
 Memory: 16068M
 Large Page Support: Disabled
 NUMA Support: Disabled
 Compressed Oops: Enabled (Zero based)
 Heap Region Size: 4M
 Heap Min Capacity: 8M
 Heap Initial Capacity: 252M
 Heap Max Capacity: 8G
 Pre-touch: Disabled
 Parallel Workers: 15
 Concurrent Workers: 4
 Concurrent Refinement Workers: 15
 Periodic GC: Disabled

Heap:
 garbage-first heap   total 102400K, used 32105K [0x0000000600000000, 0x0000000800000000)
  region size 4096K, 2 young (8192K), 2 survivors (8192K)
 Metaspace       used 36889K, committed 38272K, reserved 1114112K
  class space    used 5307K, committed 5952K, reserved 1048576K

Heap Regions: E=young(eden), S=young(survivor), O=old, HS=humongous(starts), HC=humongous(continues), CS=collection set, F=free, TAMS=top-at-mark-start, PB=parsable bottom
|   0|0x0000000600000000, 0x0000000600400000, 0x0000000600400000|100%|HS|  |TAMS 0x0000000600000000| PB 0x0000000600000000| Complete 
|   1|0x0000000600400000, 0x0000000600800000, 0x0000000600800000|100%| O|  |TAMS 0x0000000600400000| PB 0x0000000600400000| Untracked 
|   2|0x0000000600800000, 0x0000000600a44200, 0x0000000600c00000| 56%| O|  |TAMS 0x0000000600800000| PB 0x0000000600800000| Untracked 
|   3|0x0000000600c00000, 0x0000000601000000, 0x0000000601000000|100%| O|  |TAMS 0x0000000600c00000| PB 0x0000000600c00000| Untracked 
|   4|0x0000000601000000, 0x0000000601000000, 0x0000000601400000|  0%| F|  |TAMS 0x0000000601000000| PB 0x0000000601000000| Untracked 
|   5|0x0000000601400000, 0x0000000601400000, 0x0000000601800000|  0%| F|  |TAMS 0x0000000601400000| PB 0x0000000601400000| Untracked 
|   6|0x0000000601800000, 0x0000000601800000, 0x0000000601c00000|  0%| F|  |TAMS 0x0000000601800000| PB 0x0000000601800000| Untracked 
|   7|0x0000000601c00000, 0x0000000601d165a0, 0x0000000602000000| 27%| S|CS|TAMS 0x0000000601c00000| PB 0x0000000601c00000| Complete 
|   8|0x0000000602000000, 0x0000000602400000, 0x0000000602400000|100%| S|CS|TAMS 0x0000000602000000| PB 0x0000000602000000| Complete 
|   9|0x0000000602400000, 0x0000000602400000, 0x0000000602800000|  0%| F|  |TAMS 0x0000000602400000| PB 0x0000000602400000| Untracked 
|  10|0x0000000602800000, 0x0000000602800000, 0x0000000602c00000|  0%| F|  |TAMS 0x0000000602800000| PB 0x0000000602800000| Untracked 
|  11|0x0000000602c00000, 0x0000000602c00000, 0x0000000603000000|  0%| F|  |TAMS 0x0000000602c00000| PB 0x0000000602c00000| Untracked 
|  12|0x0000000603000000, 0x0000000603000000, 0x0000000603400000|  0%| F|  |TAMS 0x0000000603000000| PB 0x0000000603000000| Untracked 
|  13|0x0000000603400000, 0x0000000603400000, 0x0000000603800000|  0%| F|  |TAMS 0x0000000603400000| PB 0x0000000603400000| Untracked 
|  14|0x0000000603800000, 0x0000000603800000, 0x0000000603c00000|  0%| F|  |TAMS 0x0000000603800000| PB 0x0000000603800000| Untracked 
|  15|0x0000000603c00000, 0x0000000603c00000, 0x0000000604000000|  0%| F|  |TAMS 0x0000000603c00000| PB 0x0000000603c00000| Untracked 
|  16|0x0000000604000000, 0x0000000604000000, 0x0000000604400000|  0%| F|  |TAMS 0x0000000604000000| PB 0x0000000604000000| Untracked 
|  17|0x0000000604400000, 0x0000000604400000, 0x0000000604800000|  0%| F|  |TAMS 0x0000000604400000| PB 0x0000000604400000| Untracked 
|  48|0x000000060c000000, 0x000000060c000000, 0x000000060c400000|  0%| F|  |TAMS 0x000000060c000000| PB 0x000000060c000000| Untracked 
|  49|0x000000060c400000, 0x000000060c400000, 0x000000060c800000|  0%| F|  |TAMS 0x000000060c400000| PB 0x000000060c400000| Untracked 
|  50|0x000000060c800000, 0x000000060c800000, 0x000000060cc00000|  0%| F|  |TAMS 0x000000060c800000| PB 0x000000060c800000| Untracked 
|  62|0x000000060f800000, 0x000000060f800000, 0x000000060fc00000|  0%| F|  |TAMS 0x000000060f800000| PB 0x000000060f800000| Untracked 
|2045|0x00000007ff400000, 0x00000007ff800000, 0x00000007ff800000|100%| O|  |TAMS 0x00000007ff400000| PB 0x00000007ff400000| Untracked 
|2046|0x00000007ff800000, 0x00000007ffc00000, 0x00000007ffc00000|100%| O|  |TAMS 0x00000007ff800000| PB 0x00000007ff800000| Untracked 
|2047|0x00000007ffc00000, 0x0000000800000000, 0x0000000800000000|100%| O|  |TAMS 0x00000007ffc00000| PB 0x00000007ffc00000| Untracked 

Card table byte_map: [0x0000014264ba0000,0x0000014265ba0000] _byte_map_base: 0x0000014261ba0000

Marking Bits: (CMBitMap*) 0x000001423fd7bfc0
 Bits: [0x0000014265ba0000, 0x000001426dba0000)

Polling page: 0x000001423dad0000

Metaspace:

Usage:
  Non-class:     30.84 MB used.
      Class:      5.18 MB used.
       Both:     36.03 MB used.

Virtual space:
  Non-class space:       64.00 MB reserved,      31.56 MB ( 49%) committed,  1 nodes.
      Class space:        1.00 GB reserved,       5.81 MB ( <1%) committed,  1 nodes.
             Both:        1.06 GB reserved,      37.38 MB (  3%) committed. 

Chunk freelists:
   Non-Class:  300.00 KB
       Class:  10.07 MB
        Both:  10.36 MB

MaxMetaspaceSize: 4.00 GB
CompressedClassSpaceSize: 1.00 GB
Initial GC threshold: 21.00 MB
Current GC threshold: 58.88 MB
CDS: on
 - commit_granule_bytes: 65536.
 - commit_granule_words: 8192.
 - virtual_space_node_default_size: 8388608.
 - enlarge_chunks_in_place: 1.
 - use_allocation_guard: 0.


Internal statistics:

num_allocs_failed_limit: 6.
num_arena_births: 2466.
num_arena_deaths: 0.
num_vsnodes_births: 2.
num_vsnodes_deaths: 0.
num_space_committed: 598.
num_space_uncommitted: 0.
num_chunks_returned_to_freelist: 6.
num_chunks_taken_from_freelist: 4172.
num_chunk_merges: 3.
num_chunk_splits: 2748.
num_chunks_enlarged: 1739.
num_inconsistent_stats: 0.

CodeHeap 'non-profiled nmethods': size=258432Kb used=2178Kb max_used=2337Kb free=256253Kb
 bounds [0x0000014253270000, 0x00000142534e0000, 0x0000014262ed0000]
CodeHeap 'profiled nmethods': size=258368Kb used=8007Kb max_used=8589Kb free=250360Kb
 bounds [0x0000014242ed0000, 0x0000014243740000, 0x0000014252b20000]
CodeHeap 'non-nmethods': size=7488Kb used=1822Kb max_used=2009Kb free=5665Kb
 bounds [0x0000014252b20000, 0x0000014252d90000, 0x0000014253270000]
CodeCache: size=524288Kb, used=12007Kb, max_used=12935Kb, free=512278Kb
 total_blobs=4863, nmethods=4169, adapters=597, full_count=0
Compilation: enabled, stopped_count=0, restarted_count=0

Compilation events (20 events):
Event: 75.870 Thread 0x00000142b203a3d0 4674       3       java.util.stream.ReferencePipeline$3::opWrapSink (10 bytes)
Event: 75.870 Thread 0x00000142b203a3d0 nmethod 4674 0x0000014243154710 code [0x0000014243154900, 0x0000014243154eb8]
Event: 75.870 Thread 0x00000142b203a3d0 4675       3       java.util.stream.ReferencePipeline$3$1::<init> (11 bytes)
Event: 75.871 Thread 0x00000142b203a3d0 nmethod 4675 0x00000142430cb010 code [0x00000142430cb200, 0x00000142430cb6f8]
Event: 75.871 Thread 0x00000142b203a3d0 4676       3       java.util.stream.Sink$ChainedReference::begin (11 bytes)
Event: 75.871 Thread 0x00000142b203a3d0 nmethod 4676 0x0000014243154290 code [0x0000014243154440, 0x0000014243154620]
Event: 76.244 Thread 0x00000142b203a3d0 4677       1       java.lang.management.MemoryUsage::getUsed (5 bytes)
Event: 76.244 Thread 0x00000142b203a3d0 nmethod 4677 0x00000142532a8090 code [0x00000142532a8220, 0x00000142532a82e8]
Event: 76.281 Thread 0x00000142b2030e20 4678       4       java.lang.StringBuilder::append (10 bytes)
Event: 76.304 Thread 0x00000142b2030e20 nmethod 4678 0x0000014253348110 code [0x00000142533482e0, 0x0000014253348800]
Event: 81.858 Thread 0x00000142b203a3d0 4679       3       java.util.concurrent.ThreadPoolExecutor::isShutdown (12 bytes)
Event: 81.866 Thread 0x00000142b203a3d0 nmethod 4679 0x0000014243153e10 code [0x0000014243153fc0, 0x00000142431541a0]
Event: 82.855 Thread 0x00000142b203a3d0 4680       3       java.util.concurrent.ScheduledThreadPoolExecutor::canRunInCurrentRunState (61 bytes)
Event: 82.897 Thread 0x00000142b203a3d0 nmethod 4680 0x0000014242fa4210 code [0x0000014242fa4420, 0x0000014242fa4bd8]
Event: 84.867 Thread 0x00000142b203a3d0 4681       3       java.util.Optional::get (22 bytes)
Event: 84.868 Thread 0x00000142b203a3d0 nmethod 4681 0x0000014243153910 code [0x0000014243153ac0, 0x0000014243153ce8]
Event: 85.803 Thread 0x00000142b2030e20 4682       4       java.util.concurrent.locks.ReentrantLock$Sync::isHeldExclusively (16 bytes)
Event: 85.804 Thread 0x00000142b2030e20 nmethod 4682 0x0000014253347e10 code [0x0000014253347fa0, 0x0000014253348048]
Event: 85.865 Thread 0x00000142b203a3d0 4683       3       java.util.concurrent.ThreadPoolExecutor::workerCountOf (5 bytes)
Event: 85.865 Thread 0x00000142b203a3d0 nmethod 4683 0x0000014242ee5a90 code [0x0000014242ee5c20, 0x0000014242ee5d18]

GC Heap History (15 events):
Event: 1.037 GC heap before
{Heap before GC invocations=0 (full 0):
 garbage-first heap   total 258048K, used 20480K [0x0000000600000000, 0x0000000800000000)
  region size 4096K, 5 young (20480K), 0 survivors (0K)
 Metaspace       used 885K, committed 1024K, reserved 1114112K
  class space    used 71K, committed 128K, reserved 1048576K
}
Event: 1.052 GC heap after
{Heap after GC invocations=1 (full 0):
 garbage-first heap   total 258048K, used 1467K [0x0000000600000000, 0x0000000800000000)
  region size 4096K, 1 young (4096K), 1 survivors (4096K)
 Metaspace       used 885K, committed 1024K, reserved 1114112K
  class space    used 71K, committed 128K, reserved 1048576K
}
Event: 3.589 GC heap before
{Heap before GC invocations=1 (full 0):
 garbage-first heap   total 258048K, used 46523K [0x0000000600000000, 0x0000000800000000)
  region size 4096K, 11 young (45056K), 1 survivors (4096K)
 Metaspace       used 4606K, committed 4800K, reserved 1114112K
  class space    used 581K, committed 704K, reserved 1048576K
}
Event: 3.594 GC heap after
{Heap after GC invocations=2 (full 0):
 garbage-first heap   total 258048K, used 11639K [0x0000000600000000, 0x0000000800000000)
  region size 4096K, 2 young (8192K), 2 survivors (8192K)
 Metaspace       used 4606K, committed 4800K, reserved 1114112K
  class space    used 581K, committed 704K, reserved 1048576K
}
Event: 7.325 GC heap before
{Heap before GC invocations=2 (full 0):
 garbage-first heap   total 258048K, used 97655K [0x0000000600000000, 0x0000000800000000)
  region size 4096K, 24 young (98304K), 2 survivors (8192K)
 Metaspace       used 13924K, committed 14336K, reserved 1114112K
  class space    used 1920K, committed 2112K, reserved 1048576K
}
Event: 7.501 GC heap after
{Heap after GC invocations=3 (full 0):
 garbage-first heap   total 258048K, used 20913K [0x0000000600000000, 0x0000000800000000)
  region size 4096K, 3 young (12288K), 3 survivors (12288K)
 Metaspace       used 13924K, committed 14336K, reserved 1114112K
  class space    used 1920K, committed 2112K, reserved 1048576K
}
Event: 15.441 GC heap before
{Heap before GC invocations=3 (full 0):
 garbage-first heap   total 258048K, used 61873K [0x0000000600000000, 0x0000000800000000)
  region size 4096K, 15 young (61440K), 3 survivors (12288K)
 Metaspace       used 20886K, committed 21504K, reserved 1114112K
  class space    used 2894K, committed 3200K, reserved 1048576K
}
Event: 15.449 GC heap after
{Heap after GC invocations=4 (full 0):
 garbage-first heap   total 258048K, used 23427K [0x0000000600000000, 0x0000000800000000)
  region size 4096K, 3 young (12288K), 3 survivors (12288K)
 Metaspace       used 20886K, committed 21504K, reserved 1114112K
  class space    used 2894K, committed 3200K, reserved 1048576K
}
Event: 17.978 GC heap before
{Heap before GC invocations=5 (full 0):
 garbage-first heap   total 81920K, used 80771K [0x0000000600000000, 0x0000000800000000)
  region size 4096K, 17 young (69632K), 3 survivors (12288K)
 Metaspace       used 27934K, committed 28928K, reserved 1114112K
  class space    used 4014K, committed 4480K, reserved 1048576K
}
Event: 17.988 GC heap after
{Heap after GC invocations=6 (full 0):
 garbage-first heap   total 102400K, used 27213K [0x0000000600000000, 0x0000000800000000)
  region size 4096K, 2 young (8192K), 2 survivors (8192K)
 Metaspace       used 27934K, committed 28928K, reserved 1114112K
  class space    used 4014K, committed 4480K, reserved 1048576K
}
Event: 19.552 GC heap before
{Heap before GC invocations=6 (full 0):
 garbage-first heap   total 102400K, used 76365K [0x0000000600000000, 0x0000000800000000)
  region size 4096K, 14 young (57344K), 2 survivors (8192K)
 Metaspace       used 34222K, committed 35520K, reserved 1114112K
  class space    used 4920K, committed 5568K, reserved 1048576K
}
Event: 19.558 GC heap after
{Heap after GC invocations=7 (full 0):
 garbage-first heap   total 102400K, used 30028K [0x0000000600000000, 0x0000000800000000)
  region size 4096K, 2 young (8192K), 2 survivors (8192K)
 Metaspace       used 34222K, committed 35520K, reserved 1114112K
  class space    used 4920K, committed 5568K, reserved 1048576K
}
Event: 19.732 GC heap before
{Heap before GC invocations=7 (full 0):
 garbage-first heap   total 102400K, used 30028K [0x0000000600000000, 0x0000000800000000)
  region size 4096K, 3 young (12288K), 2 survivors (8192K)
 Metaspace       used 34690K, committed 35968K, reserved 1114112K
  class space    used 4961K, committed 5568K, reserved 1048576K
}
Event: 19.735 GC heap after
{Heap after GC invocations=8 (full 0):
 garbage-first heap   total 102400K, used 30633K [0x0000000600000000, 0x0000000800000000)
  region size 4096K, 1 young (4096K), 1 survivors (4096K)
 Metaspace       used 34690K, committed 35968K, reserved 1114112K
  class space    used 4961K, committed 5568K, reserved 1048576K
}
Event: 86.235 GC heap before
{Heap before GC invocations=9 (full 0):
 garbage-first heap   total 102400K, used 79785K [0x0000000600000000, 0x0000000800000000)
  region size 4096K, 13 young (53248K), 1 survivors (4096K)
 Metaspace       used 36889K, committed 38272K, reserved 1114112K
  class space    used 5307K, committed 5952K, reserved 1048576K
}

Dll operation events (20 events):
Event: 0.145 Attempting to load shared library C:\Users\AJI\.vscode\extensions\redhat.java-1.56.0-win32-x64\jre\21.0.12.1-win32-x86_64\bin\nio.dll
Event: 0.145 Loaded shared library C:\Users\AJI\.vscode\extensions\redhat.java-1.56.0-win32-x64\jre\21.0.12.1-win32-x86_64\bin\nio.dll
Event: 0.155 Attempting to load shared library C:\Users\AJI\.vscode\extensions\redhat.java-1.56.0-win32-x64\jre\21.0.12.1-win32-x86_64\bin\zip.dll
Event: 0.155 Loaded shared library C:\Users\AJI\.vscode\extensions\redhat.java-1.56.0-win32-x64\jre\21.0.12.1-win32-x86_64\bin\zip.dll
Event: 1.081 Attempting to load shared library C:\Users\AJI\.vscode\extensions\redhat.java-1.56.0-win32-x64\jre\21.0.12.1-win32-x86_64\bin\jimage.dll
Event: 1.081 Loaded shared library C:\Users\AJI\.vscode\extensions\redhat.java-1.56.0-win32-x64\jre\21.0.12.1-win32-x86_64\bin\jimage.dll
Event: 1.697 Attempting to load shared library C:\Users\AJI\.vscode\extensions\redhat.java-1.56.0-win32-x64\jre\21.0.12.1-win32-x86_64\bin\verify.dll
Event: 1.697 Loaded shared library C:\Users\AJI\.vscode\extensions\redhat.java-1.56.0-win32-x64\jre\21.0.12.1-win32-x86_64\bin\verify.dll
Event: 1.749 Attempting to load shared library C:\Users\AJI\.gradle\native\1def1411415f61bf3af743bc5b6707747c0891f09f0c88961ee8f79bc544acac\windows-amd64\native-platform.dll
Event: 1.752 Loaded shared library C:\Users\AJI\.gradle\native\1def1411415f61bf3af743bc5b6707747c0891f09f0c88961ee8f79bc544acac\windows-amd64\native-platform.dll
Event: 1.766 Attempting to load shared library C:\Users\AJI\.gradle\native\0.2.8\x86_64-windows-gnu\gradle-fileevents.dll
Event: 1.767 Loaded shared library C:\Users\AJI\.gradle\native\0.2.8\x86_64-windows-gnu\gradle-fileevents.dll
Event: 4.772 Attempting to load shared library C:\Users\AJI\.vscode\extensions\redhat.java-1.56.0-win32-x64\jre\21.0.12.1-win32-x86_64\bin\management.dll
Event: 4.772 Loaded shared library C:\Users\AJI\.vscode\extensions\redhat.java-1.56.0-win32-x64\jre\21.0.12.1-win32-x86_64\bin\management.dll
Event: 4.775 Attempting to load shared library C:\Users\AJI\.vscode\extensions\redhat.java-1.56.0-win32-x64\jre\21.0.12.1-win32-x86_64\bin\management_ext.dll
Event: 4.777 Loaded shared library C:\Users\AJI\.vscode\extensions\redhat.java-1.56.0-win32-x64\jre\21.0.12.1-win32-x86_64\bin\management_ext.dll
Event: 5.160 Attempting to load shared library C:\Users\AJI\.vscode\extensions\redhat.java-1.56.0-win32-x64\jre\21.0.12.1-win32-x86_64\bin\extnet.dll
Event: 5.173 Loaded shared library C:\Users\AJI\.vscode\extensions\redhat.java-1.56.0-win32-x64\jre\21.0.12.1-win32-x86_64\bin\extnet.dll
Event: 6.285 Attempting to load shared library C:\Users\AJI\.vscode\extensions\redhat.java-1.56.0-win32-x64\jre\21.0.12.1-win32-x86_64\bin\sunmscapi.dll
Event: 6.297 Loaded shared library C:\Users\AJI\.vscode\extensions\redhat.java-1.56.0-win32-x64\jre\21.0.12.1-win32-x86_64\bin\sunmscapi.dll

Deoptimization events (20 events):
Event: 23.918 Thread 0x00000142b23d5bd0 Uncommon trap: trap_request=0xffffffc6 fr.pc=0x00000142534a13e8 relative=0x0000000000000b68
Event: 23.918 Thread 0x00000142b23d5bd0 Uncommon trap: reason=bimorphic_or_optimized_type_check action=maybe_recompile pc=0x00000142534a13e8 method=java.io.BufferedInputStream.implRead([BII)I @ 100 c2
Event: 23.918 Thread 0x00000142b23d5bd0 DEOPT PACKING pc=0x00000142534a13e8 sp=0x0000002d544fde20
Event: 23.918 Thread 0x00000142b23d5bd0 DEOPT UNPACKING pc=0x0000014252b74422 sp=0x0000002d544fde08 mode 2
Event: 23.942 Thread 0x00000142b23d5bd0 Uncommon trap: trap_request=0xffffffc6 fr.pc=0x00000142534a13e8 relative=0x0000000000000b68
Event: 23.942 Thread 0x00000142b23d5bd0 Uncommon trap: reason=bimorphic_or_optimized_type_check action=maybe_recompile pc=0x00000142534a13e8 method=java.io.BufferedInputStream.implRead([BII)I @ 100 c2
Event: 23.942 Thread 0x00000142b23d5bd0 DEOPT PACKING pc=0x00000142534a13e8 sp=0x0000002d544fded0
Event: 23.942 Thread 0x00000142b23d5bd0 DEOPT UNPACKING pc=0x0000014252b74422 sp=0x0000002d544fde98 mode 2
Event: 23.951 Thread 0x00000142b23d5bd0 Uncommon trap: trap_request=0xffffffc6 fr.pc=0x00000142534a13e8 relative=0x0000000000000b68
Event: 23.951 Thread 0x00000142b23d5bd0 Uncommon trap: reason=bimorphic_or_optimized_type_check action=maybe_recompile pc=0x00000142534a13e8 method=java.io.BufferedInputStream.implRead([BII)I @ 100 c2
Event: 23.951 Thread 0x00000142b23d5bd0 DEOPT PACKING pc=0x00000142534a13e8 sp=0x0000002d544fdfd0
Event: 23.951 Thread 0x00000142b23d5bd0 DEOPT UNPACKING pc=0x0000014252b74422 sp=0x0000002d544fdf98 mode 2
Event: 23.955 Thread 0x00000142b23d5bd0 Uncommon trap: trap_request=0xffffffc6 fr.pc=0x00000142534a13e8 relative=0x0000000000000b68
Event: 23.955 Thread 0x00000142b23d5bd0 Uncommon trap: reason=bimorphic_or_optimized_type_check action=maybe_recompile pc=0x00000142534a13e8 method=java.io.BufferedInputStream.implRead([BII)I @ 100 c2
Event: 23.955 Thread 0x00000142b23d5bd0 DEOPT PACKING pc=0x00000142534a13e8 sp=0x0000002d544fdfd0
Event: 23.955 Thread 0x00000142b23d5bd0 DEOPT UNPACKING pc=0x0000014252b74422 sp=0x0000002d544fdf98 mode 2
Event: 24.040 Thread 0x00000142b23d4eb0 Uncommon trap: trap_request=0xffffff45 fr.pc=0x00000142532d5bd4 relative=0x00000000000007f4
Event: 24.040 Thread 0x00000142b23d4eb0 Uncommon trap: reason=unstable_if action=reinterpret pc=0x00000142532d5bd4 method=java.io.BufferedOutputStream.write([BII)V @ 4 c2
Event: 24.040 Thread 0x00000142b23d4eb0 DEOPT PACKING pc=0x00000142532d5bd4 sp=0x0000002d541fe200
Event: 24.040 Thread 0x00000142b23d4eb0 DEOPT UNPACKING pc=0x0000014252b74422 sp=0x0000002d541fe1d0 mode 2

Classes loaded (20 events):
Event: 19.954 Loading class sun/nio/fs/WindowsChannelFactory
Event: 19.955 Loading class sun/nio/fs/WindowsChannelFactory done
Event: 19.955 Loading class sun/nio/fs/WindowsChannelFactory$1
Event: 19.955 Loading class sun/nio/fs/WindowsChannelFactory$1 done
Event: 19.955 Loading class sun/nio/fs/WindowsChannelFactory$Flags
Event: 19.955 Loading class sun/nio/fs/WindowsChannelFactory$Flags done
Event: 19.955 Loading class sun/nio/fs/WindowsChannelFactory$2
Event: 19.955 Loading class sun/nio/fs/WindowsChannelFactory$2 done
Event: 19.957 Loading class sun/nio/fs/WindowsException
Event: 19.958 Loading class sun/nio/fs/WindowsException done
Event: 19.958 Loading class java/nio/file/FileAlreadyExistsException
Event: 19.958 Loading class java/nio/file/FileAlreadyExistsException done
Event: 19.959 Loading class java/nio/file/AccessMode
Event: 19.959 Loading class java/nio/file/AccessMode done
Event: 20.001 Loading class java/util/Collections$SynchronizedRandomAccessList
Event: 20.002 Loading class java/util/Collections$SynchronizedList
Event: 20.003 Loading class java/util/Collections$SynchronizedList done
Event: 20.003 Loading class java/util/Collections$SynchronizedRandomAccessList done
Event: 23.922 Loading class java/nio/charset/CharacterCodingException
Event: 23.922 Loading class java/nio/charset/CharacterCodingException done

Classes unloaded (0 events):
No events

Classes redefined (0 events):
No events

Internal exceptions (20 events):
Event: 19.899 Thread 0x00000142b26f8f70 Exception <a 'java/lang/ClassNotFoundException'{0x000000060fa7e190}: groovy/lang/GroovyObjectSupportBeanInfo> (0x000000060fa7e190) 
thrown [s\src\hotspot\share\classfile\systemDictionary.cpp, line 313]
Event: 19.900 Thread 0x00000142b26f8f70 Exception <a 'java/lang/ClassNotFoundException'{0x000000060fa87020}: groovy/lang/GroovyObjectSupportCustomizer> (0x000000060fa87020) 
thrown [s\src\hotspot\share\classfile\systemDictionary.cpp, line 313]
Event: 19.913 Thread 0x00000142b26f8f70 Exception <a 'java/lang/ClassNotFoundException'{0x000000060faa1da0}: org/gradle/internal/extensibility/DefaultExtraPropertiesExtensionCustomizer> (0x000000060faa1da0) 
thrown [s\src\hotspot\share\classfile\systemDictionary.cpp, line 313]
Event: 19.926 Thread 0x00000142b26f8f70 Exception <a 'java/lang/IncompatibleClassChangeError'{0x000000060fabf7b8}: Found class java.lang.Object, but interface was expected> (0x000000060fabf7b8) 
thrown [s\src\hotspot\share\interpreter\linkResolver.cpp, line 840]
Event: 19.958 Thread 0x00000142b26f8f70 Exception <a 'sun/nio/fs/WindowsException'{0x000000060fb8d6c0}> (0x000000060fb8d6c0) 
thrown [s\src\hotspot\share\prims\jni.cpp, line 520]
Event: 19.959 Thread 0x00000142b26f8f70 Exception <a 'sun/nio/fs/WindowsException'{0x000000060fb8f3f0}> (0x000000060fb8f3f0) 
thrown [s\src\hotspot\share\prims\jni.cpp, line 520]
Event: 19.960 Thread 0x00000142b26f8f70 Exception <a 'sun/nio/fs/WindowsException'{0x000000060fb90898}> (0x000000060fb90898) 
thrown [s\src\hotspot\share\prims\jni.cpp, line 520]
Event: 19.964 Thread 0x00000142b26f8f70 Exception <a 'sun/nio/fs/WindowsException'{0x000000060fb91d70}> (0x000000060fb91d70) 
thrown [s\src\hotspot\share\prims\jni.cpp, line 520]
Event: 19.990 Thread 0x00000142b26f8f70 Exception <a 'java/lang/NoSuchMethodError'{0x000000060c47d518}: 'java.lang.Object java.lang.invoke.Invokers$Holder.invoker(java.lang.Object, java.lang.Object, java.lang.Object, java.lang.Object, java.lang.Object, java.lang.Object)'> (0x000000060c47d518) 
thrown [s\src\hotspot\share\interpreter\linkResolver.cpp, line 773]
Event: 21.900 Thread 0x00000142b26f8f70 Exception <a 'java/lang/NoSuchMethodError'{0x000000060c564228}: 'java.lang.Object java.lang.invoke.Invokers$Holder.invoker(java.lang.Object, java.lang.Object, java.lang.Object, java.lang.Object, java.lang.Object, java.lang.Object, java.lang.Object, java.lang.Object, java.lang.Object, java.lang.Object, java.lang.Object, java.lang.Object, java.lang.Object, java.lang.Object, java.lang.Object, java.lang.Object, java.lang.Object, java.lang.Object, java.lang.Object, java.lang.Object, java.lang.Object, java.lang.
Event: 21.900 Thread 0x00000142b26f8f70 Exception <a 'java/lang/NoSuchMethodError'{0x000000060c56ab40}: 'java.lang.Object java.lang.invoke.DelegatingMethodHandle$Holder.delegate(java.lang.Object, java.lang.Object, java.lang.Object, java.lang.Object, java.lang.Object, java.lang.Object, java.lang.Object, java.lang.Object, java.lang.Object, java.lang.Object, java.lang.Object, java.lang.Object, java.lang.Object, java.lang.Object, java.lang.Object, java.lang.Object, java.lang.Object, java.lang.Object, java.lang.Object, java.lang.Object, java.lang.Obj
Event: 22.058 Thread 0x00000142b26f8f70 Exception <a 'java/lang/NoSuchMethodError'{0x000000060c016b80}: 'java.lang.Object java.lang.invoke.DirectMethodHandle$Holder.newInvokeSpecial(java.lang.Object, java.lang.Object, java.lang.Object, java.lang.Object, java.lang.Object, java.lang.Object, int)'> (0x000000060c016b80) 
thrown [s\src\hotspot\share\interpreter\linkResolver.cpp, line 773]
Event: 22.059 Thread 0x00000142b26f8f70 Exception <a 'java/lang/NoSuchMethodError'{0x000000060c01bb08}: 'java.lang.Object java.lang.invoke.DirectMethodHandle$Holder.invokeSpecial(java.lang.Object, java.lang.Object, java.lang.Object, java.lang.Object, java.lang.Object, java.lang.Object, java.lang.Object, int)'> (0x000000060c01bb08) 
thrown [s\src\hotspot\share\interpreter\linkResolver.cpp, line 773]
Event: 22.401 Thread 0x00000142b26f8f70 Exception <a 'java/lang/IncompatibleClassChangeError'{0x000000060334bf50}: Found class java.lang.Object, but interface was expected> (0x000000060334bf50) 
thrown [s\src\hotspot\share\interpreter\linkResolver.cpp, line 840]
Event: 22.472 Thread 0x00000142b26f8f70 Exception <a 'java/lang/NoSuchMethodError'{0x0000000602c22a28}: 'java.lang.Object java.lang.invoke.DirectMethodHandle$Holder.newInvokeSpecial(java.lang.Object, java.lang.Object, long)'> (0x0000000602c22a28) 
thrown [s\src\hotspot\share\interpreter\linkResolver.cpp, line 773]
Event: 22.472 Thread 0x00000142b26f8f70 Exception <a 'java/lang/NoSuchMethodError'{0x0000000602c272c0}: 'java.lang.Object java.lang.invoke.Invokers$Holder.linkToTargetMethod(java.lang.Object, long, java.lang.Object)'> (0x0000000602c272c0) 
thrown [s\src\hotspot\share\interpreter\linkResolver.cpp, line 773]
Event: 23.937 Thread 0x00000142b26f8f70 Exception <a 'java/lang/NoSuchMethodError'{0x0000000602e67500}: 'int java.lang.invoke.DirectMethodHandle$Holder.invokeInterface(java.lang.Object, java.lang.Object)'> (0x0000000602e67500) 
thrown [s\src\hotspot\share\interpreter\linkResolver.cpp, line 773]
Event: 24.003 Thread 0x00000142b26f8f70 Exception <a 'java/lang/NoSuchMethodError'{0x0000000602f108d8}: 'java.lang.Object java.lang.invoke.DirectMethodHandle$Holder.newInvokeSpecial(java.lang.Object, java.lang.Object, int, java.lang.Object, java.lang.Object, java.lang.Object, java.lang.Object)'> (0x0000000602f108d8) 
thrown [s\src\hotspot\share\interpreter\linkResolver.cpp, line 773]
Event: 24.003 Thread 0x00000142b26f8f70 Exception <a 'java/lang/NoSuchMethodError'{0x0000000602f19108}: 'java.lang.Object java.lang.invoke.Invokers$Holder.linkToTargetMethod(java.lang.Object, int, java.lang.Object, java.lang.Object, java.lang.Object, java.lang.Object, java.lang.Object)'> (0x0000000602f19108) 
thrown [s\src\hotspot\share\interpreter\linkResolver.cpp, line 773]
Event: 24.040 Thread 0x00000142b23d4eb0 Implicit null exception at 0x00000142532d542f to 0x00000142532d5bb0

ZGC Phase Switch (0 events):
No events

VM Operations (20 events):
Event: 47.106 Executing safepoint VM operation: Cleanup done
Event: 52.130 Executing safepoint VM operation: Cleanup
Event: 52.130 Executing safepoint VM operation: Cleanup done
Event: 54.150 Executing safepoint VM operation: Cleanup
Event: 54.150 Executing safepoint VM operation: Cleanup done
Event: 57.182 Executing safepoint VM operation: Cleanup
Event: 57.182 Executing safepoint VM operation: Cleanup done
Event: 60.028 Executing non-safepoint VM operation: HandshakeAllThreads (HandshakeForDeflation)
Event: 60.029 Executing non-safepoint VM operation: HandshakeAllThreads (HandshakeForDeflation) done
Event: 60.029 Executing non-safepoint VM operation: RendezvousGCThreads
Event: 60.029 Executing non-safepoint VM operation: RendezvousGCThreads done
Event: 64.061 Executing safepoint VM operation: Cleanup
Event: 64.062 Executing safepoint VM operation: Cleanup done
Event: 67.084 Executing safepoint VM operation: Cleanup
Event: 67.084 Executing safepoint VM operation: Cleanup done
Event: 68.097 Executing safepoint VM operation: Cleanup
Event: 68.097 Executing safepoint VM operation: Cleanup done
Event: 77.192 Executing safepoint VM operation: Cleanup
Event: 77.192 Executing safepoint VM operation: Cleanup done
Event: 86.234 Executing safepoint VM operation: G1CollectForAllocation (G1 Evacuation Pause)

Memory protections (0 events):
No events

Nmethod flushes (20 events):
Event: 19.764 Thread 0x000001426deae7f0 flushing  nmethod 0x000001424304b310
Event: 19.764 Thread 0x000001426deae7f0 flushing  nmethod 0x000001424304c290
Event: 19.764 Thread 0x000001426deae7f0 flushing  nmethod 0x000001424304d010
Event: 19.764 Thread 0x000001426deae7f0 flushing  nmethod 0x000001424304d810
Event: 19.764 Thread 0x000001426deae7f0 flushing  nmethod 0x000001424304ee10
Event: 19.764 Thread 0x000001426deae7f0 flushing  nmethod 0x000001424304fd90
Event: 19.764 Thread 0x000001426deae7f0 flushing  nmethod 0x000001424324f890
Event: 19.764 Thread 0x000001426deae7f0 flushing  nmethod 0x0000014243250490
Event: 19.764 Thread 0x000001426deae7f0 flushing  nmethod 0x0000014243251590
Event: 19.764 Thread 0x000001426deae7f0 flushing  nmethod 0x0000014243252010
Event: 19.764 Thread 0x000001426deae7f0 flushing  nmethod 0x0000014243255210
Event: 19.764 Thread 0x000001426deae7f0 flushing  nmethod 0x0000014243306510
Event: 19.764 Thread 0x000001426deae7f0 flushing  nmethod 0x000001424337f510
Event: 19.764 Thread 0x000001426deae7f0 flushing  nmethod 0x0000014243383290
Event: 19.764 Thread 0x000001426deae7f0 flushing  nmethod 0x0000014243384610
Event: 19.764 Thread 0x000001426deae7f0 flushing  nmethod 0x0000014243388090
Event: 19.764 Thread 0x000001426deae7f0 flushing  nmethod 0x00000142433b1410
Event: 19.764 Thread 0x000001426deae7f0 flushing  nmethod 0x000001424338cf10
Event: 19.764 Thread 0x000001426deae7f0 flushing  nmethod 0x000001424338db10
Event: 19.764 Thread 0x000001426deae7f0 flushing  nmethod 0x000001424338f190

Events (20 events):
Event: 6.440 Thread 0x00000142b26f9c90 Thread added: 0x00000142b26f9600
Event: 6.510 Thread 0x00000142b26f9c90 Thread added: 0x00000142b26f88e0
Event: 6.535 Thread 0x00000142b26f9c90 Thread added: 0x00000142b26f8f70
Event: 6.553 Thread 0x00000142b26f8f70 Thread added: 0x00000142b23d2de0
Event: 6.559 Thread 0x00000142b26f8f70 Thread added: 0x00000142b23d3470
Event: 6.580 Thread 0x00000142b26f8f70 Thread added: 0x00000142b23d5540
Event: 7.740 Thread 0x00000142b26f8f70 Thread added: 0x00000142b23d4eb0
Event: 7.755 Thread 0x00000142b26f8f70 Thread added: 0x00000142b23d4820
Event: 8.221 Thread 0x00000142b23d4820 Thread added: 0x00000142b23d3b00
Event: 8.238 Thread 0x00000142b26f8f70 Thread added: 0x00000142b23d5bd0
Event: 8.790 Thread 0x00000142b2145130 Thread exited: 0x00000142b2145130
Event: 16.036 Thread 0x00000142b26f8f70 Thread added: 0x00000142b23d89c0
Event: 16.096 Thread 0x00000142b26f8f70 Thread added: 0x00000142b23d6f80
Event: 16.950 Thread 0x00000142b26f8f70 Thread added: 0x00000142b23d7610
Event: 16.997 Thread 0x00000142b26f8f70 Thread added: 0x00000142b23d8330
Event: 18.033 Thread 0x00000142b26f8f70 Thread added: 0x00000142b23d6260
Event: 18.148 Thread 0x00000142b26f8f70 Thread added: 0x00000142b23d7ca0
Event: 18.725 Thread 0x00000142b26f8f70 Thread added: 0x00000142b23d9050
Event: 18.835 Thread 0x00000142b26f8f70 Thread added: 0x00000142b23d9d70
Event: 85.646 Thread 0x00000142b23d3b00 Thread exited: 0x00000142b23d3b00


Dynamic libraries:
0x00007ff735c60000 - 0x00007ff735c6e000 	C:\Users\AJI\.vscode\extensions\redhat.java-1.56.0-win32-x64\jre\21.0.12.1-win32-x86_64\bin\java.exe
0x00007ffaa9a20000 - 0x00007ffaa9c87000 	C:\WINDOWS\SYSTEM32\ntdll.dll
0x00007ffaa7cd0000 - 0x00007ffaa7d9b000 	C:\WINDOWS\System32\KERNEL32.DLL
0x00007ffaa71b0000 - 0x00007ffaa75b2000 	C:\WINDOWS\System32\KERNELBASE.dll
0x00007ffaa7050000 - 0x00007ffaa719c000 	C:\WINDOWS\System32\ucrtbase.dll
0x00007ffa5b940000 - 0x00007ffa5b958000 	C:\Users\AJI\.vscode\extensions\redhat.java-1.56.0-win32-x64\jre\21.0.12.1-win32-x86_64\bin\jli.dll
0x00007ffaa7da0000 - 0x00007ffaa7f6f000 	C:\WINDOWS\System32\USER32.dll
0x00007ffaa6e90000 - 0x00007ffaa6eb7000 	C:\WINDOWS\System32\win32u.dll
0x00007ffa76fd0000 - 0x00007ffa76fee000 	C:\Users\AJI\.vscode\extensions\redhat.java-1.56.0-win32-x64\jre\21.0.12.1-win32-x86_64\bin\VCRUNTIME140.dll
0x00007ffaa7740000 - 0x00007ffaa776b000 	C:\WINDOWS\System32\GDI32.dll
0x00007ffaa6cd0000 - 0x00007ffaa6df9000 	C:\WINDOWS\System32\gdi32full.dll
0x00007ffaa6c20000 - 0x00007ffaa6cc3000 	C:\WINDOWS\System32\msvcp_win.dll
0x00007ffa85610000 - 0x00007ffa858a0000 	C:\WINDOWS\WinSxS\amd64_microsoft.windows.common-controls_6595b64144ccf1df_6.0.26100.9278_none_3e0d1ba8e3303201\COMCTL32.dll
0x00007ffaa8760000 - 0x00007ffaa8809000 	C:\WINDOWS\System32\msvcrt.dll
0x00007ffaa9250000 - 0x00007ffaa9281000 	C:\WINDOWS\System32\IMM32.DLL
0x00007ffa8fa10000 - 0x00007ffa8fa1c000 	C:\Users\AJI\.vscode\extensions\redhat.java-1.56.0-win32-x64\jre\21.0.12.1-win32-x86_64\bin\vcruntime140_1.dll
0x00007ff9ae9a0000 - 0x00007ff9aea2d000 	C:\Users\AJI\.vscode\extensions\redhat.java-1.56.0-win32-x64\jre\21.0.12.1-win32-x86_64\bin\msvcp140.dll
0x00007ff96c320000 - 0x00007ff96d0c2000 	C:\Users\AJI\.vscode\extensions\redhat.java-1.56.0-win32-x64\jre\21.0.12.1-win32-x86_64\bin\server\jvm.dll
0x00007ffaa8fb0000 - 0x00007ffaa906c000 	C:\WINDOWS\System32\ADVAPI32.dll
0x00007ffaa7b90000 - 0x00007ffaa7c39000 	C:\WINDOWS\System32\sechost.dll
0x00007ffaa80d0000 - 0x00007ffaa81e8000 	C:\WINDOWS\System32\RPCRT4.dll
0x00007ffaa7c40000 - 0x00007ffaa7cc0000 	C:\WINDOWS\System32\WS2_32.dll
0x00007ffaa6a80000 - 0x00007ffaa6ade000 	C:\WINDOWS\SYSTEM32\POWRPROF.dll
0x00007ffaa0960000 - 0x00007ffaa0996000 	C:\WINDOWS\SYSTEM32\WINMM.dll
0x00007ffa9deb0000 - 0x00007ffa9debb000 	C:\WINDOWS\SYSTEM32\VERSION.dll
0x00007ffaa6a60000 - 0x00007ffaa6a75000 	C:\WINDOWS\SYSTEM32\UMPDC.dll
0x00007ffaa5400000 - 0x00007ffaa541b000 	C:\WINDOWS\SYSTEM32\kernel.appcore.dll
0x00007ffa8f9e0000 - 0x00007ffa8f9ea000 	C:\Users\AJI\.vscode\extensions\redhat.java-1.56.0-win32-x64\jre\21.0.12.1-win32-x86_64\bin\jimage.dll
0x00007ffaa3d10000 - 0x00007ffaa3f5c000 	C:\WINDOWS\SYSTEM32\DBGHELP.DLL
0x00007ffaa9320000 - 0x00007ffaa96a5000 	C:\WINDOWS\System32\combase.dll
0x00007ffaa81f0000 - 0x00007ffaa82c9000 	C:\WINDOWS\System32\OLEAUT32.dll
0x00007ffa84dc0000 - 0x00007ffa84dfb000 	C:\WINDOWS\SYSTEM32\dbgcore.DLL
0x00007ffaa75c0000 - 0x00007ffaa766c000 	C:\WINDOWS\System32\bcryptPrimitives.dll
0x00007ffa80050000 - 0x00007ffa8005f000 	C:\Users\AJI\.vscode\extensions\redhat.java-1.56.0-win32-x64\jre\21.0.12.1-win32-x86_64\bin\instrument.dll
0x00007ffa56a30000 - 0x00007ffa56a50000 	C:\Users\AJI\.vscode\extensions\redhat.java-1.56.0-win32-x64\jre\21.0.12.1-win32-x86_64\bin\java.dll
0x00007ffaa8810000 - 0x00007ffaa8fa8000 	C:\WINDOWS\System32\SHELL32.dll
0x00007ffaa4150000 - 0x00007ffaa49fe000 	C:\WINDOWS\SYSTEM32\windows.storage.dll
0x00007ffaa96b0000 - 0x00007ffaa97ab000 	C:\WINDOWS\System32\SHCORE.dll
0x00007ffaa7a10000 - 0x00007ffaa7a76000 	C:\WINDOWS\System32\shlwapi.dll
0x00007ffaa6b40000 - 0x00007ffaa6b69000 	C:\WINDOWS\SYSTEM32\profapi.dll
0x00007ffa554d0000 - 0x00007ffa554e8000 	C:\Users\AJI\.vscode\extensions\redhat.java-1.56.0-win32-x64\jre\21.0.12.1-win32-x86_64\bin\zip.dll
0x00007ffa813d0000 - 0x00007ffa813e0000 	C:\Users\AJI\.vscode\extensions\redhat.java-1.56.0-win32-x64\jre\21.0.12.1-win32-x86_64\bin\net.dll
0x00007ffa9f270000 - 0x00007ffa9f39a000 	C:\WINDOWS\SYSTEM32\WINHTTP.dll
0x00007ffaa59c0000 - 0x00007ffaa5a2c000 	C:\WINDOWS\system32\mswsock.dll
0x00007ffa554b0000 - 0x00007ffa554c6000 	C:\Users\AJI\.vscode\extensions\redhat.java-1.56.0-win32-x64\jre\21.0.12.1-win32-x86_64\bin\nio.dll
0x00007ffa7fae0000 - 0x00007ffa7faf0000 	C:\Users\AJI\.vscode\extensions\redhat.java-1.56.0-win32-x64\jre\21.0.12.1-win32-x86_64\bin\verify.dll
0x00007ffa399a0000 - 0x00007ffa399c7000 	C:\Users\AJI\.gradle\native\1def1411415f61bf3af743bc5b6707747c0891f09f0c88961ee8f79bc544acac\windows-amd64\native-platform.dll
0x00007ff9bbe60000 - 0x00007ff9bbed7000 	C:\Users\AJI\.gradle\native\0.2.8\x86_64-windows-gnu\gradle-fileevents.dll
0x00007ffa7eee0000 - 0x00007ffa7eeea000 	C:\Users\AJI\.vscode\extensions\redhat.java-1.56.0-win32-x64\jre\21.0.12.1-win32-x86_64\bin\management.dll
0x00007ffa77400000 - 0x00007ffa7740c000 	C:\Users\AJI\.vscode\extensions\redhat.java-1.56.0-win32-x64\jre\21.0.12.1-win32-x86_64\bin\management_ext.dll
0x00007ffaa7b80000 - 0x00007ffaa7b88000 	C:\WINDOWS\System32\PSAPI.DLL
0x00007ffaa4ee0000 - 0x00007ffaa4f13000 	C:\WINDOWS\SYSTEM32\IPHLPAPI.DLL
0x00007ffaa80c0000 - 0x00007ffaa80ca000 	C:\WINDOWS\System32\NSI.dll
0x00007ffa74220000 - 0x00007ffa74229000 	C:\Users\AJI\.vscode\extensions\redhat.java-1.56.0-win32-x64\jre\21.0.12.1-win32-x86_64\bin\extnet.dll
0x00007ffaa5cb0000 - 0x00007ffaa5ccb000 	C:\WINDOWS\SYSTEM32\CRYPTSP.dll
0x00007ffaa5360000 - 0x00007ffaa5399000 	C:\WINDOWS\system32\rsaenh.dll
0x00007ffaa5a70000 - 0x00007ffaa5aa4000 	C:\WINDOWS\SYSTEM32\USERENV.dll
0x00007ffaa6b10000 - 0x00007ffaa6b3a000 	C:\WINDOWS\SYSTEM32\bcrypt.dll
0x00007ffaa5cd0000 - 0x00007ffaa5cdc000 	C:\WINDOWS\SYSTEM32\CRYPTBASE.dll
0x00007ffa73220000 - 0x00007ffa7322e000 	C:\Users\AJI\.vscode\extensions\redhat.java-1.56.0-win32-x64\jre\21.0.12.1-win32-x86_64\bin\sunmscapi.dll
0x00007ffaa6ec0000 - 0x00007ffaa703e000 	C:\WINDOWS\System32\CRYPT32.dll
0x00007ffaa5ea0000 - 0x00007ffaa5ed0000 	C:\WINDOWS\SYSTEM32\ncrypt.dll
0x00007ffaa5e50000 - 0x00007ffaa5e8f000 	C:\WINDOWS\SYSTEM32\NTASN1.dll
0x00007ffa7c400000 - 0x00007ffa7c408000 	C:\WINDOWS\system32\wshunix.dll

JVMTI agents:
C:\Users\AJI\.gradle\wrapper\dists\gradle-9.1.0-all\7wzd0jkjit61aq2p43wpjgij9\gradle-9.1.0\lib\agents\gradle-instrumentation-agent-9.1.0.jar path:C:\Users\AJI\.vscode\extensions\redhat.java-1.56.0-win32-x64\jre\21.0.12.1-win32-x86_64\bin\instrument.dll, loaded, initialized, instrumentlib options:none

dbghelp: loaded successfully - version: 4.0.5 - missing functions: none
symbol engine: initialized successfully - sym options: 0x614 - pdb path: .;C:\Users\AJI\.vscode\extensions\redhat.java-1.56.0-win32-x64\jre\21.0.12.1-win32-x86_64\bin;C:\WINDOWS\SYSTEM32;C:\WINDOWS\WinSxS\amd64_microsoft.windows.common-controls_6595b64144ccf1df_6.0.26100.9278_none_3e0d1ba8e3303201;C:\Users\AJI\.vscode\extensions\redhat.java-1.56.0-win32-x64\jre\21.0.12.1-win32-x86_64\bin\server;C:\Users\AJI\.gradle\native\1def1411415f61bf3af743bc5b6707747c0891f09f0c88961ee8f79bc544acac\windows-amd64;C:\Users\AJI\.gradle\native\0.2.8\x86_64-windows-gnu

VM Arguments:
jvm_args: --add-opens=java.base/java.lang=ALL-UNNAMED --add-opens=java.base/java.lang.invoke=ALL-UNNAMED --add-opens=java.base/java.util=ALL-UNNAMED --add-opens=java.prefs/java.util.prefs=ALL-UNNAMED --add-exports=jdk.compiler/com.sun.tools.javac.api=ALL-UNNAMED --add-exports=jdk.compiler/com.sun.tools.javac.util=ALL-UNNAMED --add-opens=java.base/java.util=ALL-UNNAMED --add-opens=java.prefs/java.util.prefs=ALL-UNNAMED --add-opens=java.base/java.nio.charset=ALL-UNNAMED --add-opens=java.base/java.net=ALL-UNNAMED --add-opens=java.base/java.util.concurrent=ALL-UNNAMED --add-opens=java.base/java.util.concurrent.atomic=ALL-UNNAMED --add-opens=java.xml/javax.xml.namespace=ALL-UNNAMED --add-opens=java.base/java.time=ALL-UNNAMED -XX:MaxMetaspaceSize=4G -XX:ReservedCodeCacheSize=512m -XX:+HeapDumpOnOutOfMemoryError -Xmx8G -Dfile.encoding=UTF-8 -Duser.country=IN -Duser.language=en -Duser.variant -javaagent:C:\Users\AJI\.gradle\wrapper\dists\gradle-9.1.0-all\7wzd0jkjit61aq2p43wpjgij9\gradle-9.1.0\lib\agents\gradle-instrumentation-agent-9.1.0.jar 
java_command: org.gradle.launcher.daemon.bootstrap.GradleDaemon 9.1.0
java_class_path (initial): C:\Users\AJI\.gradle\wrapper\dists\gradle-9.1.0-all\7wzd0jkjit61aq2p43wpjgij9\gradle-9.1.0\lib\gradle-daemon-main-9.1.0.jar
Launcher Type: SUN_STANDARD

[Global flags]
     intx CICompilerCount                          = 12                                        {product} {ergonomic}
     uint ConcGCThreads                            = 4                                         {product} {ergonomic}
     uint G1ConcRefinementThreads                  = 15                                        {product} {ergonomic}
   size_t G1HeapRegionSize                         = 4194304                                   {product} {ergonomic}
    uintx GCDrainStackTargetSize                   = 64                                        {product} {ergonomic}
     bool HeapDumpOnOutOfMemoryError               = true                                   {manageable} {command line}
   size_t InitialHeapSize                          = 264241152                                 {product} {ergonomic}
   size_t MarkStackSize                            = 4194304                                   {product} {ergonomic}
   size_t MaxHeapSize                              = 8589934592                                {product} {command line}
   size_t MaxMetaspaceSize                         = 4294967296                                {product} {command line}
   size_t MaxNewSize                               = 5150605312                                {product} {ergonomic}
   size_t MinHeapDeltaBytes                        = 4194304                                   {product} {ergonomic}
   size_t MinHeapSize                              = 8388608                                   {product} {ergonomic}
    uintx NonNMethodCodeHeapSize                   = 7602480                                {pd product} {ergonomic}
    uintx NonProfiledCodeHeapSize                  = 264634216                              {pd product} {ergonomic}
    uintx ProfiledCodeHeapSize                     = 264634216                              {pd product} {ergonomic}
    uintx ReservedCodeCacheSize                    = 536870912                              {pd product} {command line}
     bool SegmentedCodeCache                       = true                                      {product} {ergonomic}
   size_t SoftMaxHeapSize                          = 8589934592                             {manageable} {ergonomic}
     bool UseCompressedOops                        = true                           {product lp64_product} {ergonomic}
     bool UseG1GC                                  = true                                      {product} {ergonomic}
     bool UseLargePagesIndividualAllocation        = false                                  {pd product} {ergonomic}

Logging:
Log output configuration:
 #0: stdout all=warning uptime,level,tags foldmultilines=false
 #1: stderr all=off uptime,level,tags foldmultilines=false

Release file:
JAVA_VERSION="21.0.12.1" 
MODULES="java.base java.compiler java.datatransfer java.xml java.prefs java.desktop java.instrument java.logging java.management java.security.sasl java.naming java.rmi java.management.rmi java.net.http java.scripting java.security.jgss java.transaction.xa java.sql java.sql.rowset java.xml.crypto java.se java.smartcardio jdk.accessibility jdk.internal.jvmstat jdk.attach jdk.charsets jdk.internal.opt jdk.zipfs jdk.compiler jdk.crypto.ec jdk.crypto.cryptoki jdk.crypto.mscapi jdk.dynalink jdk.internal.ed jdk.editpad jdk.hotspot.agent jdk.httpserver jdk.internal.le jdk.internal.vm.ci jdk.internal.vm.compiler jdk.internal.vm.compiler.management jdk.jartool jdk.javadoc jdk.jcmd jdk.management jdk.management.agent jdk.jconsole jdk.jdeps jdk.jdwp.agent jdk.jdi jdk.jfr jdk.jshell jdk.jsobject jdk.jstatd jdk.localedata jdk.management.jfr jdk.naming.dns jdk.naming.rmi jdk.net jdk.nio.mapmode jdk.random jdk.sctp jdk.security.auth jdk.security.jgss jdk.unsupported jdk.unsupported.desktop jdk.xml.dom" 

Environment Variables:
JAVA_HOME=C:\Program Files\Java\jdk-17
PATH=C:\Python314\Scripts\;C:\Python314\;C:\Program Files\Eclipse Adoptium\jdk-25.0.3.9-hotspot\bin;C:\Program Files\Microsoft\jdk-11.0.16.101-hotspot\bin;C:\WINDOWS\system32;C:\WINDOWS;C:\WINDOWS\System32\Wbem;C:\WINDOWS\System32\WindowsPowerShell\v1.0\;C:\WINDOWS\System32\OpenSSH\;C:\Program Files\dotnet\;C:\MinGW\bin;C:\ProgramData\chocolatey\bin;C:\Users\AJI\AppData\Local\Pub\Cache\bin;C:\Program Files\Java\jdk-17\bin;d:\cursor\resources\app\bin;C:\Users\AJI\develop\flutter\bin;C:\Users\AJI\.local\bin;D:\node\node_modules\npm\bin;D:\node\;C:\Program Files\nodejs\;C:\Program Files\nodejs\node_modules\npm\bin;C:\Users\AJI\Documents\MONGO\mongosh-2.9.2-win32-x64\bin;C:\xampp\php;C:\Program Files\Git\cmd;C:\Users\AJI\AppData\Local\Programs\Python\Python312\Scripts\;C:\Users\AJI\AppData\Local\Programs\Python\Python312\;C:\Users\AJI\.local\bin;C:\Users\AJI\AppData\Local\Microsoft\WindowsApps;D:\IntelliJ IDEA Community Edition 2023.1.5\bin;;C:\mingw64\bin;C:\Users\AJI\.dotnet\tools;C:\Users\AJI\Documents\flutter_windows_3.13.4-stable\flutter\bin;C:\Users\AJI\AppData\Local\Pub\Cache\bin;D:\flutter_pub_cache;C:\Users\AJI\AppData\Local\Android\Sdk;C:\Program Files\Java\jdk-17\bin;D:\rider\JetBrains Rider 2024.3.7\bin;;D:\Program Files\Microsoft VS Code\bin;D:\freelanceing\cursor\resources\app\bin;C:\Users\AJI\AppData\Local\Programs\Microsoft VS Code\bin;C:\Users\AJI\AppData\Local\Programs\cursor\resources\app\bin;C:\Users\AJI\AppData\Roaming\npm
USERNAME=AJI
OS=Windows_NT
PROCESSOR_IDENTIFIER=Intel64 Family 6 Model 154 Stepping 3, GenuineIntel
TMP=C:\Users\AJI\AppData\Local\Temp
TEMP=C:\Users\AJI\AppData\Local\Temp




Periodic native trim disabled

---------------  S Y S T E M  ---------------

OS:
 Windows 11 , 64 bit Build 26100 (10.0.26100.9444)
OS uptime: 0 days 4:10 hours
Hyper-V role detected

CPU: total 20 (initial active 20) (10 cores per cpu, 2 threads per core) family 6 model 154 stepping 3 microcode 0x43b, cx8, cmov, fxsr, ht, mmx, 3dnowpref, sse, sse2, sse3, ssse3, sse4.1, sse4.2, popcnt, lzcnt, tsc, tscinvbit, avx, avx2, aes, erms, clmul, bmi1, bmi2, adx, sha, fma, vzeroupper, clflush, clflushopt, clwb, hv, serialize, rdtscp, rdpid, fsrm, f16c, cet_ibt, cet_ss
Processor Information for processor 0
  Max Mhz: 2300, Current Mhz: 2300, Mhz Limit: 2300
Processor Information for processor 1
  Max Mhz: 2300, Current Mhz: 2300, Mhz Limit: 2300
Processor Information for processor 2
  Max Mhz: 2300, Current Mhz: 2300, Mhz Limit: 2300
Processor Information for processor 3
  Max Mhz: 2300, Current Mhz: 2300, Mhz Limit: 2300
Processor Information for processor 4
  Max Mhz: 2300, Current Mhz: 2300, Mhz Limit: 2300
Processor Information for processor 5
  Max Mhz: 2300, Current Mhz: 2300, Mhz Limit: 2300
Processor Information for processor 6
  Max Mhz: 2300, Current Mhz: 2300, Mhz Limit: 2300
Processor Information for processor 7
  Max Mhz: 2300, Current Mhz: 2300, Mhz Limit: 2300
Processor Information for processor 8
  Max Mhz: 2300, Current Mhz: 2300, Mhz Limit: 2300
Processor Information for processor 9
  Max Mhz: 2300, Current Mhz: 2300, Mhz Limit: 2300
Processor Information for processor 10
  Max Mhz: 2300, Current Mhz: 2300, Mhz Limit: 2300
Processor Information for processor 11
  Max Mhz: 2300, Current Mhz: 2300, Mhz Limit: 2300
Processor Information for processor 12
  Max Mhz: 2300, Current Mhz: 2300, Mhz Limit: 2300
Processor Information for processor 13
  Max Mhz: 2300, Current Mhz: 2300, Mhz Limit: 2300
Processor Information for processor 14
  Max Mhz: 2300, Current Mhz: 1488, Mhz Limit: 2300
Processor Information for processor 15
  Max Mhz: 2300, Current Mhz: 2300, Mhz Limit: 2300
Processor Information for processor 16
  Max Mhz: 2300, Current Mhz: 2300, Mhz Limit: 2300
Processor Information for processor 17
  Max Mhz: 2300, Current Mhz: 2300, Mhz Limit: 2300
Processor Information for processor 18
  Max Mhz: 2300, Current Mhz: 2300, Mhz Limit: 2300
Processor Information for processor 19
  Max Mhz: 2300, Current Mhz: 2300, Mhz Limit: 2300

Memory: 4k page, system-wide physical 16068M (210M free)
TotalPageFile size 65220M (AvailPageFile size 12M)
current process WorkingSet (physical memory assigned to process): 54M, peak: 187M
current process commit charge ("private bytes"): 282M, peak: 430M

vm_info: OpenJDK 64-Bit Server VM (21.0.12.1+1-LTS) for windows-amd64 JRE (21.0.12.1+1-LTS), built on 2026-08-18T00:00:00Z by "admin" with MS VC++ 17.12 (VS2022)

END.
