#
# There is insufficient memory for the Java Runtime Environment to continue.
# Native memory allocation (malloc) failed to allocate 41616 bytes. Error detail: Chunk::new
# Possible reasons:
#   The system is out of physical RAM or swap space
#   This process is running with CompressedOops enabled, and the Java Heap may be blocking the growth of the native heap
# Possible solutions:
#   Reduce memory load on the system
#   Increase physical memory or swap space
#   Check if swap backing store is full
#   Decrease Java heap size (-Xmx/-Xms)
#   Decrease number of Java threads
#   Decrease Java thread stack sizes (-Xss)
#   Set larger code cache with -XX:ReservedCodeCacheSize=
#   JVM is running with Zero Based Compressed Oops mode in which the Java heap is
#     placed in the first 32GB address space. The Java Heap base address is the
#     maximum limit for the native heap growth. Please use -XX:HeapBaseMinAddress
#     to set the Java Heap base and to place the Java Heap above 32GB virtual address.
# This output file may be truncated or incomplete.
#
#  Out of Memory Error (arena.cpp:168), pid=6636, tid=74200
#
# JRE version: OpenJDK Runtime Environment Temurin-21.0.12.1+1 (21.0.12.1+1) (build 21.0.12.1+1-LTS)
# Java VM: OpenJDK 64-Bit Server VM Temurin-21.0.12.1+1 (21.0.12.1+1-LTS, mixed mode, sharing, tiered, compressed oops, compressed class ptrs, g1 gc, windows-amd64)
# No core dump will be written. Minidumps are not enabled by default on client versions of Windows
#

---------------  S U M M A R Y ------------

Command Line: --add-opens=java.base/java.lang=ALL-UNNAMED --add-opens=java.base/java.lang.invoke=ALL-UNNAMED --add-opens=java.base/java.util=ALL-UNNAMED --add-opens=java.prefs/java.util.prefs=ALL-UNNAMED --add-exports=jdk.compiler/com.sun.tools.javac.api=ALL-UNNAMED --add-exports=jdk.compiler/com.sun.tools.javac.util=ALL-UNNAMED --add-opens=java.base/java.util=ALL-UNNAMED --add-opens=java.prefs/java.util.prefs=ALL-UNNAMED --add-opens=java.base/java.nio.charset=ALL-UNNAMED --add-opens=java.base/java.net=ALL-UNNAMED --add-opens=java.base/java.util.concurrent=ALL-UNNAMED --add-opens=java.base/java.util.concurrent.atomic=ALL-UNNAMED --add-opens=java.xml/javax.xml.namespace=ALL-UNNAMED --add-opens=java.base/java.time=ALL-UNNAMED -XX:MaxMetaspaceSize=4G -XX:ReservedCodeCacheSize=512m -XX:+HeapDumpOnOutOfMemoryError -Xmx8G -Dfile.encoding=UTF-8 -Duser.country=IN -Duser.language=en -Duser.variant -javaagent:C:\Users\AJI\.gradle\wrapper\dists\gradle-9.1.0-all\7wzd0jkjit61aq2p43wpjgij9\gradle-9.1.0\lib\agents\gradle-instrumentation-agent-9.1.0.jar org.gradle.launcher.daemon.bootstrap.GradleDaemon 9.1.0

Host: 12th Gen Intel(R) Core(TM) i7-12700H, 20 cores, 15G,  Windows 11 , 64 bit Build 26100 (10.0.26100.9444)
Time: Thu Sep 10 13:14:33 2026 India Standard Time elapsed time: 23.330043 seconds (0d 0h 0m 23s)

---------------  T H R E A D  ---------------

Current thread (0x00000146c1807fb0):  JavaThread "C2 CompilerThread0" daemon [_thread_in_native, id=74200, stack(0x000000046fb00000,0x000000046fc00000) (1024K)]


Current CompileTask:
C2:23330 4578   !   4       java.io.BufferedInputStream::read (54 bytes)

Stack: [0x000000046fb00000,0x000000046fc00000]
Native frames: (J=compiled Java code, j=interpreted, Vv=VM code, C=native code)
V  [jvm.dll+0x6d83e9]
V  [jvm.dll+0x8b5736]
V  [jvm.dll+0x8b7cee]
V  [jvm.dll+0x8b83d3]
V  [jvm.dll+0x284596]
V  [jvm.dll+0xc685d]
V  [jvm.dll+0xc6da1]
V  [jvm.dll+0x3bf151]
V  [jvm.dll+0x1e3b4e]
V  [jvm.dll+0x24c853]
V  [jvm.dll+0x24bce0]
V  [jvm.dll+0x1cb4ae]
V  [jvm.dll+0x25baad]
V  [jvm.dll+0x25a03a]
V  [jvm.dll+0x3f8aae]
V  [jvm.dll+0x8600cd]
V  [jvm.dll+0x6d6c1d]
C  [ucrtbase.dll+0x2cd30]
C  [KERNEL32.DLL+0x2cd87]
C  [ntdll.dll+0xacaec]


---------------  P R O C E S S  ---------------

Threads class SMR info:
_java_thread_list=0x000001470a80bb40, length=33, elements={
0x0000014690611040, 0x00000146c17fc2d0, 0x00000146c17fce30, 0x00000146c18005c0,
0x00000146c1803030, 0x00000146c1805aa0, 0x00000146c1807220, 0x00000146c1807fb0,
0x00000146c180e4f0, 0x00000146c1a3d360, 0x00000146c1a89120, 0x0000014708801590,
0x00000147086e1b60, 0x0000014708739e80, 0x00000147087adde0, 0x00000147086b69a0,
0x0000014708754810, 0x00000147089af850, 0x00000147089b0570, 0x00000147089afee0,
0x00000147089b1fb0, 0x00000147089b0c00, 0x00000147089b1290, 0x00000147089b1920,
0x00000147089b2640, 0x000001470ba5ab40, 0x000001470ba5c580, 0x000001470ba5b1d0,
0x000001470ba5b860, 0x000001470ba59100, 0x000001470ba5cc10, 0x000001470ba59790,
0x000001470ba5d2a0
}

Java Threads: ( => current thread )
  0x0000014690611040 JavaThread "main"                              [_thread_blocked, id=53536, stack(0x000000046ed00000,0x000000046ee00000) (1024K)]
  0x00000146c17fc2d0 JavaThread "Reference Handler"          daemon [_thread_blocked, id=33380, stack(0x000000046f500000,0x000000046f600000) (1024K)]
  0x00000146c17fce30 JavaThread "Finalizer"                  daemon [_thread_blocked, id=23516, stack(0x000000046f600000,0x000000046f700000) (1024K)]
  0x00000146c18005c0 JavaThread "Signal Dispatcher"          daemon [_thread_blocked, id=37696, stack(0x000000046f700000,0x000000046f800000) (1024K)]
  0x00000146c1803030 JavaThread "Attach Listener"            daemon [_thread_blocked, id=39216, stack(0x000000046f800000,0x000000046f900000) (1024K)]
  0x00000146c1805aa0 JavaThread "Service Thread"             daemon [_thread_blocked, id=66264, stack(0x000000046f900000,0x000000046fa00000) (1024K)]
  0x00000146c1807220 JavaThread "Monitor Deflation Thread"   daemon [_thread_blocked, id=79492, stack(0x000000046fa00000,0x000000046fb00000) (1024K)]
=>0x00000146c1807fb0 JavaThread "C2 CompilerThread0"         daemon [_thread_in_native, id=74200, stack(0x000000046fb00000,0x000000046fc00000) (1024K)]
  0x00000146c180e4f0 JavaThread "C1 CompilerThread0"         daemon [_thread_blocked, id=52316, stack(0x000000046fc00000,0x000000046fd00000) (1024K)]
  0x00000146c1a3d360 JavaThread "Common-Cleaner"             daemon [_thread_blocked, id=23040, stack(0x000000046fe00000,0x000000046ff00000) (1024K)]
  0x00000146c1a89120 JavaThread "Notification Thread"        daemon [_thread_blocked, id=58672, stack(0x000000046ff00000,0x0000000470000000) (1024K)]
  0x0000014708801590 JavaThread "Daemon health stats"               [_thread_blocked, id=74444, stack(0x0000000470500000,0x0000000470600000) (1024K)]
  0x00000147086e1b60 JavaThread "Incoming local TCP Connector on port 64807"        [_thread_in_native, id=43792, stack(0x0000000470600000,0x0000000470700000) (1024K)]
  0x0000014708739e80 JavaThread "Daemon periodic checks"            [_thread_blocked, id=55692, stack(0x0000000470700000,0x0000000470800000) (1024K)]
  0x00000147087adde0 JavaThread "Daemon"                            [_thread_blocked, id=82312, stack(0x0000000470800000,0x0000000470900000) (1024K)]
  0x00000147086b69a0 JavaThread "Handler for socket connection from /127.0.0.1:64807 to /127.0.0.1:64809"        [_thread_in_native, id=14104, stack(0x0000000470900000,0x0000000470a00000) (1024K)]
  0x0000014708754810 JavaThread "Cancel handler"                    [_thread_blocked, id=54388, stack(0x0000000470a00000,0x0000000470b00000) (1024K)]
  0x00000147089af850 JavaThread "Daemon worker"                     [_thread_blocked, id=76984, stack(0x0000000470b00000,0x0000000470c00000) (1024K)]
  0x00000147089b0570 JavaThread "Asynchronous log dispatcher for DefaultDaemonConnection: socket connection from /127.0.0.1:64807 to /127.0.0.1:64809"        [_thread_blocked, id=53064, stack(0x0000000470c00000,0x0000000470d00000) (1024K)]
  0x00000147089afee0 JavaThread "Stdin handler"                     [_thread_blocked, id=51944, stack(0x0000000470d00000,0x0000000470e00000) (1024K)]
  0x00000147089b1fb0 JavaThread "Daemon client event forwarder"        [_thread_blocked, id=79476, stack(0x0000000470e00000,0x0000000470f00000) (1024K)]
  0x00000147089b0c00 JavaThread "Cache worker for journal cache (C:\Users\AJI\.gradle\caches\journal-1)"        [_thread_blocked, id=64564, stack(0x0000000470f00000,0x0000000471000000) (1024K)]
  0x00000147089b1290 JavaThread "File lock request listener"        [_thread_in_native, id=52816, stack(0x0000000471000000,0x0000000471100000) (1024K)]
  0x00000147089b1920 JavaThread "File lock release action executor"        [_thread_blocked, id=78908, stack(0x0000000471100000,0x0000000471200000) (1024K)]
  0x00000147089b2640 JavaThread "Cache worker for file hash cache (C:\Users\AJI\.gradle\caches\9.1.0\fileHashes)"        [_thread_blocked, id=72000, stack(0x0000000471200000,0x0000000471300000) (1024K)]
  0x000001470ba5ab40 JavaThread "Cache worker for file hash cache (C:\Users\AJI\Documents\personal_website\ajilesh_web\aj_profile\android\.gradle\9.1.0\fileHashes)"        [_thread_blocked, id=48356, stack(0x0000000472200000,0x0000000472300000) (1024K)]
  0x000001470ba5c580 JavaThread "Cache worker for Build Output Cleanup Cache (C:\Users\AJI\Documents\personal_website\ajilesh_web\aj_profile\android\.gradle\buildOutputCleanup)"        [_thread_blocked, id=30908, stack(0x0000000472300000,0x0000000472400000) (1024K)]
  0x000001470ba5b1d0 JavaThread "File watcher server"        daemon [_thread_in_native, id=50964, stack(0x0000000472400000,0x0000000472500000) (1024K)]
  0x000001470ba5b860 JavaThread "File watcher consumer"      daemon [_thread_blocked, id=81804, stack(0x0000000472500000,0x0000000472600000) (1024K)]
  0x000001470ba59100 JavaThread "Cache worker for checksums cache (C:\Users\AJI\Documents\personal_website\ajilesh_web\aj_profile\android\.gradle\9.1.0\checksums)"        [_thread_blocked, id=79848, stack(0x0000000471b00000,0x0000000471c00000) (1024K)]
  0x000001470ba5cc10 JavaThread "Cache worker for file content cache (C:\Users\AJI\.gradle\caches\9.1.0\fileContent)"        [_thread_blocked, id=36192, stack(0x0000000472600000,0x0000000472700000) (1024K)]
  0x000001470ba59790 JavaThread "Cache worker for cache directory md-supplier (C:\Users\AJI\.gradle\caches\9.1.0\md-supplier)"        [_thread_blocked, id=45396, stack(0x0000000472700000,0x0000000472800000) (1024K)]
  0x000001470ba5d2a0 JavaThread "Cache worker for cache directory md-rule (C:\Users\AJI\.gradle\caches\9.1.0\md-rule)"        [_thread_blocked, id=62436, stack(0x0000000472800000,0x0000000472900000) (1024K)]
Total: 33

Other Threads:
  0x00000146c17df2b0 VMThread "VM Thread"                           [id=82508, stack(0x000000046f400000,0x000000046f500000) (1024K)]
  0x00000146be7dd130 WatcherThread "VM Periodic Task Thread"        [id=23744, stack(0x000000046f300000,0x000000046f400000) (1024K)]
  0x00000146906bbfc0 WorkerThread "GC Thread#0"                     [id=38324, stack(0x000000046ee00000,0x000000046ef00000) (1024K)]
  0x00000146c17dfa10 WorkerThread "GC Thread#1"                     [id=34888, stack(0x0000000470000000,0x0000000470100000) (1024K)]
  0x00000146c17dfdc0 WorkerThread "GC Thread#2"                     [id=64472, stack(0x0000000470100000,0x0000000470200000) (1024K)]
  0x00000146c17deb50 WorkerThread "GC Thread#3"                     [id=52756, stack(0x0000000470200000,0x0000000470300000) (1024K)]
  0x00000146c17def00 WorkerThread "GC Thread#4"                     [id=29568, stack(0x0000000470300000,0x0000000470400000) (1024K)]
  0x00000146c17e0520 WorkerThread "GC Thread#5"                     [id=2556, stack(0x0000000470400000,0x0000000470500000) (1024K)]
  0x0000014707c126e0 WorkerThread "GC Thread#6"                     [id=39720, stack(0x000000046fd00000,0x000000046fe00000) (1024K)]
  0x0000014707c11f80 WorkerThread "GC Thread#7"                     [id=62396, stack(0x0000000471300000,0x0000000471400000) (1024K)]
  0x0000014707c14460 WorkerThread "GC Thread#8"                     [id=56356, stack(0x0000000471400000,0x0000000471500000) (1024K)]
  0x0000014707c15320 WorkerThread "GC Thread#9"                     [id=71660, stack(0x0000000471500000,0x0000000471600000) (1024K)]
  0x0000014707c12330 WorkerThread "GC Thread#10"                    [id=73472, stack(0x0000000471600000,0x0000000471700000) (1024K)]
  0x0000014707c12e40 WorkerThread "GC Thread#11"                    [id=77160, stack(0x0000000471700000,0x0000000471800000) (1024K)]
  0x0000014707c131f0 WorkerThread "GC Thread#12"                    [id=80828, stack(0x0000000471800000,0x0000000471900000) (1024K)]
  0x0000014707c135a0 WorkerThread "GC Thread#13"                    [id=48084, stack(0x0000000471900000,0x0000000471a00000) (1024K)]
  0x0000014707c13950 WorkerThread "GC Thread#14"                    [id=73568, stack(0x0000000471a00000,0x0000000471b00000) (1024K)]
  0x00000146906ce550 ConcurrentGCThread "G1 Main Marker"            [id=70176, stack(0x000000046ef00000,0x000000046f000000) (1024K)]
  0x00000146be5e0820 WorkerThread "G1 Conc#0"                       [id=73972, stack(0x000000046f000000,0x000000046f100000) (1024K)]
  0x00000146c1b6ca90 WorkerThread "G1 Conc#1"                       [id=48572, stack(0x0000000471c00000,0x0000000471d00000) (1024K)]
  0x00000146c1b6d5a0 WorkerThread "G1 Conc#2"                       [id=66512, stack(0x0000000471d00000,0x0000000471e00000) (1024K)]
  0x00000146c1b6d1f0 WorkerThread "G1 Conc#3"                       [id=55488, stack(0x0000000471e00000,0x0000000471f00000) (1024K)]
  0x00000146be6a7060 ConcurrentGCThread "G1 Refine#0"               [id=78412, stack(0x000000046f100000,0x000000046f200000) (1024K)]
  0x00000146be6a7af0 ConcurrentGCThread "G1 Service"                [id=8008, stack(0x000000046f200000,0x000000046f300000) (1024K)]
Total: 24

Threads with active compile tasks:
C2 CompilerThread0  23353 4578   !   4       java.io.BufferedInputStream::read (54 bytes)
Total: 1

VM state: not at safepoint (normal execution)

VM Mutex/Monitor currently owned by a thread: None

Heap address: 0x0000000600000000, size: 8192 MB, Compressed Oops mode: Zero based, Oop shift amount: 3

CDS archive(s) mapped at: [0x00000146c2000000-0x00000146c2ba0000-0x00000146c2ba0000), size 12189696, SharedBaseAddress: 0x00000146c2000000, ArchiveRelocationMode: 1.
Compressed class space mapped at: 0x00000146c3000000-0x0000014703000000, reserved size: 1073741824
Narrow klass base: 0x00000146c2000000, Narrow klass shift: 0, Narrow klass range: 0x100000000

GC Precious Log:
 CardTable entry size: 512
 Card Set container configuration: InlinePtr #cards 4 size 8 Array Of Cards #cards 32 size 80 Howl #buckets 8 coarsen threshold 7372 Howl Bitmap #cards 1024 size 144 coarsen threshold 921 Card regions per heap region 1 cards per card region 8192
 CPUs: 20 total, 20 available
 Memory: 16068M
 Large Page Support: Disabled
 NUMA Support: Disabled
 Compressed Oops: Enabled (Zero based)
 Heap Region Size: 4M
 Heap Min Capacity: 8M
 Heap Initial Capacity: 252M
 Heap Max Capacity: 8G
 Pre-touch: Disabled
 Parallel Workers: 15
 Concurrent Workers: 4
 Concurrent Refinement Workers: 15
 Periodic GC: Disabled

Heap:
 garbage-first heap   total 102400K, used 71803K [0x0000000600000000, 0x0000000800000000)
  region size 4096K, 12 young (49152K), 1 survivors (4096K)
 Metaspace       used 36841K, committed 38272K, reserved 1114112K
  class space    used 5306K, committed 6016K, reserved 1048576K

Heap Regions: E=young(eden), S=young(survivor), O=old, HS=humongous(starts), HC=humongous(continues), CS=collection set, F=free, TAMS=top-at-mark-start, PB=parsable bottom
|   0|0x0000000600000000, 0x0000000600400000, 0x0000000600400000|100%|HS|  |TAMS 0x0000000600000000| PB 0x0000000600000000| Complete 
|   1|0x0000000600400000, 0x0000000600800000, 0x0000000600800000|100%| O|  |TAMS 0x0000000600400000| PB 0x0000000600400000| Untracked 
|   2|0x0000000600800000, 0x0000000600ba36b0, 0x0000000600c00000| 90%| O|  |TAMS 0x0000000600800000| PB 0x0000000600800000| Untracked 
|   3|0x0000000600c00000, 0x0000000600efacd0, 0x0000000601000000| 74%| O|  |TAMS 0x0000000600c00000| PB 0x0000000600c00000| Untracked 
|   4|0x0000000601000000, 0x0000000601000000, 0x0000000601400000|  0%| F|  |TAMS 0x0000000601000000| PB 0x0000000601000000| Untracked 
|   5|0x0000000601400000, 0x0000000601400000, 0x0000000601800000|  0%| F|  |TAMS 0x0000000601400000| PB 0x0000000601400000| Untracked 
|   6|0x0000000601800000, 0x0000000601800000, 0x0000000601c00000|  0%| F|  |TAMS 0x0000000601800000| PB 0x0000000601800000| Untracked 
|   7|0x0000000601c00000, 0x0000000601c00000, 0x0000000602000000|  0%| F|  |TAMS 0x0000000601c00000| PB 0x0000000601c00000| Untracked 
|   8|0x0000000602000000, 0x0000000602000000, 0x0000000602400000|  0%| F|  |TAMS 0x0000000602000000| PB 0x0000000602000000| Untracked 
|   9|0x0000000602400000, 0x0000000602400000, 0x0000000602800000|  0%| F|  |TAMS 0x0000000602400000| PB 0x0000000602400000| Untracked 
|  10|0x0000000602800000, 0x0000000602a7f848, 0x0000000602c00000| 62%| E|  |TAMS 0x0000000602800000| PB 0x0000000602800000| Complete 
|  11|0x0000000602c00000, 0x0000000603000000, 0x0000000603000000|100%| E|CS|TAMS 0x0000000602c00000| PB 0x0000000602c00000| Complete 
|  12|0x0000000603000000, 0x0000000603400000, 0x0000000603400000|100%| E|CS|TAMS 0x0000000603000000| PB 0x0000000603000000| Complete 
|  13|0x0000000603400000, 0x0000000603800000, 0x0000000603800000|100%| E|CS|TAMS 0x0000000603400000| PB 0x0000000603400000| Complete 
|  14|0x0000000603800000, 0x0000000603c00000, 0x0000000603c00000|100%| E|CS|TAMS 0x0000000603800000| PB 0x0000000603800000| Complete 
|  15|0x0000000603c00000, 0x0000000604000000, 0x0000000604000000|100%| E|CS|TAMS 0x0000000603c00000| PB 0x0000000603c00000| Complete 
|  16|0x0000000604000000, 0x0000000604400000, 0x0000000604400000|100%| E|CS|TAMS 0x0000000604000000| PB 0x0000000604000000| Complete 
|  17|0x0000000604400000, 0x0000000604800000, 0x0000000604800000|100%| E|CS|TAMS 0x0000000604400000| PB 0x0000000604400000| Complete 
|  51|0x000000060cc00000, 0x000000060d000000, 0x000000060d000000|100%| E|CS|TAMS 0x000000060cc00000| PB 0x000000060cc00000| Complete 
|  52|0x000000060d000000, 0x000000060d400000, 0x000000060d400000|100%| E|CS|TAMS 0x000000060d000000| PB 0x000000060d000000| Complete 
|  53|0x000000060d400000, 0x000000060d780888, 0x000000060d800000| 87%| S|CS|TAMS 0x000000060d400000| PB 0x000000060d400000| Complete 
|  62|0x000000060f800000, 0x000000060fc00000, 0x000000060fc00000|100%| E|CS|TAMS 0x000000060f800000| PB 0x000000060f800000| Complete 
|2045|0x00000007ff400000, 0x00000007ff800000, 0x00000007ff800000|100%| O|Cm|TAMS 0x00000007ff400000| PB 0x00000007ff400000| Complete 
|2046|0x00000007ff800000, 0x00000007ffc00000, 0x00000007ffc00000|100%| O|  |TAMS 0x00000007ff800000| PB 0x00000007ff800000| Untracked 
|2047|0x00000007ffc00000, 0x0000000800000000, 0x0000000800000000|100%| O|  |TAMS 0x00000007ffc00000| PB 0x00000007ffc00000| Untracked 

Card table byte_map: [0x00000146b54d0000,0x00000146b64d0000] _byte_map_base: 0x00000146b24d0000

Marking Bits: (CMBitMap*) 0x00000146906bc5e0
 Bits: [0x00000146b64d0000, 0x00000146be4d0000)

Polling page: 0x000001468e6c0000

Metaspace:

Usage:
  Non-class:     30.80 MB used.
      Class:      5.18 MB used.
       Both:     35.98 MB used.

Virtual space:
  Non-class space:       64.00 MB reserved,      31.50 MB ( 49%) committed,  1 nodes.
      Class space:        1.00 GB reserved,       5.88 MB ( <1%) committed,  1 nodes.
             Both:        1.06 GB reserved,      37.38 MB (  3%) committed. 

Chunk freelists:
   Non-Class:  352.00 KB
       Class:  9.92 MB
        Both:  10.27 MB

MaxMetaspaceSize: 4.00 GB
CompressedClassSpaceSize: 1.00 GB
Initial GC threshold: 21.00 MB
Current GC threshold: 58.69 MB
CDS: on
 - commit_granule_bytes: 65536.
 - commit_granule_words: 8192.
 - virtual_space_node_default_size: 8388608.
 - enlarge_chunks_in_place: 1.
 - use_allocation_guard: 0.


Internal statistics:

num_allocs_failed_limit: 6.
num_arena_births: 2440.
num_arena_deaths: 0.
num_vsnodes_births: 2.
num_vsnodes_deaths: 0.
num_space_committed: 598.
num_space_uncommitted: 0.
num_chunks_returned_to_freelist: 6.
num_chunks_taken_from_freelist: 4160.
num_chunk_merges: 3.
num_chunk_splits: 2737.
num_chunks_enlarged: 1702.
num_inconsistent_stats: 0.

CodeHeap 'non-profiled nmethods': size=258432Kb used=2188Kb max_used=2349Kb free=256244Kb
 bounds [0x00000146a3bb0000, 0x00000146a3e20000, 0x00000146b3810000]
CodeHeap 'profiled nmethods': size=258368Kb used=7863Kb max_used=8512Kb free=250504Kb
 bounds [0x0000014693810000, 0x0000014694070000, 0x00000146a3460000]
CodeHeap 'non-nmethods': size=7488Kb used=1822Kb max_used=3532Kb free=5665Kb
 bounds [0x00000146a3460000, 0x00000146a37e0000, 0x00000146a3bb0000]
CodeCache: size=524288Kb, used=11873Kb, max_used=14393Kb, free=512413Kb
 total_blobs=4768, nmethods=4074, adapters=597, full_count=0
Compilation: enabled, stopped_count=0, restarted_count=0

Compilation events (20 events):
Event: 23.219 Thread 0x00000146c180e4f0 4577   !   3       sun.nio.ch.FileLockTable::remove (162 bytes)
Event: 23.220 Thread 0x00000146c180e4f0 nmethod 4577 0x0000014693c29b90 code [0x0000014693c29de0, 0x0000014693c2a9c0]
Event: 23.320 Thread 0x00000146c1807fb0 4578   !   4       java.io.BufferedInputStream::read (54 bytes)
Event: 23.323 Thread 0x00000146c180e4f0 4579       3       org.gradle.launcher.daemon.registry.PersistentDaemonRegistry$1::isSatisfiedBy (9 bytes)
Event: 23.323 Thread 0x00000146c180e4f0 nmethod 4579 0x0000014693936290 code [0x0000014693936440, 0x0000014693936740]
Event: 23.323 Thread 0x00000146c180e4f0 4580       3       org.gradle.launcher.daemon.registry.PersistentDaemonRegistry$1::isSatisfiedBy (16 bytes)
Event: 23.323 Thread 0x00000146c180e4f0 nmethod 4580 0x0000014693937890 code [0x0000014693937a40, 0x0000014693937be0]
Event: 23.327 Thread 0x00000146c180e4f0 4582   !   3       java.io.RandomAccessFile::close (69 bytes)
Event: 23.328 Thread 0x00000146c180e4f0 nmethod 4582 0x0000014693adc890 code [0x0000014693adca80, 0x0000014693adcfd0]
Event: 23.328 Thread 0x00000146c180e4f0 4583       3       com.google.common.collect.TransformedIterator::hasNext (10 bytes)
Event: 23.328 Thread 0x00000146c180e4f0 nmethod 4583 0x0000014693adc410 code [0x0000014693adc5c0, 0x0000014693adc7a0]
Event: 23.328 Thread 0x00000146c180e4f0 4584       3       com.google.common.collect.TransformedIterator::next (14 bytes)
Event: 23.328 Thread 0x00000146c180e4f0 nmethod 4584 0x0000014693cee990 code [0x0000014693ceeb60, 0x0000014693ceee10]
Event: 23.328 Thread 0x00000146c180e4f0 4585       3       com.google.common.collect.Lists$TransformingSequentialList$1::transform (14 bytes)
Event: 23.328 Thread 0x00000146c180e4f0 nmethod 4585 0x0000014693cee510 code [0x0000014693cee6c0, 0x0000014693cee8a8]
Event: 23.328 Thread 0x00000146c180e4f0 4586       3       org.gradle.launcher.daemon.server.DaemonRegistryUnavailableExpirationStrategy$1::apply (9 bytes)
Event: 23.328 Thread 0x00000146c180e4f0 nmethod 4586 0x00000146939f7790 code [0x00000146939f7960, 0x00000146939f7cb8]
Event: 23.328 Thread 0x00000146c180e4f0 4587       3       org.gradle.launcher.daemon.server.DaemonRegistryUnavailableExpirationStrategy$1::apply (5 bytes)
Event: 23.328 Thread 0x00000146c180e4f0 nmethod 4587 0x0000014693cede90 code [0x0000014693cee040, 0x0000014693cee238]
Event: 23.328 Thread 0x00000146c180e4f0 4588       3       org.gradle.launcher.daemon.registry.DaemonInfo::getPid (10 bytes)

GC Heap History (14 events):
Event: 0.556 GC heap before
{Heap before GC invocations=0 (full 0):
 garbage-first heap   total 258048K, used 20480K [0x0000000600000000, 0x0000000800000000)
  region size 4096K, 5 young (20480K), 0 survivors (0K)
 Metaspace       used 881K, committed 1024K, reserved 1114112K
  class space    used 71K, committed 128K, reserved 1048576K
}
Event: 0.560 GC heap after
{Heap after GC invocations=1 (full 0):
 garbage-first heap   total 258048K, used 1707K [0x0000000600000000, 0x0000000800000000)
  region size 4096K, 1 young (4096K), 1 survivors (4096K)
 Metaspace       used 881K, committed 1024K, reserved 1114112K
  class space    used 71K, committed 128K, reserved 1048576K
}
Event: 1.718 GC heap before
{Heap before GC invocations=1 (full 0):
 garbage-first heap   total 258048K, used 46763K [0x0000000600000000, 0x0000000800000000)
  region size 4096K, 11 young (45056K), 1 survivors (4096K)
 Metaspace       used 4600K, committed 4800K, reserved 1114112K
  class space    used 582K, committed 704K, reserved 1048576K
}
Event: 1.725 GC heap after
{Heap after GC invocations=2 (full 0):
 garbage-first heap   total 258048K, used 11625K [0x0000000600000000, 0x0000000800000000)
  region size 4096K, 2 young (8192K), 2 survivors (8192K)
 Metaspace       used 4600K, committed 4800K, reserved 1114112K
  class space    used 582K, committed 704K, reserved 1048576K
}
Event: 7.839 GC heap before
{Heap before GC invocations=2 (full 0):
 garbage-first heap   total 258048K, used 114025K [0x0000000600000000, 0x0000000800000000)
  region size 4096K, 28 young (114688K), 2 survivors (8192K)
 Metaspace       used 16077K, committed 16576K, reserved 1114112K
  class space    used 2207K, committed 2432K, reserved 1048576K
}
Event: 7.859 GC heap after
{Heap after GC invocations=3 (full 0):
 garbage-first heap   total 258048K, used 21177K [0x0000000600000000, 0x0000000800000000)
  region size 4096K, 4 young (16384K), 4 survivors (16384K)
 Metaspace       used 16077K, committed 16576K, reserved 1114112K
  class space    used 2207K, committed 2432K, reserved 1048576K
}
Event: 9.036 GC heap before
{Heap before GC invocations=3 (full 0):
 garbage-first heap   total 258048K, used 53945K [0x0000000600000000, 0x0000000800000000)
  region size 4096K, 13 young (53248K), 4 survivors (16384K)
 Metaspace       used 20894K, committed 21504K, reserved 1114112K
  class space    used 2901K, committed 3200K, reserved 1048576K
}
Event: 9.044 GC heap after
{Heap after GC invocations=4 (full 0):
 garbage-first heap   total 258048K, used 24100K [0x0000000600000000, 0x0000000800000000)
  region size 4096K, 3 young (12288K), 3 survivors (12288K)
 Metaspace       used 20894K, committed 21504K, reserved 1114112K
  class space    used 2901K, committed 3200K, reserved 1048576K
}
Event: 10.740 GC heap before
{Heap before GC invocations=5 (full 0):
 garbage-first heap   total 81920K, used 81444K [0x0000000600000000, 0x0000000800000000)
  region size 4096K, 17 young (69632K), 3 survivors (12288K)
 Metaspace       used 27932K, committed 28992K, reserved 1114112K
  class space    used 4016K, committed 4544K, reserved 1048576K
}
Event: 10.749 GC heap after
{Heap after GC invocations=6 (full 0):
 garbage-first heap   total 102400K, used 27205K [0x0000000600000000, 0x0000000800000000)
  region size 4096K, 2 young (8192K), 2 survivors (8192K)
 Metaspace       used 27932K, committed 28992K, reserved 1114112K
  class space    used 4016K, committed 4544K, reserved 1048576K
}
Event: 11.942 GC heap before
{Heap before GC invocations=6 (full 0):
 garbage-first heap   total 102400K, used 72261K [0x0000000600000000, 0x0000000800000000)
  region size 4096K, 14 young (57344K), 2 survivors (8192K)
 Metaspace       used 34128K, committed 35456K, reserved 1114112K
  class space    used 4908K, committed 5568K, reserved 1048576K
}
Event: 11.947 GC heap after
{Heap after GC invocations=7 (full 0):
 garbage-first heap   total 102400K, used 30155K [0x0000000600000000, 0x0000000800000000)
  region size 4096K, 2 young (8192K), 2 survivors (8192K)
 Metaspace       used 34128K, committed 35456K, reserved 1114112K
  class space    used 4908K, committed 5568K, reserved 1048576K
}
Event: 12.035 GC heap before
{Heap before GC invocations=7 (full 0):
 garbage-first heap   total 102400K, used 30155K [0x0000000600000000, 0x0000000800000000)
  region size 4096K, 3 young (12288K), 2 survivors (8192K)
 Metaspace       used 34684K, committed 35968K, reserved 1114112K
  class space    used 4953K, committed 5568K, reserved 1048576K
}
Event: 12.038 GC heap after
{Heap after GC invocations=8 (full 0):
 garbage-first heap   total 102400K, used 30843K [0x0000000600000000, 0x0000000800000000)
  region size 4096K, 1 young (4096K), 1 survivors (4096K)
 Metaspace       used 34684K, committed 35968K, reserved 1114112K
  class space    used 4953K, committed 5568K, reserved 1048576K
}

Dll operation events (20 events):
Event: 0.134 Attempting to load shared library C:\Users\AJI\.vscode\extensions\redhat.java-1.56.0-win32-x64\jre\21.0.12.1-win32-x86_64\bin\nio.dll
Event: 0.135 Loaded shared library C:\Users\AJI\.vscode\extensions\redhat.java-1.56.0-win32-x64\jre\21.0.12.1-win32-x86_64\bin\nio.dll
Event: 0.139 Attempting to load shared library C:\Users\AJI\.vscode\extensions\redhat.java-1.56.0-win32-x64\jre\21.0.12.1-win32-x86_64\bin\zip.dll
Event: 0.139 Loaded shared library C:\Users\AJI\.vscode\extensions\redhat.java-1.56.0-win32-x64\jre\21.0.12.1-win32-x86_64\bin\zip.dll
Event: 0.584 Attempting to load shared library C:\Users\AJI\.vscode\extensions\redhat.java-1.56.0-win32-x64\jre\21.0.12.1-win32-x86_64\bin\jimage.dll
Event: 0.584 Loaded shared library C:\Users\AJI\.vscode\extensions\redhat.java-1.56.0-win32-x64\jre\21.0.12.1-win32-x86_64\bin\jimage.dll
Event: 0.816 Attempting to load shared library C:\Users\AJI\.vscode\extensions\redhat.java-1.56.0-win32-x64\jre\21.0.12.1-win32-x86_64\bin\verify.dll
Event: 0.817 Loaded shared library C:\Users\AJI\.vscode\extensions\redhat.java-1.56.0-win32-x64\jre\21.0.12.1-win32-x86_64\bin\verify.dll
Event: 0.858 Attempting to load shared library C:\Users\AJI\.gradle\native\1def1411415f61bf3af743bc5b6707747c0891f09f0c88961ee8f79bc544acac\windows-amd64\native-platform.dll
Event: 0.859 Loaded shared library C:\Users\AJI\.gradle\native\1def1411415f61bf3af743bc5b6707747c0891f09f0c88961ee8f79bc544acac\windows-amd64\native-platform.dll
Event: 0.879 Attempting to load shared library C:\Users\AJI\.gradle\native\0.2.8\x86_64-windows-gnu\gradle-fileevents.dll
Event: 0.879 Loaded shared library C:\Users\AJI\.gradle\native\0.2.8\x86_64-windows-gnu\gradle-fileevents.dll
Event: 2.508 Attempting to load shared library C:\Users\AJI\.vscode\extensions\redhat.java-1.56.0-win32-x64\jre\21.0.12.1-win32-x86_64\bin\management.dll
Event: 2.508 Loaded shared library C:\Users\AJI\.vscode\extensions\redhat.java-1.56.0-win32-x64\jre\21.0.12.1-win32-x86_64\bin\management.dll
Event: 2.511 Attempting to load shared library C:\Users\AJI\.vscode\extensions\redhat.java-1.56.0-win32-x64\jre\21.0.12.1-win32-x86_64\bin\management_ext.dll
Event: 2.512 Loaded shared library C:\Users\AJI\.vscode\extensions\redhat.java-1.56.0-win32-x64\jre\21.0.12.1-win32-x86_64\bin\management_ext.dll
Event: 2.870 Attempting to load shared library C:\Users\AJI\.vscode\extensions\redhat.java-1.56.0-win32-x64\jre\21.0.12.1-win32-x86_64\bin\extnet.dll
Event: 2.871 Loaded shared library C:\Users\AJI\.vscode\extensions\redhat.java-1.56.0-win32-x64\jre\21.0.12.1-win32-x86_64\bin\extnet.dll
Event: 3.348 Attempting to load shared library C:\Users\AJI\.vscode\extensions\redhat.java-1.56.0-win32-x64\jre\21.0.12.1-win32-x86_64\bin\sunmscapi.dll
Event: 3.369 Loaded shared library C:\Users\AJI\.vscode\extensions\redhat.java-1.56.0-win32-x64\jre\21.0.12.1-win32-x86_64\bin\sunmscapi.dll

Deoptimization events (20 events):
Event: 14.355 Thread 0x00000147089b2640 Uncommon trap: trap_request=0xffffffc6 fr.pc=0x00000146a3debdf8 relative=0x0000000000000bf8
Event: 14.355 Thread 0x00000147089b2640 Uncommon trap: reason=bimorphic_or_optimized_type_check action=maybe_recompile pc=0x00000146a3debdf8 method=java.io.BufferedInputStream.implRead([BII)I @ 100 c2
Event: 14.355 Thread 0x00000147089b2640 DEOPT PACKING pc=0x00000146a3debdf8 sp=0x00000004712fe050
Event: 14.355 Thread 0x00000147089b2640 DEOPT UNPACKING pc=0x00000146a34b4422 sp=0x00000004712fe018 mode 2
Event: 14.394 Thread 0x00000147089b2640 Uncommon trap: trap_request=0xffffffc6 fr.pc=0x00000146a3debdf8 relative=0x0000000000000bf8
Event: 14.394 Thread 0x00000147089b2640 Uncommon trap: reason=bimorphic_or_optimized_type_check action=maybe_recompile pc=0x00000146a3debdf8 method=java.io.BufferedInputStream.implRead([BII)I @ 100 c2
Event: 14.394 Thread 0x00000147089b2640 DEOPT PACKING pc=0x00000146a3debdf8 sp=0x00000004712fe060
Event: 14.394 Thread 0x00000147089b2640 DEOPT UNPACKING pc=0x00000146a34b4422 sp=0x00000004712fe028 mode 2
Event: 14.402 Thread 0x00000147089b2640 Uncommon trap: trap_request=0xffffffc6 fr.pc=0x00000146a3debdf8 relative=0x0000000000000bf8
Event: 14.402 Thread 0x00000147089b2640 Uncommon trap: reason=bimorphic_or_optimized_type_check action=maybe_recompile pc=0x00000146a3debdf8 method=java.io.BufferedInputStream.implRead([BII)I @ 100 c2
Event: 14.402 Thread 0x00000147089b2640 DEOPT PACKING pc=0x00000146a3debdf8 sp=0x00000004712fe1b0
Event: 14.402 Thread 0x00000147089b2640 DEOPT UNPACKING pc=0x00000146a34b4422 sp=0x00000004712fe178 mode 2
Event: 14.406 Thread 0x00000147089b2640 Uncommon trap: trap_request=0xffffffc6 fr.pc=0x00000146a3debdf8 relative=0x0000000000000bf8
Event: 14.406 Thread 0x00000147089b2640 Uncommon trap: reason=bimorphic_or_optimized_type_check action=maybe_recompile pc=0x00000146a3debdf8 method=java.io.BufferedInputStream.implRead([BII)I @ 100 c2
Event: 14.406 Thread 0x00000147089b2640 DEOPT PACKING pc=0x00000146a3debdf8 sp=0x00000004712fe1b0
Event: 14.406 Thread 0x00000147089b2640 DEOPT UNPACKING pc=0x00000146a34b4422 sp=0x00000004712fe178 mode 2
Event: 14.489 Thread 0x00000147089b0c00 Uncommon trap: trap_request=0xffffff45 fr.pc=0x00000146a3dd9c5c relative=0x00000000000007fc
Event: 14.489 Thread 0x00000147089b0c00 Uncommon trap: reason=unstable_if action=reinterpret pc=0x00000146a3dd9c5c method=java.io.BufferedOutputStream.write([BII)V @ 4 c2
Event: 14.489 Thread 0x00000147089b0c00 DEOPT PACKING pc=0x00000146a3dd9c5c sp=0x0000000470ffe6b0
Event: 14.489 Thread 0x00000147089b0c00 DEOPT UNPACKING pc=0x00000146a34b4422 sp=0x0000000470ffe680 mode 2

Classes loaded (20 events):
Event: 12.180 Loading class sun/nio/fs/WindowsChannelFactory$Flags
Event: 12.180 Loading class sun/nio/fs/WindowsChannelFactory$Flags done
Event: 12.180 Loading class sun/nio/fs/WindowsChannelFactory$2
Event: 12.181 Loading class sun/nio/fs/WindowsChannelFactory$2 done
Event: 12.181 Loading class sun/nio/fs/WindowsException
Event: 12.181 Loading class sun/nio/fs/WindowsException done
Event: 12.181 Loading class java/nio/file/FileAlreadyExistsException
Event: 12.181 Loading class java/nio/file/FileAlreadyExistsException done
Event: 12.182 Loading class java/nio/file/AccessMode
Event: 12.182 Loading class java/nio/file/AccessMode done
Event: 12.227 Loading class java/util/Collections$SynchronizedRandomAccessList
Event: 12.227 Loading class java/util/Collections$SynchronizedList
Event: 12.227 Loading class java/util/Collections$SynchronizedList done
Event: 12.227 Loading class java/util/Collections$SynchronizedRandomAccessList done
Event: 13.316 Loading class java/util/concurrent/LinkedBlockingDeque$Itr
Event: 13.316 Loading class java/util/concurrent/LinkedBlockingDeque$AbstractItr
Event: 13.316 Loading class java/util/concurrent/LinkedBlockingDeque$AbstractItr done
Event: 13.316 Loading class java/util/concurrent/LinkedBlockingDeque$Itr done
Event: 14.358 Loading class java/nio/charset/CharacterCodingException
Event: 14.358 Loading class java/nio/charset/CharacterCodingException done

Classes unloaded (0 events):
No events

Classes redefined (0 events):
No events

Internal exceptions (20 events):
Event: 12.141 Thread 0x00000147089af850 Exception <a 'java/lang/ClassNotFoundException'{0x000000060fa3da90}: groovy/lang/GroovyObjectSupportCustomizer> (0x000000060fa3da90) 
thrown [s\src\hotspot\share\classfile\systemDictionary.cpp, line 313]
Event: 12.146 Thread 0x00000147089af850 Exception <a 'java/lang/ClassNotFoundException'{0x000000060fa58a58}: org/gradle/internal/extensibility/DefaultExtraPropertiesExtensionCustomizer> (0x000000060fa58a58) 
thrown [s\src\hotspot\share\classfile\systemDictionary.cpp, line 313]
Event: 12.150 Thread 0x00000147089af850 Exception <a 'java/lang/IncompatibleClassChangeError'{0x000000060fa76470}: Found class java.lang.Object, but interface was expected> (0x000000060fa76470) 
thrown [s\src\hotspot\share\interpreter\linkResolver.cpp, line 840]
Event: 12.181 Thread 0x00000147089af850 Exception <a 'sun/nio/fs/WindowsException'{0x000000060fb3b860}> (0x000000060fb3b860) 
thrown [s\src\hotspot\share\prims\jni.cpp, line 520]
Event: 12.183 Thread 0x00000147089af850 Exception <a 'sun/nio/fs/WindowsException'{0x000000060fb3d590}> (0x000000060fb3d590) 
thrown [s\src\hotspot\share\prims\jni.cpp, line 520]
Event: 12.183 Thread 0x00000147089af850 Exception <a 'sun/nio/fs/WindowsException'{0x000000060fb3ea38}> (0x000000060fb3ea38) 
thrown [s\src\hotspot\share\prims\jni.cpp, line 520]
Event: 12.184 Thread 0x00000147089af850 Exception <a 'sun/nio/fs/WindowsException'{0x000000060fb3ff10}> (0x000000060fb3ff10) 
thrown [s\src\hotspot\share\prims\jni.cpp, line 520]
Event: 12.216 Thread 0x00000147089af850 Exception <a 'java/lang/NoSuchMethodError'{0x000000060d0440d8}: 'java.lang.Object java.lang.invoke.Invokers$Holder.invoker(java.lang.Object, java.lang.Object, java.lang.Object, java.lang.Object, java.lang.Object, java.lang.Object)'> (0x000000060d0440d8) 
thrown [s\src\hotspot\share\interpreter\linkResolver.cpp, line 773]
Event: 12.628 Thread 0x00000147089af850 Exception <a 'java/lang/NoSuchMethodError'{0x000000060d0fa528}: 'java.lang.Object java.lang.invoke.Invokers$Holder.invoker(java.lang.Object, java.lang.Object, java.lang.Object, java.lang.Object, java.lang.Object, java.lang.Object, java.lang.Object, java.lang.Object, java.lang.Object, java.lang.Object, java.lang.Object, java.lang.Object, java.lang.Object, java.lang.Object, java.lang.Object, java.lang.Object, java.lang.Object, java.lang.Object, java.lang.Object, java.lang.Object, java.lang.Object, java.lang.
Event: 12.628 Thread 0x00000147089af850 Exception <a 'java/lang/NoSuchMethodError'{0x000000060d100e40}: 'java.lang.Object java.lang.invoke.DelegatingMethodHandle$Holder.delegate(java.lang.Object, java.lang.Object, java.lang.Object, java.lang.Object, java.lang.Object, java.lang.Object, java.lang.Object, java.lang.Object, java.lang.Object, java.lang.Object, java.lang.Object, java.lang.Object, java.lang.Object, java.lang.Object, java.lang.Object, java.lang.Object, java.lang.Object, java.lang.Object, java.lang.Object, java.lang.Object, java.lang.Obj
Event: 12.699 Thread 0x00000147089af850 Exception <a 'java/lang/NoSuchMethodError'{0x000000060d3ea630}: 'java.lang.Object java.lang.invoke.DirectMethodHandle$Holder.newInvokeSpecial(java.lang.Object, java.lang.Object, java.lang.Object, java.lang.Object, java.lang.Object, java.lang.Object, int)'> (0x000000060d3ea630) 
thrown [s\src\hotspot\share\interpreter\linkResolver.cpp, line 773]
Event: 12.699 Thread 0x00000147089af850 Exception <a 'java/lang/NoSuchMethodError'{0x000000060d3ef5b8}: 'java.lang.Object java.lang.invoke.DirectMethodHandle$Holder.invokeSpecial(java.lang.Object, java.lang.Object, java.lang.Object, java.lang.Object, java.lang.Object, java.lang.Object, java.lang.Object, int)'> (0x000000060d3ef5b8) 
thrown [s\src\hotspot\share\interpreter\linkResolver.cpp, line 773]
Event: 12.876 Thread 0x00000147089af850 Exception <a 'java/lang/IncompatibleClassChangeError'{0x0000000603347f28}: Found class java.lang.Object, but interface was expected> (0x0000000603347f28) 
thrown [s\src\hotspot\share\interpreter\linkResolver.cpp, line 840]
Event: 12.904 Thread 0x00000147089af850 Exception <a 'java/lang/NoSuchMethodError'{0x0000000602c1f0e8}: 'java.lang.Object java.lang.invoke.DirectMethodHandle$Holder.newInvokeSpecial(java.lang.Object, java.lang.Object, long)'> (0x0000000602c1f0e8) 
thrown [s\src\hotspot\share\interpreter\linkResolver.cpp, line 773]
Event: 12.905 Thread 0x00000147089af850 Exception <a 'java/lang/NoSuchMethodError'{0x0000000602c23980}: 'java.lang.Object java.lang.invoke.Invokers$Holder.linkToTargetMethod(java.lang.Object, long, java.lang.Object)'> (0x0000000602c23980) 
thrown [s\src\hotspot\share\interpreter\linkResolver.cpp, line 773]
Event: 14.350 Thread 0x00000147089b2640 Implicit null exception at 0x00000146a3d13547 to 0x00000146a3d13930
Event: 14.386 Thread 0x00000147089af850 Exception <a 'java/lang/NoSuchMethodError'{0x0000000602ef9278}: 'int java.lang.invoke.DirectMethodHandle$Holder.invokeInterface(java.lang.Object, java.lang.Object)'> (0x0000000602ef9278) 
thrown [s\src\hotspot\share\interpreter\linkResolver.cpp, line 773]
Event: 14.449 Thread 0x00000147089af850 Exception <a 'java/lang/NoSuchMethodError'{0x0000000602fe9810}: 'java.lang.Object java.lang.invoke.DirectMethodHandle$Holder.newInvokeSpecial(java.lang.Object, java.lang.Object, int, java.lang.Object, java.lang.Object, java.lang.Object, java.lang.Object)'> (0x0000000602fe9810) 
thrown [s\src\hotspot\share\interpreter\linkResolver.cpp, line 773]
Event: 14.449 Thread 0x00000147089af850 Exception <a 'java/lang/NoSuchMethodError'{0x0000000602ff2040}: 'java.lang.Object java.lang.invoke.Invokers$Holder.linkToTargetMethod(java.lang.Object, int, java.lang.Object, java.lang.Object, java.lang.Object, java.lang.Object, java.lang.Object)'> (0x0000000602ff2040) 
thrown [s\src\hotspot\share\interpreter\linkResolver.cpp, line 773]
Event: 14.489 Thread 0x00000147089b0c00 Implicit null exception at 0x00000146a3dd94ae to 0x00000146a3dd9c38

ZGC Phase Switch (0 events):
No events

VM Operations (20 events):
Event: 12.035 Executing safepoint VM operation: CollectForMetadataAllocation (Metadata GC Threshold)
Event: 12.039 Executing safepoint VM operation: CollectForMetadataAllocation (Metadata GC Threshold) done
Event: 12.050 Executing safepoint VM operation: G1PauseRemark
Event: 12.055 Executing safepoint VM operation: G1PauseRemark done
Event: 12.061 Executing safepoint VM operation: G1PauseCleanup
Event: 12.061 Executing safepoint VM operation: G1PauseCleanup done
Event: 12.182 Executing non-safepoint VM operation: HandshakeAllThreads (Deoptimize)
Event: 12.182 Executing non-safepoint VM operation: HandshakeAllThreads (Deoptimize) done
Event: 12.881 Executing non-safepoint VM operation: HandshakeAllThreads (Deoptimize)
Event: 12.881 Executing non-safepoint VM operation: HandshakeAllThreads (Deoptimize) done
Event: 13.891 Executing safepoint VM operation: Cleanup
Event: 13.891 Executing safepoint VM operation: Cleanup done
Event: 14.346 Executing non-safepoint VM operation: HandshakeAllThreads (Deoptimize)
Event: 14.346 Executing non-safepoint VM operation: HandshakeAllThreads (Deoptimize) done
Event: 14.348 Executing non-safepoint VM operation: HandshakeAllThreads (Deoptimize)
Event: 14.348 Executing non-safepoint VM operation: HandshakeAllThreads (Deoptimize) done
Event: 15.360 Executing safepoint VM operation: Cleanup
Event: 15.360 Executing safepoint VM operation: Cleanup done
Event: 20.423 Executing safepoint VM operation: Cleanup
Event: 20.423 Executing safepoint VM operation: Cleanup done

Memory protections (0 events):
No events

Nmethod flushes (20 events):
Event: 12.053 Thread 0x00000146c17df2b0 flushing  nmethod 0x00000146939cf910
Event: 12.053 Thread 0x00000146c17df2b0 flushing  nmethod 0x0000014693a37710
Event: 12.053 Thread 0x00000146c17df2b0 flushing  nmethod 0x0000014693a98410
Event: 12.053 Thread 0x00000146c17df2b0 flushing  nmethod 0x0000014693a9a190
Event: 12.053 Thread 0x00000146c17df2b0 flushing  nmethod 0x0000014693a9a710
Event: 12.053 Thread 0x00000146c17df2b0 flushing  nmethod 0x0000014693a9bb10
Event: 12.053 Thread 0x00000146c17df2b0 flushing  nmethod 0x0000014693adc110
Event: 12.053 Thread 0x00000146c17df2b0 flushing  nmethod 0x0000014693adc910
Event: 12.053 Thread 0x00000146c17df2b0 flushing  nmethod 0x0000014693d21990
Event: 12.053 Thread 0x00000146c17df2b0 flushing  nmethod 0x0000014693a2e310
Event: 12.053 Thread 0x00000146c17df2b0 flushing  nmethod 0x0000014693a2e610
Event: 12.053 Thread 0x00000146c17df2b0 flushing  nmethod 0x0000014693a31110
Event: 12.053 Thread 0x00000146c17df2b0 flushing  nmethod 0x0000014693a32790
Event: 12.053 Thread 0x00000146c17df2b0 flushing  nmethod 0x0000014693a8c590
Event: 12.053 Thread 0x00000146c17df2b0 flushing  nmethod 0x0000014693a93710
Event: 12.053 Thread 0x00000146c17df2b0 flushing  nmethod 0x0000014693a95810
Event: 12.053 Thread 0x00000146c17df2b0 flushing  nmethod 0x0000014693ac8090
Event: 12.053 Thread 0x00000146c17df2b0 flushing  nmethod 0x0000014693b2ed90
Event: 12.053 Thread 0x00000146c17df2b0 flushing  nmethod 0x0000014693b30690
Event: 12.053 Thread 0x00000146c17df2b0 flushing  nmethod 0x0000014693d79990

Events (20 events):
Event: 8.280 Thread 0x00000146c180e4f0 Thread added: 0x00000146c18911b0
Event: 9.347 Thread 0x00000146c18911b0 Thread exited: 0x00000146c18911b0
Event: 9.472 Thread 0x00000146c180e4f0 Thread added: 0x000001470b6cce40
Event: 9.640 Thread 0x00000146c180e4f0 Thread added: 0x000001470a2de200
Event: 9.640 Thread 0x00000146c180e4f0 Thread added: 0x0000014708ac97b0
Event: 9.640 Thread 0x00000146c180e4f0 Thread added: 0x000001470a2e5530
Event: 9.716 Thread 0x00000147089af850 Thread added: 0x000001470ba5ab40
Event: 9.753 Thread 0x00000147089af850 Thread added: 0x000001470ba5c580
Event: 9.927 Thread 0x000001470b6cce40 Thread exited: 0x000001470b6cce40
Event: 10.011 Thread 0x00000146c1807fb0 Thread added: 0x000001470a099fb0
Event: 10.244 Thread 0x00000147089af850 Thread added: 0x000001470ba5b1d0
Event: 10.293 Thread 0x00000147089af850 Thread added: 0x000001470ba5b860
Event: 10.569 Thread 0x000001470a099fb0 Thread exited: 0x000001470a099fb0
Event: 10.793 Thread 0x00000147089af850 Thread added: 0x000001470ba59100
Event: 10.880 Thread 0x00000147089af850 Thread added: 0x000001470ba5cc10
Event: 11.417 Thread 0x00000147089af850 Thread added: 0x000001470ba59790
Event: 11.516 Thread 0x00000147089af850 Thread added: 0x000001470ba5d2a0
Event: 12.696 Thread 0x000001470a2e5530 Thread exited: 0x000001470a2e5530
Event: 16.199 Thread 0x0000014708ac97b0 Thread exited: 0x0000014708ac97b0
Event: 16.240 Thread 0x000001470a2de200 Thread exited: 0x000001470a2de200


Dynamic libraries:
0x00007ff735c60000 - 0x00007ff735c6e000 	C:\Users\AJI\.vscode\extensions\redhat.java-1.56.0-win32-x64\jre\21.0.12.1-win32-x86_64\bin\java.exe
0x00007ffaa9a20000 - 0x00007ffaa9c87000 	C:\WINDOWS\SYSTEM32\ntdll.dll
0x00007ffaa7cd0000 - 0x00007ffaa7d9b000 	C:\WINDOWS\System32\KERNEL32.DLL
0x00007ffaa71b0000 - 0x00007ffaa75b2000 	C:\WINDOWS\System32\KERNELBASE.dll
0x00007ffaa7050000 - 0x00007ffaa719c000 	C:\WINDOWS\System32\ucrtbase.dll
0x00007ffa76fd0000 - 0x00007ffa76fee000 	C:\Users\AJI\.vscode\extensions\redhat.java-1.56.0-win32-x64\jre\21.0.12.1-win32-x86_64\bin\VCRUNTIME140.dll
0x00007ffa5b940000 - 0x00007ffa5b958000 	C:\Users\AJI\.vscode\extensions\redhat.java-1.56.0-win32-x64\jre\21.0.12.1-win32-x86_64\bin\jli.dll
0x00007ffaa7da0000 - 0x00007ffaa7f6f000 	C:\WINDOWS\System32\USER32.dll
0x00007ffa85610000 - 0x00007ffa858a0000 	C:\WINDOWS\WinSxS\amd64_microsoft.windows.common-controls_6595b64144ccf1df_6.0.26100.9278_none_3e0d1ba8e3303201\COMCTL32.dll
0x00007ffaa6e90000 - 0x00007ffaa6eb7000 	C:\WINDOWS\System32\win32u.dll
0x00007ffaa8760000 - 0x00007ffaa8809000 	C:\WINDOWS\System32\msvcrt.dll
0x00007ffaa7740000 - 0x00007ffaa776b000 	C:\WINDOWS\System32\GDI32.dll
0x00007ffaa6cd0000 - 0x00007ffaa6df9000 	C:\WINDOWS\System32\gdi32full.dll
0x00007ffaa6c20000 - 0x00007ffaa6cc3000 	C:\WINDOWS\System32\msvcp_win.dll
0x00007ffaa9250000 - 0x00007ffaa9281000 	C:\WINDOWS\System32\IMM32.DLL
0x00007ffa8fa10000 - 0x00007ffa8fa1c000 	C:\Users\AJI\.vscode\extensions\redhat.java-1.56.0-win32-x64\jre\21.0.12.1-win32-x86_64\bin\vcruntime140_1.dll
0x00007ff9ae9a0000 - 0x00007ff9aea2d000 	C:\Users\AJI\.vscode\extensions\redhat.java-1.56.0-win32-x64\jre\21.0.12.1-win32-x86_64\bin\msvcp140.dll
0x00007ff96c320000 - 0x00007ff96d0c2000 	C:\Users\AJI\.vscode\extensions\redhat.java-1.56.0-win32-x64\jre\21.0.12.1-win32-x86_64\bin\server\jvm.dll
0x00007ffaa8fb0000 - 0x00007ffaa906c000 	C:\WINDOWS\System32\ADVAPI32.dll
0x00007ffaa7b90000 - 0x00007ffaa7c39000 	C:\WINDOWS\System32\sechost.dll
0x00007ffaa80d0000 - 0x00007ffaa81e8000 	C:\WINDOWS\System32\RPCRT4.dll
0x00007ffaa7c40000 - 0x00007ffaa7cc0000 	C:\WINDOWS\System32\WS2_32.dll
0x00007ffaa6a80000 - 0x00007ffaa6ade000 	C:\WINDOWS\SYSTEM32\POWRPROF.dll
0x00007ffa9deb0000 - 0x00007ffa9debb000 	C:\WINDOWS\SYSTEM32\VERSION.dll
0x00007ffaa0960000 - 0x00007ffaa0996000 	C:\WINDOWS\SYSTEM32\WINMM.dll
0x00007ffaa6a60000 - 0x00007ffaa6a75000 	C:\WINDOWS\SYSTEM32\UMPDC.dll
0x00007ffaa5400000 - 0x00007ffaa541b000 	C:\WINDOWS\SYSTEM32\kernel.appcore.dll
0x00007ffa8f9e0000 - 0x00007ffa8f9ea000 	C:\Users\AJI\.vscode\extensions\redhat.java-1.56.0-win32-x64\jre\21.0.12.1-win32-x86_64\bin\jimage.dll
0x00007ffaa3d10000 - 0x00007ffaa3f5c000 	C:\WINDOWS\SYSTEM32\DBGHELP.DLL
0x00007ffaa9320000 - 0x00007ffaa96a5000 	C:\WINDOWS\System32\combase.dll
0x00007ffaa81f0000 - 0x00007ffaa82c9000 	C:\WINDOWS\System32\OLEAUT32.dll
0x00007ffa84dc0000 - 0x00007ffa84dfb000 	C:\WINDOWS\SYSTEM32\dbgcore.DLL
0x00007ffaa75c0000 - 0x00007ffaa766c000 	C:\WINDOWS\System32\bcryptPrimitives.dll
0x00007ffa80050000 - 0x00007ffa8005f000 	C:\Users\AJI\.vscode\extensions\redhat.java-1.56.0-win32-x64\jre\21.0.12.1-win32-x86_64\bin\instrument.dll
0x00007ffa56a30000 - 0x00007ffa56a50000 	C:\Users\AJI\.vscode\extensions\redhat.java-1.56.0-win32-x64\jre\21.0.12.1-win32-x86_64\bin\java.dll
0x00007ffaa8810000 - 0x00007ffaa8fa8000 	C:\WINDOWS\System32\SHELL32.dll
0x00007ffaa4150000 - 0x00007ffaa49fe000 	C:\WINDOWS\SYSTEM32\windows.storage.dll
0x00007ffaa96b0000 - 0x00007ffaa97ab000 	C:\WINDOWS\System32\SHCORE.dll
0x00007ffaa7a10000 - 0x00007ffaa7a76000 	C:\WINDOWS\System32\shlwapi.dll
0x00007ffaa6b40000 - 0x00007ffaa6b69000 	C:\WINDOWS\SYSTEM32\profapi.dll
0x00007ffa554d0000 - 0x00007ffa554e8000 	C:\Users\AJI\.vscode\extensions\redhat.java-1.56.0-win32-x64\jre\21.0.12.1-win32-x86_64\bin\zip.dll
0x00007ffa813d0000 - 0x00007ffa813e0000 	C:\Users\AJI\.vscode\extensions\redhat.java-1.56.0-win32-x64\jre\21.0.12.1-win32-x86_64\bin\net.dll
0x00007ffa9f270000 - 0x00007ffa9f39a000 	C:\WINDOWS\SYSTEM32\WINHTTP.dll
0x00007ffaa59c0000 - 0x00007ffaa5a2c000 	C:\WINDOWS\system32\mswsock.dll
0x00007ffa554b0000 - 0x00007ffa554c6000 	C:\Users\AJI\.vscode\extensions\redhat.java-1.56.0-win32-x64\jre\21.0.12.1-win32-x86_64\bin\nio.dll
0x00007ffa7fae0000 - 0x00007ffa7faf0000 	C:\Users\AJI\.vscode\extensions\redhat.java-1.56.0-win32-x64\jre\21.0.12.1-win32-x86_64\bin\verify.dll
0x00007ffa399a0000 - 0x00007ffa399c7000 	C:\Users\AJI\.gradle\native\1def1411415f61bf3af743bc5b6707747c0891f09f0c88961ee8f79bc544acac\windows-amd64\native-platform.dll
0x00007ff9bbe60000 - 0x00007ff9bbed7000 	C:\Users\AJI\.gradle\native\0.2.8\x86_64-windows-gnu\gradle-fileevents.dll
0x00007ffa7eee0000 - 0x00007ffa7eeea000 	C:\Users\AJI\.vscode\extensions\redhat.java-1.56.0-win32-x64\jre\21.0.12.1-win32-x86_64\bin\management.dll
0x00007ffa77400000 - 0x00007ffa7740c000 	C:\Users\AJI\.vscode\extensions\redhat.java-1.56.0-win32-x64\jre\21.0.12.1-win32-x86_64\bin\management_ext.dll
0x00007ffaa7b80000 - 0x00007ffaa7b88000 	C:\WINDOWS\System32\PSAPI.DLL
0x00007ffaa4ee0000 - 0x00007ffaa4f13000 	C:\WINDOWS\SYSTEM32\IPHLPAPI.DLL
0x00007ffaa80c0000 - 0x00007ffaa80ca000 	C:\WINDOWS\System32\NSI.dll
0x00007ffa74220000 - 0x00007ffa74229000 	C:\Users\AJI\.vscode\extensions\redhat.java-1.56.0-win32-x64\jre\21.0.12.1-win32-x86_64\bin\extnet.dll
0x00007ffaa5cb0000 - 0x00007ffaa5ccb000 	C:\WINDOWS\SYSTEM32\CRYPTSP.dll
0x00007ffaa5360000 - 0x00007ffaa5399000 	C:\WINDOWS\system32\rsaenh.dll
0x00007ffaa5a70000 - 0x00007ffaa5aa4000 	C:\WINDOWS\SYSTEM32\USERENV.dll
0x00007ffaa6b10000 - 0x00007ffaa6b3a000 	C:\WINDOWS\SYSTEM32\bcrypt.dll
0x00007ffaa5cd0000 - 0x00007ffaa5cdc000 	C:\WINDOWS\SYSTEM32\CRYPTBASE.dll
0x00007ffa73220000 - 0x00007ffa7322e000 	C:\Users\AJI\.vscode\extensions\redhat.java-1.56.0-win32-x64\jre\21.0.12.1-win32-x86_64\bin\sunmscapi.dll
0x00007ffaa6ec0000 - 0x00007ffaa703e000 	C:\WINDOWS\System32\CRYPT32.dll
0x00007ffaa5ea0000 - 0x00007ffaa5ed0000 	C:\WINDOWS\SYSTEM32\ncrypt.dll
0x00007ffaa5e50000 - 0x00007ffaa5e8f000 	C:\WINDOWS\SYSTEM32\NTASN1.dll
0x00007ffa7c400000 - 0x00007ffa7c408000 	C:\WINDOWS\system32\wshunix.dll

JVMTI agents:
C:\Users\AJI\.gradle\wrapper\dists\gradle-9.1.0-all\7wzd0jkjit61aq2p43wpjgij9\gradle-9.1.0\lib\agents\gradle-instrumentation-agent-9.1.0.jar path:C:\Users\AJI\.vscode\extensions\redhat.java-1.56.0-win32-x64\jre\21.0.12.1-win32-x86_64\bin\instrument.dll, loaded, initialized, instrumentlib options:none

dbghelp: loaded successfully - version: 4.0.5 - missing functions: none
symbol engine: initialized successfully - sym options: 0x614 - pdb path: .;C:\Users\AJI\.vscode\extensions\redhat.java-1.56.0-win32-x64\jre\21.0.12.1-win32-x86_64\bin;C:\WINDOWS\SYSTEM32;C:\WINDOWS\WinSxS\amd64_microsoft.windows.common-controls_6595b64144ccf1df_6.0.26100.9278_none_3e0d1ba8e3303201;C:\Users\AJI\.vscode\extensions\redhat.java-1.56.0-win32-x64\jre\21.0.12.1-win32-x86_64\bin\server;C:\Users\AJI\.gradle\native\1def1411415f61bf3af743bc5b6707747c0891f09f0c88961ee8f79bc544acac\windows-amd64;C:\Users\AJI\.gradle\native\0.2.8\x86_64-windows-gnu

VM Arguments:
jvm_args: --add-opens=java.base/java.lang=ALL-UNNAMED --add-opens=java.base/java.lang.invoke=ALL-UNNAMED --add-opens=java.base/java.util=ALL-UNNAMED --add-opens=java.prefs/java.util.prefs=ALL-UNNAMED --add-exports=jdk.compiler/com.sun.tools.javac.api=ALL-UNNAMED --add-exports=jdk.compiler/com.sun.tools.javac.util=ALL-UNNAMED --add-opens=java.base/java.util=ALL-UNNAMED --add-opens=java.prefs/java.util.prefs=ALL-UNNAMED --add-opens=java.base/java.nio.charset=ALL-UNNAMED --add-opens=java.base/java.net=ALL-UNNAMED --add-opens=java.base/java.util.concurrent=ALL-UNNAMED --add-opens=java.base/java.util.concurrent.atomic=ALL-UNNAMED --add-opens=java.xml/javax.xml.namespace=ALL-UNNAMED --add-opens=java.base/java.time=ALL-UNNAMED -XX:MaxMetaspaceSize=4G -XX:ReservedCodeCacheSize=512m -XX:+HeapDumpOnOutOfMemoryError -Xmx8G -Dfile.encoding=UTF-8 -Duser.country=IN -Duser.language=en -Duser.variant -javaagent:C:\Users\AJI\.gradle\wrapper\dists\gradle-9.1.0-all\7wzd0jkjit61aq2p43wpjgij9\gradle-9.1.0\lib\agents\gradle-instrumentation-agent-9.1.0.jar 
java_command: org.gradle.launcher.daemon.bootstrap.GradleDaemon 9.1.0
java_class_path (initial): C:\Users\AJI\.gradle\wrapper\dists\gradle-9.1.0-all\7wzd0jkjit61aq2p43wpjgij9\gradle-9.1.0\lib\gradle-daemon-main-9.1.0.jar
Launcher Type: SUN_STANDARD

[Global flags]
     intx CICompilerCount                          = 12                                        {product} {ergonomic}
     uint ConcGCThreads                            = 4                                         {product} {ergonomic}
     uint G1ConcRefinementThreads                  = 15                                        {product} {ergonomic}
   size_t G1HeapRegionSize                         = 4194304                                   {product} {ergonomic}
    uintx GCDrainStackTargetSize                   = 64                                        {product} {ergonomic}
     bool HeapDumpOnOutOfMemoryError               = true                                   {manageable} {command line}
   size_t InitialHeapSize                          = 264241152                                 {product} {ergonomic}
   size_t MarkStackSize                            = 4194304                                   {product} {ergonomic}
   size_t MaxHeapSize                              = 8589934592                                {product} {command line}
   size_t MaxMetaspaceSize                         = 4294967296                                {product} {command line}
   size_t MaxNewSize                               = 5150605312                                {product} {ergonomic}
   size_t MinHeapDeltaBytes                        = 4194304                                   {product} {ergonomic}
   size_t MinHeapSize                              = 8388608                                   {product} {ergonomic}
    uintx NonNMethodCodeHeapSize                   = 7602480                                {pd product} {ergonomic}
    uintx NonProfiledCodeHeapSize                  = 264634216                              {pd product} {ergonomic}
    uintx ProfiledCodeHeapSize                     = 264634216                              {pd product} {ergonomic}
    uintx ReservedCodeCacheSize                    = 536870912                              {pd product} {command line}
     bool SegmentedCodeCache                       = true                                      {product} {ergonomic}
   size_t SoftMaxHeapSize                          = 8589934592                             {manageable} {ergonomic}
     bool UseCompressedOops                        = true                           {product lp64_product} {ergonomic}
     bool UseG1GC                                  = true                                      {product} {ergonomic}
     bool UseLargePagesIndividualAllocation        = false                                  {pd product} {ergonomic}

Logging:
Log output configuration:
 #0: stdout all=warning uptime,level,tags foldmultilines=false
 #1: stderr all=off uptime,level,tags foldmultilines=false

Release file:
JAVA_VERSION="21.0.12.1" 
MODULES="java.base java.compiler java.datatransfer java.xml java.prefs java.desktop java.instrument java.logging java.management java.security.sasl java.naming java.rmi java.management.rmi java.net.http java.scripting java.security.jgss java.transaction.xa java.sql java.sql.rowset java.xml.crypto java.se java.smartcardio jdk.accessibility jdk.internal.jvmstat jdk.attach jdk.charsets jdk.internal.opt jdk.zipfs jdk.compiler jdk.crypto.ec jdk.crypto.cryptoki jdk.crypto.mscapi jdk.dynalink jdk.internal.ed jdk.editpad jdk.hotspot.agent jdk.httpserver jdk.internal.le jdk.internal.vm.ci jdk.internal.vm.compiler jdk.internal.vm.compiler.management jdk.jartool jdk.javadoc jdk.jcmd jdk.management jdk.management.agent jdk.jconsole jdk.jdeps jdk.jdwp.agent jdk.jdi jdk.jfr jdk.jshell jdk.jsobject jdk.jstatd jdk.localedata jdk.management.jfr jdk.naming.dns jdk.naming.rmi jdk.net jdk.nio.mapmode jdk.random jdk.sctp jdk.security.auth jdk.security.jgss jdk.unsupported jdk.unsupported.desktop jdk.xml.dom" 

Environment Variables:
JAVA_HOME=C:\Program Files\Java\jdk-17
PATH=C:\Python314\Scripts\;C:\Python314\;C:\Program Files\Eclipse Adoptium\jdk-25.0.3.9-hotspot\bin;C:\Program Files\Microsoft\jdk-11.0.16.101-hotspot\bin;C:\WINDOWS\system32;C:\WINDOWS;C:\WINDOWS\System32\Wbem;C:\WINDOWS\System32\WindowsPowerShell\v1.0\;C:\WINDOWS\System32\OpenSSH\;C:\Program Files\dotnet\;C:\MinGW\bin;C:\ProgramData\chocolatey\bin;C:\Users\AJI\AppData\Local\Pub\Cache\bin;C:\Program Files\Java\jdk-17\bin;d:\cursor\resources\app\bin;C:\Users\AJI\develop\flutter\bin;C:\Users\AJI\.local\bin;D:\node\node_modules\npm\bin;D:\node\;C:\Program Files\nodejs\;C:\Program Files\nodejs\node_modules\npm\bin;C:\Users\AJI\Documents\MONGO\mongosh-2.9.2-win32-x64\bin;C:\xampp\php;C:\Program Files\Git\cmd;C:\Users\AJI\AppData\Local\Programs\Python\Python312\Scripts\;C:\Users\AJI\AppData\Local\Programs\Python\Python312\;C:\Users\AJI\.local\bin;C:\Users\AJI\AppData\Local\Microsoft\WindowsApps;D:\IntelliJ IDEA Community Edition 2023.1.5\bin;;C:\mingw64\bin;C:\Users\AJI\.dotnet\tools;C:\Users\AJI\Documents\flutter_windows_3.13.4-stable\flutter\bin;C:\Users\AJI\AppData\Local\Pub\Cache\bin;D:\flutter_pub_cache;C:\Users\AJI\AppData\Local\Android\Sdk;C:\Program Files\Java\jdk-17\bin;D:\rider\JetBrains Rider 2024.3.7\bin;;D:\Program Files\Microsoft VS Code\bin;D:\freelanceing\cursor\resources\app\bin;C:\Users\AJI\AppData\Local\Programs\Microsoft VS Code\bin;C:\Users\AJI\AppData\Local\Programs\cursor\resources\app\bin;C:\Users\AJI\AppData\Roaming\npm
USERNAME=AJI
OS=Windows_NT
PROCESSOR_IDENTIFIER=Intel64 Family 6 Model 154 Stepping 3, GenuineIntel
TMP=C:\Users\AJI\AppData\Local\Temp
TEMP=C:\Users\AJI\AppData\Local\Temp




Periodic native trim disabled

---------------  S Y S T E M  ---------------

OS:
 Windows 11 , 64 bit Build 26100 (10.0.26100.9444)
OS uptime: 0 days 4:11 hours
Hyper-V role detected

CPU: total 20 (initial active 20) (10 cores per cpu, 2 threads per core) family 6 model 154 stepping 3 microcode 0x43b, cx8, cmov, fxsr, ht, mmx, 3dnowpref, sse, sse2, sse3, ssse3, sse4.1, sse4.2, popcnt, lzcnt, tsc, tscinvbit, avx, avx2, aes, erms, clmul, bmi1, bmi2, adx, sha, fma, vzeroupper, clflush, clflushopt, clwb, hv, serialize, rdtscp, rdpid, fsrm, f16c, cet_ibt, cet_ss
Processor Information for processor 0
  Max Mhz: 2300, Current Mhz: 2300, Mhz Limit: 2300
Processor Information for processor 1
  Max Mhz: 2300, Current Mhz: 2300, Mhz Limit: 2300
Processor Information for processor 2
  Max Mhz: 2300, Current Mhz: 2300, Mhz Limit: 2300
Processor Information for processor 3
  Max Mhz: 2300, Current Mhz: 2300, Mhz Limit: 2300
Processor Information for processor 4
  Max Mhz: 2300, Current Mhz: 2300, Mhz Limit: 2300
Processor Information for processor 5
  Max Mhz: 2300, Current Mhz: 2300, Mhz Limit: 2300
Processor Information for processor 6
  Max Mhz: 2300, Current Mhz: 2300, Mhz Limit: 2300
Processor Information for processor 7
  Max Mhz: 2300, Current Mhz: 2300, Mhz Limit: 2300
Processor Information for processor 8
  Max Mhz: 2300, Current Mhz: 2300, Mhz Limit: 2300
Processor Information for processor 9
  Max Mhz: 2300, Current Mhz: 2300, Mhz Limit: 2300
Processor Information for processor 10
  Max Mhz: 2300, Current Mhz: 2300, Mhz Limit: 2300
Processor Information for processor 11
  Max Mhz: 2300, Current Mhz: 2300, Mhz Limit: 2300
Processor Information for processor 12
  Max Mhz: 2300, Current Mhz: 2300, Mhz Limit: 2300
Processor Information for processor 13
  Max Mhz: 2300, Current Mhz: 1488, Mhz Limit: 2300
Processor Information for processor 14
  Max Mhz: 2300, Current Mhz: 1488, Mhz Limit: 2300
Processor Information for processor 15
  Max Mhz: 2300, Current Mhz: 1488, Mhz Limit: 2300
Processor Information for processor 16
  Max Mhz: 2300, Current Mhz: 1488, Mhz Limit: 2300
Processor Information for processor 17
  Max Mhz: 2300, Current Mhz: 1488, Mhz Limit: 2300
Processor Information for processor 18
  Max Mhz: 2300, Current Mhz: 1488, Mhz Limit: 2300
Processor Information for processor 19
  Max Mhz: 2300, Current Mhz: 1488, Mhz Limit: 2300

Memory: 4k page, system-wide physical 16068M (61M free)
TotalPageFile size 65220M (AvailPageFile size 0M)
current process WorkingSet (physical memory assigned to process): 104M, peak: 267M
current process commit charge ("private bytes"): 283M, peak: 457M

vm_info: OpenJDK 64-Bit Server VM (21.0.12.1+1-LTS) for windows-amd64 JRE (21.0.12.1+1-LTS), built on 2026-08-18T00:00:00Z by "admin" with MS VC++ 17.12 (VS2022)

END.
