#
# There is insufficient memory for the Java Runtime Environment to continue.
# Native memory allocation (malloc) failed to allocate 907376 bytes. Error detail: Chunk::new
# Possible reasons:
#   The system is out of physical RAM or swap space
#   This process is running with CompressedOops enabled, and the Java Heap may be blocking the growth of the native heap
# Possible solutions:
#   Reduce memory load on the system
#   Increase physical memory or swap space
#   Check if swap backing store is full
#   Decrease Java heap size (-Xmx/-Xms)
#   Decrease number of Java threads
#   Decrease Java thread stack sizes (-Xss)
#   Set larger code cache with -XX:ReservedCodeCacheSize=
#   JVM is running with Zero Based Compressed Oops mode in which the Java heap is
#     placed in the first 32GB address space. The Java Heap base address is the
#     maximum limit for the native heap growth. Please use -XX:HeapBaseMinAddress
#     to set the Java Heap base and to place the Java Heap above 32GB virtual address.
# This output file may be truncated or incomplete.
#
#  Out of Memory Error (arena.cpp:168), pid=80696, tid=82248
#
# JRE version: OpenJDK Runtime Environment Temurin-21.0.12.1+1 (21.0.12.1+1) (build 21.0.12.1+1-LTS)
# Java VM: OpenJDK 64-Bit Server VM Temurin-21.0.12.1+1 (21.0.12.1+1-LTS, mixed mode, sharing, tiered, compressed oops, compressed class ptrs, g1 gc, windows-amd64)
# No core dump will be written. Minidumps are not enabled by default on client versions of Windows
#

---------------  S U M M A R Y ------------

Command Line: --add-opens=java.base/java.lang=ALL-UNNAMED --add-opens=java.base/java.lang.invoke=ALL-UNNAMED --add-opens=java.base/java.util=ALL-UNNAMED --add-opens=java.prefs/java.util.prefs=ALL-UNNAMED --add-exports=jdk.compiler/com.sun.tools.javac.api=ALL-UNNAMED --add-exports=jdk.compiler/com.sun.tools.javac.util=ALL-UNNAMED --add-opens=java.base/java.util=ALL-UNNAMED --add-opens=java.prefs/java.util.prefs=ALL-UNNAMED --add-opens=java.base/java.nio.charset=ALL-UNNAMED --add-opens=java.base/java.net=ALL-UNNAMED --add-opens=java.base/java.util.concurrent=ALL-UNNAMED --add-opens=java.base/java.util.concurrent.atomic=ALL-UNNAMED --add-opens=java.xml/javax.xml.namespace=ALL-UNNAMED --add-opens=java.base/java.time=ALL-UNNAMED -XX:MaxMetaspaceSize=4G -XX:ReservedCodeCacheSize=512m -XX:+HeapDumpOnOutOfMemoryError -Xmx8G -Dfile.encoding=UTF-8 -Duser.country=IN -Duser.language=en -Duser.variant -javaagent:C:\Users\AJI\.gradle\wrapper\dists\gradle-9.1.0-all\7wzd0jkjit61aq2p43wpjgij9\gradle-9.1.0\lib\agents\gradle-instrumentation-agent-9.1.0.jar org.gradle.launcher.daemon.bootstrap.GradleDaemon 9.1.0

Host: 12th Gen Intel(R) Core(TM) i7-12700H, 20 cores, 15G,  Windows 11 , 64 bit Build 26100 (10.0.26100.9444)
Time: Thu Sep 10 13:13:47 2026 India Standard Time elapsed time: 100.718109 seconds (0d 0h 1m 40s)

---------------  T H R E A D  ---------------

Current thread (0x00000218ca038d50):  JavaThread "C2 CompilerThread0" daemon [_thread_in_native, id=82248, stack(0x000000f4bc800000,0x000000f4bc900000) (1024K)]


Current CompileTask:
C2:100718 6159       4       javax.management.ObjectName::construct (1135 bytes)

Stack: [0x000000f4bc800000,0x000000f4bc900000]
Native frames: (J=compiled Java code, j=interpreted, Vv=VM code, C=native code)
V  [jvm.dll+0x6d83e9]
V  [jvm.dll+0x8b5736]
V  [jvm.dll+0x8b7cee]
V  [jvm.dll+0x8b83d3]
V  [jvm.dll+0x284596]
V  [jvm.dll+0xc685d]
V  [jvm.dll+0xc6da1]
V  [jvm.dll+0x3bf151]
V  [jvm.dll+0x1e3f42]
V  [jvm.dll+0x24c853]
V  [jvm.dll+0x24bce0]
V  [jvm.dll+0x1cb4ae]
V  [jvm.dll+0x25baad]
V  [jvm.dll+0x25a03a]
V  [jvm.dll+0x3f8aae]
V  [jvm.dll+0x8600cd]
V  [jvm.dll+0x6d6c1d]
C  [ucrtbase.dll+0x2cd30]
C  [KERNEL32.DLL+0x2cd87]
C  [ntdll.dll+0xacaec]


---------------  P R O C E S S  ---------------

Threads class SMR info:
_java_thread_list=0x00000218d2cb6aa0, length=53, elements={
0x00000218d7b618c0, 0x00000218ca021780, 0x00000218ca023100, 0x00000218ca02a380,
0x00000218ca02cdf0, 0x00000218ca02e570, 0x00000218ca0305c0, 0x00000218ca038d50,
0x00000218ca03dcc0, 0x00000218ca28a220, 0x00000218ca2ffb50, 0x00000218cff99800,
0x00000218cfed11e0, 0x00000218cff85b70, 0x00000218cff83f60, 0x00000218d0067250,
0x00000218cff7a810, 0x00000218d00eba40, 0x00000218d00ed480, 0x00000218d00ee830,
0x00000218d00eb3b0, 0x00000218d00ec0d0, 0x00000218d00edb10, 0x00000218d00ec760,
0x00000218d00ecdf0, 0x00000218ca3cef80, 0x00000218ca3d0330, 0x00000218ca3d09c0,
0x00000218ca3cf610, 0x00000218ca3d16e0, 0x00000218ca3ce260, 0x00000218ca3d1d70,
0x00000218ca3ce8f0, 0x00000218ca3d44d0, 0x00000218ca3d2400, 0x00000218ca3d2a90,
0x00000218ca3d3e40, 0x00000218ca3d4b60, 0x00000218ca3d51f0, 0x00000218d1892b40,
0x00000218d1891790, 0x00000218d1891e20, 0x00000218d18931d0, 0x00000218d1893860,
0x00000218d1890a70, 0x00000218d1891100, 0x00000218d1893ef0, 0x00000218d18924b0,
0x00000218d0eea290, 0x00000218d0ee8ee0, 0x00000218d0ee8850, 0x00000218d0ee9570,
0x00000218d0ee9c00
}

Java Threads: ( => current thread )
  0x00000218d7b618c0 JavaThread "main"                              [_thread_blocked, id=64340, stack(0x000000f4bba00000,0x000000f4bbb00000) (1024K)]
  0x00000218ca021780 JavaThread "Reference Handler"          daemon [_thread_blocked, id=5320, stack(0x000000f4bc200000,0x000000f4bc300000) (1024K)]
  0x00000218ca023100 JavaThread "Finalizer"                  daemon [_thread_blocked, id=38104, stack(0x000000f4bc300000,0x000000f4bc400000) (1024K)]
  0x00000218ca02a380 JavaThread "Signal Dispatcher"          daemon [_thread_blocked, id=82448, stack(0x000000f4bc400000,0x000000f4bc500000) (1024K)]
  0x00000218ca02cdf0 JavaThread "Attach Listener"            daemon [_thread_blocked, id=60884, stack(0x000000f4bc500000,0x000000f4bc600000) (1024K)]
  0x00000218ca02e570 JavaThread "Service Thread"             daemon [_thread_blocked, id=82312, stack(0x000000f4bc600000,0x000000f4bc700000) (1024K)]
  0x00000218ca0305c0 JavaThread "Monitor Deflation Thread"   daemon [_thread_blocked, id=79668, stack(0x000000f4bc700000,0x000000f4bc800000) (1024K)]
=>0x00000218ca038d50 JavaThread "C2 CompilerThread0"         daemon [_thread_in_native, id=82248, stack(0x000000f4bc800000,0x000000f4bc900000) (1024K)]
  0x00000218ca03dcc0 JavaThread "C1 CompilerThread0"         daemon [_thread_blocked, id=36908, stack(0x000000f4bc900000,0x000000f4bca00000) (1024K)]
  0x00000218ca28a220 JavaThread "Common-Cleaner"             daemon [_thread_blocked, id=75880, stack(0x000000f4bca00000,0x000000f4bcb00000) (1024K)]
  0x00000218ca2ffb50 JavaThread "Notification Thread"        daemon [_thread_blocked, id=24352, stack(0x000000f4bcb00000,0x000000f4bcc00000) (1024K)]
  0x00000218cff99800 JavaThread "Daemon health stats"               [_thread_blocked, id=78568, stack(0x000000f4bd500000,0x000000f4bd600000) (1024K)]
  0x00000218cfed11e0 JavaThread "Incoming local TCP Connector on port 58880"        [_thread_in_native, id=72304, stack(0x000000f4bd600000,0x000000f4bd700000) (1024K)]
  0x00000218cff85b70 JavaThread "Daemon periodic checks"            [_thread_blocked, id=52200, stack(0x000000f4bd700000,0x000000f4bd800000) (1024K)]
  0x00000218cff83f60 JavaThread "Daemon"                            [_thread_blocked, id=53236, stack(0x000000f4be000000,0x000000f4be100000) (1024K)]
  0x00000218d0067250 JavaThread "Handler for socket connection from /127.0.0.1:58880 to /127.0.0.1:58881"        [_thread_in_native, id=46440, stack(0x000000f4be100000,0x000000f4be200000) (1024K)]
  0x00000218cff7a810 JavaThread "Cancel handler"                    [_thread_blocked, id=81764, stack(0x000000f4bd200000,0x000000f4bd300000) (1024K)]
  0x00000218d00eba40 JavaThread "Daemon worker"                     [_thread_blocked, id=41584, stack(0x000000f4be300000,0x000000f4be400000) (1024K)]
  0x00000218d00ed480 JavaThread "Asynchronous log dispatcher for DefaultDaemonConnection: socket connection from /127.0.0.1:58880 to /127.0.0.1:58881"        [_thread_blocked, id=46244, stack(0x000000f4be400000,0x000000f4be500000) (1024K)]
  0x00000218d00ee830 JavaThread "Stdin handler"                     [_thread_blocked, id=36452, stack(0x000000f4be500000,0x000000f4be600000) (1024K)]
  0x00000218d00eb3b0 JavaThread "Daemon client event forwarder"        [_thread_blocked, id=48080, stack(0x000000f4be600000,0x000000f4be700000) (1024K)]
  0x00000218d00ec0d0 JavaThread "Cache worker for journal cache (C:\Users\AJI\.gradle\caches\journal-1)"        [_thread_blocked, id=49700, stack(0x000000f4be200000,0x000000f4be300000) (1024K)]
  0x00000218d00edb10 JavaThread "File lock request listener"        [_thread_in_native, id=46852, stack(0x000000f4be700000,0x000000f4be800000) (1024K)]
  0x00000218d00ec760 JavaThread "File lock release action executor"        [_thread_blocked, id=49992, stack(0x000000f4be800000,0x000000f4be900000) (1024K)]
  0x00000218d00ecdf0 JavaThread "Cache worker for file hash cache (C:\Users\AJI\.gradle\caches\9.1.0\fileHashes)"        [_thread_blocked, id=77204, stack(0x000000f4be900000,0x000000f4bea00000) (1024K)]
  0x00000218ca3cef80 JavaThread "Cache worker for file hash cache (C:\Users\AJI\Documents\personal_website\ajilesh_web\aj_profile\android\.gradle\9.1.0\fileHashes)"        [_thread_blocked, id=52488, stack(0x000000f4beb00000,0x000000f4bec00000) (1024K)]
  0x00000218ca3d0330 JavaThread "Cache worker for Build Output Cleanup Cache (C:\Users\AJI\Documents\personal_website\ajilesh_web\aj_profile\android\.gradle\buildOutputCleanup)"        [_thread_blocked, id=72132, stack(0x000000f4bec00000,0x000000f4bed00000) (1024K)]
  0x00000218ca3d09c0 JavaThread "File watcher server"        daemon [_thread_in_native, id=46536, stack(0x000000f4bed00000,0x000000f4bee00000) (1024K)]
  0x00000218ca3cf610 JavaThread "File watcher consumer"      daemon [_thread_blocked, id=77512, stack(0x000000f4bee00000,0x000000f4bef00000) (1024K)]
  0x00000218ca3d16e0 JavaThread "Cache worker for checksums cache (C:\Users\AJI\Documents\personal_website\ajilesh_web\aj_profile\android\.gradle\9.1.0\checksums)"        [_thread_blocked, id=79352, stack(0x000000f4bef00000,0x000000f4bf000000) (1024K)]
  0x00000218ca3ce260 JavaThread "Cache worker for file content cache (C:\Users\AJI\.gradle\caches\9.1.0\fileContent)"        [_thread_blocked, id=76796, stack(0x000000f4bf000000,0x000000f4bf100000) (1024K)]
  0x00000218ca3d1d70 JavaThread "Cache worker for cache directory md-supplier (C:\Users\AJI\.gradle\caches\9.1.0\md-supplier)"        [_thread_blocked, id=33808, stack(0x000000f4bf100000,0x000000f4bf200000) (1024K)]
  0x00000218ca3ce8f0 JavaThread "Cache worker for cache directory md-rule (C:\Users\AJI\.gradle\caches\9.1.0\md-rule)"        [_thread_blocked, id=59368, stack(0x000000f4bf200000,0x000000f4bf300000) (1024K)]
  0x00000218ca3d44d0 JavaThread "Cache worker for Build Output Cleanup Cache (C:\Users\AJI\develop\flutter\packages\flutter_tools\gradle\.gradle\buildOutputCleanup)"        [_thread_blocked, id=75892, stack(0x000000f4bb700000,0x000000f4bb800000) (1024K)]
  0x00000218ca3d2400 JavaThread "Unconstrained build operations"        [_thread_blocked, id=42516, stack(0x000000f4bb800000,0x000000f4bb900000) (1024K)]
  0x00000218ca3d2a90 JavaThread "Unconstrained build operations Thread 2"        [_thread_blocked, id=79732, stack(0x000000f4bb900000,0x000000f4bba00000) (1024K)]
  0x00000218ca3d3e40 JavaThread "Unconstrained build operations Thread 3"        [_thread_blocked, id=43668, stack(0x000000f4bf300000,0x000000f4bf400000) (1024K)]
  0x00000218ca3d4b60 JavaThread "Unconstrained build operations Thread 4"        [_thread_blocked, id=64792, stack(0x000000f4bf400000,0x000000f4bf500000) (1024K)]
  0x00000218ca3d51f0 JavaThread "Unconstrained build operations Thread 5"        [_thread_blocked, id=83236, stack(0x000000f4bf500000,0x000000f4bf600000) (1024K)]
  0x00000218d1892b40 JavaThread "Unconstrained build operations Thread 6"        [_thread_blocked, id=42228, stack(0x000000f4bf600000,0x000000f4bf700000) (1024K)]
  0x00000218d1891790 JavaThread "Unconstrained build operations Thread 7"        [_thread_blocked, id=63048, stack(0x000000f4bf700000,0x000000f4bf800000) (1024K)]
  0x00000218d1891e20 JavaThread "Unconstrained build operations Thread 8"        [_thread_blocked, id=82660, stack(0x000000f4bf800000,0x000000f4bf900000) (1024K)]
  0x00000218d18931d0 JavaThread "Unconstrained build operations Thread 9"        [_thread_blocked, id=33636, stack(0x000000f4bf900000,0x000000f4bfa00000) (1024K)]
  0x00000218d1893860 JavaThread "Unconstrained build operations Thread 10"        [_thread_blocked, id=45956, stack(0x000000f4bfa00000,0x000000f4bfb00000) (1024K)]
  0x00000218d1890a70 JavaThread "Unconstrained build operations Thread 11"        [_thread_blocked, id=60592, stack(0x000000f4bfb00000,0x000000f4bfc00000) (1024K)]
  0x00000218d1891100 JavaThread "Unconstrained build operations Thread 12"        [_thread_blocked, id=59764, stack(0x000000f4bfc00000,0x000000f4bfd00000) (1024K)]
  0x00000218d1893ef0 JavaThread "Unconstrained build operations Thread 13"        [_thread_blocked, id=47608, stack(0x000000f4bfd00000,0x000000f4bfe00000) (1024K)]
  0x00000218d18924b0 JavaThread "Unconstrained build operations Thread 14"        [_thread_blocked, id=39628, stack(0x000000f4bfe00000,0x000000f4bff00000) (1024K)]
  0x00000218d0eea290 JavaThread "Unconstrained build operations Thread 15"        [_thread_blocked, id=78636, stack(0x000000f4bff00000,0x000000f4c0000000) (1024K)]
  0x00000218d0ee8ee0 JavaThread "Unconstrained build operations Thread 16"        [_thread_blocked, id=32024, stack(0x000000f4c0000000,0x000000f4c0100000) (1024K)]
  0x00000218d0ee8850 JavaThread "Unconstrained build operations Thread 17"        [_thread_blocked, id=64760, stack(0x000000f4c0100000,0x000000f4c0200000) (1024K)]
  0x00000218d0ee9570 JavaThread "Unconstrained build operations Thread 18"        [_thread_blocked, id=34612, stack(0x000000f4c0200000,0x000000f4c0300000) (1024K)]
  0x00000218d0ee9c00 JavaThread "Unconstrained build operations Thread 19"        [_thread_blocked, id=81176, stack(0x000000f4c0300000,0x000000f4c0400000) (1024K)]
Total: 53

Other Threads:
  0x00000218ca0060c0 VMThread "VM Thread"                           [id=37756, stack(0x000000f4bc100000,0x000000f4bc200000) (1024K)]
  0x00000218fdd340e0 WatcherThread "VM Periodic Task Thread"        [id=35884, stack(0x000000f4bc000000,0x000000f4bc100000) (1024K)]
  0x00000218d7c0c660 WorkerThread "GC Thread#0"                     [id=6844, stack(0x000000f4bbb00000,0x000000f4bbc00000) (1024K)]
  0x00000218ca362980 WorkerThread "GC Thread#1"                     [id=71860, stack(0x000000f4bcc00000,0x000000f4bcd00000) (1024K)]
  0x00000218ca362d30 WorkerThread "GC Thread#2"                     [id=45884, stack(0x000000f4bcd00000,0x000000f4bce00000) (1024K)]
  0x00000218ca3630e0 WorkerThread "GC Thread#3"                     [id=26632, stack(0x000000f4bce00000,0x000000f4bcf00000) (1024K)]
  0x00000218ca363490 WorkerThread "GC Thread#4"                     [id=34824, stack(0x000000f4bcf00000,0x000000f4bd000000) (1024K)]
  0x00000218ca3c57d0 WorkerThread "GC Thread#5"                     [id=64136, stack(0x000000f4bd000000,0x000000f4bd100000) (1024K)]
  0x00000218cff85770 WorkerThread "GC Thread#6"                     [id=32396, stack(0x000000f4bd800000,0x000000f4bd900000) (1024K)]
  0x00000218d006c800 WorkerThread "GC Thread#7"                     [id=64428, stack(0x000000f4bd900000,0x000000f4bda00000) (1024K)]
  0x00000218d0085bc0 WorkerThread "GC Thread#8"                     [id=42868, stack(0x000000f4bda00000,0x000000f4bdb00000) (1024K)]
  0x00000218cffb6700 WorkerThread "GC Thread#9"                     [id=50268, stack(0x000000f4bdb00000,0x000000f4bdc00000) (1024K)]
  0x00000218cffb7210 WorkerThread "GC Thread#10"                    [id=36152, stack(0x000000f4bdc00000,0x000000f4bdd00000) (1024K)]
  0x00000218cffb7970 WorkerThread "GC Thread#11"                    [id=61704, stack(0x000000f4bdd00000,0x000000f4bde00000) (1024K)]
  0x00000218cffb75c0 WorkerThread "GC Thread#12"                    [id=42324, stack(0x000000f4bde00000,0x000000f4bdf00000) (1024K)]
  0x00000218cffb5fa0 WorkerThread "GC Thread#13"                    [id=43172, stack(0x000000f4bdf00000,0x000000f4be000000) (1024K)]
  0x00000218ca65e8f0 WorkerThread "GC Thread#14"                    [id=46376, stack(0x000000f4bd100000,0x000000f4bd200000) (1024K)]
  0x00000218d7c1de60 ConcurrentGCThread "G1 Main Marker"            [id=59604, stack(0x000000f4bbc00000,0x000000f4bbd00000) (1024K)]
  0x00000218d7c1e970 WorkerThread "G1 Conc#0"                       [id=38412, stack(0x000000f4bbd00000,0x000000f4bbe00000) (1024K)]
  0x00000218ca65cb70 WorkerThread "G1 Conc#1"                       [id=31940, stack(0x000000f4bd300000,0x000000f4bd400000) (1024K)]
  0x00000218ca65eca0 WorkerThread "G1 Conc#2"                       [id=49904, stack(0x000000f4bd400000,0x000000f4bd500000) (1024K)]
  0x00000218ca65f400 WorkerThread "G1 Conc#3"                       [id=73664, stack(0x000000f4bea00000,0x000000f4beb00000) (1024K)]
  0x00000218fdc00d80 ConcurrentGCThread "G1 Refine#0"               [id=62448, stack(0x000000f4bbe00000,0x000000f4bbf00000) (1024K)]
  0x00000218fdc01900 ConcurrentGCThread "G1 Service"                [id=71328, stack(0x000000f4bbf00000,0x000000f4bc000000) (1024K)]
Total: 24

Threads with active compile tasks:
C2 CompilerThread0  100754 6159       4       javax.management.ObjectName::construct (1135 bytes)
Total: 1

VM state: not at safepoint (normal execution)

VM Mutex/Monitor currently owned by a thread: None

Heap address: 0x0000000600000000, size: 8192 MB, Compressed Oops mode: Zero based, Oop shift amount: 3

CDS archive(s) mapped at: [0x0000021889000000-0x0000021889ba0000-0x0000021889ba0000), size 12189696, SharedBaseAddress: 0x0000021889000000, ArchiveRelocationMode: 1.
Compressed class space mapped at: 0x000002188a000000-0x00000218ca000000, reserved size: 1073741824
Narrow klass base: 0x0000021889000000, Narrow klass shift: 0, Narrow klass range: 0x100000000

GC Precious Log:
 CardTable entry size: 512
 Card Set container configuration: InlinePtr #cards 4 size 8 Array Of Cards #cards 32 size 80 Howl #buckets 8 coarsen threshold 7372 Howl Bitmap #cards 1024 size 144 coarsen threshold 921 Card regions per heap region 1 cards per card region 8192
 CPUs: 20 total, 20 available
 Memory: 16068M
 Large Page Support: Disabled
 NUMA Support: Disabled
 Compressed Oops: Enabled (Zero based)
 Heap Region Size: 4M
 Heap Min Capacity: 8M
 Heap Initial Capacity: 252M
 Heap Max Capacity: 8G
 Pre-touch: Disabled
 Parallel Workers: 15
 Concurrent Workers: 4
 Concurrent Refinement Workers: 15
 Periodic GC: Disabled

Heap:
 garbage-first heap   total 98304K, used 55825K [0x0000000600000000, 0x0000000800000000)
  region size 4096K, 8 young (32768K), 2 survivors (8192K)
 Metaspace       used 46974K, committed 48704K, reserved 1114112K
  class space    used 6953K, committed 7808K, reserved 1048576K

Heap Regions: E=young(eden), S=young(survivor), O=old, HS=humongous(starts), HC=humongous(continues), CS=collection set, F=free, TAMS=top-at-mark-start, PB=parsable bottom
|   0|0x0000000600000000, 0x0000000600400000, 0x0000000600400000|100%|HS|  |TAMS 0x0000000600000000| PB 0x0000000600000000| Complete 
|   1|0x0000000600400000, 0x0000000600800000, 0x0000000600800000|100%| O|  |TAMS 0x0000000600400000| PB 0x0000000600400000| Untracked 
|   2|0x0000000600800000, 0x0000000600c00000, 0x0000000600c00000|100%| O|  |TAMS 0x0000000600800000| PB 0x0000000600800000| Untracked 
|   3|0x0000000600c00000, 0x0000000601000000, 0x0000000601000000|100%| O|  |TAMS 0x0000000600c00000| PB 0x0000000600c00000| Untracked 
|   4|0x0000000601000000, 0x0000000601400000, 0x0000000601400000|100%| O|  |TAMS 0x0000000601000000| PB 0x0000000601000000| Untracked 
|   5|0x0000000601400000, 0x00000006015262a8, 0x0000000601800000| 28%| O|  |TAMS 0x0000000601400000| PB 0x0000000601400000| Untracked 
|   6|0x0000000601800000, 0x0000000601800000, 0x0000000601c00000|  0%| F|  |TAMS 0x0000000601800000| PB 0x0000000601800000| Untracked 
|   7|0x0000000601c00000, 0x0000000601d5e500, 0x0000000602000000| 34%| S|CS|TAMS 0x0000000601c00000| PB 0x0000000601c00000| Complete 
|   8|0x0000000602000000, 0x0000000602400000, 0x0000000602400000|100%| S|CS|TAMS 0x0000000602000000| PB 0x0000000602000000| Complete 
|   9|0x0000000602400000, 0x0000000602400000, 0x0000000602800000|  0%| F|  |TAMS 0x0000000602400000| PB 0x0000000602400000| Untracked 
|  10|0x0000000602800000, 0x0000000602800000, 0x0000000602c00000|  0%| F|  |TAMS 0x0000000602800000| PB 0x0000000602800000| Untracked 
|  11|0x0000000602c00000, 0x0000000602c00000, 0x0000000603000000|  0%| F|  |TAMS 0x0000000602c00000| PB 0x0000000602c00000| Untracked 
|  12|0x0000000603000000, 0x0000000603000000, 0x0000000603400000|  0%| F|  |TAMS 0x0000000603000000| PB 0x0000000603000000| Untracked 
|  13|0x0000000603400000, 0x0000000603400000, 0x0000000603800000|  0%| F|  |TAMS 0x0000000603400000| PB 0x0000000603400000| Untracked 
|  14|0x0000000603800000, 0x0000000603800000, 0x0000000603c00000|  0%| F|  |TAMS 0x0000000603800000| PB 0x0000000603800000| Untracked 
|  15|0x0000000603c00000, 0x0000000603c00000, 0x0000000604000000|  0%| F|  |TAMS 0x0000000603c00000| PB 0x0000000603c00000| Untracked 
|  16|0x0000000604000000, 0x000000060429b978, 0x0000000604400000| 65%| E|  |TAMS 0x0000000604000000| PB 0x0000000604000000| Complete 
|  17|0x0000000604400000, 0x0000000604800000, 0x0000000604800000|100%| E|CS|TAMS 0x0000000604400000| PB 0x0000000604400000| Complete 
|  39|0x0000000609c00000, 0x000000060a000000, 0x000000060a000000|100%| E|CS|TAMS 0x0000000609c00000| PB 0x0000000609c00000| Complete 
|  40|0x000000060a000000, 0x000000060a400000, 0x000000060a400000|100%| E|CS|TAMS 0x000000060a000000| PB 0x000000060a000000| Complete 
|  44|0x000000060b000000, 0x000000060b400000, 0x000000060b400000|100%| E|CS|TAMS 0x000000060b000000| PB 0x000000060b000000| Complete 
|  62|0x000000060f800000, 0x000000060fc00000, 0x000000060fc00000|100%| E|CS|TAMS 0x000000060f800000| PB 0x000000060f800000| Complete 
|2046|0x00000007ff800000, 0x00000007ffc00000, 0x00000007ffc00000|100%| O|  |TAMS 0x00000007ff800000| PB 0x00000007ff800000| Untracked 
|2047|0x00000007ffc00000, 0x0000000800000000, 0x0000000800000000|100%| O|  |TAMS 0x00000007ffc00000| PB 0x00000007ffc00000| Untracked 

Card table byte_map: [0x00000218fca30000,0x00000218fda30000] _byte_map_base: 0x00000218f9a30000

Marking Bits: (CMBitMap*) 0x00000218d7c0d580
 Bits: [0x0000021880000000, 0x0000021888000000)

Polling page: 0x00000218d5690000

Metaspace:

Usage:
  Non-class:     39.08 MB used.
      Class:      6.79 MB used.
       Both:     45.87 MB used.

Virtual space:
  Non-class space:       64.00 MB reserved,      39.94 MB ( 62%) committed,  1 nodes.
      Class space:        1.00 GB reserved,       7.62 MB ( <1%) committed,  1 nodes.
             Both:        1.06 GB reserved,      47.56 MB (  4%) committed. 

Chunk freelists:
   Non-Class:  7.62 MB
       Class:  8.31 MB
        Both:  15.94 MB

MaxMetaspaceSize: 4.00 GB
CompressedClassSpaceSize: 1.00 GB
Initial GC threshold: 21.00 MB
Current GC threshold: 59.00 MB
CDS: on
 - commit_granule_bytes: 65536.
 - commit_granule_words: 8192.
 - virtual_space_node_default_size: 8388608.
 - enlarge_chunks_in_place: 1.
 - use_allocation_guard: 0.


Internal statistics:

num_allocs_failed_limit: 6.
num_arena_births: 3136.
num_arena_deaths: 0.
num_vsnodes_births: 2.
num_vsnodes_deaths: 0.
num_space_committed: 761.
num_space_uncommitted: 0.
num_chunks_returned_to_freelist: 6.
num_chunks_taken_from_freelist: 5446.
num_chunk_merges: 6.
num_chunk_splits: 3547.
num_chunks_enlarged: 2200.
num_inconsistent_stats: 0.

CodeHeap 'non-profiled nmethods': size=258432Kb used=3159Kb max_used=3159Kb free=255272Kb
 bounds [0x00000218eb100000, 0x00000218eb420000, 0x00000218fad60000]
CodeHeap 'profiled nmethods': size=258368Kb used=10878Kb max_used=10878Kb free=247489Kb
 bounds [0x00000218dad60000, 0x00000218db800000, 0x00000218ea9b0000]
CodeHeap 'non-nmethods': size=7488Kb used=1870Kb max_used=3134Kb free=5617Kb
 bounds [0x00000218ea9b0000, 0x00000218eacd0000, 0x00000218eb100000]
CodeCache: size=524288Kb, used=15907Kb, max_used=17171Kb, free=508378Kb
 total_blobs=6371, nmethods=5634, adapters=640, full_count=0
Compilation: enabled, stopped_count=0, restarted_count=0

Compilation events (20 events):
Event: 100.322 Thread 0x00000218ca03dcc0 6151       1       org.gradle.internal.component.model.ComponentConfigurationIdentifier::hashCode (5 bytes)
Event: 100.322 Thread 0x00000218ca03dcc0 nmethod 6151 0x00000218eb414610 code [0x00000218eb4147a0, 0x00000218eb414868]
Event: 100.322 Thread 0x00000218ca03dcc0 6152       3       org.gradle.internal.component.model.ComponentConfigurationIdentifier::<init> (24 bytes)
Event: 100.323 Thread 0x00000218ca03dcc0 nmethod 6152 0x00000218db7fd210 code [0x00000218db7fd3e0, 0x00000218db7fd7a0]
Event: 100.323 Thread 0x00000218ca03dcc0 6153       3       org.gradle.internal.component.model.ComponentConfigurationIdentifier::computeHashCode (13 bytes)
Event: 100.323 Thread 0x00000218ca03dcc0 nmethod 6153 0x00000218db7fd910 code [0x00000218db7fdac0, 0x00000218db7fdcd0]
Event: 100.323 Thread 0x00000218ca03dcc0 6154       3       org.gradle.internal.Describables::of (11 bytes)
Event: 100.323 Thread 0x00000218ca03dcc0 nmethod 6154 0x00000218db7fde10 code [0x00000218db7fdfe0, 0x00000218db7fe3d8]
Event: 100.323 Thread 0x00000218ca03dcc0 6155       3       org.gradle.internal.Describables$ThreePartDescribable::<init> (21 bytes)
Event: 100.323 Thread 0x00000218ca03dcc0 nmethod 6155 0x00000218db7fe510 code [0x00000218db7fe6c0, 0x00000218db7fea10]
Event: 100.327 Thread 0x00000218ca038d50 nmethod 6135 0x00000218eb414910 code [0x00000218eb414ae0, 0x00000218eb4152a8]
Event: 100.328 Thread 0x00000218ca038d50 6134       4       com.google.common.collect.ImmutableMap::entryOf (10 bytes)
Event: 100.329 Thread 0x00000218ca038d50 nmethod 6134 0x00000218eb415590 code [0x00000218eb415720, 0x00000218eb415858]
Event: 100.337 Thread 0x00000218ca03dcc0 6156       3       org.gradle.internal.serialize.kryo.KryoBackedEncoder::flush (8 bytes)
Event: 100.338 Thread 0x00000218ca03dcc0 nmethod 6156 0x00000218db7feb10 code [0x00000218db7fecc0, 0x00000218db7fee20]
Event: 100.339 Thread 0x00000218ca038d50 6157       4       java.lang.invoke.MethodHandleNatives::refKindIsField (32 bytes)
Event: 100.339 Thread 0x00000218ca038d50 nmethod 6157 0x00000218eb415990 code [0x00000218eb415b00, 0x00000218eb415b78]
Event: 100.510 Thread 0x00000218ca03dcc0 6158       3       java.util.concurrent.locks.AbstractQueuedSynchronizer$ConditionObject::enableWait (84 bytes)
Event: 100.511 Thread 0x00000218ca03dcc0 nmethod 6158 0x00000218db7fef10 code [0x00000218db7ff140, 0x00000218db7ff8b8]
Event: 100.571 Thread 0x00000218ca038d50 6159       4       javax.management.ObjectName::construct (1135 bytes)

GC Heap History (20 events):
Event: 0.946 GC heap before
{Heap before GC invocations=0 (full 0):
 garbage-first heap   total 258048K, used 20480K [0x0000000600000000, 0x0000000800000000)
  region size 4096K, 5 young (20480K), 0 survivors (0K)
 Metaspace       used 883K, committed 1024K, reserved 1114112K
  class space    used 71K, committed 128K, reserved 1048576K
}
Event: 0.950 GC heap after
{Heap after GC invocations=1 (full 0):
 garbage-first heap   total 258048K, used 1680K [0x0000000600000000, 0x0000000800000000)
  region size 4096K, 1 young (4096K), 1 survivors (4096K)
 Metaspace       used 883K, committed 1024K, reserved 1114112K
  class space    used 71K, committed 128K, reserved 1048576K
}
Event: 2.441 GC heap before
{Heap before GC invocations=1 (full 0):
 garbage-first heap   total 258048K, used 42640K [0x0000000600000000, 0x0000000800000000)
  region size 4096K, 11 young (45056K), 1 survivors (4096K)
 Metaspace       used 4588K, committed 4800K, reserved 1114112K
  class space    used 581K, committed 704K, reserved 1048576K
}
Event: 2.446 GC heap after
{Heap after GC invocations=2 (full 0):
 garbage-first heap   total 258048K, used 11518K [0x0000000600000000, 0x0000000800000000)
  region size 4096K, 2 young (8192K), 2 survivors (8192K)
 Metaspace       used 4588K, committed 4800K, reserved 1114112K
  class space    used 581K, committed 704K, reserved 1048576K
}
Event: 4.097 GC heap before
{Heap before GC invocations=2 (full 0):
 garbage-first heap   total 258048K, used 77054K [0x0000000600000000, 0x0000000800000000)
  region size 4096K, 19 young (77824K), 2 survivors (8192K)
 Metaspace       used 10056K, committed 10368K, reserved 1114112K
  class space    used 1350K, committed 1472K, reserved 1048576K
}
Event: 4.106 GC heap after
{Heap after GC invocations=3 (full 0):
 garbage-first heap   total 258048K, used 19944K [0x0000000600000000, 0x0000000800000000)
  region size 4096K, 3 young (12288K), 3 survivors (12288K)
 Metaspace       used 10056K, committed 10368K, reserved 1114112K
  class space    used 1350K, committed 1472K, reserved 1048576K
}
Event: 19.483 GC heap before
{Heap before GC invocations=3 (full 0):
 garbage-first heap   total 258048K, used 89576K [0x0000000600000000, 0x0000000800000000)
  region size 4096K, 21 young (86016K), 3 survivors (12288K)
 Metaspace       used 20876K, committed 21504K, reserved 1114112K
  class space    used 2887K, committed 3136K, reserved 1048576K
}
Event: 19.495 GC heap after
{Heap after GC invocations=4 (full 0):
 garbage-first heap   total 258048K, used 23563K [0x0000000600000000, 0x0000000800000000)
  region size 4096K, 3 young (12288K), 3 survivors (12288K)
 Metaspace       used 20876K, committed 21504K, reserved 1114112K
  class space    used 2887K, committed 3136K, reserved 1048576K
}
Event: 21.804 GC heap before
{Heap before GC invocations=5 (full 0):
 garbage-first heap   total 81920K, used 80907K [0x0000000600000000, 0x0000000800000000)
  region size 4096K, 17 young (69632K), 3 survivors (12288K)
 Metaspace       used 28136K, committed 29184K, reserved 1114112K
  class space    used 4042K, committed 4544K, reserved 1048576K
}
Event: 21.815 GC heap after
{Heap after GC invocations=6 (full 0):
 garbage-first heap   total 98304K, used 27152K [0x0000000600000000, 0x0000000800000000)
  region size 4096K, 2 young (8192K), 2 survivors (8192K)
 Metaspace       used 28136K, committed 29184K, reserved 1114112K
  class space    used 4042K, committed 4544K, reserved 1048576K
}
Event: 23.285 GC heap before
{Heap before GC invocations=6 (full 0):
 garbage-first heap   total 98304K, used 76304K [0x0000000600000000, 0x0000000800000000)
  region size 4096K, 14 young (57344K), 2 survivors (8192K)
 Metaspace       used 34584K, committed 35904K, reserved 1114112K
  class space    used 4955K, committed 5568K, reserved 1048576K
}
Event: 23.291 GC heap after
{Heap after GC invocations=7 (full 0):
 garbage-first heap   total 98304K, used 30115K [0x0000000600000000, 0x0000000800000000)
  region size 4096K, 2 young (8192K), 2 survivors (8192K)
 Metaspace       used 34584K, committed 35904K, reserved 1114112K
  class space    used 4955K, committed 5568K, reserved 1048576K
}
Event: 23.305 GC heap before
{Heap before GC invocations=7 (full 0):
 garbage-first heap   total 98304K, used 30115K [0x0000000600000000, 0x0000000800000000)
  region size 4096K, 3 young (12288K), 2 survivors (8192K)
 Metaspace       used 34693K, committed 35968K, reserved 1114112K
  class space    used 4962K, committed 5568K, reserved 1048576K
}
Event: 23.309 GC heap after
{Heap after GC invocations=8 (full 0):
 garbage-first heap   total 98304K, used 30421K [0x0000000600000000, 0x0000000800000000)
  region size 4096K, 1 young (4096K), 1 survivors (4096K)
 Metaspace       used 34693K, committed 35968K, reserved 1114112K
  class space    used 4962K, committed 5568K, reserved 1048576K
}
Event: 90.437 GC heap before
{Heap before GC invocations=9 (full 0):
 garbage-first heap   total 98304K, used 83669K [0x0000000600000000, 0x0000000800000000)
  region size 4096K, 14 young (57344K), 1 survivors (4096K)
 Metaspace       used 37474K, committed 39040K, reserved 1114112K
  class space    used 5408K, committed 6144K, reserved 1048576K
}
Event: 90.460 GC heap after
{Heap after GC invocations=10 (full 0):
 garbage-first heap   total 98304K, used 31906K [0x0000000600000000, 0x0000000800000000)
  region size 4096K, 2 young (8192K), 2 survivors (8192K)
 Metaspace       used 37474K, committed 39040K, reserved 1114112K
  class space    used 5408K, committed 6144K, reserved 1048576K
}
Event: 92.346 GC heap before
{Heap before GC invocations=10 (full 0):
 garbage-first heap   total 98304K, used 81058K [0x0000000600000000, 0x0000000800000000)
  region size 4096K, 14 young (57344K), 2 survivors (8192K)
 Metaspace       used 40464K, committed 42048K, reserved 1114112K
  class space    used 5904K, committed 6656K, reserved 1048576K
}
Event: 92.395 GC heap after
{Heap after GC invocations=11 (full 0):
 garbage-first heap   total 98304K, used 33640K [0x0000000600000000, 0x0000000800000000)
  region size 4096K, 1 young (4096K), 1 survivors (4096K)
 Metaspace       used 40464K, committed 42048K, reserved 1114112K
  class space    used 5904K, committed 6656K, reserved 1048576K
}
Event: 99.712 GC heap before
{Heap before GC invocations=11 (full 0):
 garbage-first heap   total 98304K, used 82792K [0x0000000600000000, 0x0000000800000000)
  region size 4096K, 13 young (53248K), 1 survivors (4096K)
 Metaspace       used 45223K, committed 46976K, reserved 1114112K
  class space    used 6674K, committed 7552K, reserved 1048576K
}
Event: 99.718 GC heap after
{Heap after GC invocations=12 (full 0):
 garbage-first heap   total 98304K, used 35345K [0x0000000600000000, 0x0000000800000000)
  region size 4096K, 2 young (8192K), 2 survivors (8192K)
 Metaspace       used 45223K, committed 46976K, reserved 1114112K
  class space    used 6674K, committed 7552K, reserved 1048576K
}

Dll operation events (20 events):
Event: 0.277 Attempting to load shared library C:\Users\AJI\.vscode\extensions\redhat.java-1.56.0-win32-x64\jre\21.0.12.1-win32-x86_64\bin\nio.dll
Event: 0.280 Loaded shared library C:\Users\AJI\.vscode\extensions\redhat.java-1.56.0-win32-x64\jre\21.0.12.1-win32-x86_64\bin\nio.dll
Event: 0.284 Attempting to load shared library C:\Users\AJI\.vscode\extensions\redhat.java-1.56.0-win32-x64\jre\21.0.12.1-win32-x86_64\bin\zip.dll
Event: 0.284 Loaded shared library C:\Users\AJI\.vscode\extensions\redhat.java-1.56.0-win32-x64\jre\21.0.12.1-win32-x86_64\bin\zip.dll
Event: 0.963 Attempting to load shared library C:\Users\AJI\.vscode\extensions\redhat.java-1.56.0-win32-x64\jre\21.0.12.1-win32-x86_64\bin\jimage.dll
Event: 0.963 Loaded shared library C:\Users\AJI\.vscode\extensions\redhat.java-1.56.0-win32-x64\jre\21.0.12.1-win32-x86_64\bin\jimage.dll
Event: 1.465 Attempting to load shared library C:\Users\AJI\.vscode\extensions\redhat.java-1.56.0-win32-x64\jre\21.0.12.1-win32-x86_64\bin\verify.dll
Event: 1.466 Loaded shared library C:\Users\AJI\.vscode\extensions\redhat.java-1.56.0-win32-x64\jre\21.0.12.1-win32-x86_64\bin\verify.dll
Event: 1.515 Attempting to load shared library C:\Users\AJI\.gradle\native\1def1411415f61bf3af743bc5b6707747c0891f09f0c88961ee8f79bc544acac\windows-amd64\native-platform.dll
Event: 1.518 Loaded shared library C:\Users\AJI\.gradle\native\1def1411415f61bf3af743bc5b6707747c0891f09f0c88961ee8f79bc544acac\windows-amd64\native-platform.dll
Event: 1.537 Attempting to load shared library C:\Users\AJI\.gradle\native\0.2.8\x86_64-windows-gnu\gradle-fileevents.dll
Event: 1.539 Loaded shared library C:\Users\AJI\.gradle\native\0.2.8\x86_64-windows-gnu\gradle-fileevents.dll
Event: 3.513 Attempting to load shared library C:\Users\AJI\.vscode\extensions\redhat.java-1.56.0-win32-x64\jre\21.0.12.1-win32-x86_64\bin\management.dll
Event: 3.514 Loaded shared library C:\Users\AJI\.vscode\extensions\redhat.java-1.56.0-win32-x64\jre\21.0.12.1-win32-x86_64\bin\management.dll
Event: 3.516 Attempting to load shared library C:\Users\AJI\.vscode\extensions\redhat.java-1.56.0-win32-x64\jre\21.0.12.1-win32-x86_64\bin\management_ext.dll
Event: 3.517 Loaded shared library C:\Users\AJI\.vscode\extensions\redhat.java-1.56.0-win32-x64\jre\21.0.12.1-win32-x86_64\bin\management_ext.dll
Event: 3.763 Attempting to load shared library C:\Users\AJI\.vscode\extensions\redhat.java-1.56.0-win32-x64\jre\21.0.12.1-win32-x86_64\bin\extnet.dll
Event: 3.763 Loaded shared library C:\Users\AJI\.vscode\extensions\redhat.java-1.56.0-win32-x64\jre\21.0.12.1-win32-x86_64\bin\extnet.dll
Event: 4.087 Attempting to load shared library C:\Users\AJI\.vscode\extensions\redhat.java-1.56.0-win32-x64\jre\21.0.12.1-win32-x86_64\bin\sunmscapi.dll
Event: 4.091 Loaded shared library C:\Users\AJI\.vscode\extensions\redhat.java-1.56.0-win32-x64\jre\21.0.12.1-win32-x86_64\bin\sunmscapi.dll

Deoptimization events (20 events):
Event: 100.237 Thread 0x00000218d1891790 Uncommon trap: trap_request=0xffffff45 fr.pc=0x00000218eb1ee4bc relative=0x00000000000002dc
Event: 100.237 Thread 0x00000218d1891790 Uncommon trap: reason=unstable_if action=reinterpret pc=0x00000218eb1ee4bc method=java.util.concurrent.locks.ReentrantLock$Sync.lockInterruptibly()V @ 18 c2
Event: 100.237 Thread 0x00000218d1891790 DEOPT PACKING pc=0x00000218eb1ee4bc sp=0x000000f4bf7fd6a0
Event: 100.237 Thread 0x00000218d1891790 DEOPT UNPACKING pc=0x00000218eaa04422 sp=0x000000f4bf7fd610 mode 2
Event: 100.305 Thread 0x00000218d00eba40 Uncommon trap: trap_request=0xffffffd6 fr.pc=0x00000218eb40fb9c relative=0x000000000000053c
Event: 100.305 Thread 0x00000218d00eba40 Uncommon trap: reason=array_check action=maybe_recompile pc=0x00000218eb40fb9c method=com.google.common.collect.ImmutableMap$Builder.put(Ljava/lang/Object;Ljava/lang/Object;)Lcom/google/common/collect/ImmutableMap$Builder; @ 32 c2
Event: 100.305 Thread 0x00000218d00eba40 DEOPT PACKING pc=0x00000218eb40fb9c sp=0x000000f4be3f3620
Event: 100.305 Thread 0x00000218d00eba40 DEOPT UNPACKING pc=0x00000218eaa04422 sp=0x000000f4be3f3608 mode 2
Event: 100.305 Thread 0x00000218d00eba40 Uncommon trap: trap_request=0xffffffd6 fr.pc=0x00000218eb40fb9c relative=0x000000000000053c
Event: 100.305 Thread 0x00000218d00eba40 Uncommon trap: reason=array_check action=maybe_recompile pc=0x00000218eb40fb9c method=com.google.common.collect.ImmutableMap$Builder.put(Ljava/lang/Object;Ljava/lang/Object;)Lcom/google/common/collect/ImmutableMap$Builder; @ 32 c2
Event: 100.305 Thread 0x00000218d00eba40 DEOPT PACKING pc=0x00000218eb40fb9c sp=0x000000f4be3f3620
Event: 100.305 Thread 0x00000218d00eba40 DEOPT UNPACKING pc=0x00000218eaa04422 sp=0x000000f4be3f3608 mode 2
Event: 100.306 Thread 0x00000218d00eba40 Uncommon trap: trap_request=0xffffffd6 fr.pc=0x00000218eb40fb9c relative=0x000000000000053c
Event: 100.306 Thread 0x00000218d00eba40 Uncommon trap: reason=array_check action=maybe_recompile pc=0x00000218eb40fb9c method=com.google.common.collect.ImmutableMap$Builder.put(Ljava/lang/Object;Ljava/lang/Object;)Lcom/google/common/collect/ImmutableMap$Builder; @ 32 c2
Event: 100.306 Thread 0x00000218d00eba40 DEOPT PACKING pc=0x00000218eb40fb9c sp=0x000000f4be3f34d0
Event: 100.306 Thread 0x00000218d00eba40 DEOPT UNPACKING pc=0x00000218eaa04422 sp=0x000000f4be3f34b8 mode 2
Event: 100.306 Thread 0x00000218d00eba40 Uncommon trap: trap_request=0xffffffd6 fr.pc=0x00000218eb40fb9c relative=0x000000000000053c
Event: 100.306 Thread 0x00000218d00eba40 Uncommon trap: reason=array_check action=maybe_recompile pc=0x00000218eb40fb9c method=com.google.common.collect.ImmutableMap$Builder.put(Ljava/lang/Object;Ljava/lang/Object;)Lcom/google/common/collect/ImmutableMap$Builder; @ 32 c2
Event: 100.306 Thread 0x00000218d00eba40 DEOPT PACKING pc=0x00000218eb40fb9c sp=0x000000f4be3f34d0
Event: 100.306 Thread 0x00000218d00eba40 DEOPT UNPACKING pc=0x00000218eaa04422 sp=0x000000f4be3f34b8 mode 2

Classes loaded (20 events):
Event: 100.288 Loading class jdk/internal/reflect/ByteVectorImpl
Event: 100.288 Loading class jdk/internal/reflect/ByteVector
Event: 100.288 Loading class jdk/internal/reflect/ByteVector done
Event: 100.288 Loading class jdk/internal/reflect/ByteVectorImpl done
Event: 100.288 Loading class jdk/internal/reflect/ClassFileAssembler
Event: 100.288 Loading class jdk/internal/reflect/ClassFileAssembler done
Event: 100.289 Loading class jdk/internal/reflect/UTF8
Event: 100.289 Loading class jdk/internal/reflect/UTF8 done
Event: 100.290 Loading class jdk/internal/reflect/Label
Event: 100.290 Loading class jdk/internal/reflect/Label done
Event: 100.290 Loading class jdk/internal/reflect/Label$PatchInfo
Event: 100.290 Loading class jdk/internal/reflect/Label$PatchInfo done
Event: 100.290 Loading class jdk/internal/reflect/MethodAccessorGenerator$1
Event: 100.290 Loading class jdk/internal/reflect/MethodAccessorGenerator$1 done
Event: 100.290 Loading class jdk/internal/reflect/ClassDefiner
Event: 100.290 Loading class jdk/internal/reflect/ClassDefiner done
Event: 100.291 Loading class jdk/internal/reflect/ClassDefiner$1
Event: 100.291 Loading class jdk/internal/reflect/ClassDefiner$1 done
Event: 100.291 Loading class jdk/internal/reflect/SerializationConstructorAccessorImpl
Event: 100.291 Loading class jdk/internal/reflect/SerializationConstructorAccessorImpl done

Classes unloaded (0 events):
No events

Classes redefined (0 events):
No events

Internal exceptions (20 events):
Event: 91.675 Thread 0x00000218d00eba40 Exception <a 'sun/nio/fs/WindowsException'{0x0000000603d0f668}> (0x0000000603d0f668) 
thrown [s\src\hotspot\share\prims\jni.cpp, line 520]
Event: 91.676 Thread 0x00000218d00eba40 Exception <a 'sun/nio/fs/WindowsException'{0x0000000603d11330}> (0x0000000603d11330) 
thrown [s\src\hotspot\share\prims\jni.cpp, line 520]
Event: 91.677 Thread 0x00000218d00eba40 Exception <a 'sun/nio/fs/WindowsException'{0x0000000603d12fe8}> (0x0000000603d12fe8) 
thrown [s\src\hotspot\share\prims\jni.cpp, line 520]
Event: 91.677 Thread 0x00000218d00eba40 Exception <a 'sun/nio/fs/WindowsException'{0x0000000603d14ca0}> (0x0000000603d14ca0) 
thrown [s\src\hotspot\share\prims\jni.cpp, line 520]
Event: 95.102 Thread 0x00000218d00eba40 Exception <a 'java/lang/NoSuchMethodError'{0x00000006040b1670}: 'long java.lang.invoke.DirectMethodHandle$Holder.invokeStatic(java.lang.Object, long)'> (0x00000006040b1670) 
thrown [s\src\hotspot\share\interpreter\linkResolver.cpp, line 773]
Event: 98.963 Thread 0x00000218d00eba40 Exception <a 'java/lang/NoSuchMethodError'{0x0000000603a9ce58}: 'java.lang.Object java.lang.invoke.DirectMethodHandle$Holder.newInvokeSpecial(java.lang.Object, java.lang.Object, java.lang.Object, int, java.lang.Object)'> (0x0000000603a9ce58) 
thrown [s\src\hotspot\share\interpreter\linkResolver.cpp, line 773]
Event: 98.963 Thread 0x00000218d00eba40 Exception <a 'java/lang/NoSuchMethodError'{0x0000000603aa1dd8}: 'java.lang.Object java.lang.invoke.Invokers$Holder.linkToTargetMethod(java.lang.Object, java.lang.Object, int, java.lang.Object, java.lang.Object)'> (0x0000000603aa1dd8) 
thrown [s\src\hotspot\share\interpreter\linkResolver.cpp, line 773]
Event: 99.070 Thread 0x00000218d00eba40 Exception <a 'java/lang/NoSuchMethodError'{0x000000060359db40}: 'java.lang.Object java.lang.invoke.DirectMethodHandle$Holder.newInvokeSpecial(java.lang.Object, int, java.lang.Object)'> (0x000000060359db40) 
thrown [s\src\hotspot\share\interpreter\linkResolver.cpp, line 773]
Event: 99.548 Thread 0x00000218d00eba40 Exception <a 'java/lang/NoSuchMethodError'{0x0000000602e70348}: 'java.lang.Object java.lang.invoke.DirectMethodHandle$Holder.invokeSpecial(java.lang.Object, java.lang.Object, java.lang.Object, int, java.lang.Object)'> (0x0000000602e70348) 
thrown [s\src\hotspot\share\interpreter\linkResolver.cpp, line 773]
Event: 99.628 Thread 0x00000218d00eba40 Exception <a 'java/lang/NoSuchMethodError'{0x0000000602909810}: 'int java.lang.invoke.DirectMethodHandle$Holder.invokeSpecialIFC(java.lang.Object, java.lang.Object, java.lang.Object)'> (0x0000000602909810) 
thrown [s\src\hotspot\share\interpreter\linkResolver.cpp, line 773]
Event: 99.773 Thread 0x00000218d00eba40 Exception <a 'java/lang/NoSuchMethodError'{0x000000060fa1bc78}: 'java.lang.Object java.lang.invoke.DirectMethodHandle$Holder.newInvokeSpecial(java.lang.Object, java.lang.Object, long, java.lang.Object)'> (0x000000060fa1bc78) 
thrown [s\src\hotspot\share\interpreter\linkResolver.cpp, line 773]
Event: 99.773 Thread 0x00000218d00eba40 Exception <a 'java/lang/NoSuchMethodError'{0x000000060fa21228}: 'java.lang.Object java.lang.invoke.DirectMethodHandle$Holder.invokeSpecial(java.lang.Object, java.lang.Object, java.lang.Object, long, java.lang.Object)'> (0x000000060fa21228) 
thrown [s\src\hotspot\share\interpreter\linkResolver.cpp, line 773]
Event: 99.773 Thread 0x00000218d00eba40 Exception <a 'java/lang/NoSuchMethodError'{0x000000060fa26158}: 'java.lang.Object java.lang.invoke.Invokers$Holder.linkToTargetMethod(java.lang.Object, long, java.lang.Object, java.lang.Object)'> (0x000000060fa26158) 
thrown [s\src\hotspot\share\interpreter\linkResolver.cpp, line 773]
Event: 99.778 Thread 0x00000218d00eba40 Exception <a 'java/lang/NoSuchMethodError'{0x000000060fa52180}: 'void java.lang.invoke.DirectMethodHandle$Holder.invokeStatic(java.lang.Object, java.lang.Object, java.lang.Object, int, java.lang.Object)'> (0x000000060fa52180) 
thrown [s\src\hotspot\share\interpreter\linkResolver.cpp, line 773]
Event: 99.814 Thread 0x00000218d00eba40 Exception <a 'java/lang/NoSuchMethodError'{0x000000060b016750}: 'int java.lang.invoke.DirectMethodHandle$Holder.invokeInterface(java.lang.Object, java.lang.Object, java.lang.Object, java.lang.Object, java.lang.Object)'> (0x000000060b016750) 
thrown [s\src\hotspot\share\interpreter\linkResolver.cpp, line 773]
Event: 99.902 Thread 0x00000218d00eba40 Exception <a 'java/lang/NoSuchMethodError'{0x000000060b3165a0}: 'java.lang.Object java.lang.invoke.DirectMethodHandle$Holder.invokeSpecial(java.lang.Object, java.lang.Object, long, java.lang.Object, java.lang.Object)'> (0x000000060b3165a0) 
thrown [s\src\hotspot\share\interpreter\linkResolver.cpp, line 773]
Event: 100.168 Thread 0x00000218d00eba40 Exception <a 'java/lang/IncompatibleClassChangeError'{0x0000000609e80568}: Found class java.lang.Object, but interface was expected> (0x0000000609e80568) 
thrown [s\src\hotspot\share\interpreter\linkResolver.cpp, line 840]
Event: 100.299 Thread 0x00000218d00eba40 Exception <a 'java/lang/NoSuchMethodError'{0x00000006047e2b30}: 'java.lang.Object java.lang.invoke.DirectMethodHandle$Holder.newInvokeSpecial(java.lang.Object, java.lang.Object, java.lang.Object, java.lang.Object, int, java.lang.Object)'> (0x00000006047e2b30) 
thrown [s\src\hotspot\share\interpreter\linkResolver.cpp, line 773]
Event: 100.300 Thread 0x00000218d00eba40 Exception <a 'java/lang/NoSuchMethodError'{0x00000006047e83e0}: 'java.lang.Object java.lang.invoke.DirectMethodHandle$Holder.invokeSpecial(java.lang.Object, java.lang.Object, java.lang.Object, java.lang.Object, java.lang.Object, int, java.lang.Object)'> (0x00000006047e83e0) 
thrown [s\src\hotspot\share\interpreter\linkResolver.cpp, line 773]
Event: 100.300 Thread 0x00000218d00eba40 Exception <a 'java/lang/NoSuchMethodError'{0x00000006047ed510}: 'java.lang.Object java.lang.invoke.Invokers$Holder.linkToTargetMethod(java.lang.Object, java.lang.Object, java.lang.Object, int, java.lang.Object, java.lang.Object)'> (0x00000006047ed510) 
thrown [s\src\hotspot\share\interpreter\linkResolver.cpp, line 773]

ZGC Phase Switch (0 events):
No events

VM Operations (20 events):
Event: 95.875 Executing safepoint VM operation: Cleanup
Event: 95.875 Executing safepoint VM operation: Cleanup done
Event: 96.878 Executing safepoint VM operation: Cleanup
Event: 96.878 Executing safepoint VM operation: Cleanup done
Event: 97.884 Executing safepoint VM operation: Cleanup
Event: 97.884 Executing safepoint VM operation: Cleanup done
Event: 98.892 Executing safepoint VM operation: Cleanup
Event: 98.892 Executing safepoint VM operation: Cleanup done
Event: 99.633 Executing non-safepoint VM operation: HandshakeAllThreads (Deoptimize)
Event: 99.633 Executing non-safepoint VM operation: HandshakeAllThreads (Deoptimize) done
Event: 99.712 Executing safepoint VM operation: G1CollectForAllocation (G1 Evacuation Pause)
Event: 99.718 Executing safepoint VM operation: G1CollectForAllocation (G1 Evacuation Pause) done
Event: 99.877 Executing non-safepoint VM operation: HandshakeAllThreads (Deoptimize)
Event: 99.877 Executing non-safepoint VM operation: HandshakeAllThreads (Deoptimize) done
Event: 99.880 Executing non-safepoint VM operation: HandshakeAllThreads (Deoptimize)
Event: 99.880 Executing non-safepoint VM operation: HandshakeAllThreads (Deoptimize) done
Event: 100.056 Executing safepoint VM operation: ICBufferFull
Event: 100.056 Executing safepoint VM operation: ICBufferFull done
Event: 100.294 Executing non-safepoint VM operation: HandshakeAllThreads (Deoptimize)
Event: 100.294 Executing non-safepoint VM operation: HandshakeAllThreads (Deoptimize) done

Memory protections (0 events):
No events

Nmethod flushes (20 events):
Event: 23.326 Thread 0x00000218ca0060c0 flushing  nmethod 0x00000218db176590
Event: 23.326 Thread 0x00000218ca0060c0 flushing  nmethod 0x00000218db176a10
Event: 23.326 Thread 0x00000218ca0060c0 flushing  nmethod 0x00000218db1ead90
Event: 23.326 Thread 0x00000218ca0060c0 flushing  nmethod 0x00000218db21d010
Event: 23.326 Thread 0x00000218ca0060c0 flushing  nmethod 0x00000218db21d890
Event: 23.326 Thread 0x00000218ca0060c0 flushing  nmethod 0x00000218db21de90
Event: 23.326 Thread 0x00000218ca0060c0 flushing  nmethod 0x00000218dafd8590
Event: 23.326 Thread 0x00000218ca0060c0 flushing  nmethod 0x00000218dafda610
Event: 23.326 Thread 0x00000218ca0060c0 flushing  nmethod 0x00000218dafdcf10
Event: 23.326 Thread 0x00000218ca0060c0 flushing  nmethod 0x00000218dafde310
Event: 23.326 Thread 0x00000218ca0060c0 flushing  nmethod 0x00000218dafde890
Event: 23.326 Thread 0x00000218ca0060c0 flushing  nmethod 0x00000218db067990
Event: 23.326 Thread 0x00000218ca0060c0 flushing  nmethod 0x00000218db0d3b90
Event: 23.326 Thread 0x00000218ca0060c0 flushing  nmethod 0x00000218db338610
Event: 23.326 Thread 0x00000218ca0060c0 flushing  nmethod 0x00000218db004a10
Event: 23.326 Thread 0x00000218ca0060c0 flushing  nmethod 0x00000218db005190
Event: 23.326 Thread 0x00000218ca0060c0 flushing  nmethod 0x00000218db009e10
Event: 23.326 Thread 0x00000218ca0060c0 flushing  nmethod 0x00000218db00d910
Event: 23.326 Thread 0x00000218ca0060c0 flushing  nmethod 0x00000218db26d110
Event: 23.326 Thread 0x00000218ca0060c0 flushing  nmethod 0x00000218db26ed10

Events (20 events):
Event: 91.582 Thread 0x00000218d00eba40 Thread added: 0x00000218ca3d44d0
Event: 100.205 Thread 0x00000218d00eba40 Thread added: 0x00000218ca3d2400
Event: 100.206 Thread 0x00000218d00eba40 Thread added: 0x00000218ca3d2a90
Event: 100.206 Thread 0x00000218d00eba40 Thread added: 0x00000218ca3d3e40
Event: 100.207 Thread 0x00000218d00eba40 Thread added: 0x00000218ca3d4b60
Event: 100.207 Thread 0x00000218d00eba40 Thread added: 0x00000218ca3d51f0
Event: 100.207 Thread 0x00000218d00eba40 Thread added: 0x00000218d1892b40
Event: 100.208 Thread 0x00000218d00eba40 Thread added: 0x00000218d1891790
Event: 100.210 Thread 0x00000218d00eba40 Thread added: 0x00000218d1891e20
Event: 100.216 Thread 0x00000218d00eba40 Thread added: 0x00000218d18931d0
Event: 100.218 Thread 0x00000218d00eba40 Thread added: 0x00000218d1893860
Event: 100.222 Thread 0x00000218d00eba40 Thread added: 0x00000218d1890a70
Event: 100.223 Thread 0x00000218d00eba40 Thread added: 0x00000218d1891100
Event: 100.226 Thread 0x00000218d00eba40 Thread added: 0x00000218d1893ef0
Event: 100.226 Thread 0x00000218d00eba40 Thread added: 0x00000218d18924b0
Event: 100.227 Thread 0x00000218d00eba40 Thread added: 0x00000218d0eea290
Event: 100.227 Thread 0x00000218d00eba40 Thread added: 0x00000218d0ee8ee0
Event: 100.227 Thread 0x00000218d00eba40 Thread added: 0x00000218d0ee8850
Event: 100.227 Thread 0x00000218d00eba40 Thread added: 0x00000218d0ee9570
Event: 100.228 Thread 0x00000218d00eba40 Thread added: 0x00000218d0ee9c00


Dynamic libraries:
0x00007ff735c60000 - 0x00007ff735c6e000 	C:\Users\AJI\.vscode\extensions\redhat.java-1.56.0-win32-x64\jre\21.0.12.1-win32-x86_64\bin\java.exe
0x00007ffaa9a20000 - 0x00007ffaa9c87000 	C:\WINDOWS\SYSTEM32\ntdll.dll
0x00007ffaa7cd0000 - 0x00007ffaa7d9b000 	C:\WINDOWS\System32\KERNEL32.DLL
0x00007ffaa71b0000 - 0x00007ffaa75b2000 	C:\WINDOWS\System32\KERNELBASE.dll
0x00007ffaa7050000 - 0x00007ffaa719c000 	C:\WINDOWS\System32\ucrtbase.dll
0x00007ffa5b940000 - 0x00007ffa5b958000 	C:\Users\AJI\.vscode\extensions\redhat.java-1.56.0-win32-x64\jre\21.0.12.1-win32-x86_64\bin\jli.dll
0x00007ffaa7da0000 - 0x00007ffaa7f6f000 	C:\WINDOWS\System32\USER32.dll
0x00007ffaa6e90000 - 0x00007ffaa6eb7000 	C:\WINDOWS\System32\win32u.dll
0x00007ffaa7740000 - 0x00007ffaa776b000 	C:\WINDOWS\System32\GDI32.dll
0x00007ffaa6cd0000 - 0x00007ffaa6df9000 	C:\WINDOWS\System32\gdi32full.dll
0x00007ffaa6c20000 - 0x00007ffaa6cc3000 	C:\WINDOWS\System32\msvcp_win.dll
0x00007ffa85610000 - 0x00007ffa858a0000 	C:\WINDOWS\WinSxS\amd64_microsoft.windows.common-controls_6595b64144ccf1df_6.0.26100.9278_none_3e0d1ba8e3303201\COMCTL32.dll
0x00007ffaa8760000 - 0x00007ffaa8809000 	C:\WINDOWS\System32\msvcrt.dll
0x00007ffa76fd0000 - 0x00007ffa76fee000 	C:\Users\AJI\.vscode\extensions\redhat.java-1.56.0-win32-x64\jre\21.0.12.1-win32-x86_64\bin\VCRUNTIME140.dll
0x00007ffaa9250000 - 0x00007ffaa9281000 	C:\WINDOWS\System32\IMM32.DLL
0x00007ffa8fa10000 - 0x00007ffa8fa1c000 	C:\Users\AJI\.vscode\extensions\redhat.java-1.56.0-win32-x64\jre\21.0.12.1-win32-x86_64\bin\vcruntime140_1.dll
0x00007ff9ae9a0000 - 0x00007ff9aea2d000 	C:\Users\AJI\.vscode\extensions\redhat.java-1.56.0-win32-x64\jre\21.0.12.1-win32-x86_64\bin\msvcp140.dll
0x00007ff96c320000 - 0x00007ff96d0c2000 	C:\Users\AJI\.vscode\extensions\redhat.java-1.56.0-win32-x64\jre\21.0.12.1-win32-x86_64\bin\server\jvm.dll
0x00007ffaa8fb0000 - 0x00007ffaa906c000 	C:\WINDOWS\System32\ADVAPI32.dll
0x00007ffaa7b90000 - 0x00007ffaa7c39000 	C:\WINDOWS\System32\sechost.dll
0x00007ffaa80d0000 - 0x00007ffaa81e8000 	C:\WINDOWS\System32\RPCRT4.dll
0x00007ffaa7c40000 - 0x00007ffaa7cc0000 	C:\WINDOWS\System32\WS2_32.dll
0x00007ffaa0960000 - 0x00007ffaa0996000 	C:\WINDOWS\SYSTEM32\WINMM.dll
0x00007ffaa6a80000 - 0x00007ffaa6ade000 	C:\WINDOWS\SYSTEM32\POWRPROF.dll
0x00007ffa9deb0000 - 0x00007ffa9debb000 	C:\WINDOWS\SYSTEM32\VERSION.dll
0x00007ffaa6a60000 - 0x00007ffaa6a75000 	C:\WINDOWS\SYSTEM32\UMPDC.dll
0x00007ffaa5400000 - 0x00007ffaa541b000 	C:\WINDOWS\SYSTEM32\kernel.appcore.dll
0x00007ffa8f9e0000 - 0x00007ffa8f9ea000 	C:\Users\AJI\.vscode\extensions\redhat.java-1.56.0-win32-x64\jre\21.0.12.1-win32-x86_64\bin\jimage.dll
0x00007ffaa3d10000 - 0x00007ffaa3f5c000 	C:\WINDOWS\SYSTEM32\DBGHELP.DLL
0x00007ffaa9320000 - 0x00007ffaa96a5000 	C:\WINDOWS\System32\combase.dll
0x00007ffaa81f0000 - 0x00007ffaa82c9000 	C:\WINDOWS\System32\OLEAUT32.dll
0x00007ffa84dc0000 - 0x00007ffa84dfb000 	C:\WINDOWS\SYSTEM32\dbgcore.DLL
0x00007ffaa75c0000 - 0x00007ffaa766c000 	C:\WINDOWS\System32\bcryptPrimitives.dll
0x00007ffa80050000 - 0x00007ffa8005f000 	C:\Users\AJI\.vscode\extensions\redhat.java-1.56.0-win32-x64\jre\21.0.12.1-win32-x86_64\bin\instrument.dll
0x00007ffa56a30000 - 0x00007ffa56a50000 	C:\Users\AJI\.vscode\extensions\redhat.java-1.56.0-win32-x64\jre\21.0.12.1-win32-x86_64\bin\java.dll
0x00007ffaa8810000 - 0x00007ffaa8fa8000 	C:\WINDOWS\System32\SHELL32.dll
0x00007ffaa4150000 - 0x00007ffaa49fe000 	C:\WINDOWS\SYSTEM32\windows.storage.dll
0x00007ffaa96b0000 - 0x00007ffaa97ab000 	C:\WINDOWS\System32\SHCORE.dll
0x00007ffaa7a10000 - 0x00007ffaa7a76000 	C:\WINDOWS\System32\shlwapi.dll
0x00007ffaa6b40000 - 0x00007ffaa6b69000 	C:\WINDOWS\SYSTEM32\profapi.dll
0x00007ffa554d0000 - 0x00007ffa554e8000 	C:\Users\AJI\.vscode\extensions\redhat.java-1.56.0-win32-x64\jre\21.0.12.1-win32-x86_64\bin\zip.dll
0x00007ffa813d0000 - 0x00007ffa813e0000 	C:\Users\AJI\.vscode\extensions\redhat.java-1.56.0-win32-x64\jre\21.0.12.1-win32-x86_64\bin\net.dll
0x00007ffa9f270000 - 0x00007ffa9f39a000 	C:\WINDOWS\SYSTEM32\WINHTTP.dll
0x00007ffaa59c0000 - 0x00007ffaa5a2c000 	C:\WINDOWS\system32\mswsock.dll
0x00007ffa554b0000 - 0x00007ffa554c6000 	C:\Users\AJI\.vscode\extensions\redhat.java-1.56.0-win32-x64\jre\21.0.12.1-win32-x86_64\bin\nio.dll
0x00007ffa7fae0000 - 0x00007ffa7faf0000 	C:\Users\AJI\.vscode\extensions\redhat.java-1.56.0-win32-x64\jre\21.0.12.1-win32-x86_64\bin\verify.dll
0x00007ffa399a0000 - 0x00007ffa399c7000 	C:\Users\AJI\.gradle\native\1def1411415f61bf3af743bc5b6707747c0891f09f0c88961ee8f79bc544acac\windows-amd64\native-platform.dll
0x00007ff9bbe60000 - 0x00007ff9bbed7000 	C:\Users\AJI\.gradle\native\0.2.8\x86_64-windows-gnu\gradle-fileevents.dll
0x00007ffa7eee0000 - 0x00007ffa7eeea000 	C:\Users\AJI\.vscode\extensions\redhat.java-1.56.0-win32-x64\jre\21.0.12.1-win32-x86_64\bin\management.dll
0x00007ffa77400000 - 0x00007ffa7740c000 	C:\Users\AJI\.vscode\extensions\redhat.java-1.56.0-win32-x64\jre\21.0.12.1-win32-x86_64\bin\management_ext.dll
0x00007ffaa7b80000 - 0x00007ffaa7b88000 	C:\WINDOWS\System32\PSAPI.DLL
0x00007ffaa4ee0000 - 0x00007ffaa4f13000 	C:\WINDOWS\SYSTEM32\IPHLPAPI.DLL
0x00007ffaa80c0000 - 0x00007ffaa80ca000 	C:\WINDOWS\System32\NSI.dll
0x00007ffa74220000 - 0x00007ffa74229000 	C:\Users\AJI\.vscode\extensions\redhat.java-1.56.0-win32-x64\jre\21.0.12.1-win32-x86_64\bin\extnet.dll
0x00007ffaa5cb0000 - 0x00007ffaa5ccb000 	C:\WINDOWS\SYSTEM32\CRYPTSP.dll
0x00007ffaa5360000 - 0x00007ffaa5399000 	C:\WINDOWS\system32\rsaenh.dll
0x00007ffaa5a70000 - 0x00007ffaa5aa4000 	C:\WINDOWS\SYSTEM32\USERENV.dll
0x00007ffaa6b10000 - 0x00007ffaa6b3a000 	C:\WINDOWS\SYSTEM32\bcrypt.dll
0x00007ffaa5cd0000 - 0x00007ffaa5cdc000 	C:\WINDOWS\SYSTEM32\CRYPTBASE.dll
0x00007ffa73220000 - 0x00007ffa7322e000 	C:\Users\AJI\.vscode\extensions\redhat.java-1.56.0-win32-x64\jre\21.0.12.1-win32-x86_64\bin\sunmscapi.dll
0x00007ffaa6ec0000 - 0x00007ffaa703e000 	C:\WINDOWS\System32\CRYPT32.dll
0x00007ffaa5ea0000 - 0x00007ffaa5ed0000 	C:\WINDOWS\SYSTEM32\ncrypt.dll
0x00007ffaa5e50000 - 0x00007ffaa5e8f000 	C:\WINDOWS\SYSTEM32\NTASN1.dll
0x00007ffa7c400000 - 0x00007ffa7c408000 	C:\WINDOWS\system32\wshunix.dll

JVMTI agents:
C:\Users\AJI\.gradle\wrapper\dists\gradle-9.1.0-all\7wzd0jkjit61aq2p43wpjgij9\gradle-9.1.0\lib\agents\gradle-instrumentation-agent-9.1.0.jar path:C:\Users\AJI\.vscode\extensions\redhat.java-1.56.0-win32-x64\jre\21.0.12.1-win32-x86_64\bin\instrument.dll, loaded, initialized, instrumentlib options:none

dbghelp: loaded successfully - version: 4.0.5 - missing functions: none
symbol engine: initialized successfully - sym options: 0x614 - pdb path: .;C:\Users\AJI\.vscode\extensions\redhat.java-1.56.0-win32-x64\jre\21.0.12.1-win32-x86_64\bin;C:\WINDOWS\SYSTEM32;C:\WINDOWS\WinSxS\amd64_microsoft.windows.common-controls_6595b64144ccf1df_6.0.26100.9278_none_3e0d1ba8e3303201;C:\Users\AJI\.vscode\extensions\redhat.java-1.56.0-win32-x64\jre\21.0.12.1-win32-x86_64\bin\server;C:\Users\AJI\.gradle\native\1def1411415f61bf3af743bc5b6707747c0891f09f0c88961ee8f79bc544acac\windows-amd64;C:\Users\AJI\.gradle\native\0.2.8\x86_64-windows-gnu

VM Arguments:
jvm_args: --add-opens=java.base/java.lang=ALL-UNNAMED --add-opens=java.base/java.lang.invoke=ALL-UNNAMED --add-opens=java.base/java.util=ALL-UNNAMED --add-opens=java.prefs/java.util.prefs=ALL-UNNAMED --add-exports=jdk.compiler/com.sun.tools.javac.api=ALL-UNNAMED --add-exports=jdk.compiler/com.sun.tools.javac.util=ALL-UNNAMED --add-opens=java.base/java.util=ALL-UNNAMED --add-opens=java.prefs/java.util.prefs=ALL-UNNAMED --add-opens=java.base/java.nio.charset=ALL-UNNAMED --add-opens=java.base/java.net=ALL-UNNAMED --add-opens=java.base/java.util.concurrent=ALL-UNNAMED --add-opens=java.base/java.util.concurrent.atomic=ALL-UNNAMED --add-opens=java.xml/javax.xml.namespace=ALL-UNNAMED --add-opens=java.base/java.time=ALL-UNNAMED -XX:MaxMetaspaceSize=4G -XX:ReservedCodeCacheSize=512m -XX:+HeapDumpOnOutOfMemoryError -Xmx8G -Dfile.encoding=UTF-8 -Duser.country=IN -Duser.language=en -Duser.variant -javaagent:C:\Users\AJI\.gradle\wrapper\dists\gradle-9.1.0-all\7wzd0jkjit61aq2p43wpjgij9\gradle-9.1.0\lib\agents\gradle-instrumentation-agent-9.1.0.jar 
java_command: org.gradle.launcher.daemon.bootstrap.GradleDaemon 9.1.0
java_class_path (initial): C:\Users\AJI\.gradle\wrapper\dists\gradle-9.1.0-all\7wzd0jkjit61aq2p43wpjgij9\gradle-9.1.0\lib\gradle-daemon-main-9.1.0.jar
Launcher Type: SUN_STANDARD

[Global flags]
     intx CICompilerCount                          = 12                                        {product} {ergonomic}
     uint ConcGCThreads                            = 4                                         {product} {ergonomic}
     uint G1ConcRefinementThreads                  = 15                                        {product} {ergonomic}
   size_t G1HeapRegionSize                         = 4194304                                   {product} {ergonomic}
    uintx GCDrainStackTargetSize                   = 64                                        {product} {ergonomic}
     bool HeapDumpOnOutOfMemoryError               = true                                   {manageable} {command line}
   size_t InitialHeapSize                          = 264241152                                 {product} {ergonomic}
   size_t MarkStackSize                            = 4194304                                   {product} {ergonomic}
   size_t MaxHeapSize                              = 8589934592                                {product} {command line}
   size_t MaxMetaspaceSize                         = 4294967296                                {product} {command line}
   size_t MaxNewSize                               = 5150605312                                {product} {ergonomic}
   size_t MinHeapDeltaBytes                        = 4194304                                   {product} {ergonomic}
   size_t MinHeapSize                              = 8388608                                   {product} {ergonomic}
    uintx NonNMethodCodeHeapSize                   = 7602480                                {pd product} {ergonomic}
    uintx NonProfiledCodeHeapSize                  = 264634216                              {pd product} {ergonomic}
    uintx ProfiledCodeHeapSize                     = 264634216                              {pd product} {ergonomic}
    uintx ReservedCodeCacheSize                    = 536870912                              {pd product} {command line}
     bool SegmentedCodeCache                       = true                                      {product} {ergonomic}
   size_t SoftMaxHeapSize                          = 8589934592                             {manageable} {ergonomic}
     bool UseCompressedOops                        = true                           {product lp64_product} {ergonomic}
     bool UseG1GC                                  = true                                      {product} {ergonomic}
     bool UseLargePagesIndividualAllocation        = false                                  {pd product} {ergonomic}

Logging:
Log output configuration:
 #0: stdout all=warning uptime,level,tags foldmultilines=false
 #1: stderr all=off uptime,level,tags foldmultilines=false

Release file:
JAVA_VERSION="21.0.12.1" 
MODULES="java.base java.compiler java.datatransfer java.xml java.prefs java.desktop java.instrument java.logging java.management java.security.sasl java.naming java.rmi java.management.rmi java.net.http java.scripting java.security.jgss java.transaction.xa java.sql java.sql.rowset java.xml.crypto java.se java.smartcardio jdk.accessibility jdk.internal.jvmstat jdk.attach jdk.charsets jdk.internal.opt jdk.zipfs jdk.compiler jdk.crypto.ec jdk.crypto.cryptoki jdk.crypto.mscapi jdk.dynalink jdk.internal.ed jdk.editpad jdk.hotspot.agent jdk.httpserver jdk.internal.le jdk.internal.vm.ci jdk.internal.vm.compiler jdk.internal.vm.compiler.management jdk.jartool jdk.javadoc jdk.jcmd jdk.management jdk.management.agent jdk.jconsole jdk.jdeps jdk.jdwp.agent jdk.jdi jdk.jfr jdk.jshell jdk.jsobject jdk.jstatd jdk.localedata jdk.management.jfr jdk.naming.dns jdk.naming.rmi jdk.net jdk.nio.mapmode jdk.random jdk.sctp jdk.security.auth jdk.security.jgss jdk.unsupported jdk.unsupported.desktop jdk.xml.dom" 

Environment Variables:
JAVA_HOME=C:\Program Files\Java\jdk-17
PATH=C:\Python314\Scripts\;C:\Python314\;C:\Program Files\Eclipse Adoptium\jdk-25.0.3.9-hotspot\bin;C:\Program Files\Microsoft\jdk-11.0.16.101-hotspot\bin;C:\WINDOWS\system32;C:\WINDOWS;C:\WINDOWS\System32\Wbem;C:\WINDOWS\System32\WindowsPowerShell\v1.0\;C:\WINDOWS\System32\OpenSSH\;C:\Program Files\dotnet\;C:\MinGW\bin;C:\ProgramData\chocolatey\bin;C:\Users\AJI\AppData\Local\Pub\Cache\bin;C:\Program Files\Java\jdk-17\bin;d:\cursor\resources\app\bin;C:\Users\AJI\develop\flutter\bin;C:\Users\AJI\.local\bin;D:\node\node_modules\npm\bin;D:\node\;C:\Program Files\nodejs\;C:\Program Files\nodejs\node_modules\npm\bin;C:\Users\AJI\Documents\MONGO\mongosh-2.9.2-win32-x64\bin;C:\xampp\php;C:\Program Files\Git\cmd;C:\Users\AJI\AppData\Local\Programs\Python\Python312\Scripts\;C:\Users\AJI\AppData\Local\Programs\Python\Python312\;C:\Users\AJI\.local\bin;C:\Users\AJI\AppData\Local\Microsoft\WindowsApps;D:\IntelliJ IDEA Community Edition 2023.1.5\bin;;C:\mingw64\bin;C:\Users\AJI\.dotnet\tools;C:\Users\AJI\Documents\flutter_windows_3.13.4-stable\flutter\bin;C:\Users\AJI\AppData\Local\Pub\Cache\bin;D:\flutter_pub_cache;C:\Users\AJI\AppData\Local\Android\Sdk;C:\Program Files\Java\jdk-17\bin;D:\rider\JetBrains Rider 2024.3.7\bin;;D:\Program Files\Microsoft VS Code\bin;D:\freelanceing\cursor\resources\app\bin;C:\Users\AJI\AppData\Local\Programs\Microsoft VS Code\bin;C:\Users\AJI\AppData\Local\Programs\cursor\resources\app\bin;C:\Users\AJI\AppData\Roaming\npm
USERNAME=AJI
OS=Windows_NT
PROCESSOR_IDENTIFIER=Intel64 Family 6 Model 154 Stepping 3, GenuineIntel
TMP=C:\Users\AJI\AppData\Local\Temp
TEMP=C:\Users\AJI\AppData\Local\Temp




Periodic native trim disabled

---------------  S Y S T E M  ---------------

OS:
 Windows 11 , 64 bit Build 26100 (10.0.26100.9444)
OS uptime: 0 days 4:10 hours
Hyper-V role detected

CPU: total 20 (initial active 20) (10 cores per cpu, 2 threads per core) family 6 model 154 stepping 3 microcode 0x43b, cx8, cmov, fxsr, ht, mmx, 3dnowpref, sse, sse2, sse3, ssse3, sse4.1, sse4.2, popcnt, lzcnt, tsc, tscinvbit, avx, avx2, aes, erms, clmul, bmi1, bmi2, adx, sha, fma, vzeroupper, clflush, clflushopt, clwb, hv, serialize, rdtscp, rdpid, fsrm, f16c, cet_ibt, cet_ss
Processor Information for processor 0
  Max Mhz: 2300, Current Mhz: 2300, Mhz Limit: 2300
Processor Information for processor 1
  Max Mhz: 2300, Current Mhz: 2300, Mhz Limit: 2300
Processor Information for processor 2
  Max Mhz: 2300, Current Mhz: 2300, Mhz Limit: 2300
Processor Information for processor 3
  Max Mhz: 2300, Current Mhz: 2300, Mhz Limit: 2300
Processor Information for processor 4
  Max Mhz: 2300, Current Mhz: 2300, Mhz Limit: 2300
Processor Information for processor 5
  Max Mhz: 2300, Current Mhz: 2300, Mhz Limit: 2300
Processor Information for processor 6
  Max Mhz: 2300, Current Mhz: 2300, Mhz Limit: 2300
Processor Information for processor 7
  Max Mhz: 2300, Current Mhz: 2300, Mhz Limit: 2300
Processor Information for processor 8
  Max Mhz: 2300, Current Mhz: 2300, Mhz Limit: 2300
Processor Information for processor 9
  Max Mhz: 2300, Current Mhz: 2300, Mhz Limit: 2300
Processor Information for processor 10
  Max Mhz: 2300, Current Mhz: 2300, Mhz Limit: 2300
Processor Information for processor 11
  Max Mhz: 2300, Current Mhz: 2300, Mhz Limit: 2300
Processor Information for processor 12
  Max Mhz: 2300, Current Mhz: 2300, Mhz Limit: 2300
Processor Information for processor 13
  Max Mhz: 2300, Current Mhz: 2300, Mhz Limit: 2300
Processor Information for processor 14
  Max Mhz: 2300, Current Mhz: 2300, Mhz Limit: 2300
Processor Information for processor 15
  Max Mhz: 2300, Current Mhz: 2300, Mhz Limit: 2300
Processor Information for processor 16
  Max Mhz: 2300, Current Mhz: 1488, Mhz Limit: 2300
Processor Information for processor 17
  Max Mhz: 2300, Current Mhz: 2300, Mhz Limit: 2300
Processor Information for processor 18
  Max Mhz: 2300, Current Mhz: 2300, Mhz Limit: 2300
Processor Information for processor 19
  Max Mhz: 2300, Current Mhz: 2300, Mhz Limit: 2300

Memory: 4k page, system-wide physical 16068M (161M free)
TotalPageFile size 65220M (AvailPageFile size 5M)
current process WorkingSet (physical memory assigned to process): 185M, peak: 206M
current process commit charge ("private bytes"): 311M, peak: 431M

vm_info: OpenJDK 64-Bit Server VM (21.0.12.1+1-LTS) for windows-amd64 JRE (21.0.12.1+1-LTS), built on 2026-08-18T00:00:00Z by "admin" with MS VC++ 17.12 (VS2022)

END.
