#
# There is insufficient memory for the Java Runtime Environment to continue.
# Native memory allocation (malloc) failed to allocate 32744 bytes. Error detail: Chunk::new
# Possible reasons:
#   The system is out of physical RAM or swap space
#   This process is running with CompressedOops enabled, and the Java Heap may be blocking the growth of the native heap
# Possible solutions:
#   Reduce memory load on the system
#   Increase physical memory or swap space
#   Check if swap backing store is full
#   Decrease Java heap size (-Xmx/-Xms)
#   Decrease number of Java threads
#   Decrease Java thread stack sizes (-Xss)
#   Set larger code cache with -XX:ReservedCodeCacheSize=
#   JVM is running with Zero Based Compressed Oops mode in which the Java heap is
#     placed in the first 32GB address space. The Java Heap base address is the
#     maximum limit for the native heap growth. Please use -XX:HeapBaseMinAddress
#     to set the Java Heap base and to place the Java Heap above 32GB virtual address.
# This output file may be truncated or incomplete.
#
#  Out of Memory Error (arena.cpp:168), pid=67924, tid=65532
#
# JRE version: OpenJDK Runtime Environment Temurin-21.0.12.1+1 (21.0.12.1+1) (build 21.0.12.1+1-LTS)
# Java VM: OpenJDK 64-Bit Server VM Temurin-21.0.12.1+1 (21.0.12.1+1-LTS, mixed mode, sharing, tiered, compressed oops, compressed class ptrs, g1 gc, windows-amd64)
# No core dump will be written. Minidumps are not enabled by default on client versions of Windows
#

---------------  S U M M A R Y ------------

Command Line: --add-opens=java.base/java.lang=ALL-UNNAMED --add-opens=java.base/java.lang.invoke=ALL-UNNAMED --add-opens=java.base/java.util=ALL-UNNAMED --add-opens=java.prefs/java.util.prefs=ALL-UNNAMED --add-exports=jdk.compiler/com.sun.tools.javac.api=ALL-UNNAMED --add-exports=jdk.compiler/com.sun.tools.javac.util=ALL-UNNAMED --add-opens=java.base/java.util=ALL-UNNAMED --add-opens=java.prefs/java.util.prefs=ALL-UNNAMED --add-opens=java.base/java.nio.charset=ALL-UNNAMED --add-opens=java.base/java.net=ALL-UNNAMED --add-opens=java.base/java.util.concurrent=ALL-UNNAMED --add-opens=java.base/java.util.concurrent.atomic=ALL-UNNAMED --add-opens=java.xml/javax.xml.namespace=ALL-UNNAMED --add-opens=java.base/java.time=ALL-UNNAMED -XX:MaxMetaspaceSize=4G -XX:ReservedCodeCacheSize=512m -XX:+HeapDumpOnOutOfMemoryError -Xmx8G -Dfile.encoding=UTF-8 -Duser.country=IN -Duser.language=en -Duser.variant -javaagent:C:\Users\AJI\.gradle\wrapper\dists\gradle-9.1.0-all\7wzd0jkjit61aq2p43wpjgij9\gradle-9.1.0\lib\agents\gradle-instrumentation-agent-9.1.0.jar org.gradle.launcher.daemon.bootstrap.GradleDaemon 9.1.0

Host: 12th Gen Intel(R) Core(TM) i7-12700H, 20 cores, 15G,  Windows 11 , 64 bit Build 26100 (10.0.26100.9444)
Time: Thu Sep 10 13:14:57 2026 India Standard Time elapsed time: 91.382163 seconds (0d 0h 1m 31s)

---------------  T H R E A D  ---------------

Current thread (0x00000192cf6a9e20):  JavaThread "C2 CompilerThread0" daemon [_thread_in_native, id=65532, stack(0x00000022c2900000,0x00000022c2a00000) (1024K)]


Current CompileTask:
C2:91382 4719   !   4       java.util.concurrent.LinkedBlockingQueue::poll (128 bytes)

Stack: [0x00000022c2900000,0x00000022c2a00000]
Native frames: (J=compiled Java code, j=interpreted, Vv=VM code, C=native code)
V  [jvm.dll+0x6d83e9]
V  [jvm.dll+0x8b5736]
V  [jvm.dll+0x8b7cee]
V  [jvm.dll+0x8b83d3]
V  [jvm.dll+0x284596]
V  [jvm.dll+0xc685d]
V  [jvm.dll+0xc6da1]
V  [jvm.dll+0xd41cd]
V  [jvm.dll+0x5eeedd]
V  [jvm.dll+0x5edafd]
V  [jvm.dll+0x5ed21e]
V  [jvm.dll+0x5ff5e3]
V  [jvm.dll+0x255d67]
V  [jvm.dll+0x24e3bf]
V  [jvm.dll+0x24bbe6]
V  [jvm.dll+0x1cb4ae]
V  [jvm.dll+0x25baad]
V  [jvm.dll+0x25a03a]
V  [jvm.dll+0x3f8aae]
V  [jvm.dll+0x8600cd]
V  [jvm.dll+0x6d6c1d]
C  [ucrtbase.dll+0x2cd30]
C  [KERNEL32.DLL+0x2cd87]
C  [ntdll.dll+0xacaec]


---------------  P R O C E S S  ---------------

Threads class SMR info:
_java_thread_list=0x0000019316897730, length=32, elements={
0x000001929e4c1ad0, 0x00000192cf6a0160, 0x00000192cf6a0dc0, 0x00000192cf6a2d50,
0x00000192cf6a7bd0, 0x00000192cf6a8630, 0x00000192cf6a9090, 0x00000192cf6a9e20,
0x00000192cf6afd50, 0x00000192cf8cf890, 0x00000192cf974250, 0x00000193167be920,
0x0000019315b0b2e0, 0x000001931687f820, 0x000001931681d320, 0x0000019316897d30,
0x0000019316908680, 0x0000019316977940, 0x0000019316977fd0, 0x0000019316978660,
0x0000019316978cf0, 0x0000019316979380, 0x0000019316976590, 0x0000019316976c20,
0x00000193188806d0, 0x0000019318880040, 0x000001931887e600, 0x0000019318880d60,
0x000001931887f9b0, 0x00000193188813f0, 0x000001931887df70, 0x00000193188834c0
}

Java Threads: ( => current thread )
  0x000001929e4c1ad0 JavaThread "main"                              [_thread_blocked, id=50084, stack(0x00000022c1a00000,0x00000022c1b00000) (1024K)]
  0x00000192cf6a0160 JavaThread "Reference Handler"          daemon [_thread_blocked, id=45264, stack(0x00000022c2300000,0x00000022c2400000) (1024K)]
  0x00000192cf6a0dc0 JavaThread "Finalizer"                  daemon [_thread_blocked, id=45364, stack(0x00000022c2400000,0x00000022c2500000) (1024K)]
  0x00000192cf6a2d50 JavaThread "Signal Dispatcher"          daemon [_thread_blocked, id=73192, stack(0x00000022c2500000,0x00000022c2600000) (1024K)]
  0x00000192cf6a7bd0 JavaThread "Attach Listener"            daemon [_thread_blocked, id=40456, stack(0x00000022c2600000,0x00000022c2700000) (1024K)]
  0x00000192cf6a8630 JavaThread "Service Thread"             daemon [_thread_blocked, id=58196, stack(0x00000022c2700000,0x00000022c2800000) (1024K)]
  0x00000192cf6a9090 JavaThread "Monitor Deflation Thread"   daemon [_thread_blocked, id=34016, stack(0x00000022c2800000,0x00000022c2900000) (1024K)]
=>0x00000192cf6a9e20 JavaThread "C2 CompilerThread0"         daemon [_thread_in_native, id=65532, stack(0x00000022c2900000,0x00000022c2a00000) (1024K)]
  0x00000192cf6afd50 JavaThread "C1 CompilerThread0"         daemon [_thread_blocked, id=29164, stack(0x00000022c2a00000,0x00000022c2b00000) (1024K)]
  0x00000192cf8cf890 JavaThread "Common-Cleaner"             daemon [_thread_blocked, id=58212, stack(0x00000022c2b00000,0x00000022c2c00000) (1024K)]
  0x00000192cf974250 JavaThread "Notification Thread"        daemon [_thread_blocked, id=41956, stack(0x00000022c2c00000,0x00000022c2d00000) (1024K)]
  0x00000193167be920 JavaThread "Daemon health stats"               [_thread_blocked, id=3480, stack(0x00000022c3300000,0x00000022c3400000) (1024K)]
  0x0000019315b0b2e0 JavaThread "Incoming local TCP Connector on port 46200"        [_thread_in_native, id=46160, stack(0x00000022c3400000,0x00000022c3500000) (1024K)]
  0x000001931687f820 JavaThread "Daemon periodic checks"            [_thread_blocked, id=50000, stack(0x00000022c3500000,0x00000022c3600000) (1024K)]
  0x000001931681d320 JavaThread "Daemon"                            [_thread_blocked, id=62616, stack(0x00000022c3600000,0x00000022c3700000) (1024K)]
  0x0000019316897d30 JavaThread "Handler for socket connection from /127.0.0.1:46200 to /127.0.0.1:46203"        [_thread_in_native, id=62972, stack(0x00000022c3700000,0x00000022c3800000) (1024K)]
  0x0000019316908680 JavaThread "Cancel handler"                    [_thread_blocked, id=80084, stack(0x00000022c4000000,0x00000022c4100000) (1024K)]
  0x0000019316977940 JavaThread "Daemon worker"                     [_thread_blocked, id=33688, stack(0x00000022c4100000,0x00000022c4200000) (1024K)]
  0x0000019316977fd0 JavaThread "Asynchronous log dispatcher for DefaultDaemonConnection: socket connection from /127.0.0.1:46200 to /127.0.0.1:46203"        [_thread_blocked, id=58628, stack(0x00000022c4200000,0x00000022c4300000) (1024K)]
  0x0000019316978660 JavaThread "Stdin handler"                     [_thread_blocked, id=76124, stack(0x00000022c4300000,0x00000022c4400000) (1024K)]
  0x0000019316978cf0 JavaThread "Daemon client event forwarder"        [_thread_blocked, id=49728, stack(0x00000022c4400000,0x00000022c4500000) (1024K)]
  0x0000019316979380 JavaThread "Cache worker for journal cache (C:\Users\AJI\.gradle\caches\journal-1)"        [_thread_blocked, id=32872, stack(0x00000022c4500000,0x00000022c4600000) (1024K)]
  0x0000019316976590 JavaThread "File lock request listener"        [_thread_in_native, id=37008, stack(0x00000022c4600000,0x00000022c4700000) (1024K)]
  0x0000019316976c20 JavaThread "Cache worker for file hash cache (C:\Users\AJI\.gradle\caches\9.1.0\fileHashes)"        [_thread_blocked, id=17360, stack(0x00000022c4700000,0x00000022c4800000) (1024K)]
  0x00000193188806d0 JavaThread "Cache worker for file hash cache (C:\Users\AJI\Documents\personal_website\ajilesh_web\aj_profile\android\.gradle\9.1.0\fileHashes)"        [_thread_blocked, id=52940, stack(0x00000022c4d00000,0x00000022c4e00000) (1024K)]
  0x0000019318880040 JavaThread "Cache worker for Build Output Cleanup Cache (C:\Users\AJI\Documents\personal_website\ajilesh_web\aj_profile\android\.gradle\buildOutputCleanup)"        [_thread_blocked, id=71408, stack(0x00000022c4e00000,0x00000022c4f00000) (1024K)]
  0x000001931887e600 JavaThread "File watcher server"        daemon [_thread_in_native, id=13872, stack(0x00000022c4f00000,0x00000022c5000000) (1024K)]
  0x0000019318880d60 JavaThread "File watcher consumer"      daemon [_thread_blocked, id=53740, stack(0x00000022c5000000,0x00000022c5100000) (1024K)]
  0x000001931887f9b0 JavaThread "Cache worker for checksums cache (C:\Users\AJI\Documents\personal_website\ajilesh_web\aj_profile\android\.gradle\9.1.0\checksums)"        [_thread_blocked, id=34044, stack(0x00000022c5100000,0x00000022c5200000) (1024K)]
  0x00000193188813f0 JavaThread "Cache worker for file content cache (C:\Users\AJI\.gradle\caches\9.1.0\fileContent)"        [_thread_blocked, id=51360, stack(0x00000022c5200000,0x00000022c5300000) (1024K)]
  0x000001931887df70 JavaThread "Cache worker for cache directory md-supplier (C:\Users\AJI\.gradle\caches\9.1.0\md-supplier)"        [_thread_blocked, id=67240, stack(0x00000022c5300000,0x00000022c5400000) (1024K)]
  0x00000193188834c0 JavaThread "Cache worker for cache directory md-rule (C:\Users\AJI\.gradle\caches\9.1.0\md-rule)"        [_thread_blocked, id=27952, stack(0x00000022c5400000,0x00000022c5500000) (1024K)]
Total: 32

Other Threads:
  0x00000192cf684660 VMThread "VM Thread"                           [id=46736, stack(0x00000022c2200000,0x00000022c2300000) (1024K)]
  0x00000192cc683ea0 WatcherThread "VM Periodic Task Thread"        [id=35380, stack(0x00000022c2100000,0x00000022c2200000) (1024K)]
  0x000001929e56b940 WorkerThread "GC Thread#0"                     [id=65848, stack(0x00000022c1c00000,0x00000022c1d00000) (1024K)]
  0x00000192cf97d2d0 WorkerThread "GC Thread#1"                     [id=33328, stack(0x00000022c2d00000,0x00000022c2e00000) (1024K)]
  0x00000192cfa6b580 WorkerThread "GC Thread#2"                     [id=75640, stack(0x00000022c2e00000,0x00000022c2f00000) (1024K)]
  0x00000192cfa6b930 WorkerThread "GC Thread#3"                     [id=4740, stack(0x00000022c2f00000,0x00000022c3000000) (1024K)]
  0x00000192cfa69f60 WorkerThread "GC Thread#4"                     [id=66196, stack(0x00000022c3000000,0x00000022c3100000) (1024K)]
  0x00000192cfa6aa70 WorkerThread "GC Thread#5"                     [id=54916, stack(0x00000022c3100000,0x00000022c3200000) (1024K)]
  0x000001931669b1d0 WorkerThread "GC Thread#6"                     [id=18268, stack(0x00000022c3800000,0x00000022c3900000) (1024K)]
  0x000001931669ae20 WorkerThread "GC Thread#7"                     [id=33160, stack(0x00000022c3900000,0x00000022c3a00000) (1024K)]
  0x000001931669a6c0 WorkerThread "GC Thread#8"                     [id=80676, stack(0x00000022c3a00000,0x00000022c3b00000) (1024K)]
  0x000001931669b580 WorkerThread "GC Thread#9"                     [id=19084, stack(0x00000022c3b00000,0x00000022c3c00000) (1024K)]
  0x0000019316698cf0 WorkerThread "GC Thread#10"                    [id=79796, stack(0x00000022c3c00000,0x00000022c3d00000) (1024K)]
  0x0000019316699800 WorkerThread "GC Thread#11"                    [id=45384, stack(0x00000022c3d00000,0x00000022c3e00000) (1024K)]
  0x000001931669b930 WorkerThread "GC Thread#12"                    [id=68748, stack(0x00000022c3e00000,0x00000022c3f00000) (1024K)]
  0x000001931669a310 WorkerThread "GC Thread#13"                    [id=55568, stack(0x00000022c3f00000,0x00000022c4000000) (1024K)]
  0x0000019316699bb0 WorkerThread "GC Thread#14"                    [id=40020, stack(0x00000022c4900000,0x00000022c4a00000) (1024K)]
  0x000001929e57d140 ConcurrentGCThread "G1 Main Marker"            [id=41468, stack(0x00000022c1d00000,0x00000022c1e00000) (1024K)]
  0x000001929e57dc50 WorkerThread "G1 Conc#0"                       [id=64460, stack(0x00000022c1e00000,0x00000022c1f00000) (1024K)]
  0x00000193172ed660 WorkerThread "G1 Conc#1"                       [id=13144, stack(0x00000022c4a00000,0x00000022c4b00000) (1024K)]
  0x00000193172f0a00 WorkerThread "G1 Conc#2"                       [id=73284, stack(0x00000022c4b00000,0x00000022c4c00000) (1024K)]
  0x00000193172ee8d0 WorkerThread "G1 Conc#3"                       [id=28272, stack(0x00000022c4c00000,0x00000022c4d00000) (1024K)]
  0x00000192cc54ec90 ConcurrentGCThread "G1 Refine#0"               [id=55476, stack(0x00000022c1f00000,0x00000022c2000000) (1024K)]
  0x00000192cc54f810 ConcurrentGCThread "G1 Service"                [id=75636, stack(0x00000022c2000000,0x00000022c2100000) (1024K)]
Total: 24

Threads with active compile tasks:
C2 CompilerThread0  91461 4719   !   4       java.util.concurrent.LinkedBlockingQueue::poll (128 bytes)
Total: 1

VM state: not at safepoint (normal execution)

VM Mutex/Monitor currently owned by a thread: None

Heap address: 0x0000000600000000, size: 8192 MB, Compressed Oops mode: Zero based, Oop shift amount: 3

CDS archive(s) mapped at: [0x00000192d0000000-0x00000192d0ba0000-0x00000192d0ba0000), size 12189696, SharedBaseAddress: 0x00000192d0000000, ArchiveRelocationMode: 1.
Compressed class space mapped at: 0x00000192d1000000-0x0000019311000000, reserved size: 1073741824
Narrow klass base: 0x00000192d0000000, Narrow klass shift: 0, Narrow klass range: 0x100000000

GC Precious Log:
 CardTable entry size: 512
 Card Set container configuration: InlinePtr #cards 4 size 8 Array Of Cards #cards 32 size 80 Howl #buckets 8 coarsen threshold 7372 Howl Bitmap #cards 1024 size 144 coarsen threshold 921 Card regions per heap region 1 cards per card region 8192
 CPUs: 20 total, 20 available
 Memory: 16068M
 Large Page Support: Disabled
 NUMA Support: Disabled
 Compressed Oops: Enabled (Zero based)
 Heap Region Size: 4M
 Heap Min Capacity: 8M
 Heap Initial Capacity: 252M
 Heap Max Capacity: 8G
 Pre-touch: Disabled
 Parallel Workers: 15
 Concurrent Workers: 4
 Concurrent Refinement Workers: 15
 Periodic GC: Disabled

Heap:
 garbage-first heap   total 110592K, used 79869K [0x0000000600000000, 0x0000000800000000)
  region size 4096K, 14 young (57344K), 1 survivors (4096K)
 Metaspace       used 36927K, committed 38400K, reserved 1114112K
  class space    used 5308K, committed 6016K, reserved 1048576K

Heap Regions: E=young(eden), S=young(survivor), O=old, HS=humongous(starts), HC=humongous(continues), CS=collection set, F=free, TAMS=top-at-mark-start, PB=parsable bottom
|   0|0x0000000600000000, 0x0000000600400000, 0x0000000600400000|100%|HS|  |TAMS 0x0000000600000000| PB 0x0000000600000000| Complete 
|   1|0x0000000600400000, 0x0000000600800000, 0x0000000600800000|100%| O|  |TAMS 0x0000000600400000| PB 0x0000000600400000| Untracked 
|   2|0x0000000600800000, 0x0000000600ac4680, 0x0000000600c00000| 69%| O|Cm|TAMS 0x0000000600800000| PB 0x0000000600800000| Complete 
|   3|0x0000000600c00000, 0x0000000601000000, 0x0000000601000000|100%| O|  |TAMS 0x0000000600c00000| PB 0x0000000600c00000| Untracked 
|   4|0x0000000601000000, 0x0000000601400000, 0x0000000601400000|100%| O|  |TAMS 0x0000000601000000| PB 0x0000000601000000| Untracked 
|   5|0x0000000601400000, 0x0000000601400000, 0x0000000601800000|  0%| F|  |TAMS 0x0000000601400000| PB 0x0000000601400000| Untracked 
|   6|0x0000000601800000, 0x0000000601800000, 0x0000000601c00000|  0%| F|  |TAMS 0x0000000601800000| PB 0x0000000601800000| Untracked 
|   7|0x0000000601c00000, 0x0000000601c00000, 0x0000000602000000|  0%| F|  |TAMS 0x0000000601c00000| PB 0x0000000601c00000| Untracked 
|   8|0x0000000602000000, 0x0000000602000000, 0x0000000602400000|  0%| F|  |TAMS 0x0000000602000000| PB 0x0000000602000000| Untracked 
|   9|0x0000000602400000, 0x0000000602400000, 0x0000000602800000|  0%| F|  |TAMS 0x0000000602400000| PB 0x0000000602400000| Untracked 
|  10|0x0000000602800000, 0x0000000602800000, 0x0000000602c00000|  0%| F|  |TAMS 0x0000000602800000| PB 0x0000000602800000| Untracked 
|  11|0x0000000602c00000, 0x0000000602dea0e0, 0x0000000603000000| 47%| E|  |TAMS 0x0000000602c00000| PB 0x0000000602c00000| Complete 
|  12|0x0000000603000000, 0x0000000603400000, 0x0000000603400000|100%| E|CS|TAMS 0x0000000603000000| PB 0x0000000603000000| Complete 
|  13|0x0000000603400000, 0x0000000603800000, 0x0000000603800000|100%| E|CS|TAMS 0x0000000603400000| PB 0x0000000603400000| Complete 
|  14|0x0000000603800000, 0x0000000603c00000, 0x0000000603c00000|100%| E|CS|TAMS 0x0000000603800000| PB 0x0000000603800000| Complete 
|  15|0x0000000603c00000, 0x0000000604000000, 0x0000000604000000|100%| E|CS|TAMS 0x0000000603c00000| PB 0x0000000603c00000| Complete 
|  16|0x0000000604000000, 0x0000000604400000, 0x0000000604400000|100%| E|CS|TAMS 0x0000000604000000| PB 0x0000000604000000| Complete 
|  17|0x0000000604400000, 0x0000000604800000, 0x0000000604800000|100%| E|CS|TAMS 0x0000000604400000| PB 0x0000000604400000| Complete 
|  18|0x0000000604800000, 0x0000000604c00000, 0x0000000604c00000|100%| E|CS|TAMS 0x0000000604800000| PB 0x0000000604800000| Complete 
|  19|0x0000000604c00000, 0x0000000605000000, 0x0000000605000000|100%| E|CS|TAMS 0x0000000604c00000| PB 0x0000000604c00000| Complete 
|  20|0x0000000605000000, 0x0000000605400000, 0x0000000605400000|100%| E|CS|TAMS 0x0000000605000000| PB 0x0000000605000000| Complete 
|  38|0x0000000609800000, 0x0000000609c00000, 0x0000000609c00000|100%| E|CS|TAMS 0x0000000609800000| PB 0x0000000609800000| Complete 
|  39|0x0000000609c00000, 0x000000060a000000, 0x000000060a000000|100%| E|CS|TAMS 0x0000000609c00000| PB 0x0000000609c00000| Complete 
|  44|0x000000060b000000, 0x000000060b33ada0, 0x000000060b400000| 80%| S|CS|TAMS 0x000000060b000000| PB 0x000000060b000000| Complete 
|  62|0x000000060f800000, 0x000000060fc00000, 0x000000060fc00000|100%| E|CS|TAMS 0x000000060f800000| PB 0x000000060f800000| Complete 
|2046|0x00000007ff800000, 0x00000007ffc00000, 0x00000007ffc00000|100%| O|  |TAMS 0x00000007ff800000| PB 0x00000007ff800000| Untracked 
|2047|0x00000007ffc00000, 0x0000000800000000, 0x0000000800000000|100%| O|  |TAMS 0x00000007ffc00000| PB 0x00000007ffc00000| Untracked 

Card table byte_map: [0x00000192c3380000,0x00000192c4380000] _byte_map_base: 0x00000192c0380000

Marking Bits: (CMBitMap*) 0x000001929e56c860
 Bits: [0x00000192c4380000, 0x00000192cc380000)

Polling page: 0x000001929c340000

Metaspace:

Usage:
  Non-class:     30.88 MB used.
      Class:      5.18 MB used.
       Both:     36.06 MB used.

Virtual space:
  Non-class space:       64.00 MB reserved,      31.62 MB ( 49%) committed,  1 nodes.
      Class space:        1.00 GB reserved,       5.88 MB ( <1%) committed,  1 nodes.
             Both:        1.06 GB reserved,      37.50 MB (  3%) committed. 

Chunk freelists:
   Non-Class:  300.00 KB
       Class:  9.91 MB
        Both:  10.21 MB

MaxMetaspaceSize: 4.00 GB
CompressedClassSpaceSize: 1.00 GB
Initial GC threshold: 21.00 MB
Current GC threshold: 59.31 MB
CDS: on
 - commit_granule_bytes: 65536.
 - commit_granule_words: 8192.
 - virtual_space_node_default_size: 8388608.
 - enlarge_chunks_in_place: 1.
 - use_allocation_guard: 0.


Internal statistics:

num_allocs_failed_limit: 9.
num_arena_births: 2474.
num_arena_deaths: 0.
num_vsnodes_births: 2.
num_vsnodes_deaths: 0.
num_space_committed: 600.
num_space_uncommitted: 0.
num_chunks_returned_to_freelist: 9.
num_chunks_taken_from_freelist: 4204.
num_chunk_merges: 3.
num_chunk_splits: 2752.
num_chunks_enlarged: 1705.
num_inconsistent_stats: 0.

CodeHeap 'non-profiled nmethods': size=258432Kb used=2289Kb max_used=2338Kb free=256142Kb
 bounds [0x00000192b1a60000, 0x00000192b1cd0000, 0x00000192c16c0000]
CodeHeap 'profiled nmethods': size=258368Kb used=8109Kb max_used=8577Kb free=250258Kb
 bounds [0x00000192a16c0000, 0x00000192a1f30000, 0x00000192b1310000]
CodeHeap 'non-nmethods': size=7488Kb used=1822Kb max_used=2404Kb free=5666Kb
 bounds [0x00000192b1310000, 0x00000192b1580000, 0x00000192b1a60000]
CodeCache: size=524288Kb, used=12220Kb, max_used=13319Kb, free=512066Kb
 total_blobs=4889, nmethods=4197, adapters=597, full_count=0
Compilation: enabled, stopped_count=0, restarted_count=0

Compilation events (20 events):
Event: 85.191 Thread 0x00000192cf6a9e20 nmethod 4705 0x00000192b1ca8890 code [0x00000192b1ca9120, 0x00000192b1cb0b58]
Event: 85.193 Thread 0x00000192cf6a9e20 4706       4       java.util.LinkedList$ListItr::hasNext (20 bytes)
Event: 85.193 Thread 0x00000192cf6a9e20 nmethod 4706 0x00000192b1ae7110 code [0x00000192b1ae72a0, 0x00000192b1ae7358]
Event: 85.843 Thread 0x00000192cf6afd50 4711       3       java.util.concurrent.ThreadPoolExecutor::workerCountOf (5 bytes)
Event: 85.844 Thread 0x00000192cf6afd50 nmethod 4711 0x00000192a1752290 code [0x00000192a1752420, 0x00000192a1752518]
Event: 86.838 Thread 0x00000192cf6afd50 4712       3       java.util.HashMap$Values::spliterator (16 bytes)
Event: 86.838 Thread 0x00000192cf6afd50 nmethod 4712 0x00000192a1788990 code [0x00000192a1788b40, 0x00000192a1788d08]
Event: 86.838 Thread 0x00000192cf6afd50 4713       3       java.util.HashMap$ValueSpliterator::<init> (12 bytes)
Event: 86.838 Thread 0x00000192cf6afd50 nmethod 4713 0x00000192a1788490 code [0x00000192a1788640, 0x00000192a1788878]
Event: 86.838 Thread 0x00000192cf6afd50 4714       3       java.util.HashMap$HashMapSpliterator::estimateSize (11 bytes)
Event: 86.838 Thread 0x00000192cf6afd50 nmethod 4714 0x00000192a1788110 code [0x00000192a17882c0, 0x00000192a1788410]
Event: 89.262 Thread 0x00000192cf6a9e20 4715       4       java.util.concurrent.locks.AbstractQueuedSynchronizer$ConditionObject::awaitNanos (202 bytes)
Event: 89.299 Thread 0x00000192cf6a9e20 nmethod 4715 0x00000192b1b74090 code [0x00000192b1b74380, 0x00000192b1b75860]
Event: 90.839 Thread 0x00000192cf6afd50 4716       3       org.gradle.internal.time.MonotonicClock::getCurrentTime (70 bytes)
Event: 90.842 Thread 0x00000192cf6afd50 nmethod 4716 0x00000192a1787910 code [0x00000192a1787b20, 0x00000192a1787f00]
Event: 90.842 Thread 0x00000192cf6afd50 4717       3       org.gradle.internal.time.MonotonicClock::syncIsDue (28 bytes)
Event: 90.842 Thread 0x00000192cf6afd50 nmethod 4717 0x00000192a1787490 code [0x00000192a1787640, 0x00000192a1787818]
Event: 90.842 Thread 0x00000192cf6afd50 4718       3       org.gradle.internal.time.MonotonicClock::advance (33 bytes)
Event: 90.842 Thread 0x00000192cf6afd50 nmethod 4718 0x00000192a1786f10 code [0x00000192a17870e0, 0x00000192a1787380]
Event: 91.365 Thread 0x00000192cf6a9e20 4719   !   4       java.util.concurrent.LinkedBlockingQueue::poll (128 bytes)

GC Heap History (14 events):
Event: 0.975 GC heap before
{Heap before GC invocations=0 (full 0):
 garbage-first heap   total 258048K, used 20480K [0x0000000600000000, 0x0000000800000000)
  region size 4096K, 5 young (20480K), 0 survivors (0K)
 Metaspace       used 876K, committed 1024K, reserved 1114112K
  class space    used 71K, committed 128K, reserved 1048576K
}
Event: 0.995 GC heap after
{Heap after GC invocations=1 (full 0):
 garbage-first heap   total 258048K, used 1440K [0x0000000600000000, 0x0000000800000000)
  region size 4096K, 1 young (4096K), 1 survivors (4096K)
 Metaspace       used 876K, committed 1024K, reserved 1114112K
  class space    used 71K, committed 128K, reserved 1048576K
}
Event: 2.499 GC heap before
{Heap before GC invocations=1 (full 0):
 garbage-first heap   total 258048K, used 42400K [0x0000000600000000, 0x0000000800000000)
  region size 4096K, 11 young (45056K), 1 survivors (4096K)
 Metaspace       used 4604K, committed 4800K, reserved 1114112K
  class space    used 585K, committed 704K, reserved 1048576K
}
Event: 2.505 GC heap after
{Heap after GC invocations=2 (full 0):
 garbage-first heap   total 258048K, used 11523K [0x0000000600000000, 0x0000000800000000)
  region size 4096K, 2 young (8192K), 2 survivors (8192K)
 Metaspace       used 4604K, committed 4800K, reserved 1114112K
  class space    used 585K, committed 704K, reserved 1048576K
}
Event: 5.016 GC heap before
{Heap before GC invocations=2 (full 0):
 garbage-first heap   total 258048K, used 77059K [0x0000000600000000, 0x0000000800000000)
  region size 4096K, 19 young (77824K), 2 survivors (8192K)
 Metaspace       used 10401K, committed 10688K, reserved 1114112K
  class space    used 1407K, committed 1536K, reserved 1048576K
}
Event: 5.052 GC heap after
{Heap after GC invocations=3 (full 0):
 garbage-first heap   total 258048K, used 19662K [0x0000000600000000, 0x0000000800000000)
  region size 4096K, 3 young (12288K), 3 survivors (12288K)
 Metaspace       used 10401K, committed 10688K, reserved 1114112K
  class space    used 1407K, committed 1536K, reserved 1048576K
}
Event: 9.947 GC heap before
{Heap before GC invocations=3 (full 0):
 garbage-first heap   total 258048K, used 85198K [0x0000000600000000, 0x0000000800000000)
  region size 4096K, 21 young (86016K), 3 survivors (12288K)
 Metaspace       used 20884K, committed 21504K, reserved 1114112K
  class space    used 2901K, committed 3200K, reserved 1048576K
}
Event: 9.957 GC heap after
{Heap after GC invocations=4 (full 0):
 garbage-first heap   total 258048K, used 23596K [0x0000000600000000, 0x0000000800000000)
  region size 4096K, 4 young (16384K), 4 survivors (16384K)
 Metaspace       used 20884K, committed 21504K, reserved 1114112K
  class space    used 2901K, committed 3200K, reserved 1048576K
}
Event: 12.486 GC heap before
{Heap before GC invocations=5 (full 0):
 garbage-first heap   total 98304K, used 93228K [0x0000000600000000, 0x0000000800000000)
  region size 4096K, 21 young (86016K), 4 survivors (16384K)
 Metaspace       used 29597K, committed 30720K, reserved 1114112K
  class space    used 4297K, committed 4864K, reserved 1048576K
}
Event: 12.495 GC heap after
{Heap after GC invocations=6 (full 0):
 garbage-first heap   total 114688K, used 27516K [0x0000000600000000, 0x0000000800000000)
  region size 4096K, 2 young (8192K), 2 survivors (8192K)
 Metaspace       used 29597K, committed 30720K, reserved 1114112K
  class space    used 4297K, committed 4864K, reserved 1048576K
}
Event: 13.783 GC heap before
{Heap before GC invocations=6 (full 0):
 garbage-first heap   total 114688K, used 64380K [0x0000000600000000, 0x0000000800000000)
  region size 4096K, 12 young (49152K), 2 survivors (8192K)
 Metaspace       used 34709K, committed 35968K, reserved 1114112K
  class space    used 4955K, committed 5568K, reserved 1048576K
}
Event: 13.788 GC heap after
{Heap after GC invocations=7 (full 0):
 garbage-first heap   total 114688K, used 30280K [0x0000000600000000, 0x0000000800000000)
  region size 4096K, 2 young (8192K), 2 survivors (8192K)
 Metaspace       used 34709K, committed 35968K, reserved 1114112K
  class space    used 4955K, committed 5568K, reserved 1048576K
}
Event: 13.850 GC heap before
{Heap before GC invocations=7 (full 0):
 garbage-first heap   total 114688K, used 30280K [0x0000000600000000, 0x0000000800000000)
  region size 4096K, 3 young (12288K), 2 survivors (8192K)
 Metaspace       used 34949K, committed 36288K, reserved 1114112K
  class space    used 4986K, committed 5632K, reserved 1048576K
}
Event: 13.854 GC heap after
{Heap after GC invocations=8 (full 0):
 garbage-first heap   total 114688K, used 30717K [0x0000000600000000, 0x0000000800000000)
  region size 4096K, 1 young (4096K), 1 survivors (4096K)
 Metaspace       used 34949K, committed 36288K, reserved 1114112K
  class space    used 4986K, committed 5632K, reserved 1048576K
}

Dll operation events (20 events):
Event: 0.294 Attempting to load shared library C:\Users\AJI\.vscode\extensions\redhat.java-1.56.0-win32-x64\jre\21.0.12.1-win32-x86_64\bin\nio.dll
Event: 0.294 Loaded shared library C:\Users\AJI\.vscode\extensions\redhat.java-1.56.0-win32-x64\jre\21.0.12.1-win32-x86_64\bin\nio.dll
Event: 0.298 Attempting to load shared library C:\Users\AJI\.vscode\extensions\redhat.java-1.56.0-win32-x64\jre\21.0.12.1-win32-x86_64\bin\zip.dll
Event: 0.298 Loaded shared library C:\Users\AJI\.vscode\extensions\redhat.java-1.56.0-win32-x64\jre\21.0.12.1-win32-x86_64\bin\zip.dll
Event: 1.052 Attempting to load shared library C:\Users\AJI\.vscode\extensions\redhat.java-1.56.0-win32-x64\jre\21.0.12.1-win32-x86_64\bin\jimage.dll
Event: 1.052 Loaded shared library C:\Users\AJI\.vscode\extensions\redhat.java-1.56.0-win32-x64\jre\21.0.12.1-win32-x86_64\bin\jimage.dll
Event: 1.526 Attempting to load shared library C:\Users\AJI\.vscode\extensions\redhat.java-1.56.0-win32-x64\jre\21.0.12.1-win32-x86_64\bin\verify.dll
Event: 1.527 Loaded shared library C:\Users\AJI\.vscode\extensions\redhat.java-1.56.0-win32-x64\jre\21.0.12.1-win32-x86_64\bin\verify.dll
Event: 1.637 Attempting to load shared library C:\Users\AJI\.gradle\native\1def1411415f61bf3af743bc5b6707747c0891f09f0c88961ee8f79bc544acac\windows-amd64\native-platform.dll
Event: 1.638 Loaded shared library C:\Users\AJI\.gradle\native\1def1411415f61bf3af743bc5b6707747c0891f09f0c88961ee8f79bc544acac\windows-amd64\native-platform.dll
Event: 1.655 Attempting to load shared library C:\Users\AJI\.gradle\native\0.2.8\x86_64-windows-gnu\gradle-fileevents.dll
Event: 1.660 Loaded shared library C:\Users\AJI\.gradle\native\0.2.8\x86_64-windows-gnu\gradle-fileevents.dll
Event: 3.755 Attempting to load shared library C:\Users\AJI\.vscode\extensions\redhat.java-1.56.0-win32-x64\jre\21.0.12.1-win32-x86_64\bin\management.dll
Event: 3.757 Loaded shared library C:\Users\AJI\.vscode\extensions\redhat.java-1.56.0-win32-x64\jre\21.0.12.1-win32-x86_64\bin\management.dll
Event: 3.761 Attempting to load shared library C:\Users\AJI\.vscode\extensions\redhat.java-1.56.0-win32-x64\jre\21.0.12.1-win32-x86_64\bin\management_ext.dll
Event: 3.763 Loaded shared library C:\Users\AJI\.vscode\extensions\redhat.java-1.56.0-win32-x64\jre\21.0.12.1-win32-x86_64\bin\management_ext.dll
Event: 4.247 Attempting to load shared library C:\Users\AJI\.vscode\extensions\redhat.java-1.56.0-win32-x64\jre\21.0.12.1-win32-x86_64\bin\extnet.dll
Event: 4.247 Loaded shared library C:\Users\AJI\.vscode\extensions\redhat.java-1.56.0-win32-x64\jre\21.0.12.1-win32-x86_64\bin\extnet.dll
Event: 4.825 Attempting to load shared library C:\Users\AJI\.vscode\extensions\redhat.java-1.56.0-win32-x64\jre\21.0.12.1-win32-x86_64\bin\sunmscapi.dll
Event: 4.831 Loaded shared library C:\Users\AJI\.vscode\extensions\redhat.java-1.56.0-win32-x64\jre\21.0.12.1-win32-x86_64\bin\sunmscapi.dll

Deoptimization events (20 events):
Event: 20.797 Thread 0x0000019316976c20 Uncommon trap: trap_request=0xffffffc6 fr.pc=0x00000192b1bc9754 relative=0x00000000000008f4
Event: 20.797 Thread 0x0000019316976c20 Uncommon trap: reason=bimorphic_or_optimized_type_check action=maybe_recompile pc=0x00000192b1bc9754 method=java.io.DataInputStream.readFully([BII)V @ 30 c2
Event: 20.797 Thread 0x0000019316976c20 DEOPT PACKING pc=0x00000192b1bc9754 sp=0x00000022c47fe150
Event: 20.797 Thread 0x0000019316976c20 DEOPT UNPACKING pc=0x00000192b1364422 sp=0x00000022c47fe108 mode 2
Event: 20.813 Thread 0x0000019316976c20 Uncommon trap: trap_request=0xffffffc6 fr.pc=0x00000192b1c911c4 relative=0x0000000000000c44
Event: 20.813 Thread 0x0000019316976c20 Uncommon trap: reason=bimorphic_or_optimized_type_check action=maybe_recompile pc=0x00000192b1c911c4 method=java.io.BufferedInputStream.implRead([BII)I @ 100 c2
Event: 20.813 Thread 0x0000019316976c20 DEOPT PACKING pc=0x00000192b1c911c4 sp=0x00000022c47fe060
Event: 20.813 Thread 0x0000019316976c20 DEOPT UNPACKING pc=0x00000192b1364422 sp=0x00000022c47fe028 mode 2
Event: 20.845 Thread 0x0000019316976c20 Uncommon trap: trap_request=0xffffffc6 fr.pc=0x00000192b1c911c4 relative=0x0000000000000c44
Event: 20.845 Thread 0x0000019316976c20 Uncommon trap: reason=bimorphic_or_optimized_type_check action=maybe_recompile pc=0x00000192b1c911c4 method=java.io.BufferedInputStream.implRead([BII)I @ 100 c2
Event: 20.845 Thread 0x0000019316976c20 DEOPT PACKING pc=0x00000192b1c911c4 sp=0x00000022c47fe0c0
Event: 20.845 Thread 0x0000019316976c20 DEOPT UNPACKING pc=0x00000192b1364422 sp=0x00000022c47fe088 mode 2
Event: 20.857 Thread 0x0000019316976c20 Uncommon trap: trap_request=0xffffffc6 fr.pc=0x00000192b1c911c4 relative=0x0000000000000c44
Event: 20.857 Thread 0x0000019316976c20 Uncommon trap: reason=bimorphic_or_optimized_type_check action=maybe_recompile pc=0x00000192b1c911c4 method=java.io.BufferedInputStream.implRead([BII)I @ 100 c2
Event: 20.857 Thread 0x0000019316976c20 DEOPT PACKING pc=0x00000192b1c911c4 sp=0x00000022c47fe1c0
Event: 20.857 Thread 0x0000019316976c20 DEOPT UNPACKING pc=0x00000192b1364422 sp=0x00000022c47fe188 mode 2
Event: 20.863 Thread 0x0000019316976c20 Uncommon trap: trap_request=0xffffffc6 fr.pc=0x00000192b1c911c4 relative=0x0000000000000c44
Event: 20.863 Thread 0x0000019316976c20 Uncommon trap: reason=bimorphic_or_optimized_type_check action=maybe_recompile pc=0x00000192b1c911c4 method=java.io.BufferedInputStream.implRead([BII)I @ 100 c2
Event: 20.863 Thread 0x0000019316976c20 DEOPT PACKING pc=0x00000192b1c911c4 sp=0x00000022c47fe1c0
Event: 20.863 Thread 0x0000019316976c20 DEOPT UNPACKING pc=0x00000192b1364422 sp=0x00000022c47fe188 mode 2

Classes loaded (20 events):
Event: 13.959 Loading class sun/nio/fs/WindowsChannelFactory$Flags
Event: 13.959 Loading class sun/nio/fs/WindowsChannelFactory$Flags done
Event: 13.959 Loading class sun/nio/fs/WindowsChannelFactory$2
Event: 13.959 Loading class sun/nio/fs/WindowsChannelFactory$2 done
Event: 13.960 Loading class sun/nio/fs/WindowsException
Event: 13.960 Loading class sun/nio/fs/WindowsException done
Event: 13.960 Loading class java/nio/file/FileAlreadyExistsException
Event: 13.960 Loading class java/nio/file/FileAlreadyExistsException done
Event: 13.961 Loading class java/nio/file/AccessMode
Event: 13.961 Loading class java/nio/file/AccessMode done
Event: 14.057 Loading class java/util/Collections$SynchronizedRandomAccessList
Event: 14.057 Loading class java/util/Collections$SynchronizedList
Event: 14.057 Loading class java/util/Collections$SynchronizedList done
Event: 14.057 Loading class java/util/Collections$SynchronizedRandomAccessList done
Event: 14.837 Loading class java/util/concurrent/LinkedBlockingDeque$Itr
Event: 14.837 Loading class java/util/concurrent/LinkedBlockingDeque$AbstractItr
Event: 14.837 Loading class java/util/concurrent/LinkedBlockingDeque$AbstractItr done
Event: 14.837 Loading class java/util/concurrent/LinkedBlockingDeque$Itr done
Event: 20.819 Loading class java/nio/charset/CharacterCodingException
Event: 20.819 Loading class java/nio/charset/CharacterCodingException done

Classes unloaded (0 events):
No events

Classes redefined (0 events):
No events

Internal exceptions (20 events):
Event: 13.916 Thread 0x0000019316977940 Exception <a 'java/lang/ClassNotFoundException'{0x000000060f8f8a80}: groovy/lang/GroovyObjectSupportBeanInfo> (0x000000060f8f8a80) 
thrown [s\src\hotspot\share\classfile\systemDictionary.cpp, line 313]
Event: 13.916 Thread 0x0000019316977940 Exception <a 'java/lang/ClassNotFoundException'{0x000000060f901910}: groovy/lang/GroovyObjectSupportCustomizer> (0x000000060f901910) 
thrown [s\src\hotspot\share\classfile\systemDictionary.cpp, line 313]
Event: 13.919 Thread 0x0000019316977940 Exception <a 'java/lang/ClassNotFoundException'{0x000000060f91c690}: org/gradle/internal/extensibility/DefaultExtraPropertiesExtensionCustomizer> (0x000000060f91c690) 
thrown [s\src\hotspot\share\classfile\systemDictionary.cpp, line 313]
Event: 13.923 Thread 0x0000019316977940 Exception <a 'java/lang/IncompatibleClassChangeError'{0x000000060f93a0a8}: Found class java.lang.Object, but interface was expected> (0x000000060f93a0a8) 
thrown [s\src\hotspot\share\interpreter\linkResolver.cpp, line 840]
Event: 13.960 Thread 0x0000019316977940 Exception <a 'sun/nio/fs/WindowsException'{0x000000060f9ffa30}> (0x000000060f9ffa30) 
thrown [s\src\hotspot\share\prims\jni.cpp, line 520]
Event: 13.962 Thread 0x0000019316977940 Exception <a 'sun/nio/fs/WindowsException'{0x000000060fa01760}> (0x000000060fa01760) 
thrown [s\src\hotspot\share\prims\jni.cpp, line 520]
Event: 13.962 Thread 0x0000019316977940 Exception <a 'sun/nio/fs/WindowsException'{0x000000060fa02c08}> (0x000000060fa02c08) 
thrown [s\src\hotspot\share\prims\jni.cpp, line 520]
Event: 13.962 Thread 0x0000019316977940 Exception <a 'sun/nio/fs/WindowsException'{0x000000060fa040e0}> (0x000000060fa040e0) 
thrown [s\src\hotspot\share\prims\jni.cpp, line 520]
Event: 13.994 Thread 0x0000019316977940 Exception <a 'java/lang/NoSuchMethodError'{0x000000060fb07990}: 'java.lang.Object java.lang.invoke.Invokers$Holder.invoker(java.lang.Object, java.lang.Object, java.lang.Object, java.lang.Object, java.lang.Object, java.lang.Object)'> (0x000000060fb07990) 
thrown [s\src\hotspot\share\interpreter\linkResolver.cpp, line 773]
Event: 15.566 Thread 0x0000019316977940 Exception <a 'java/lang/NoSuchMethodError'{0x0000000609cc2068}: 'java.lang.Object java.lang.invoke.Invokers$Holder.invoker(java.lang.Object, java.lang.Object, java.lang.Object, java.lang.Object, java.lang.Object, java.lang.Object, java.lang.Object, java.lang.Object, java.lang.Object, java.lang.Object, java.lang.Object, java.lang.Object, java.lang.Object, java.lang.Object, java.lang.Object, java.lang.Object, java.lang.Object, java.lang.Object, java.lang.Object, java.lang.Object, java.lang.Object, java.lang.
Event: 15.566 Thread 0x0000019316977940 Exception <a 'java/lang/NoSuchMethodError'{0x0000000609cc8980}: 'java.lang.Object java.lang.invoke.DelegatingMethodHandle$Holder.delegate(java.lang.Object, java.lang.Object, java.lang.Object, java.lang.Object, java.lang.Object, java.lang.Object, java.lang.Object, java.lang.Object, java.lang.Object, java.lang.Object, java.lang.Object, java.lang.Object, java.lang.Object, java.lang.Object, java.lang.Object, java.lang.Object, java.lang.Object, java.lang.Object, java.lang.Object, java.lang.Object, java.lang.Obj
Event: 15.611 Thread 0x0000019316977940 Exception <a 'java/lang/NoSuchMethodError'{0x0000000609f83fb0}: 'java.lang.Object java.lang.invoke.DirectMethodHandle$Holder.newInvokeSpecial(java.lang.Object, java.lang.Object, java.lang.Object, java.lang.Object, java.lang.Object, java.lang.Object, int)'> (0x0000000609f83fb0) 
thrown [s\src\hotspot\share\interpreter\linkResolver.cpp, line 773]
Event: 15.612 Thread 0x0000019316977940 Exception <a 'java/lang/NoSuchMethodError'{0x0000000609f88f38}: 'java.lang.Object java.lang.invoke.DirectMethodHandle$Holder.invokeSpecial(java.lang.Object, java.lang.Object, java.lang.Object, java.lang.Object, java.lang.Object, java.lang.Object, java.lang.Object, int)'> (0x0000000609f88f38) 
thrown [s\src\hotspot\share\interpreter\linkResolver.cpp, line 773]
Event: 15.719 Thread 0x0000019316977940 Exception <a 'java/lang/IncompatibleClassChangeError'{0x0000000603eb71e8}: Found class java.lang.Object, but interface was expected> (0x0000000603eb71e8) 
thrown [s\src\hotspot\share\interpreter\linkResolver.cpp, line 840]
Event: 15.737 Thread 0x0000019316977940 Exception <a 'java/lang/NoSuchMethodError'{0x0000000603f8d168}: 'java.lang.Object java.lang.invoke.DirectMethodHandle$Holder.newInvokeSpecial(java.lang.Object, java.lang.Object, long)'> (0x0000000603f8d168) 
thrown [s\src\hotspot\share\interpreter\linkResolver.cpp, line 773]
Event: 15.737 Thread 0x0000019316977940 Exception <a 'java/lang/NoSuchMethodError'{0x0000000603f91c60}: 'java.lang.Object java.lang.invoke.Invokers$Holder.linkToTargetMethod(java.lang.Object, long, java.lang.Object)'> (0x0000000603f91c60) 
thrown [s\src\hotspot\share\interpreter\linkResolver.cpp, line 773]
Event: 20.797 Thread 0x0000019316976c20 Implicit null exception at 0x00000192b1bcbacf to 0x00000192b1bcbe84
Event: 20.840 Thread 0x0000019316977940 Exception <a 'java/lang/NoSuchMethodError'{0x0000000603a8e8a8}: 'int java.lang.invoke.DirectMethodHandle$Holder.invokeInterface(java.lang.Object, java.lang.Object)'> (0x0000000603a8e8a8) 
thrown [s\src\hotspot\share\interpreter\linkResolver.cpp, line 773]
Event: 20.935 Thread 0x0000019316977940 Exception <a 'java/lang/NoSuchMethodError'{0x0000000603b385b0}: 'java.lang.Object java.lang.invoke.DirectMethodHandle$Holder.newInvokeSpecial(java.lang.Object, java.lang.Object, int, java.lang.Object, java.lang.Object, java.lang.Object, java.lang.Object)'> (0x0000000603b385b0) 
thrown [s\src\hotspot\share\interpreter\linkResolver.cpp, line 773]
Event: 20.935 Thread 0x0000019316977940 Exception <a 'java/lang/NoSuchMethodError'{0x0000000603b40de0}: 'java.lang.Object java.lang.invoke.Invokers$Holder.linkToTargetMethod(java.lang.Object, int, java.lang.Object, java.lang.Object, java.lang.Object, java.lang.Object, java.lang.Object)'> (0x0000000603b40de0) 
thrown [s\src\hotspot\share\interpreter\linkResolver.cpp, line 773]

ZGC Phase Switch (0 events):
No events

VM Operations (20 events):
Event: 34.921 Executing safepoint VM operation: Cleanup
Event: 34.921 Executing safepoint VM operation: Cleanup done
Event: 45.044 Executing safepoint VM operation: Cleanup
Event: 45.044 Executing safepoint VM operation: Cleanup done
Event: 51.099 Executing safepoint VM operation: Cleanup
Event: 51.099 Executing safepoint VM operation: Cleanup done
Event: 55.127 Executing safepoint VM operation: Cleanup
Event: 55.127 Executing safepoint VM operation: Cleanup done
Event: 60.300 Executing non-safepoint VM operation: HandshakeAllThreads (HandshakeForDeflation)
Event: 60.300 Executing non-safepoint VM operation: HandshakeAllThreads (HandshakeForDeflation) done
Event: 60.300 Executing non-safepoint VM operation: RendezvousGCThreads
Event: 60.300 Executing non-safepoint VM operation: RendezvousGCThreads done
Event: 63.320 Executing safepoint VM operation: Cleanup
Event: 63.320 Executing safepoint VM operation: Cleanup done
Event: 64.321 Executing safepoint VM operation: Cleanup
Event: 64.321 Executing safepoint VM operation: Cleanup done
Event: 76.418 Executing safepoint VM operation: Cleanup
Event: 76.418 Executing safepoint VM operation: Cleanup done
Event: 80.451 Executing safepoint VM operation: Cleanup
Event: 80.451 Executing safepoint VM operation: Cleanup done

Memory protections (0 events):
No events

Nmethod flushes (20 events):
Event: 13.870 Thread 0x00000192cf684660 flushing  nmethod 0x00000192a1933290
Event: 13.870 Thread 0x00000192cf684660 flushing  nmethod 0x00000192a1935f10
Event: 13.870 Thread 0x00000192cf684660 flushing  nmethod 0x00000192a19bfe90
Event: 13.870 Thread 0x00000192cf684660 flushing  nmethod 0x00000192a19c7a90
Event: 13.870 Thread 0x00000192cf684660 flushing  nmethod 0x00000192a19c9b10
Event: 13.870 Thread 0x00000192cf684660 flushing  nmethod 0x00000192a19eb090
Event: 13.870 Thread 0x00000192cf684660 flushing  nmethod 0x00000192a1a11c10
Event: 13.870 Thread 0x00000192cf684660 flushing  nmethod 0x00000192a1a23310
Event: 13.870 Thread 0x00000192cf684660 flushing  nmethod 0x00000192a1a23d10
Event: 13.870 Thread 0x00000192cf684660 flushing  nmethod 0x00000192a1a25090
Event: 13.870 Thread 0x00000192cf684660 flushing  nmethod 0x00000192a1a28310
Event: 13.870 Thread 0x00000192cf684660 flushing  nmethod 0x00000192a1a28f10
Event: 13.870 Thread 0x00000192cf684660 flushing  nmethod 0x00000192a1a29b90
Event: 13.870 Thread 0x00000192cf684660 flushing  nmethod 0x00000192a1a2b110
Event: 13.870 Thread 0x00000192cf684660 flushing  nmethod 0x00000192a1a71210
Event: 13.870 Thread 0x00000192cf684660 flushing  nmethod 0x00000192a1a86610
Event: 13.870 Thread 0x00000192cf684660 flushing  nmethod 0x00000192a1a87790
Event: 13.870 Thread 0x00000192cf684660 flushing  nmethod 0x00000192a1ab4290
Event: 13.870 Thread 0x00000192cf684660 flushing  nmethod 0x00000192a1ab4a90
Event: 13.870 Thread 0x00000192cf684660 flushing  nmethod 0x00000192a1c70d90

Events (20 events):
Event: 4.989 Thread 0x000001931681d320 Thread added: 0x0000019316897d30
Event: 5.096 Thread 0x000001931681d320 Thread added: 0x0000019316908680
Event: 5.129 Thread 0x000001931681d320 Thread added: 0x0000019316977940
Event: 5.173 Thread 0x0000019316977940 Thread added: 0x0000019316977fd0
Event: 5.179 Thread 0x0000019316977940 Thread added: 0x0000019316978660
Event: 5.199 Thread 0x0000019316977940 Thread added: 0x0000019316978cf0
Event: 6.001 Thread 0x0000019316977940 Thread added: 0x0000019316979380
Event: 6.008 Thread 0x0000019316977940 Thread added: 0x0000019316976590
Event: 6.216 Thread 0x0000019316977940 Thread added: 0x0000019316976c20
Event: 6.243 Thread 0x0000019316976590 Thread added: 0x0000019316975f00
Event: 10.770 Thread 0x0000019316977940 Thread added: 0x00000193188806d0
Event: 10.818 Thread 0x0000019316977940 Thread added: 0x0000019318880040
Event: 11.326 Thread 0x0000019316977940 Thread added: 0x000001931887e600
Event: 11.391 Thread 0x0000019316977940 Thread added: 0x0000019318880d60
Event: 12.177 Thread 0x0000019316977940 Thread added: 0x000001931887f9b0
Event: 12.296 Thread 0x0000019316977940 Thread added: 0x00000193188813f0
Event: 12.689 Thread 0x0000019316977940 Thread added: 0x000001931887df70
Event: 12.799 Thread 0x0000019316977940 Thread added: 0x00000193188834c0
Event: 18.433 Thread 0x0000019315b94c20 Thread exited: 0x0000019315b94c20
Event: 81.209 Thread 0x0000019316975f00 Thread exited: 0x0000019316975f00


Dynamic libraries:
0x00007ff735c60000 - 0x00007ff735c6e000 	C:\Users\AJI\.vscode\extensions\redhat.java-1.56.0-win32-x64\jre\21.0.12.1-win32-x86_64\bin\java.exe
0x00007ffaa9a20000 - 0x00007ffaa9c87000 	C:\WINDOWS\SYSTEM32\ntdll.dll
0x00007ffaa7cd0000 - 0x00007ffaa7d9b000 	C:\WINDOWS\System32\KERNEL32.DLL
0x00007ffaa71b0000 - 0x00007ffaa75b2000 	C:\WINDOWS\System32\KERNELBASE.dll
0x00007ffaa7050000 - 0x00007ffaa719c000 	C:\WINDOWS\System32\ucrtbase.dll
0x00007ffa5b940000 - 0x00007ffa5b958000 	C:\Users\AJI\.vscode\extensions\redhat.java-1.56.0-win32-x64\jre\21.0.12.1-win32-x86_64\bin\jli.dll
0x00007ffaa7da0000 - 0x00007ffaa7f6f000 	C:\WINDOWS\System32\USER32.dll
0x00007ffaa6e90000 - 0x00007ffaa6eb7000 	C:\WINDOWS\System32\win32u.dll
0x00007ffaa7740000 - 0x00007ffaa776b000 	C:\WINDOWS\System32\GDI32.dll
0x00007ffaa6cd0000 - 0x00007ffaa6df9000 	C:\WINDOWS\System32\gdi32full.dll
0x00007ffaa6c20000 - 0x00007ffaa6cc3000 	C:\WINDOWS\System32\msvcp_win.dll
0x00007ffa76fd0000 - 0x00007ffa76fee000 	C:\Users\AJI\.vscode\extensions\redhat.java-1.56.0-win32-x64\jre\21.0.12.1-win32-x86_64\bin\VCRUNTIME140.dll
0x00007ffa85610000 - 0x00007ffa858a0000 	C:\WINDOWS\WinSxS\amd64_microsoft.windows.common-controls_6595b64144ccf1df_6.0.26100.9278_none_3e0d1ba8e3303201\COMCTL32.dll
0x00007ffaa8760000 - 0x00007ffaa8809000 	C:\WINDOWS\System32\msvcrt.dll
0x00007ffaa9250000 - 0x00007ffaa9281000 	C:\WINDOWS\System32\IMM32.DLL
0x00007ffa8fa10000 - 0x00007ffa8fa1c000 	C:\Users\AJI\.vscode\extensions\redhat.java-1.56.0-win32-x64\jre\21.0.12.1-win32-x86_64\bin\vcruntime140_1.dll
0x00007ff9ae9a0000 - 0x00007ff9aea2d000 	C:\Users\AJI\.vscode\extensions\redhat.java-1.56.0-win32-x64\jre\21.0.12.1-win32-x86_64\bin\msvcp140.dll
0x00007ff96c320000 - 0x00007ff96d0c2000 	C:\Users\AJI\.vscode\extensions\redhat.java-1.56.0-win32-x64\jre\21.0.12.1-win32-x86_64\bin\server\jvm.dll
0x00007ffaa8fb0000 - 0x00007ffaa906c000 	C:\WINDOWS\System32\ADVAPI32.dll
0x00007ffaa7b90000 - 0x00007ffaa7c39000 	C:\WINDOWS\System32\sechost.dll
0x00007ffaa80d0000 - 0x00007ffaa81e8000 	C:\WINDOWS\System32\RPCRT4.dll
0x00007ffaa7c40000 - 0x00007ffaa7cc0000 	C:\WINDOWS\System32\WS2_32.dll
0x00007ffaa6a80000 - 0x00007ffaa6ade000 	C:\WINDOWS\SYSTEM32\POWRPROF.dll
0x00007ffaa0960000 - 0x00007ffaa0996000 	C:\WINDOWS\SYSTEM32\WINMM.dll
0x00007ffa9deb0000 - 0x00007ffa9debb000 	C:\WINDOWS\SYSTEM32\VERSION.dll
0x00007ffaa6a60000 - 0x00007ffaa6a75000 	C:\WINDOWS\SYSTEM32\UMPDC.dll
0x00007ffaa5400000 - 0x00007ffaa541b000 	C:\WINDOWS\SYSTEM32\kernel.appcore.dll
0x00007ffa8f9e0000 - 0x00007ffa8f9ea000 	C:\Users\AJI\.vscode\extensions\redhat.java-1.56.0-win32-x64\jre\21.0.12.1-win32-x86_64\bin\jimage.dll
0x00007ffaa3d10000 - 0x00007ffaa3f5c000 	C:\WINDOWS\SYSTEM32\DBGHELP.DLL
0x00007ffaa9320000 - 0x00007ffaa96a5000 	C:\WINDOWS\System32\combase.dll
0x00007ffaa81f0000 - 0x00007ffaa82c9000 	C:\WINDOWS\System32\OLEAUT32.dll
0x00007ffa84dc0000 - 0x00007ffa84dfb000 	C:\WINDOWS\SYSTEM32\dbgcore.DLL
0x00007ffaa75c0000 - 0x00007ffaa766c000 	C:\WINDOWS\System32\bcryptPrimitives.dll
0x00007ffa80050000 - 0x00007ffa8005f000 	C:\Users\AJI\.vscode\extensions\redhat.java-1.56.0-win32-x64\jre\21.0.12.1-win32-x86_64\bin\instrument.dll
0x00007ffa56a30000 - 0x00007ffa56a50000 	C:\Users\AJI\.vscode\extensions\redhat.java-1.56.0-win32-x64\jre\21.0.12.1-win32-x86_64\bin\java.dll
0x00007ffaa8810000 - 0x00007ffaa8fa8000 	C:\WINDOWS\System32\SHELL32.dll
0x00007ffaa4150000 - 0x00007ffaa49fe000 	C:\WINDOWS\SYSTEM32\windows.storage.dll
0x00007ffaa96b0000 - 0x00007ffaa97ab000 	C:\WINDOWS\System32\SHCORE.dll
0x00007ffaa7a10000 - 0x00007ffaa7a76000 	C:\WINDOWS\System32\shlwapi.dll
0x00007ffaa6b40000 - 0x00007ffaa6b69000 	C:\WINDOWS\SYSTEM32\profapi.dll
0x00007ffa554d0000 - 0x00007ffa554e8000 	C:\Users\AJI\.vscode\extensions\redhat.java-1.56.0-win32-x64\jre\21.0.12.1-win32-x86_64\bin\zip.dll
0x00007ffa813d0000 - 0x00007ffa813e0000 	C:\Users\AJI\.vscode\extensions\redhat.java-1.56.0-win32-x64\jre\21.0.12.1-win32-x86_64\bin\net.dll
0x00007ffa9f270000 - 0x00007ffa9f39a000 	C:\WINDOWS\SYSTEM32\WINHTTP.dll
0x00007ffaa59c0000 - 0x00007ffaa5a2c000 	C:\WINDOWS\system32\mswsock.dll
0x00007ffa554b0000 - 0x00007ffa554c6000 	C:\Users\AJI\.vscode\extensions\redhat.java-1.56.0-win32-x64\jre\21.0.12.1-win32-x86_64\bin\nio.dll
0x00007ffa7fae0000 - 0x00007ffa7faf0000 	C:\Users\AJI\.vscode\extensions\redhat.java-1.56.0-win32-x64\jre\21.0.12.1-win32-x86_64\bin\verify.dll
0x00007ffa399a0000 - 0x00007ffa399c7000 	C:\Users\AJI\.gradle\native\1def1411415f61bf3af743bc5b6707747c0891f09f0c88961ee8f79bc544acac\windows-amd64\native-platform.dll
0x00007ff9bbe60000 - 0x00007ff9bbed7000 	C:\Users\AJI\.gradle\native\0.2.8\x86_64-windows-gnu\gradle-fileevents.dll
0x00007ffa7eee0000 - 0x00007ffa7eeea000 	C:\Users\AJI\.vscode\extensions\redhat.java-1.56.0-win32-x64\jre\21.0.12.1-win32-x86_64\bin\management.dll
0x00007ffa77400000 - 0x00007ffa7740c000 	C:\Users\AJI\.vscode\extensions\redhat.java-1.56.0-win32-x64\jre\21.0.12.1-win32-x86_64\bin\management_ext.dll
0x00007ffaa7b80000 - 0x00007ffaa7b88000 	C:\WINDOWS\System32\PSAPI.DLL
0x00007ffaa4ee0000 - 0x00007ffaa4f13000 	C:\WINDOWS\SYSTEM32\IPHLPAPI.DLL
0x00007ffaa80c0000 - 0x00007ffaa80ca000 	C:\WINDOWS\System32\NSI.dll
0x00007ffa74220000 - 0x00007ffa74229000 	C:\Users\AJI\.vscode\extensions\redhat.java-1.56.0-win32-x64\jre\21.0.12.1-win32-x86_64\bin\extnet.dll
0x00007ffaa5cb0000 - 0x00007ffaa5ccb000 	C:\WINDOWS\SYSTEM32\CRYPTSP.dll
0x00007ffaa5360000 - 0x00007ffaa5399000 	C:\WINDOWS\system32\rsaenh.dll
0x00007ffaa5a70000 - 0x00007ffaa5aa4000 	C:\WINDOWS\SYSTEM32\USERENV.dll
0x00007ffaa6b10000 - 0x00007ffaa6b3a000 	C:\WINDOWS\SYSTEM32\bcrypt.dll
0x00007ffaa5cd0000 - 0x00007ffaa5cdc000 	C:\WINDOWS\SYSTEM32\CRYPTBASE.dll
0x00007ffa73220000 - 0x00007ffa7322e000 	C:\Users\AJI\.vscode\extensions\redhat.java-1.56.0-win32-x64\jre\21.0.12.1-win32-x86_64\bin\sunmscapi.dll
0x00007ffaa6ec0000 - 0x00007ffaa703e000 	C:\WINDOWS\System32\CRYPT32.dll
0x00007ffaa5ea0000 - 0x00007ffaa5ed0000 	C:\WINDOWS\SYSTEM32\ncrypt.dll
0x00007ffaa5e50000 - 0x00007ffaa5e8f000 	C:\WINDOWS\SYSTEM32\NTASN1.dll
0x00007ffa7c400000 - 0x00007ffa7c408000 	C:\WINDOWS\system32\wshunix.dll

JVMTI agents:
C:\Users\AJI\.gradle\wrapper\dists\gradle-9.1.0-all\7wzd0jkjit61aq2p43wpjgij9\gradle-9.1.0\lib\agents\gradle-instrumentation-agent-9.1.0.jar path:C:\Users\AJI\.vscode\extensions\redhat.java-1.56.0-win32-x64\jre\21.0.12.1-win32-x86_64\bin\instrument.dll, loaded, initialized, instrumentlib options:none

dbghelp: loaded successfully - version: 4.0.5 - missing functions: none
symbol engine: initialized successfully - sym options: 0x614 - pdb path: .;C:\Users\AJI\.vscode\extensions\redhat.java-1.56.0-win32-x64\jre\21.0.12.1-win32-x86_64\bin;C:\WINDOWS\SYSTEM32;C:\WINDOWS\WinSxS\amd64_microsoft.windows.common-controls_6595b64144ccf1df_6.0.26100.9278_none_3e0d1ba8e3303201;C:\Users\AJI\.vscode\extensions\redhat.java-1.56.0-win32-x64\jre\21.0.12.1-win32-x86_64\bin\server;C:\Users\AJI\.gradle\native\1def1411415f61bf3af743bc5b6707747c0891f09f0c88961ee8f79bc544acac\windows-amd64;C:\Users\AJI\.gradle\native\0.2.8\x86_64-windows-gnu

VM Arguments:
jvm_args: --add-opens=java.base/java.lang=ALL-UNNAMED --add-opens=java.base/java.lang.invoke=ALL-UNNAMED --add-opens=java.base/java.util=ALL-UNNAMED --add-opens=java.prefs/java.util.prefs=ALL-UNNAMED --add-exports=jdk.compiler/com.sun.tools.javac.api=ALL-UNNAMED --add-exports=jdk.compiler/com.sun.tools.javac.util=ALL-UNNAMED --add-opens=java.base/java.util=ALL-UNNAMED --add-opens=java.prefs/java.util.prefs=ALL-UNNAMED --add-opens=java.base/java.nio.charset=ALL-UNNAMED --add-opens=java.base/java.net=ALL-UNNAMED --add-opens=java.base/java.util.concurrent=ALL-UNNAMED --add-opens=java.base/java.util.concurrent.atomic=ALL-UNNAMED --add-opens=java.xml/javax.xml.namespace=ALL-UNNAMED --add-opens=java.base/java.time=ALL-UNNAMED -XX:MaxMetaspaceSize=4G -XX:ReservedCodeCacheSize=512m -XX:+HeapDumpOnOutOfMemoryError -Xmx8G -Dfile.encoding=UTF-8 -Duser.country=IN -Duser.language=en -Duser.variant -javaagent:C:\Users\AJI\.gradle\wrapper\dists\gradle-9.1.0-all\7wzd0jkjit61aq2p43wpjgij9\gradle-9.1.0\lib\agents\gradle-instrumentation-agent-9.1.0.jar 
java_command: org.gradle.launcher.daemon.bootstrap.GradleDaemon 9.1.0
java_class_path (initial): C:\Users\AJI\.gradle\wrapper\dists\gradle-9.1.0-all\7wzd0jkjit61aq2p43wpjgij9\gradle-9.1.0\lib\gradle-daemon-main-9.1.0.jar
Launcher Type: SUN_STANDARD

[Global flags]
     intx CICompilerCount                          = 12                                        {product} {ergonomic}
     uint ConcGCThreads                            = 4                                         {product} {ergonomic}
     uint G1ConcRefinementThreads                  = 15                                        {product} {ergonomic}
   size_t G1HeapRegionSize                         = 4194304                                   {product} {ergonomic}
    uintx GCDrainStackTargetSize                   = 64                                        {product} {ergonomic}
     bool HeapDumpOnOutOfMemoryError               = true                                   {manageable} {command line}
   size_t InitialHeapSize                          = 264241152                                 {product} {ergonomic}
   size_t MarkStackSize                            = 4194304                                   {product} {ergonomic}
   size_t MaxHeapSize                              = 8589934592                                {product} {command line}
   size_t MaxMetaspaceSize                         = 4294967296                                {product} {command line}
   size_t MaxNewSize                               = 5150605312                                {product} {ergonomic}
   size_t MinHeapDeltaBytes                        = 4194304                                   {product} {ergonomic}
   size_t MinHeapSize                              = 8388608                                   {product} {ergonomic}
    uintx NonNMethodCodeHeapSize                   = 7602480                                {pd product} {ergonomic}
    uintx NonProfiledCodeHeapSize                  = 264634216                              {pd product} {ergonomic}
    uintx ProfiledCodeHeapSize                     = 264634216                              {pd product} {ergonomic}
    uintx ReservedCodeCacheSize                    = 536870912                              {pd product} {command line}
     bool SegmentedCodeCache                       = true                                      {product} {ergonomic}
   size_t SoftMaxHeapSize                          = 8589934592                             {manageable} {ergonomic}
     bool UseCompressedOops                        = true                           {product lp64_product} {ergonomic}
     bool UseG1GC                                  = true                                      {product} {ergonomic}
     bool UseLargePagesIndividualAllocation        = false                                  {pd product} {ergonomic}

Logging:
Log output configuration:
 #0: stdout all=warning uptime,level,tags foldmultilines=false
 #1: stderr all=off uptime,level,tags foldmultilines=false

Release file:
JAVA_VERSION="21.0.12.1" 
MODULES="java.base java.compiler java.datatransfer java.xml java.prefs java.desktop java.instrument java.logging java.management java.security.sasl java.naming java.rmi java.management.rmi java.net.http java.scripting java.security.jgss java.transaction.xa java.sql java.sql.rowset java.xml.crypto java.se java.smartcardio jdk.accessibility jdk.internal.jvmstat jdk.attach jdk.charsets jdk.internal.opt jdk.zipfs jdk.compiler jdk.crypto.ec jdk.crypto.cryptoki jdk.crypto.mscapi jdk.dynalink jdk.internal.ed jdk.editpad jdk.hotspot.agent jdk.httpserver jdk.internal.le jdk.internal.vm.ci jdk.internal.vm.compiler jdk.internal.vm.compiler.management jdk.jartool jdk.javadoc jdk.jcmd jdk.management jdk.management.agent jdk.jconsole jdk.jdeps jdk.jdwp.agent jdk.jdi jdk.jfr jdk.jshell jdk.jsobject jdk.jstatd jdk.localedata jdk.management.jfr jdk.naming.dns jdk.naming.rmi jdk.net jdk.nio.mapmode jdk.random jdk.sctp jdk.security.auth jdk.security.jgss jdk.unsupported jdk.unsupported.desktop jdk.xml.dom" 

Environment Variables:
JAVA_HOME=C:\Program Files\Java\jdk-17
PATH=C:\Python314\Scripts\;C:\Python314\;C:\Program Files\Eclipse Adoptium\jdk-25.0.3.9-hotspot\bin;C:\Program Files\Microsoft\jdk-11.0.16.101-hotspot\bin;C:\WINDOWS\system32;C:\WINDOWS;C:\WINDOWS\System32\Wbem;C:\WINDOWS\System32\WindowsPowerShell\v1.0\;C:\WINDOWS\System32\OpenSSH\;C:\Program Files\dotnet\;C:\MinGW\bin;C:\ProgramData\chocolatey\bin;C:\Users\AJI\AppData\Local\Pub\Cache\bin;C:\Program Files\Java\jdk-17\bin;d:\cursor\resources\app\bin;C:\Users\AJI\develop\flutter\bin;C:\Users\AJI\.local\bin;D:\node\node_modules\npm\bin;D:\node\;C:\Program Files\nodejs\;C:\Program Files\nodejs\node_modules\npm\bin;C:\Users\AJI\Documents\MONGO\mongosh-2.9.2-win32-x64\bin;C:\xampp\php;C:\Program Files\Git\cmd;C:\Users\AJI\AppData\Local\Programs\Python\Python312\Scripts\;C:\Users\AJI\AppData\Local\Programs\Python\Python312\;C:\Users\AJI\.local\bin;C:\Users\AJI\AppData\Local\Microsoft\WindowsApps;D:\IntelliJ IDEA Community Edition 2023.1.5\bin;;C:\mingw64\bin;C:\Users\AJI\.dotnet\tools;C:\Users\AJI\Documents\flutter_windows_3.13.4-stable\flutter\bin;C:\Users\AJI\AppData\Local\Pub\Cache\bin;D:\flutter_pub_cache;C:\Users\AJI\AppData\Local\Android\Sdk;C:\Program Files\Java\jdk-17\bin;D:\rider\JetBrains Rider 2024.3.7\bin;;D:\Program Files\Microsoft VS Code\bin;D:\freelanceing\cursor\resources\app\bin;C:\Users\AJI\AppData\Local\Programs\Microsoft VS Code\bin;C:\Users\AJI\AppData\Local\Programs\cursor\resources\app\bin;C:\Users\AJI\AppData\Roaming\npm
USERNAME=AJI
OS=Windows_NT
PROCESSOR_IDENTIFIER=Intel64 Family 6 Model 154 Stepping 3, GenuineIntel
TMP=C:\Users\AJI\AppData\Local\Temp
TEMP=C:\Users\AJI\AppData\Local\Temp




Periodic native trim disabled

---------------  S Y S T E M  ---------------

OS:
 Windows 11 , 64 bit Build 26100 (10.0.26100.9444)
OS uptime: 0 days 4:11 hours
Hyper-V role detected

CPU: total 20 (initial active 20) (10 cores per cpu, 2 threads per core) family 6 model 154 stepping 3 microcode 0x43b, cx8, cmov, fxsr, ht, mmx, 3dnowpref, sse, sse2, sse3, ssse3, sse4.1, sse4.2, popcnt, lzcnt, tsc, tscinvbit, avx, avx2, aes, erms, clmul, bmi1, bmi2, adx, sha, fma, vzeroupper, clflush, clflushopt, clwb, hv, serialize, rdtscp, rdpid, fsrm, f16c, cet_ibt, cet_ss
Processor Information for processor 0
  Max Mhz: 2300, Current Mhz: 2300, Mhz Limit: 2300
Processor Information for processor 1
  Max Mhz: 2300, Current Mhz: 2300, Mhz Limit: 2300
Processor Information for processor 2
  Max Mhz: 2300, Current Mhz: 2300, Mhz Limit: 2300
Processor Information for processor 3
  Max Mhz: 2300, Current Mhz: 2300, Mhz Limit: 2300
Processor Information for processor 4
  Max Mhz: 2300, Current Mhz: 2300, Mhz Limit: 2300
Processor Information for processor 5
  Max Mhz: 2300, Current Mhz: 2300, Mhz Limit: 2300
Processor Information for processor 6
  Max Mhz: 2300, Current Mhz: 2300, Mhz Limit: 2300
Processor Information for processor 7
  Max Mhz: 2300, Current Mhz: 2300, Mhz Limit: 2300
Processor Information for processor 8
  Max Mhz: 2300, Current Mhz: 2300, Mhz Limit: 2300
Processor Information for processor 9
  Max Mhz: 2300, Current Mhz: 2300, Mhz Limit: 2300
Processor Information for processor 10
  Max Mhz: 2300, Current Mhz: 2300, Mhz Limit: 2300
Processor Information for processor 11
  Max Mhz: 2300, Current Mhz: 2300, Mhz Limit: 2300
Processor Information for processor 12
  Max Mhz: 2300, Current Mhz: 2300, Mhz Limit: 2300
Processor Information for processor 13
  Max Mhz: 2300, Current Mhz: 2300, Mhz Limit: 2300
Processor Information for processor 14
  Max Mhz: 2300, Current Mhz: 2300, Mhz Limit: 2300
Processor Information for processor 15
  Max Mhz: 2300, Current Mhz: 2300, Mhz Limit: 2300
Processor Information for processor 16
  Max Mhz: 2300, Current Mhz: 2300, Mhz Limit: 2300
Processor Information for processor 17
  Max Mhz: 2300, Current Mhz: 1488, Mhz Limit: 2300
Processor Information for processor 18
  Max Mhz: 2300, Current Mhz: 2300, Mhz Limit: 2300
Processor Information for processor 19
  Max Mhz: 2300, Current Mhz: 2300, Mhz Limit: 2300

Memory: 4k page, system-wide physical 16068M (1258M free)
TotalPageFile size 65220M (AvailPageFile size 344M)
current process WorkingSet (physical memory assigned to process): 29M, peak: 225M
current process commit charge ("private bytes"): 289M, peak: 434M

vm_info: OpenJDK 64-Bit Server VM (21.0.12.1+1-LTS) for windows-amd64 JRE (21.0.12.1+1-LTS), built on 2026-08-18T00:00:00Z by "admin" with MS VC++ 17.12 (VS2022)

END.
