#
# There is insufficient memory for the Java Runtime Environment to continue.
# Native memory allocation (malloc) failed to allocate 517984 bytes. Error detail: Chunk::new
# Possible reasons:
#   The system is out of physical RAM or swap space
#   This process is running with CompressedOops enabled, and the Java Heap may be blocking the growth of the native heap
# Possible solutions:
#   Reduce memory load on the system
#   Increase physical memory or swap space
#   Check if swap backing store is full
#   Decrease Java heap size (-Xmx/-Xms)
#   Decrease number of Java threads
#   Decrease Java thread stack sizes (-Xss)
#   Set larger code cache with -XX:ReservedCodeCacheSize=
#   JVM is running with Zero Based Compressed Oops mode in which the Java heap is
#     placed in the first 32GB address space. The Java Heap base address is the
#     maximum limit for the native heap growth. Please use -XX:HeapBaseMinAddress
#     to set the Java Heap base and to place the Java Heap above 32GB virtual address.
# This output file may be truncated or incomplete.
#
#  Out of Memory Error (arena.cpp:168), pid=75456, tid=79068
#
# JRE version: OpenJDK Runtime Environment Temurin-21.0.12.1+1 (21.0.12.1+1) (build 21.0.12.1+1-LTS)
# Java VM: OpenJDK 64-Bit Server VM Temurin-21.0.12.1+1 (21.0.12.1+1-LTS, mixed mode, sharing, tiered, compressed oops, compressed class ptrs, g1 gc, windows-amd64)
# No core dump will be written. Minidumps are not enabled by default on client versions of Windows
#

---------------  S U M M A R Y ------------

Command Line: --add-opens=java.base/java.lang=ALL-UNNAMED --add-opens=java.base/java.lang.invoke=ALL-UNNAMED --add-opens=java.base/java.util=ALL-UNNAMED --add-opens=java.prefs/java.util.prefs=ALL-UNNAMED --add-exports=jdk.compiler/com.sun.tools.javac.api=ALL-UNNAMED --add-exports=jdk.compiler/com.sun.tools.javac.util=ALL-UNNAMED --add-opens=java.base/java.util=ALL-UNNAMED --add-opens=java.prefs/java.util.prefs=ALL-UNNAMED --add-opens=java.base/java.nio.charset=ALL-UNNAMED --add-opens=java.base/java.net=ALL-UNNAMED --add-opens=java.base/java.util.concurrent=ALL-UNNAMED --add-opens=java.base/java.util.concurrent.atomic=ALL-UNNAMED --add-opens=java.xml/javax.xml.namespace=ALL-UNNAMED --add-opens=java.base/java.time=ALL-UNNAMED -XX:MaxMetaspaceSize=4G -XX:ReservedCodeCacheSize=512m -XX:+HeapDumpOnOutOfMemoryError -Xmx8G -Dfile.encoding=UTF-8 -Duser.country=IN -Duser.language=en -Duser.variant -javaagent:C:\Users\AJI\.gradle\wrapper\dists\gradle-9.1.0-all\7wzd0jkjit61aq2p43wpjgij9\gradle-9.1.0\lib\agents\gradle-instrumentation-agent-9.1.0.jar org.gradle.launcher.daemon.bootstrap.GradleDaemon 9.1.0

Host: 12th Gen Intel(R) Core(TM) i7-12700H, 20 cores, 15G,  Windows 11 , 64 bit Build 26100 (10.0.26100.9444)
Time: Thu Sep 10 13:14:43 2026 India Standard Time elapsed time: 478.199785 seconds (0d 0h 7m 58s)

---------------  T H R E A D  ---------------

Current thread (0x00000230d039df70):  JavaThread "C2 CompilerThread0" daemon [_thread_in_native, id=79068, stack(0x000000c4b4c00000,0x000000c4b4d00000) (1024K)]


Current CompileTask:
C2:478199 4983   !   4       java.util.concurrent.locks.AbstractQueuedSynchronizer::acquire (424 bytes)

Stack: [0x000000c4b4c00000,0x000000c4b4d00000]
Native frames: (J=compiled Java code, j=interpreted, Vv=VM code, C=native code)
V  [jvm.dll+0x6d83e9]
V  [jvm.dll+0x8b5736]
V  [jvm.dll+0x8b7cee]
V  [jvm.dll+0x8b83d3]
V  [jvm.dll+0x284596]
V  [jvm.dll+0xc685d]
V  [jvm.dll+0xc6da1]
V  [jvm.dll+0x3bf18b]
V  [jvm.dll+0x38b6d2]
V  [jvm.dll+0x38ab1a]
V  [jvm.dll+0x24c700]
V  [jvm.dll+0x24bce0]
V  [jvm.dll+0x1cb4ae]
V  [jvm.dll+0x25baad]
V  [jvm.dll+0x25a03a]
V  [jvm.dll+0x3f8aae]
V  [jvm.dll+0x8600cd]
V  [jvm.dll+0x6d6c1d]
C  [ucrtbase.dll+0x2cd30]
C  [KERNEL32.DLL+0x2cd87]
C  [ntdll.dll+0xacaec]


---------------  P R O C E S S  ---------------

Threads class SMR info:
_java_thread_list=0x000002309cce7350, length=32, elements={
0x000002309f1a2cf0, 0x00000230cd37aaf0, 0x00000230cd37c2c0, 0x00000230d0384d40,
0x00000230d0385a00, 0x00000230d0387100, 0x00000230d038aa90, 0x00000230d039df70,
0x00000230d03c8390, 0x00000230d05e0a40, 0x00000230d06b8dc0, 0x000002311681f300,
0x0000023116a28880, 0x0000023116cad730, 0x0000023116dd28b0, 0x0000023116dcb060,
0x0000023116de14c0, 0x0000023116fd3550, 0x0000023116fd2830, 0x0000023116fd00d0,
0x0000023116fd0760, 0x0000023116fd0df0, 0x0000023116fd1480, 0x0000023116fd1b10,
0x0000023118933450, 0x0000023118934800, 0x0000023118933ae0, 0x0000023118932dc0,
0x0000023118931380, 0x0000023118934e90, 0x0000023118932730, 0x0000023118931a10
}

Java Threads: ( => current thread )
  0x000002309f1a2cf0 JavaThread "main"                              [_thread_blocked, id=29776, stack(0x000000c4b3e00000,0x000000c4b3f00000) (1024K)]
  0x00000230cd37aaf0 JavaThread "Reference Handler"          daemon [_thread_blocked, id=38252, stack(0x000000c4b4600000,0x000000c4b4700000) (1024K)]
  0x00000230cd37c2c0 JavaThread "Finalizer"                  daemon [_thread_blocked, id=33468, stack(0x000000c4b4700000,0x000000c4b4800000) (1024K)]
  0x00000230d0384d40 JavaThread "Signal Dispatcher"          daemon [_thread_blocked, id=70412, stack(0x000000c4b4800000,0x000000c4b4900000) (1024K)]
  0x00000230d0385a00 JavaThread "Attach Listener"            daemon [_thread_blocked, id=64132, stack(0x000000c4b4900000,0x000000c4b4a00000) (1024K)]
  0x00000230d0387100 JavaThread "Service Thread"             daemon [_thread_blocked, id=62864, stack(0x000000c4b4a00000,0x000000c4b4b00000) (1024K)]
  0x00000230d038aa90 JavaThread "Monitor Deflation Thread"   daemon [_thread_blocked, id=71288, stack(0x000000c4b4b00000,0x000000c4b4c00000) (1024K)]
=>0x00000230d039df70 JavaThread "C2 CompilerThread0"         daemon [_thread_in_native, id=79068, stack(0x000000c4b4c00000,0x000000c4b4d00000) (1024K)]
  0x00000230d03c8390 JavaThread "C1 CompilerThread0"         daemon [_thread_blocked, id=56880, stack(0x000000c4b4d00000,0x000000c4b4e00000) (1024K)]
  0x00000230d05e0a40 JavaThread "Common-Cleaner"             daemon [_thread_blocked, id=79188, stack(0x000000c4b4f00000,0x000000c4b5000000) (1024K)]
  0x00000230d06b8dc0 JavaThread "Notification Thread"        daemon [_thread_blocked, id=53132, stack(0x000000c4b5000000,0x000000c4b5100000) (1024K)]
  0x000002311681f300 JavaThread "Daemon health stats"               [_thread_blocked, id=30736, stack(0x000000c4b5600000,0x000000c4b5700000) (1024K)]
  0x0000023116a28880 JavaThread "Incoming local TCP Connector on port 2176"        [_thread_in_native, id=57212, stack(0x000000c4b5700000,0x000000c4b5800000) (1024K)]
  0x0000023116cad730 JavaThread "Daemon periodic checks"            [_thread_blocked, id=72384, stack(0x000000c4b5800000,0x000000c4b5900000) (1024K)]
  0x0000023116dd28b0 JavaThread "Daemon"                            [_thread_blocked, id=58032, stack(0x000000c4b5900000,0x000000c4b5a00000) (1024K)]
  0x0000023116dcb060 JavaThread "Handler for socket connection from /127.0.0.1:2176 to /127.0.0.1:2177"        [_thread_in_native, id=45872, stack(0x000000c4b5a00000,0x000000c4b5b00000) (1024K)]
  0x0000023116de14c0 JavaThread "Cancel handler"                    [_thread_blocked, id=66928, stack(0x000000c4b5b00000,0x000000c4b5c00000) (1024K)]
  0x0000023116fd3550 JavaThread "Daemon worker"                     [_thread_blocked, id=81532, stack(0x000000c4b5c00000,0x000000c4b5d00000) (1024K)]
  0x0000023116fd2830 JavaThread "Asynchronous log dispatcher for DefaultDaemonConnection: socket connection from /127.0.0.1:2176 to /127.0.0.1:2177"        [_thread_blocked, id=39324, stack(0x000000c4b5d00000,0x000000c4b5e00000) (1024K)]
  0x0000023116fd00d0 JavaThread "Stdin handler"                     [_thread_blocked, id=53000, stack(0x000000c4b5e00000,0x000000c4b5f00000) (1024K)]
  0x0000023116fd0760 JavaThread "Daemon client event forwarder"        [_thread_blocked, id=3172, stack(0x000000c4b5f00000,0x000000c4b6000000) (1024K)]
  0x0000023116fd0df0 JavaThread "Cache worker for journal cache (C:\Users\AJI\.gradle\caches\journal-1)"        [_thread_blocked, id=65296, stack(0x000000c4b6000000,0x000000c4b6100000) (1024K)]
  0x0000023116fd1480 JavaThread "File lock request listener"        [_thread_in_native, id=42232, stack(0x000000c4b6100000,0x000000c4b6200000) (1024K)]
  0x0000023116fd1b10 JavaThread "Cache worker for file hash cache (C:\Users\AJI\.gradle\caches\9.1.0\fileHashes)"        [_thread_blocked, id=34772, stack(0x000000c4b6200000,0x000000c4b6300000) (1024K)]
  0x0000023118933450 JavaThread "Cache worker for file hash cache (C:\Users\AJI\Documents\personal_website\ajilesh_web\aj_profile\android\.gradle\9.1.0\fileHashes)"        [_thread_blocked, id=48032, stack(0x000000c4b7000000,0x000000c4b7100000) (1024K)]
  0x0000023118934800 JavaThread "Cache worker for Build Output Cleanup Cache (C:\Users\AJI\Documents\personal_website\ajilesh_web\aj_profile\android\.gradle\buildOutputCleanup)"        [_thread_blocked, id=79524, stack(0x000000c4b7100000,0x000000c4b7200000) (1024K)]
  0x0000023118933ae0 JavaThread "File watcher server"        daemon [_thread_in_native, id=66332, stack(0x000000c4b6f00000,0x000000c4b7000000) (1024K)]
  0x0000023118932dc0 JavaThread "File watcher consumer"      daemon [_thread_blocked, id=70008, stack(0x000000c4b7200000,0x000000c4b7300000) (1024K)]
  0x0000023118931380 JavaThread "Cache worker for checksums cache (C:\Users\AJI\Documents\personal_website\ajilesh_web\aj_profile\android\.gradle\9.1.0\checksums)"        [_thread_blocked, id=22948, stack(0x000000c4b7300000,0x000000c4b7400000) (1024K)]
  0x0000023118934e90 JavaThread "Cache worker for file content cache (C:\Users\AJI\.gradle\caches\9.1.0\fileContent)"        [_thread_blocked, id=77848, stack(0x000000c4b7400000,0x000000c4b7500000) (1024K)]
  0x0000023118932730 JavaThread "Cache worker for cache directory md-supplier (C:\Users\AJI\.gradle\caches\9.1.0\md-supplier)"        [_thread_blocked, id=31096, stack(0x000000c4b7600000,0x000000c4b7700000) (1024K)]
  0x0000023118931a10 JavaThread "Cache worker for cache directory md-rule (C:\Users\AJI\.gradle\caches\9.1.0\md-rule)"        [_thread_blocked, id=44764, stack(0x000000c4b7700000,0x000000c4b7800000) (1024K)]
Total: 32

Other Threads:
  0x00000230cd35fbd0 VMThread "VM Thread"                           [id=56848, stack(0x000000c4b4500000,0x000000c4b4600000) (1024K)]
  0x00000230cd3509b0 WatcherThread "VM Periodic Task Thread"        [id=45032, stack(0x000000c4b4400000,0x000000c4b4500000) (1024K)]
  0x000002309f24c720 WorkerThread "GC Thread#0"                     [id=33264, stack(0x000000c4b3f00000,0x000000c4b4000000) (1024K)]
  0x00000230d074c160 WorkerThread "GC Thread#1"                     [id=67516, stack(0x000000c4b5100000,0x000000c4b5200000) (1024K)]
  0x00000230d06ea240 WorkerThread "GC Thread#2"                     [id=40452, stack(0x000000c4b5200000,0x000000c4b5300000) (1024K)]
  0x00000230d06e8260 WorkerThread "GC Thread#3"                     [id=65996, stack(0x000000c4b5300000,0x000000c4b5400000) (1024K)]
  0x00000230d06e8610 WorkerThread "GC Thread#4"                     [id=41964, stack(0x000000c4b5400000,0x000000c4b5500000) (1024K)]
  0x00000230d06e89c0 WorkerThread "GC Thread#5"                     [id=11724, stack(0x000000c4b5500000,0x000000c4b5600000) (1024K)]
  0x00000231165657c0 WorkerThread "GC Thread#6"                     [id=24140, stack(0x000000c4b4e00000,0x000000c4b4f00000) (1024K)]
  0x0000023116563df0 WorkerThread "GC Thread#7"                     [id=52368, stack(0x000000c4b6400000,0x000000c4b6500000) (1024K)]
  0x0000023116564550 WorkerThread "GC Thread#8"                     [id=42644, stack(0x000000c4b6500000,0x000000c4b6600000) (1024K)]
  0x00000231165641a0 WorkerThread "GC Thread#9"                     [id=32492, stack(0x000000c4b6600000,0x000000c4b6700000) (1024K)]
  0x0000023116564900 WorkerThread "GC Thread#10"                    [id=78032, stack(0x000000c4b6700000,0x000000c4b6800000) (1024K)]
  0x0000023116564cb0 WorkerThread "GC Thread#11"                    [id=57116, stack(0x000000c4b6800000,0x000000c4b6900000) (1024K)]
  0x0000023116565060 WorkerThread "GC Thread#12"                    [id=81900, stack(0x000000c4b6900000,0x000000c4b6a00000) (1024K)]
  0x0000023116565410 WorkerThread "GC Thread#13"                    [id=52736, stack(0x000000c4b6a00000,0x000000c4b6b00000) (1024K)]
  0x000002311661bf30 WorkerThread "GC Thread#14"                    [id=26368, stack(0x000000c4b6b00000,0x000000c4b6c00000) (1024K)]
  0x00000230cd180080 ConcurrentGCThread "G1 Main Marker"            [id=27600, stack(0x000000c4b4000000,0x000000c4b4100000) (1024K)]
  0x00000230cd180840 WorkerThread "G1 Conc#0"                       [id=27384, stack(0x000000c4b4100000,0x000000c4b4200000) (1024K)]
  0x000002311661c690 WorkerThread "G1 Conc#1"                       [id=83164, stack(0x000000c4b6c00000,0x000000c4b6d00000) (1024K)]
  0x000002311661c2e0 WorkerThread "G1 Conc#2"                       [id=20288, stack(0x000000c4b6d00000,0x000000c4b6e00000) (1024K)]
  0x000002311661ca40 WorkerThread "G1 Conc#3"                       [id=35408, stack(0x000000c4b6e00000,0x000000c4b6f00000) (1024K)]
  0x00000230cd21f930 ConcurrentGCThread "G1 Refine#0"               [id=69700, stack(0x000000c4b4200000,0x000000c4b4300000) (1024K)]
  0x00000230cd221670 ConcurrentGCThread "G1 Service"                [id=40040, stack(0x000000c4b4300000,0x000000c4b4400000) (1024K)]
Total: 24

Threads with active compile tasks:
C2 CompilerThread0  478264 4983   !   4       java.util.concurrent.locks.AbstractQueuedSynchronizer::acquire (424 bytes)
Total: 1

VM state: not at safepoint (normal execution)

VM Mutex/Monitor currently owned by a thread: None

Heap address: 0x0000000600000000, size: 8192 MB, Compressed Oops mode: Zero based, Oop shift amount: 3

CDS archive(s) mapped at: [0x00000230d1000000-0x00000230d1ba0000-0x00000230d1ba0000), size 12189696, SharedBaseAddress: 0x00000230d1000000, ArchiveRelocationMode: 1.
Compressed class space mapped at: 0x00000230d2000000-0x0000023112000000, reserved size: 1073741824
Narrow klass base: 0x00000230d1000000, Narrow klass shift: 0, Narrow klass range: 0x100000000

GC Precious Log:
 CardTable entry size: 512
 Card Set container configuration: InlinePtr #cards 4 size 8 Array Of Cards #cards 32 size 80 Howl #buckets 8 coarsen threshold 7372 Howl Bitmap #cards 1024 size 144 coarsen threshold 921 Card regions per heap region 1 cards per card region 8192
 CPUs: 20 total, 20 available
 Memory: 16068M
 Large Page Support: Disabled
 NUMA Support: Disabled
 Compressed Oops: Enabled (Zero based)
 Heap Region Size: 4M
 Heap Min Capacity: 8M
 Heap Initial Capacity: 252M
 Heap Max Capacity: 8G
 Pre-touch: Disabled
 Parallel Workers: 15
 Concurrent Workers: 4
 Concurrent Refinement Workers: 15
 Periodic GC: Disabled

Heap:
 garbage-first heap   total 102400K, used 52927K [0x0000000600000000, 0x0000000800000000)
  region size 4096K, 7 young (28672K), 1 survivors (4096K)
 Metaspace       used 37061K, committed 38400K, reserved 1114112K
  class space    used 5312K, committed 5952K, reserved 1048576K

Heap Regions: E=young(eden), S=young(survivor), O=old, HS=humongous(starts), HC=humongous(continues), CS=collection set, F=free, TAMS=top-at-mark-start, PB=parsable bottom
|   0|0x0000000600000000, 0x0000000600400000, 0x0000000600400000|100%|HS|  |TAMS 0x0000000600000000| PB 0x0000000600000000| Complete 
|   1|0x0000000600400000, 0x0000000600800000, 0x0000000600800000|100%| O|  |TAMS 0x0000000600400000| PB 0x0000000600400000| Untracked 
|   2|0x0000000600800000, 0x0000000600800000, 0x0000000600c00000|  0%| F|  |TAMS 0x0000000600800000| PB 0x0000000600800000| Untracked 
|   3|0x0000000600c00000, 0x0000000601000000, 0x0000000601000000|100%| O|  |TAMS 0x0000000600c00000| PB 0x0000000600c00000| Untracked 
|   4|0x0000000601000000, 0x0000000601400000, 0x0000000601400000|100%| O|  |TAMS 0x0000000601000000| PB 0x0000000601000000| Untracked 
|   5|0x0000000601400000, 0x00000006015bebe8, 0x0000000601800000| 43%| O|  |TAMS 0x0000000601400000| PB 0x0000000601400000| Untracked 
|   6|0x0000000601800000, 0x0000000601800000, 0x0000000601c00000|  0%| F|  |TAMS 0x0000000601800000| PB 0x0000000601800000| Untracked 
|   7|0x0000000601c00000, 0x0000000601c00000, 0x0000000602000000|  0%| F|  |TAMS 0x0000000601c00000| PB 0x0000000601c00000| Untracked 
|   8|0x0000000602000000, 0x0000000602000000, 0x0000000602400000|  0%| F|  |TAMS 0x0000000602000000| PB 0x0000000602000000| Untracked 
|   9|0x0000000602400000, 0x0000000602400000, 0x0000000602800000|  0%| F|  |TAMS 0x0000000602400000| PB 0x0000000602400000| Untracked 
|  10|0x0000000602800000, 0x0000000602800000, 0x0000000602c00000|  0%| F|  |TAMS 0x0000000602800000| PB 0x0000000602800000| Untracked 
|  11|0x0000000602c00000, 0x0000000602c00000, 0x0000000603000000|  0%| F|  |TAMS 0x0000000602c00000| PB 0x0000000602c00000| Untracked 
|  12|0x0000000603000000, 0x0000000603000000, 0x0000000603400000|  0%| F|  |TAMS 0x0000000603000000| PB 0x0000000603000000| Untracked 
|  13|0x0000000603400000, 0x0000000603400000, 0x0000000603800000|  0%| F|  |TAMS 0x0000000603400000| PB 0x0000000603400000| Untracked 
|  14|0x0000000603800000, 0x0000000603800000, 0x0000000603c00000|  0%| F|  |TAMS 0x0000000603800000| PB 0x0000000603800000| Untracked 
|  15|0x0000000603c00000, 0x0000000603e12cc8, 0x0000000604000000| 51%| E|  |TAMS 0x0000000603c00000| PB 0x0000000603c00000| Complete 
|  16|0x0000000604000000, 0x0000000604400000, 0x0000000604400000|100%| E|CS|TAMS 0x0000000604000000| PB 0x0000000604000000| Complete 
|  17|0x0000000604400000, 0x0000000604800000, 0x0000000604800000|100%| E|CS|TAMS 0x0000000604400000| PB 0x0000000604400000| Complete 
|  51|0x000000060cc00000, 0x000000060d000000, 0x000000060d000000|100%| E|CS|TAMS 0x000000060cc00000| PB 0x000000060cc00000| Complete 
|  52|0x000000060d000000, 0x000000060d400000, 0x000000060d400000|100%| E|CS|TAMS 0x000000060d000000| PB 0x000000060d000000| Complete 
|  53|0x000000060d400000, 0x000000060d5f11b0, 0x000000060d800000| 48%| S|CS|TAMS 0x000000060d400000| PB 0x000000060d400000| Complete 
|  62|0x000000060f800000, 0x000000060fc00000, 0x000000060fc00000|100%| E|CS|TAMS 0x000000060f800000| PB 0x000000060f800000| Complete 
|2045|0x00000007ff400000, 0x00000007ff800000, 0x00000007ff800000|100%| O|  |TAMS 0x00000007ff400000| PB 0x00000007ff400000| Untracked 
|2046|0x00000007ff800000, 0x00000007ffc00000, 0x00000007ffc00000|100%| O|  |TAMS 0x00000007ff800000| PB 0x00000007ff800000| Untracked 
|2047|0x00000007ffc00000, 0x0000000800000000, 0x0000000800000000|100%| O|  |TAMS 0x00000007ffc00000| PB 0x00000007ffc00000| Untracked 

Card table byte_map: [0x00000230c4070000,0x00000230c5070000] _byte_map_base: 0x00000230c1070000

Marking Bits: (CMBitMap*) 0x000002309f24cd40
 Bits: [0x00000230c5070000, 0x00000230cd070000)

Polling page: 0x000002309cea0000

Metaspace:

Usage:
  Non-class:     31.01 MB used.
      Class:      5.19 MB used.
       Both:     36.19 MB used.

Virtual space:
  Non-class space:       64.00 MB reserved,      31.69 MB ( 50%) committed,  1 nodes.
      Class space:        1.00 GB reserved,       5.81 MB ( <1%) committed,  1 nodes.
             Both:        1.06 GB reserved,      37.50 MB (  3%) committed. 

Chunk freelists:
   Non-Class:  288.00 KB
       Class:  10.20 MB
        Both:  10.48 MB

MaxMetaspaceSize: 4.00 GB
CompressedClassSpaceSize: 1.00 GB
Initial GC threshold: 21.00 MB
Current GC threshold: 58.69 MB
CDS: on
 - commit_granule_bytes: 65536.
 - commit_granule_words: 8192.
 - virtual_space_node_default_size: 8388608.
 - enlarge_chunks_in_place: 1.
 - use_allocation_guard: 0.


Internal statistics:

num_allocs_failed_limit: 6.
num_arena_births: 2460.
num_arena_deaths: 0.
num_vsnodes_births: 2.
num_vsnodes_deaths: 0.
num_space_committed: 600.
num_space_uncommitted: 0.
num_chunks_returned_to_freelist: 6.
num_chunks_taken_from_freelist: 4191.
num_chunk_merges: 6.
num_chunk_splits: 2743.
num_chunks_enlarged: 1717.
num_inconsistent_stats: 0.

CodeHeap 'non-profiled nmethods': size=258432Kb used=2484Kb max_used=2484Kb free=255947Kb
 bounds [0x00000230b2740000, 0x00000230b29c0000, 0x00000230c23a0000]
CodeHeap 'profiled nmethods': size=258368Kb used=8543Kb max_used=8786Kb free=249824Kb
 bounds [0x00000230a23a0000, 0x00000230a2c40000, 0x00000230b1ff0000]
CodeHeap 'non-nmethods': size=7488Kb used=1820Kb max_used=2582Kb free=5667Kb
 bounds [0x00000230b1ff0000, 0x00000230b2290000, 0x00000230b2740000]
CodeCache: size=524288Kb, used=12847Kb, max_used=13852Kb, free=511438Kb
 total_blobs=5151, nmethods=4458, adapters=597, full_count=0
Compilation: enabled, stopped_count=0, restarted_count=0

Compilation events (20 events):
Event: 441.617 Thread 0x00000230d039df70 4974       4       java.lang.Long::equals (30 bytes)
Event: 441.618 Thread 0x00000230d03c8390 nmethod 4973 0x00000230a246ee90 code [0x00000230a246f040, 0x00000230a246f400]
Event: 441.619 Thread 0x00000230d039df70 nmethod 4974 0x00000230b281f190 code [0x00000230b281f320, 0x00000230b281f3f8]
Event: 455.018 Thread 0x00000230d03c8390 4975       3       sun.nio.ch.IOStatus::normalize (10 bytes)
Event: 455.018 Thread 0x00000230d03c8390 nmethod 4975 0x00000230a23e1310 code [0x00000230a23e14c0, 0x00000230a23e1608]
Event: 455.372 Thread 0x00000230d03c8390 4976       3       jdk.internal.misc.Unsafe::setMemory (10 bytes)
Event: 455.374 Thread 0x00000230d03c8390 nmethod 4976 0x00000230a246ea90 code [0x00000230a246ec40, 0x00000230a246eda0]
Event: 455.374 Thread 0x00000230d03c8390 4977       3       jdk.internal.misc.Unsafe::setMemory (29 bytes)
Event: 455.377 Thread 0x00000230d03c8390 nmethod 4977 0x00000230a2610290 code [0x00000230a26104e0, 0x00000230a2610c98]
Event: 455.377 Thread 0x00000230d03c8390 4978       3       jdk.internal.misc.Unsafe::setMemoryChecks (13 bytes)
Event: 455.378 Thread 0x00000230d03c8390 nmethod 4978 0x00000230a260f490 code [0x00000230a260f6e0, 0x00000230a260fed0]
Event: 456.401 Thread 0x00000230d039df70 4979       4       sun.management.spi.PlatformMBeanProvider$PlatformComponent::getMBeans (87 bytes)
Event: 456.481 Thread 0x00000230d039df70 nmethod 4979 0x00000230b27f6810 code [0x00000230b27f6b40, 0x00000230b27f8270]
Event: 469.179 Thread 0x00000230d03c8390 4980       3       org.gradle.cache.internal.locklistener.DefaultFileLockContentionHandler::access$500 (7 bytes)
Event: 469.187 Thread 0x00000230d03c8390 nmethod 4980 0x00000230a246e710 code [0x00000230a246e8c0, 0x00000230a246e9e0]
Event: 469.187 Thread 0x00000230d03c8390 4981       3       org.gradle.cache.internal.locklistener.DefaultFileLockContentionHandler::acceptConfirmationAsLockRequester (108 bytes)
Event: 469.198 Thread 0x00000230d03c8390 nmethod 4981 0x00000230a260e590 code [0x00000230a260e820, 0x00000230a260f110]
Event: 471.614 Thread 0x00000230d03c8390 4982       1       org.gradle.cache.internal.filelock.DefaultLockStateSerializer::getVersion (2 bytes)
Event: 471.615 Thread 0x00000230d03c8390 nmethod 4982 0x00000230b281ee90 code [0x00000230b281f020, 0x00000230b281f0e8]
Event: 478.143 Thread 0x00000230d039df70 4983   !   4       java.util.concurrent.locks.AbstractQueuedSynchronizer::acquire (424 bytes)

GC Heap History (16 events):
Event: 0.309 GC heap before
{Heap before GC invocations=0 (full 0):
 garbage-first heap   total 258048K, used 20480K [0x0000000600000000, 0x0000000800000000)
  region size 4096K, 5 young (20480K), 0 survivors (0K)
 Metaspace       used 879K, committed 1024K, reserved 1114112K
  class space    used 71K, committed 128K, reserved 1048576K
}
Event: 0.311 GC heap after
{Heap after GC invocations=1 (full 0):
 garbage-first heap   total 258048K, used 1600K [0x0000000600000000, 0x0000000800000000)
  region size 4096K, 1 young (4096K), 1 survivors (4096K)
 Metaspace       used 879K, committed 1024K, reserved 1114112K
  class space    used 71K, committed 128K, reserved 1048576K
}
Event: 0.804 GC heap before
{Heap before GC invocations=1 (full 0):
 garbage-first heap   total 258048K, used 46656K [0x0000000600000000, 0x0000000800000000)
  region size 4096K, 11 young (45056K), 1 survivors (4096K)
 Metaspace       used 4603K, committed 4800K, reserved 1114112K
  class space    used 583K, committed 704K, reserved 1048576K
}
Event: 0.809 GC heap after
{Heap after GC invocations=2 (full 0):
 garbage-first heap   total 258048K, used 11500K [0x0000000600000000, 0x0000000800000000)
  region size 4096K, 2 young (8192K), 2 survivors (8192K)
 Metaspace       used 4603K, committed 4800K, reserved 1114112K
  class space    used 583K, committed 704K, reserved 1048576K
}
Event: 28.245 GC heap before
{Heap before GC invocations=2 (full 0):
 garbage-first heap   total 258048K, used 122092K [0x0000000600000000, 0x0000000800000000)
  region size 4096K, 29 young (118784K), 2 survivors (8192K)
 Metaspace       used 16210K, committed 16704K, reserved 1114112K
  class space    used 2217K, committed 2432K, reserved 1048576K
}
Event: 28.269 GC heap after
{Heap after GC invocations=3 (full 0):
 garbage-first heap   total 258048K, used 21193K [0x0000000600000000, 0x0000000800000000)
  region size 4096K, 4 young (16384K), 4 survivors (16384K)
 Metaspace       used 16210K, committed 16704K, reserved 1114112K
  class space    used 2217K, committed 2432K, reserved 1048576K
}
Event: 44.180 GC heap before
{Heap before GC invocations=3 (full 0):
 garbage-first heap   total 258048K, used 49865K [0x0000000600000000, 0x0000000800000000)
  region size 4096K, 13 young (53248K), 4 survivors (16384K)
 Metaspace       used 20893K, committed 21504K, reserved 1114112K
  class space    used 2889K, committed 3200K, reserved 1048576K
}
Event: 44.191 GC heap after
{Heap after GC invocations=4 (full 0):
 garbage-first heap   total 258048K, used 23877K [0x0000000600000000, 0x0000000800000000)
  region size 4096K, 3 young (12288K), 3 survivors (12288K)
 Metaspace       used 20893K, committed 21504K, reserved 1114112K
  class space    used 2889K, committed 3200K, reserved 1048576K
}
Event: 53.006 GC heap before
{Heap before GC invocations=5 (full 0):
 garbage-first heap   total 81920K, used 81221K [0x0000000600000000, 0x0000000800000000)
  region size 4096K, 17 young (69632K), 3 survivors (12288K)
 Metaspace       used 27923K, committed 28928K, reserved 1114112K
  class space    used 3988K, committed 4480K, reserved 1048576K
}
Event: 53.016 GC heap after
{Heap after GC invocations=6 (full 0):
 garbage-first heap   total 102400K, used 27324K [0x0000000600000000, 0x0000000800000000)
  region size 4096K, 2 young (8192K), 2 survivors (8192K)
 Metaspace       used 27923K, committed 28928K, reserved 1114112K
  class space    used 3988K, committed 4480K, reserved 1048576K
}
Event: 60.514 GC heap before
{Heap before GC invocations=6 (full 0):
 garbage-first heap   total 102400K, used 72380K [0x0000000600000000, 0x0000000800000000)
  region size 4096K, 15 young (61440K), 2 survivors (8192K)
 Metaspace       used 34643K, committed 35968K, reserved 1114112K
  class space    used 4957K, committed 5632K, reserved 1048576K
}
Event: 60.520 GC heap after
{Heap after GC invocations=7 (full 0):
 garbage-first heap   total 102400K, used 30732K [0x0000000600000000, 0x0000000800000000)
  region size 4096K, 2 young (8192K), 2 survivors (8192K)
 Metaspace       used 34643K, committed 35968K, reserved 1114112K
  class space    used 4957K, committed 5632K, reserved 1048576K
}
Event: 196.399 GC heap before
{Heap before GC invocations=8 (full 0):
 garbage-first heap   total 102400K, used 83980K [0x0000000600000000, 0x0000000800000000)
  region size 4096K, 15 young (61440K), 2 survivors (8192K)
 Metaspace       used 36984K, committed 38336K, reserved 1114112K
  class space    used 5311K, committed 5952K, reserved 1048576K
}
Event: 197.270 GC heap after
{Heap after GC invocations=9 (full 0):
 garbage-first heap   total 102400K, used 32543K [0x0000000600000000, 0x0000000800000000)
  region size 4096K, 2 young (8192K), 2 survivors (8192K)
 Metaspace       used 36984K, committed 38336K, reserved 1114112K
  class space    used 5311K, committed 5952K, reserved 1048576K
}
Event: 248.405 GC heap before
{Heap before GC invocations=9 (full 0):
 garbage-first heap   total 102400K, used 36639K [0x0000000600000000, 0x0000000800000000)
  region size 4096K, 3 young (12288K), 2 survivors (8192K)
 Metaspace       used 37018K, committed 38400K, reserved 1114112K
  class space    used 5311K, committed 5952K, reserved 1048576K
}
Event: 248.671 GC heap after
{Heap after GC invocations=10 (full 0):
 garbage-first heap   total 102400K, used 32447K [0x0000000600000000, 0x0000000800000000)
  region size 4096K, 1 young (4096K), 1 survivors (4096K)
 Metaspace       used 37018K, committed 38400K, reserved 1114112K
  class space    used 5311K, committed 5952K, reserved 1048576K
}

Dll operation events (20 events):
Event: 0.069 Attempting to load shared library C:\Users\AJI\.vscode\extensions\redhat.java-1.56.0-win32-x64\jre\21.0.12.1-win32-x86_64\bin\nio.dll
Event: 0.070 Loaded shared library C:\Users\AJI\.vscode\extensions\redhat.java-1.56.0-win32-x64\jre\21.0.12.1-win32-x86_64\bin\nio.dll
Event: 0.072 Attempting to load shared library C:\Users\AJI\.vscode\extensions\redhat.java-1.56.0-win32-x64\jre\21.0.12.1-win32-x86_64\bin\zip.dll
Event: 0.072 Loaded shared library C:\Users\AJI\.vscode\extensions\redhat.java-1.56.0-win32-x64\jre\21.0.12.1-win32-x86_64\bin\zip.dll
Event: 0.325 Attempting to load shared library C:\Users\AJI\.vscode\extensions\redhat.java-1.56.0-win32-x64\jre\21.0.12.1-win32-x86_64\bin\jimage.dll
Event: 0.325 Loaded shared library C:\Users\AJI\.vscode\extensions\redhat.java-1.56.0-win32-x64\jre\21.0.12.1-win32-x86_64\bin\jimage.dll
Event: 0.476 Attempting to load shared library C:\Users\AJI\.vscode\extensions\redhat.java-1.56.0-win32-x64\jre\21.0.12.1-win32-x86_64\bin\verify.dll
Event: 0.476 Loaded shared library C:\Users\AJI\.vscode\extensions\redhat.java-1.56.0-win32-x64\jre\21.0.12.1-win32-x86_64\bin\verify.dll
Event: 0.501 Attempting to load shared library C:\Users\AJI\.gradle\native\1def1411415f61bf3af743bc5b6707747c0891f09f0c88961ee8f79bc544acac\windows-amd64\native-platform.dll
Event: 0.502 Loaded shared library C:\Users\AJI\.gradle\native\1def1411415f61bf3af743bc5b6707747c0891f09f0c88961ee8f79bc544acac\windows-amd64\native-platform.dll
Event: 0.509 Attempting to load shared library C:\Users\AJI\.gradle\native\0.2.8\x86_64-windows-gnu\gradle-fileevents.dll
Event: 0.510 Loaded shared library C:\Users\AJI\.gradle\native\0.2.8\x86_64-windows-gnu\gradle-fileevents.dll
Event: 1.366 Attempting to load shared library C:\Users\AJI\.vscode\extensions\redhat.java-1.56.0-win32-x64\jre\21.0.12.1-win32-x86_64\bin\management.dll
Event: 1.366 Loaded shared library C:\Users\AJI\.vscode\extensions\redhat.java-1.56.0-win32-x64\jre\21.0.12.1-win32-x86_64\bin\management.dll
Event: 1.368 Attempting to load shared library C:\Users\AJI\.vscode\extensions\redhat.java-1.56.0-win32-x64\jre\21.0.12.1-win32-x86_64\bin\management_ext.dll
Event: 1.369 Loaded shared library C:\Users\AJI\.vscode\extensions\redhat.java-1.56.0-win32-x64\jre\21.0.12.1-win32-x86_64\bin\management_ext.dll
Event: 1.466 Attempting to load shared library C:\Users\AJI\.vscode\extensions\redhat.java-1.56.0-win32-x64\jre\21.0.12.1-win32-x86_64\bin\extnet.dll
Event: 1.466 Loaded shared library C:\Users\AJI\.vscode\extensions\redhat.java-1.56.0-win32-x64\jre\21.0.12.1-win32-x86_64\bin\extnet.dll
Event: 1.668 Attempting to load shared library C:\Users\AJI\.vscode\extensions\redhat.java-1.56.0-win32-x64\jre\21.0.12.1-win32-x86_64\bin\sunmscapi.dll
Event: 1.671 Loaded shared library C:\Users\AJI\.vscode\extensions\redhat.java-1.56.0-win32-x64\jre\21.0.12.1-win32-x86_64\bin\sunmscapi.dll

Deoptimization events (20 events):
Event: 76.094 Thread 0x0000023116fd1b10 DEOPT PACKING pc=0x00000230b2984dcc sp=0x000000c4b62fde70
Event: 76.094 Thread 0x0000023116fd1b10 DEOPT UNPACKING pc=0x00000230b2044422 sp=0x000000c4b62fde38 mode 2
Event: 76.103 Thread 0x0000023116fd1b10 Uncommon trap: trap_request=0xffffffc6 fr.pc=0x00000230b2984dcc relative=0x0000000000000bcc
Event: 76.103 Thread 0x0000023116fd1b10 Uncommon trap: reason=bimorphic_or_optimized_type_check action=maybe_recompile pc=0x00000230b2984dcc method=java.io.BufferedInputStream.implRead([BII)I @ 100 c2
Event: 76.103 Thread 0x0000023116fd1b10 DEOPT PACKING pc=0x00000230b2984dcc sp=0x000000c4b62fde70
Event: 76.103 Thread 0x0000023116fd1b10 DEOPT UNPACKING pc=0x00000230b2044422 sp=0x000000c4b62fde38 mode 2
Event: 76.114 Thread 0x0000023116fd1b10 Uncommon trap: trap_request=0xffffffc6 fr.pc=0x00000230b2984dcc relative=0x0000000000000bcc
Event: 76.114 Thread 0x0000023116fd1b10 Uncommon trap: reason=bimorphic_or_optimized_type_check action=maybe_recompile pc=0x00000230b2984dcc method=java.io.BufferedInputStream.implRead([BII)I @ 100 c2
Event: 76.114 Thread 0x0000023116fd1b10 DEOPT PACKING pc=0x00000230b2984dcc sp=0x000000c4b62fde70
Event: 76.114 Thread 0x0000023116fd1b10 DEOPT UNPACKING pc=0x00000230b2044422 sp=0x000000c4b62fde38 mode 2
Event: 150.903 Thread 0x0000023116fd1480 Uncommon trap: trap_request=0xffffff45 fr.pc=0x00000230b2777ce0 relative=0x0000000000000140
Event: 150.903 Thread 0x0000023116fd1480 Uncommon trap: reason=unstable_if action=reinterpret pc=0x00000230b2777ce0 method=java.util.concurrent.locks.ReentrantLock$NonfairSync.tryAcquire(I)Z @ 4 c2
Event: 150.903 Thread 0x0000023116fd1480 DEOPT PACKING pc=0x00000230b2777ce0 sp=0x000000c4b61ff3e0
Event: 150.906 Thread 0x0000023116fd1480 DEOPT UNPACKING pc=0x00000230b2044422 sp=0x000000c4b61ff390 mode 2
Event: 171.705 Thread 0x0000023116cad730 DEOPT PACKING pc=0x00000230a2855aea sp=0x000000c4b58fe7a0
Event: 171.708 Thread 0x0000023116cad730 DEOPT UNPACKING pc=0x00000230b2044bc2 sp=0x000000c4b58fdc60 mode 0
Event: 375.822 Thread 0x0000023116fd1480 Uncommon trap: trap_request=0xffffff45 fr.pc=0x00000230b27d0324 relative=0x0000000000000f64
Event: 375.822 Thread 0x0000023116fd1480 Uncommon trap: reason=unstable_if action=reinterpret pc=0x00000230b27d0324 method=java.util.concurrent.locks.ReentrantLock$NonfairSync.tryAcquire(I)Z @ 4 c2
Event: 375.822 Thread 0x0000023116fd1480 DEOPT PACKING pc=0x00000230b27d0324 sp=0x000000c4b61ff380
Event: 375.824 Thread 0x0000023116fd1480 DEOPT UNPACKING pc=0x00000230b2044422 sp=0x000000c4b61ff2b0 mode 2

Classes loaded (20 events):
Event: 61.200 Loading class sun/nio/fs/WindowsChannelFactory
Event: 61.200 Loading class sun/nio/fs/WindowsChannelFactory done
Event: 61.200 Loading class sun/nio/fs/WindowsChannelFactory$1
Event: 61.200 Loading class sun/nio/fs/WindowsChannelFactory$1 done
Event: 61.200 Loading class sun/nio/fs/WindowsChannelFactory$Flags
Event: 61.200 Loading class sun/nio/fs/WindowsChannelFactory$Flags done
Event: 61.200 Loading class sun/nio/fs/WindowsChannelFactory$2
Event: 61.200 Loading class sun/nio/fs/WindowsChannelFactory$2 done
Event: 61.201 Loading class sun/nio/fs/WindowsException
Event: 61.202 Loading class sun/nio/fs/WindowsException done
Event: 61.202 Loading class java/nio/file/FileAlreadyExistsException
Event: 61.202 Loading class java/nio/file/FileAlreadyExistsException done
Event: 61.218 Loading class java/nio/file/AccessMode
Event: 61.218 Loading class java/nio/file/AccessMode done
Event: 61.344 Loading class java/util/Collections$SynchronizedRandomAccessList
Event: 61.344 Loading class java/util/Collections$SynchronizedList
Event: 61.344 Loading class java/util/Collections$SynchronizedList done
Event: 61.344 Loading class java/util/Collections$SynchronizedRandomAccessList done
Event: 76.023 Loading class java/nio/charset/CharacterCodingException
Event: 76.023 Loading class java/nio/charset/CharacterCodingException done

Classes unloaded (0 events):
No events

Classes redefined (0 events):
No events

Internal exceptions (20 events):
Event: 61.053 Thread 0x0000023116fd3550 Exception <a 'java/lang/ClassNotFoundException'{0x000000060fabfdf8}: groovy/lang/GroovyObjectSupportCustomizer> (0x000000060fabfdf8) 
thrown [s\src\hotspot\share\classfile\systemDictionary.cpp, line 313]
Event: 61.067 Thread 0x0000023116fd3550 Exception <a 'java/lang/ClassNotFoundException'{0x000000060fadab78}: org/gradle/internal/extensibility/DefaultExtraPropertiesExtensionCustomizer> (0x000000060fadab78) 
thrown [s\src\hotspot\share\classfile\systemDictionary.cpp, line 313]
Event: 61.083 Thread 0x0000023116fd3550 Exception <a 'java/lang/IncompatibleClassChangeError'{0x000000060faf8550}: Found class java.lang.Object, but interface was expected> (0x000000060faf8550) 
thrown [s\src\hotspot\share\interpreter\linkResolver.cpp, line 840]
Event: 61.202 Thread 0x0000023116fd3550 Exception <a 'sun/nio/fs/WindowsException'{0x000000060fbbd718}> (0x000000060fbbd718) 
thrown [s\src\hotspot\share\prims\jni.cpp, line 520]
Event: 61.219 Thread 0x0000023116fd3550 Exception <a 'sun/nio/fs/WindowsException'{0x000000060fbbf448}> (0x000000060fbbf448) 
thrown [s\src\hotspot\share\prims\jni.cpp, line 520]
Event: 61.219 Thread 0x0000023116fd3550 Exception <a 'sun/nio/fs/WindowsException'{0x000000060fbc08f0}> (0x000000060fbc08f0) 
thrown [s\src\hotspot\share\prims\jni.cpp, line 520]
Event: 61.220 Thread 0x0000023116fd3550 Exception <a 'sun/nio/fs/WindowsException'{0x000000060fbc1dc8}> (0x000000060fbc1dc8) 
thrown [s\src\hotspot\share\prims\jni.cpp, line 520]
Event: 61.296 Thread 0x0000023116fd3550 Exception <a 'java/lang/NoSuchMethodError'{0x000000060d4ef928}: 'java.lang.Object java.lang.invoke.Invokers$Holder.invoker(java.lang.Object, java.lang.Object, java.lang.Object, java.lang.Object, java.lang.Object, java.lang.Object)'> (0x000000060d4ef928) 
thrown [s\src\hotspot\share\interpreter\linkResolver.cpp, line 773]
Event: 66.171 Thread 0x0000023116fd3550 Exception <a 'java/lang/NoSuchMethodError'{0x000000060d68a8b0}: 'java.lang.Object java.lang.invoke.Invokers$Holder.invoker(java.lang.Object, java.lang.Object, java.lang.Object, java.lang.Object, java.lang.Object, java.lang.Object, java.lang.Object, java.lang.Object, java.lang.Object, java.lang.Object, java.lang.Object, java.lang.Object, java.lang.Object, java.lang.Object, java.lang.Object, java.lang.Object, java.lang.Object, java.lang.Object, java.lang.Object, java.lang.Object, java.lang.Object, java.lang.
Event: 66.181 Thread 0x0000023116fd3550 Exception <a 'java/lang/NoSuchMethodError'{0x000000060d6911c8}: 'java.lang.Object java.lang.invoke.DelegatingMethodHandle$Holder.delegate(java.lang.Object, java.lang.Object, java.lang.Object, java.lang.Object, java.lang.Object, java.lang.Object, java.lang.Object, java.lang.Object, java.lang.Object, java.lang.Object, java.lang.Object, java.lang.Object, java.lang.Object, java.lang.Object, java.lang.Object, java.lang.Object, java.lang.Object, java.lang.Object, java.lang.Object, java.lang.Object, java.lang.Obj
Event: 66.461 Thread 0x0000023116fd3550 Exception <a 'java/lang/NoSuchMethodError'{0x000000060d1660c8}: 'java.lang.Object java.lang.invoke.DirectMethodHandle$Holder.newInvokeSpecial(java.lang.Object, java.lang.Object, java.lang.Object, java.lang.Object, java.lang.Object, java.lang.Object, int)'> (0x000000060d1660c8) 
thrown [s\src\hotspot\share\interpreter\linkResolver.cpp, line 773]
Event: 66.461 Thread 0x0000023116fd3550 Exception <a 'java/lang/NoSuchMethodError'{0x000000060d16b050}: 'java.lang.Object java.lang.invoke.DirectMethodHandle$Holder.invokeSpecial(java.lang.Object, java.lang.Object, java.lang.Object, java.lang.Object, java.lang.Object, java.lang.Object, java.lang.Object, int)'> (0x000000060d16b050) 
thrown [s\src\hotspot\share\interpreter\linkResolver.cpp, line 773]
Event: 67.582 Thread 0x0000023116fd3550 Exception <a 'java/lang/IncompatibleClassChangeError'{0x000000060309da48}: Found class java.lang.Object, but interface was expected> (0x000000060309da48) 
thrown [s\src\hotspot\share\interpreter\linkResolver.cpp, line 840]
Event: 67.677 Thread 0x0000023116fd3550 Exception <a 'java/lang/NoSuchMethodError'{0x0000000603173a28}: 'java.lang.Object java.lang.invoke.DirectMethodHandle$Holder.newInvokeSpecial(java.lang.Object, java.lang.Object, long)'> (0x0000000603173a28) 
thrown [s\src\hotspot\share\interpreter\linkResolver.cpp, line 773]
Event: 67.678 Thread 0x0000023116fd3550 Exception <a 'java/lang/NoSuchMethodError'{0x00000006031782c0}: 'java.lang.Object java.lang.invoke.Invokers$Holder.linkToTargetMethod(java.lang.Object, long, java.lang.Object)'> (0x00000006031782c0) 
thrown [s\src\hotspot\share\interpreter\linkResolver.cpp, line 773]
Event: 76.006 Thread 0x0000023116fd1b10 Implicit null exception at 0x00000230b28c64e1 to 0x00000230b28c6b70
Event: 76.009 Thread 0x0000023116fd1b10 Implicit null exception at 0x00000230b288b847 to 0x00000230b288bc34
Event: 76.077 Thread 0x0000023116fd3550 Exception <a 'java/lang/NoSuchMethodError'{0x0000000602cdb420}: 'int java.lang.invoke.DirectMethodHandle$Holder.invokeInterface(java.lang.Object, java.lang.Object)'> (0x0000000602cdb420) 
thrown [s\src\hotspot\share\interpreter\linkResolver.cpp, line 773]
Event: 76.210 Thread 0x0000023116fd3550 Exception <a 'java/lang/NoSuchMethodError'{0x0000000602d83d48}: 'java.lang.Object java.lang.invoke.DirectMethodHandle$Holder.newInvokeSpecial(java.lang.Object, java.lang.Object, int, java.lang.Object, java.lang.Object, java.lang.Object, java.lang.Object)'> (0x0000000602d83d48) 
thrown [s\src\hotspot\share\interpreter\linkResolver.cpp, line 773]
Event: 76.211 Thread 0x0000023116fd3550 Exception <a 'java/lang/NoSuchMethodError'{0x0000000602d8c578}: 'java.lang.Object java.lang.invoke.Invokers$Holder.linkToTargetMethod(java.lang.Object, int, java.lang.Object, java.lang.Object, java.lang.Object, java.lang.Object, java.lang.Object)'> (0x0000000602d8c578) 
thrown [s\src\hotspot\share\interpreter\linkResolver.cpp, line 773]

ZGC Phase Switch (0 events):
No events

VM Operations (20 events):
Event: 329.407 Executing safepoint VM operation: Cleanup
Event: 329.408 Executing safepoint VM operation: Cleanup done
Event: 352.585 Executing safepoint VM operation: Cleanup
Event: 352.585 Executing safepoint VM operation: Cleanup done
Event: 361.667 Executing safepoint VM operation: Cleanup
Event: 361.668 Executing safepoint VM operation: Cleanup done
Event: 376.788 Executing safepoint VM operation: Cleanup
Event: 376.788 Executing safepoint VM operation: Cleanup done
Event: 378.807 Executing safepoint VM operation: Cleanup
Event: 378.807 Executing safepoint VM operation: Cleanup done
Event: 379.819 Executing safepoint VM operation: Cleanup
Event: 379.819 Executing safepoint VM operation: Cleanup done
Event: 384.863 Executing safepoint VM operation: Cleanup
Event: 384.863 Executing safepoint VM operation: Cleanup done
Event: 423.152 Executing safepoint VM operation: Cleanup
Event: 423.153 Executing safepoint VM operation: Cleanup done
Event: 457.457 Executing safepoint VM operation: Cleanup
Event: 457.458 Executing safepoint VM operation: Cleanup done
Event: 470.586 Executing safepoint VM operation: Cleanup
Event: 470.586 Executing safepoint VM operation: Cleanup done

Memory protections (0 events):
No events

Nmethod flushes (20 events):
Event: 60.545 Thread 0x00000230cd35fbd0 flushing  nmethod 0x00000230a2503a90
Event: 60.545 Thread 0x00000230cd35fbd0 flushing  nmethod 0x00000230a2504610
Event: 60.545 Thread 0x00000230cd35fbd0 flushing  nmethod 0x00000230a252ee90
Event: 60.545 Thread 0x00000230cd35fbd0 flushing  nmethod 0x00000230a252f490
Event: 60.545 Thread 0x00000230cd35fbd0 flushing  nmethod 0x00000230a2530390
Event: 60.545 Thread 0x00000230cd35fbd0 flushing  nmethod 0x00000230a2539310
Event: 60.545 Thread 0x00000230cd35fbd0 flushing  nmethod 0x00000230a2539a90
Event: 60.545 Thread 0x00000230cd35fbd0 flushing  nmethod 0x00000230a253a390
Event: 60.545 Thread 0x00000230cd35fbd0 flushing  nmethod 0x00000230a253a990
Event: 60.545 Thread 0x00000230cd35fbd0 flushing  nmethod 0x00000230a253f790
Event: 60.545 Thread 0x00000230cd35fbd0 flushing  nmethod 0x00000230a253fd10
Event: 60.545 Thread 0x00000230cd35fbd0 flushing  nmethod 0x00000230a2540410
Event: 60.545 Thread 0x00000230cd35fbd0 flushing  nmethod 0x00000230a2540c90
Event: 60.545 Thread 0x00000230cd35fbd0 flushing  nmethod 0x00000230a2541690
Event: 60.545 Thread 0x00000230cd35fbd0 flushing  nmethod 0x00000230a25a0b90
Event: 60.545 Thread 0x00000230cd35fbd0 flushing  nmethod 0x00000230a2829f90
Event: 60.545 Thread 0x00000230cd35fbd0 flushing  nmethod 0x00000230a282e010
Event: 60.545 Thread 0x00000230cd35fbd0 flushing  nmethod 0x00000230a282ea90
Event: 60.545 Thread 0x00000230cd35fbd0 flushing  nmethod 0x00000230a282f610
Event: 60.545 Thread 0x00000230cd35fbd0 flushing  nmethod 0x00000230a282fa90

Events (20 events):
Event: 2.307 Thread 0x0000023116fd3550 Thread added: 0x0000023116fd1b10
Event: 2.781 Thread 0x0000023116fd1480 Thread added: 0x0000023116fd21a0
Event: 4.802 Thread 0x00000230d04a1540 Thread exited: 0x00000230d04a1540
Event: 21.628 Thread 0x00000230d03c8390 Thread added: 0x0000023116566360
Event: 25.876 Thread 0x0000023116566360 Thread exited: 0x0000023116566360
Event: 47.306 Thread 0x00000230d03c8390 Thread added: 0x00000231173b7bb0
Event: 47.307 Thread 0x00000231173b7bb0 Thread added: 0x0000023118a4afe0
Event: 48.050 Thread 0x0000023118a4afe0 Thread exited: 0x0000023118a4afe0
Event: 48.124 Thread 0x0000023116fd3550 Thread added: 0x0000023118933450
Event: 48.324 Thread 0x0000023116fd3550 Thread added: 0x0000023118934800
Event: 49.487 Thread 0x00000231173b7bb0 Thread exited: 0x00000231173b7bb0
Event: 51.131 Thread 0x0000023116fd3550 Thread added: 0x0000023118933ae0
Event: 51.200 Thread 0x0000023116fd3550 Thread added: 0x0000023118932dc0
Event: 53.481 Thread 0x0000023116fd3550 Thread added: 0x0000023118931380
Event: 54.142 Thread 0x0000023116fd3550 Thread added: 0x0000023118934e90
Event: 55.195 Thread 0x00000230d03c8390 Thread added: 0x00000230d068b3f0
Event: 56.437 Thread 0x0000023116fd3550 Thread added: 0x0000023118932730
Event: 57.179 Thread 0x0000023116fd3550 Thread added: 0x0000023118931a10
Event: 58.952 Thread 0x00000230d068b3f0 Thread exited: 0x00000230d068b3f0
Event: 136.607 Thread 0x0000023116fd21a0 Thread exited: 0x0000023116fd21a0


Dynamic libraries:
0x00007ff735c60000 - 0x00007ff735c6e000 	C:\Users\AJI\.vscode\extensions\redhat.java-1.56.0-win32-x64\jre\21.0.12.1-win32-x86_64\bin\java.exe
0x00007ffaa9a20000 - 0x00007ffaa9c87000 	C:\WINDOWS\SYSTEM32\ntdll.dll
0x00007ffaa7cd0000 - 0x00007ffaa7d9b000 	C:\WINDOWS\System32\KERNEL32.DLL
0x00007ffaa71b0000 - 0x00007ffaa75b2000 	C:\WINDOWS\System32\KERNELBASE.dll
0x00007ffaa7050000 - 0x00007ffaa719c000 	C:\WINDOWS\System32\ucrtbase.dll
0x00007ffa5b940000 - 0x00007ffa5b958000 	C:\Users\AJI\.vscode\extensions\redhat.java-1.56.0-win32-x64\jre\21.0.12.1-win32-x86_64\bin\jli.dll
0x00007ffa76fd0000 - 0x00007ffa76fee000 	C:\Users\AJI\.vscode\extensions\redhat.java-1.56.0-win32-x64\jre\21.0.12.1-win32-x86_64\bin\VCRUNTIME140.dll
0x00007ffaa7da0000 - 0x00007ffaa7f6f000 	C:\WINDOWS\System32\USER32.dll
0x00007ffaa6e90000 - 0x00007ffaa6eb7000 	C:\WINDOWS\System32\win32u.dll
0x00007ffa85610000 - 0x00007ffa858a0000 	C:\WINDOWS\WinSxS\amd64_microsoft.windows.common-controls_6595b64144ccf1df_6.0.26100.9278_none_3e0d1ba8e3303201\COMCTL32.dll
0x00007ffaa7740000 - 0x00007ffaa776b000 	C:\WINDOWS\System32\GDI32.dll
0x00007ffaa8760000 - 0x00007ffaa8809000 	C:\WINDOWS\System32\msvcrt.dll
0x00007ffaa6cd0000 - 0x00007ffaa6df9000 	C:\WINDOWS\System32\gdi32full.dll
0x00007ffaa6c20000 - 0x00007ffaa6cc3000 	C:\WINDOWS\System32\msvcp_win.dll
0x00007ffaa9250000 - 0x00007ffaa9281000 	C:\WINDOWS\System32\IMM32.DLL
0x00007ffa8fa10000 - 0x00007ffa8fa1c000 	C:\Users\AJI\.vscode\extensions\redhat.java-1.56.0-win32-x64\jre\21.0.12.1-win32-x86_64\bin\vcruntime140_1.dll
0x00007ff9ae9a0000 - 0x00007ff9aea2d000 	C:\Users\AJI\.vscode\extensions\redhat.java-1.56.0-win32-x64\jre\21.0.12.1-win32-x86_64\bin\msvcp140.dll
0x00007ff96c320000 - 0x00007ff96d0c2000 	C:\Users\AJI\.vscode\extensions\redhat.java-1.56.0-win32-x64\jre\21.0.12.1-win32-x86_64\bin\server\jvm.dll
0x00007ffaa8fb0000 - 0x00007ffaa906c000 	C:\WINDOWS\System32\ADVAPI32.dll
0x00007ffaa7b90000 - 0x00007ffaa7c39000 	C:\WINDOWS\System32\sechost.dll
0x00007ffaa80d0000 - 0x00007ffaa81e8000 	C:\WINDOWS\System32\RPCRT4.dll
0x00007ffaa7c40000 - 0x00007ffaa7cc0000 	C:\WINDOWS\System32\WS2_32.dll
0x00007ffaa6a80000 - 0x00007ffaa6ade000 	C:\WINDOWS\SYSTEM32\POWRPROF.dll
0x00007ffaa0960000 - 0x00007ffaa0996000 	C:\WINDOWS\SYSTEM32\WINMM.dll
0x00007ffa9deb0000 - 0x00007ffa9debb000 	C:\WINDOWS\SYSTEM32\VERSION.dll
0x00007ffaa6a60000 - 0x00007ffaa6a75000 	C:\WINDOWS\SYSTEM32\UMPDC.dll
0x00007ffaa5400000 - 0x00007ffaa541b000 	C:\WINDOWS\SYSTEM32\kernel.appcore.dll
0x00007ffa8f9e0000 - 0x00007ffa8f9ea000 	C:\Users\AJI\.vscode\extensions\redhat.java-1.56.0-win32-x64\jre\21.0.12.1-win32-x86_64\bin\jimage.dll
0x00007ffaa3d10000 - 0x00007ffaa3f5c000 	C:\WINDOWS\SYSTEM32\DBGHELP.DLL
0x00007ffaa9320000 - 0x00007ffaa96a5000 	C:\WINDOWS\System32\combase.dll
0x00007ffaa81f0000 - 0x00007ffaa82c9000 	C:\WINDOWS\System32\OLEAUT32.dll
0x00007ffa84dc0000 - 0x00007ffa84dfb000 	C:\WINDOWS\SYSTEM32\dbgcore.DLL
0x00007ffaa75c0000 - 0x00007ffaa766c000 	C:\WINDOWS\System32\bcryptPrimitives.dll
0x00007ffa80050000 - 0x00007ffa8005f000 	C:\Users\AJI\.vscode\extensions\redhat.java-1.56.0-win32-x64\jre\21.0.12.1-win32-x86_64\bin\instrument.dll
0x00007ffa56a30000 - 0x00007ffa56a50000 	C:\Users\AJI\.vscode\extensions\redhat.java-1.56.0-win32-x64\jre\21.0.12.1-win32-x86_64\bin\java.dll
0x00007ffaa8810000 - 0x00007ffaa8fa8000 	C:\WINDOWS\System32\SHELL32.dll
0x00007ffaa4150000 - 0x00007ffaa49fe000 	C:\WINDOWS\SYSTEM32\windows.storage.dll
0x00007ffaa96b0000 - 0x00007ffaa97ab000 	C:\WINDOWS\System32\SHCORE.dll
0x00007ffaa7a10000 - 0x00007ffaa7a76000 	C:\WINDOWS\System32\shlwapi.dll
0x00007ffaa6b40000 - 0x00007ffaa6b69000 	C:\WINDOWS\SYSTEM32\profapi.dll
0x00007ffa554d0000 - 0x00007ffa554e8000 	C:\Users\AJI\.vscode\extensions\redhat.java-1.56.0-win32-x64\jre\21.0.12.1-win32-x86_64\bin\zip.dll
0x00007ffa813d0000 - 0x00007ffa813e0000 	C:\Users\AJI\.vscode\extensions\redhat.java-1.56.0-win32-x64\jre\21.0.12.1-win32-x86_64\bin\net.dll
0x00007ffa9f270000 - 0x00007ffa9f39a000 	C:\WINDOWS\SYSTEM32\WINHTTP.dll
0x00007ffaa59c0000 - 0x00007ffaa5a2c000 	C:\WINDOWS\system32\mswsock.dll
0x00007ffa554b0000 - 0x00007ffa554c6000 	C:\Users\AJI\.vscode\extensions\redhat.java-1.56.0-win32-x64\jre\21.0.12.1-win32-x86_64\bin\nio.dll
0x00007ffa7fae0000 - 0x00007ffa7faf0000 	C:\Users\AJI\.vscode\extensions\redhat.java-1.56.0-win32-x64\jre\21.0.12.1-win32-x86_64\bin\verify.dll
0x00007ffa399a0000 - 0x00007ffa399c7000 	C:\Users\AJI\.gradle\native\1def1411415f61bf3af743bc5b6707747c0891f09f0c88961ee8f79bc544acac\windows-amd64\native-platform.dll
0x00007ff9bbe60000 - 0x00007ff9bbed7000 	C:\Users\AJI\.gradle\native\0.2.8\x86_64-windows-gnu\gradle-fileevents.dll
0x00007ffa7eee0000 - 0x00007ffa7eeea000 	C:\Users\AJI\.vscode\extensions\redhat.java-1.56.0-win32-x64\jre\21.0.12.1-win32-x86_64\bin\management.dll
0x00007ffa77400000 - 0x00007ffa7740c000 	C:\Users\AJI\.vscode\extensions\redhat.java-1.56.0-win32-x64\jre\21.0.12.1-win32-x86_64\bin\management_ext.dll
0x00007ffaa7b80000 - 0x00007ffaa7b88000 	C:\WINDOWS\System32\PSAPI.DLL
0x00007ffaa4ee0000 - 0x00007ffaa4f13000 	C:\WINDOWS\SYSTEM32\IPHLPAPI.DLL
0x00007ffaa80c0000 - 0x00007ffaa80ca000 	C:\WINDOWS\System32\NSI.dll
0x00007ffa74220000 - 0x00007ffa74229000 	C:\Users\AJI\.vscode\extensions\redhat.java-1.56.0-win32-x64\jre\21.0.12.1-win32-x86_64\bin\extnet.dll
0x00007ffaa5cb0000 - 0x00007ffaa5ccb000 	C:\WINDOWS\SYSTEM32\CRYPTSP.dll
0x00007ffaa5360000 - 0x00007ffaa5399000 	C:\WINDOWS\system32\rsaenh.dll
0x00007ffaa5a70000 - 0x00007ffaa5aa4000 	C:\WINDOWS\SYSTEM32\USERENV.dll
0x00007ffaa6b10000 - 0x00007ffaa6b3a000 	C:\WINDOWS\SYSTEM32\bcrypt.dll
0x00007ffaa5cd0000 - 0x00007ffaa5cdc000 	C:\WINDOWS\SYSTEM32\CRYPTBASE.dll
0x00007ffa73220000 - 0x00007ffa7322e000 	C:\Users\AJI\.vscode\extensions\redhat.java-1.56.0-win32-x64\jre\21.0.12.1-win32-x86_64\bin\sunmscapi.dll
0x00007ffaa6ec0000 - 0x00007ffaa703e000 	C:\WINDOWS\System32\CRYPT32.dll
0x00007ffaa5ea0000 - 0x00007ffaa5ed0000 	C:\WINDOWS\SYSTEM32\ncrypt.dll
0x00007ffaa5e50000 - 0x00007ffaa5e8f000 	C:\WINDOWS\SYSTEM32\NTASN1.dll
0x00007ffa7c400000 - 0x00007ffa7c408000 	C:\WINDOWS\system32\wshunix.dll

JVMTI agents:
C:\Users\AJI\.gradle\wrapper\dists\gradle-9.1.0-all\7wzd0jkjit61aq2p43wpjgij9\gradle-9.1.0\lib\agents\gradle-instrumentation-agent-9.1.0.jar path:C:\Users\AJI\.vscode\extensions\redhat.java-1.56.0-win32-x64\jre\21.0.12.1-win32-x86_64\bin\instrument.dll, loaded, initialized, instrumentlib options:none

dbghelp: loaded successfully - version: 4.0.5 - missing functions: none
symbol engine: initialized successfully - sym options: 0x614 - pdb path: .;C:\Users\AJI\.vscode\extensions\redhat.java-1.56.0-win32-x64\jre\21.0.12.1-win32-x86_64\bin;C:\WINDOWS\SYSTEM32;C:\WINDOWS\WinSxS\amd64_microsoft.windows.common-controls_6595b64144ccf1df_6.0.26100.9278_none_3e0d1ba8e3303201;C:\Users\AJI\.vscode\extensions\redhat.java-1.56.0-win32-x64\jre\21.0.12.1-win32-x86_64\bin\server;C:\Users\AJI\.gradle\native\1def1411415f61bf3af743bc5b6707747c0891f09f0c88961ee8f79bc544acac\windows-amd64;C:\Users\AJI\.gradle\native\0.2.8\x86_64-windows-gnu

VM Arguments:
jvm_args: --add-opens=java.base/java.lang=ALL-UNNAMED --add-opens=java.base/java.lang.invoke=ALL-UNNAMED --add-opens=java.base/java.util=ALL-UNNAMED --add-opens=java.prefs/java.util.prefs=ALL-UNNAMED --add-exports=jdk.compiler/com.sun.tools.javac.api=ALL-UNNAMED --add-exports=jdk.compiler/com.sun.tools.javac.util=ALL-UNNAMED --add-opens=java.base/java.util=ALL-UNNAMED --add-opens=java.prefs/java.util.prefs=ALL-UNNAMED --add-opens=java.base/java.nio.charset=ALL-UNNAMED --add-opens=java.base/java.net=ALL-UNNAMED --add-opens=java.base/java.util.concurrent=ALL-UNNAMED --add-opens=java.base/java.util.concurrent.atomic=ALL-UNNAMED --add-opens=java.xml/javax.xml.namespace=ALL-UNNAMED --add-opens=java.base/java.time=ALL-UNNAMED -XX:MaxMetaspaceSize=4G -XX:ReservedCodeCacheSize=512m -XX:+HeapDumpOnOutOfMemoryError -Xmx8G -Dfile.encoding=UTF-8 -Duser.country=IN -Duser.language=en -Duser.variant -javaagent:C:\Users\AJI\.gradle\wrapper\dists\gradle-9.1.0-all\7wzd0jkjit61aq2p43wpjgij9\gradle-9.1.0\lib\agents\gradle-instrumentation-agent-9.1.0.jar 
java_command: org.gradle.launcher.daemon.bootstrap.GradleDaemon 9.1.0
java_class_path (initial): C:\Users\AJI\.gradle\wrapper\dists\gradle-9.1.0-all\7wzd0jkjit61aq2p43wpjgij9\gradle-9.1.0\lib\gradle-daemon-main-9.1.0.jar
Launcher Type: SUN_STANDARD

[Global flags]
     intx CICompilerCount                          = 12                                        {product} {ergonomic}
     uint ConcGCThreads                            = 4                                         {product} {ergonomic}
     uint G1ConcRefinementThreads                  = 15                                        {product} {ergonomic}
   size_t G1HeapRegionSize                         = 4194304                                   {product} {ergonomic}
    uintx GCDrainStackTargetSize                   = 64                                        {product} {ergonomic}
     bool HeapDumpOnOutOfMemoryError               = true                                   {manageable} {command line}
   size_t InitialHeapSize                          = 264241152                                 {product} {ergonomic}
   size_t MarkStackSize                            = 4194304                                   {product} {ergonomic}
   size_t MaxHeapSize                              = 8589934592                                {product} {command line}
   size_t MaxMetaspaceSize                         = 4294967296                                {product} {command line}
   size_t MaxNewSize                               = 5150605312                                {product} {ergonomic}
   size_t MinHeapDeltaBytes                        = 4194304                                   {product} {ergonomic}
   size_t MinHeapSize                              = 8388608                                   {product} {ergonomic}
    uintx NonNMethodCodeHeapSize                   = 7602480                                {pd product} {ergonomic}
    uintx NonProfiledCodeHeapSize                  = 264634216                              {pd product} {ergonomic}
    uintx ProfiledCodeHeapSize                     = 264634216                              {pd product} {ergonomic}
    uintx ReservedCodeCacheSize                    = 536870912                              {pd product} {command line}
     bool SegmentedCodeCache                       = true                                      {product} {ergonomic}
   size_t SoftMaxHeapSize                          = 8589934592                             {manageable} {ergonomic}
     bool UseCompressedOops                        = true                           {product lp64_product} {ergonomic}
     bool UseG1GC                                  = true                                      {product} {ergonomic}
     bool UseLargePagesIndividualAllocation        = false                                  {pd product} {ergonomic}

Logging:
Log output configuration:
 #0: stdout all=warning uptime,level,tags foldmultilines=false
 #1: stderr all=off uptime,level,tags foldmultilines=false

Release file:
JAVA_VERSION="21.0.12.1" 
MODULES="java.base java.compiler java.datatransfer java.xml java.prefs java.desktop java.instrument java.logging java.management java.security.sasl java.naming java.rmi java.management.rmi java.net.http java.scripting java.security.jgss java.transaction.xa java.sql java.sql.rowset java.xml.crypto java.se java.smartcardio jdk.accessibility jdk.internal.jvmstat jdk.attach jdk.charsets jdk.internal.opt jdk.zipfs jdk.compiler jdk.crypto.ec jdk.crypto.cryptoki jdk.crypto.mscapi jdk.dynalink jdk.internal.ed jdk.editpad jdk.hotspot.agent jdk.httpserver jdk.internal.le jdk.internal.vm.ci jdk.internal.vm.compiler jdk.internal.vm.compiler.management jdk.jartool jdk.javadoc jdk.jcmd jdk.management jdk.management.agent jdk.jconsole jdk.jdeps jdk.jdwp.agent jdk.jdi jdk.jfr jdk.jshell jdk.jsobject jdk.jstatd jdk.localedata jdk.management.jfr jdk.naming.dns jdk.naming.rmi jdk.net jdk.nio.mapmode jdk.random jdk.sctp jdk.security.auth jdk.security.jgss jdk.unsupported jdk.unsupported.desktop jdk.xml.dom" 

Environment Variables:
JAVA_HOME=C:\Program Files\Java\jdk-17
PATH=C:\Python314\Scripts\;C:\Python314\;C:\Program Files\Eclipse Adoptium\jdk-25.0.3.9-hotspot\bin;C:\Program Files\Microsoft\jdk-11.0.16.101-hotspot\bin;C:\WINDOWS\system32;C:\WINDOWS;C:\WINDOWS\System32\Wbem;C:\WINDOWS\System32\WindowsPowerShell\v1.0\;C:\WINDOWS\System32\OpenSSH\;C:\Program Files\dotnet\;C:\MinGW\bin;C:\ProgramData\chocolatey\bin;C:\Users\AJI\AppData\Local\Pub\Cache\bin;C:\Program Files\Java\jdk-17\bin;d:\cursor\resources\app\bin;C:\Users\AJI\develop\flutter\bin;C:\Users\AJI\.local\bin;D:\node\node_modules\npm\bin;D:\node\;C:\Program Files\nodejs\;C:\Program Files\nodejs\node_modules\npm\bin;C:\Users\AJI\Documents\MONGO\mongosh-2.9.2-win32-x64\bin;C:\xampp\php;C:\Program Files\Git\cmd;C:\Users\AJI\AppData\Local\Programs\Python\Python312\Scripts\;C:\Users\AJI\AppData\Local\Programs\Python\Python312\;C:\Users\AJI\.local\bin;C:\Users\AJI\AppData\Local\Microsoft\WindowsApps;D:\IntelliJ IDEA Community Edition 2023.1.5\bin;;C:\mingw64\bin;C:\Users\AJI\.dotnet\tools;C:\Users\AJI\Documents\flutter_windows_3.13.4-stable\flutter\bin;C:\Users\AJI\AppData\Local\Pub\Cache\bin;D:\flutter_pub_cache;C:\Users\AJI\AppData\Local\Android\Sdk;C:\Program Files\Java\jdk-17\bin;D:\rider\JetBrains Rider 2024.3.7\bin;;D:\Program Files\Microsoft VS Code\bin;D:\freelanceing\cursor\resources\app\bin;C:\Users\AJI\AppData\Local\Programs\Microsoft VS Code\bin;C:\Users\AJI\AppData\Local\Programs\cursor\resources\app\bin;C:\Users\AJI\AppData\Roaming\npm
USERNAME=AJI
OS=Windows_NT
PROCESSOR_IDENTIFIER=Intel64 Family 6 Model 154 Stepping 3, GenuineIntel
TMP=C:\Users\AJI\AppData\Local\Temp
TEMP=C:\Users\AJI\AppData\Local\Temp




Periodic native trim disabled

---------------  S Y S T E M  ---------------

OS:
 Windows 11 , 64 bit Build 26100 (10.0.26100.9444)
OS uptime: 0 days 4:11 hours
Hyper-V role detected

CPU: total 20 (initial active 20) (10 cores per cpu, 2 threads per core) family 6 model 154 stepping 3 microcode 0x43b, cx8, cmov, fxsr, ht, mmx, 3dnowpref, sse, sse2, sse3, ssse3, sse4.1, sse4.2, popcnt, lzcnt, tsc, tscinvbit, avx, avx2, aes, erms, clmul, bmi1, bmi2, adx, sha, fma, vzeroupper, clflush, clflushopt, clwb, hv, serialize, rdtscp, rdpid, fsrm, f16c, cet_ibt, cet_ss
Processor Information for processor 0
  Max Mhz: 2300, Current Mhz: 2300, Mhz Limit: 2300
Processor Information for processor 1
  Max Mhz: 2300, Current Mhz: 2300, Mhz Limit: 2300
Processor Information for processor 2
  Max Mhz: 2300, Current Mhz: 2300, Mhz Limit: 2300
Processor Information for processor 3
  Max Mhz: 2300, Current Mhz: 2300, Mhz Limit: 2300
Processor Information for processor 4
  Max Mhz: 2300, Current Mhz: 2300, Mhz Limit: 2300
Processor Information for processor 5
  Max Mhz: 2300, Current Mhz: 2300, Mhz Limit: 2300
Processor Information for processor 6
  Max Mhz: 2300, Current Mhz: 2300, Mhz Limit: 2300
Processor Information for processor 7
  Max Mhz: 2300, Current Mhz: 2300, Mhz Limit: 2300
Processor Information for processor 8
  Max Mhz: 2300, Current Mhz: 2300, Mhz Limit: 2300
Processor Information for processor 9
  Max Mhz: 2300, Current Mhz: 2300, Mhz Limit: 2300
Processor Information for processor 10
  Max Mhz: 2300, Current Mhz: 2300, Mhz Limit: 2300
Processor Information for processor 11
  Max Mhz: 2300, Current Mhz: 2300, Mhz Limit: 2300
Processor Information for processor 12
  Max Mhz: 2300, Current Mhz: 2300, Mhz Limit: 2300
Processor Information for processor 13
  Max Mhz: 2300, Current Mhz: 1488, Mhz Limit: 2300
Processor Information for processor 14
  Max Mhz: 2300, Current Mhz: 1488, Mhz Limit: 2300
Processor Information for processor 15
  Max Mhz: 2300, Current Mhz: 2300, Mhz Limit: 2300
Processor Information for processor 16
  Max Mhz: 2300, Current Mhz: 1488, Mhz Limit: 2300
Processor Information for processor 17
  Max Mhz: 2300, Current Mhz: 1488, Mhz Limit: 2300
Processor Information for processor 18
  Max Mhz: 2300, Current Mhz: 1488, Mhz Limit: 2300
Processor Information for processor 19
  Max Mhz: 2300, Current Mhz: 2300, Mhz Limit: 2300

Memory: 4k page, system-wide physical 16068M (370M free)
TotalPageFile size 65220M (AvailPageFile size 30M)
current process WorkingSet (physical memory assigned to process): 24M, peak: 221M
current process commit charge ("private bytes"): 284M, peak: 429M

vm_info: OpenJDK 64-Bit Server VM (21.0.12.1+1-LTS) for windows-amd64 JRE (21.0.12.1+1-LTS), built on 2026-08-18T00:00:00Z by "admin" with MS VC++ 17.12 (VS2022)

END.
