#
# There is insufficient memory for the Java Runtime Environment to continue.
# Native memory allocation (malloc) failed to allocate 1927744 bytes. Error detail: Chunk::new
# Possible reasons:
#   The system is out of physical RAM or swap space
#   This process is running with CompressedOops enabled, and the Java Heap may be blocking the growth of the native heap
# Possible solutions:
#   Reduce memory load on the system
#   Increase physical memory or swap space
#   Check if swap backing store is full
#   Decrease Java heap size (-Xmx/-Xms)
#   Decrease number of Java threads
#   Decrease Java thread stack sizes (-Xss)
#   Set larger code cache with -XX:ReservedCodeCacheSize=
#   JVM is running with Zero Based Compressed Oops mode in which the Java heap is
#     placed in the first 32GB address space. The Java Heap base address is the
#     maximum limit for the native heap growth. Please use -XX:HeapBaseMinAddress
#     to set the Java Heap base and to place the Java Heap above 32GB virtual address.
# This output file may be truncated or incomplete.
#
#  Out of Memory Error (arena.cpp:168), pid=23516, tid=74200
#
# JRE version: OpenJDK Runtime Environment Temurin-21.0.12.1+1 (21.0.12.1+1) (build 21.0.12.1+1-LTS)
# Java VM: OpenJDK 64-Bit Server VM Temurin-21.0.12.1+1 (21.0.12.1+1-LTS, mixed mode, sharing, tiered, compressed oops, compressed class ptrs, g1 gc, windows-amd64)
# No core dump will be written. Minidumps are not enabled by default on client versions of Windows
#

---------------  S U M M A R Y ------------

Command Line: --add-opens=java.base/java.lang=ALL-UNNAMED --add-opens=java.base/java.lang.invoke=ALL-UNNAMED --add-opens=java.base/java.util=ALL-UNNAMED --add-opens=java.prefs/java.util.prefs=ALL-UNNAMED --add-exports=jdk.compiler/com.sun.tools.javac.api=ALL-UNNAMED --add-exports=jdk.compiler/com.sun.tools.javac.util=ALL-UNNAMED --add-opens=java.base/java.util=ALL-UNNAMED --add-opens=java.prefs/java.util.prefs=ALL-UNNAMED --add-opens=java.base/java.nio.charset=ALL-UNNAMED --add-opens=java.base/java.net=ALL-UNNAMED --add-opens=java.base/java.util.concurrent=ALL-UNNAMED --add-opens=java.base/java.util.concurrent.atomic=ALL-UNNAMED --add-opens=java.xml/javax.xml.namespace=ALL-UNNAMED --add-opens=java.base/java.time=ALL-UNNAMED -XX:MaxMetaspaceSize=4G -XX:ReservedCodeCacheSize=512m -XX:+HeapDumpOnOutOfMemoryError -Xmx8G -Dfile.encoding=UTF-8 -Duser.country=IN -Duser.language=en -Duser.variant -javaagent:C:\Users\AJI\.gradle\wrapper\dists\gradle-9.1.0-all\7wzd0jkjit61aq2p43wpjgij9\gradle-9.1.0\lib\agents\gradle-instrumentation-agent-9.1.0.jar org.gradle.launcher.daemon.bootstrap.GradleDaemon 9.1.0

Host: 12th Gen Intel(R) Core(TM) i7-12700H, 20 cores, 15G,  Windows 11 , 64 bit Build 26100 (10.0.26100.9444)
Time: Thu Sep 10 13:13:47 2026 India Standard Time elapsed time: 195.046778 seconds (0d 0h 3m 15s)

---------------  T H R E A D  ---------------

Current thread (0x000002680b030170):  JavaThread "C2 CompilerThread0" daemon [_thread_in_native, id=74200, stack(0x0000006fd0200000,0x0000006fd0300000) (1024K)]


Current CompileTask:
C2:195046 5182       4       java.lang.invoke.InvokerBytecodeGenerator::addMethod (725 bytes)

Stack: [0x0000006fd0200000,0x0000006fd0300000]
Native frames: (J=compiled Java code, j=interpreted, Vv=VM code, C=native code)
V  [jvm.dll+0x6d83e9]
V  [jvm.dll+0x8b5736]
V  [jvm.dll+0x8b7cee]
V  [jvm.dll+0x8b83d3]
V  [jvm.dll+0x284596]
V  [jvm.dll+0xc685d]
V  [jvm.dll+0xc6da1]
V  [jvm.dll+0x3bf18b]
V  [jvm.dll+0x38b6d2]
V  [jvm.dll+0x38ab1a]
V  [jvm.dll+0x24c700]
V  [jvm.dll+0x24bce0]
V  [jvm.dll+0x1cb4ae]
V  [jvm.dll+0x25baad]
V  [jvm.dll+0x25a03a]
V  [jvm.dll+0x3f8aae]
V  [jvm.dll+0x8600cd]
V  [jvm.dll+0x6d6c1d]
C  [ucrtbase.dll+0x2cd30]
C  [KERNEL32.DLL+0x2cd87]
C  [ntdll.dll+0xacaec]


---------------  P R O C E S S  ---------------

Threads class SMR info:
_java_thread_list=0x00000268131220d0, length=35, elements={
0x0000026798cf0990, 0x000002680b026920, 0x000002680b029490, 0x000002680b02b2b0,
0x000002680b02bf10, 0x000002680b02e980, 0x000002680b02f3e0, 0x000002680b030170,
0x000002680b030c10, 0x000002680b254670, 0x000002680b2d8930, 0x000002681001e820,
0x000002681031d440, 0x00000268104b0420, 0x00000268105cf060, 0x00000268101e4770,
0x0000026811023c70, 0x00000268107105a0, 0x0000026810710c30, 0x0000026810711950,
0x0000026810712d00, 0x0000026810711fe0, 0x0000026810712670, 0x0000026810713390,
0x000002681260aa20, 0x000002681260bdd0, 0x000002681260b0b0, 0x000002681260d810,
0x000002681260c460, 0x000002681260a390, 0x000002681260d180, 0x000002681260dea0,
0x000002681260ebc0, 0x0000026811b12780, 0x000002681260f250
}

Java Threads: ( => current thread )
  0x0000026798cf0990 JavaThread "main"                              [_thread_blocked, id=14744, stack(0x0000006fcf400000,0x0000006fcf500000) (1024K)]
  0x000002680b026920 JavaThread "Reference Handler"          daemon [_thread_blocked, id=4516, stack(0x0000006fcfc00000,0x0000006fcfd00000) (1024K)]
  0x000002680b029490 JavaThread "Finalizer"                  daemon [_thread_blocked, id=30036, stack(0x0000006fcfd00000,0x0000006fcfe00000) (1024K)]
  0x000002680b02b2b0 JavaThread "Signal Dispatcher"          daemon [_thread_blocked, id=55460, stack(0x0000006fcfe00000,0x0000006fcff00000) (1024K)]
  0x000002680b02bf10 JavaThread "Attach Listener"            daemon [_thread_blocked, id=25136, stack(0x0000006fcff00000,0x0000006fd0000000) (1024K)]
  0x000002680b02e980 JavaThread "Service Thread"             daemon [_thread_blocked, id=22824, stack(0x0000006fd0000000,0x0000006fd0100000) (1024K)]
  0x000002680b02f3e0 JavaThread "Monitor Deflation Thread"   daemon [_thread_blocked, id=53536, stack(0x0000006fd0100000,0x0000006fd0200000) (1024K)]
=>0x000002680b030170 JavaThread "C2 CompilerThread0"         daemon [_thread_in_native, id=74200, stack(0x0000006fd0200000,0x0000006fd0300000) (1024K)]
  0x000002680b030c10 JavaThread "C1 CompilerThread0"         daemon [_thread_blocked, id=7852, stack(0x0000006fd0300000,0x0000006fd0400000) (1024K)]
  0x000002680b254670 JavaThread "Common-Cleaner"             daemon [_thread_blocked, id=83344, stack(0x0000006fd0400000,0x0000006fd0500000) (1024K)]
  0x000002680b2d8930 JavaThread "Notification Thread"        daemon [_thread_blocked, id=41132, stack(0x0000006fd0500000,0x0000006fd0600000) (1024K)]
  0x000002681001e820 JavaThread "Daemon health stats"               [_thread_blocked, id=43360, stack(0x0000006fd0b00000,0x0000006fd0c00000) (1024K)]
  0x000002681031d440 JavaThread "Incoming local TCP Connector on port 43112"        [_thread_in_native, id=56992, stack(0x0000006fd0c00000,0x0000006fd0d00000) (1024K)]
  0x00000268104b0420 JavaThread "Daemon periodic checks"            [_thread_blocked, id=42560, stack(0x0000006fd0d00000,0x0000006fd0e00000) (1024K)]
  0x00000268105cf060 JavaThread "Daemon"                            [_thread_blocked, id=70860, stack(0x0000006fd0e00000,0x0000006fd0f00000) (1024K)]
  0x00000268101e4770 JavaThread "Handler for socket connection from /127.0.0.1:43112 to /127.0.0.1:43113"        [_thread_in_native, id=36296, stack(0x0000006fd0f00000,0x0000006fd1000000) (1024K)]
  0x0000026811023c70 JavaThread "Cancel handler"                    [_thread_blocked, id=14544, stack(0x0000006fd1800000,0x0000006fd1900000) (1024K)]
  0x00000268107105a0 JavaThread "Daemon worker"                     [_thread_in_Java, id=66264, stack(0x0000006fd1900000,0x0000006fd1a00000) (1024K)]
  0x0000026810710c30 JavaThread "Asynchronous log dispatcher for DefaultDaemonConnection: socket connection from /127.0.0.1:43112 to /127.0.0.1:43113"        [_thread_blocked, id=64600, stack(0x0000006fd1a00000,0x0000006fd1b00000) (1024K)]
  0x0000026810711950 JavaThread "Stdin handler"                     [_thread_blocked, id=39476, stack(0x0000006fd1b00000,0x0000006fd1c00000) (1024K)]
  0x0000026810712d00 JavaThread "Daemon client event forwarder"        [_thread_blocked, id=39216, stack(0x0000006fd1c00000,0x0000006fd1d00000) (1024K)]
  0x0000026810711fe0 JavaThread "Cache worker for journal cache (C:\Users\AJI\.gradle\caches\journal-1)"        [_thread_blocked, id=44756, stack(0x0000006fd1d00000,0x0000006fd1e00000) (1024K)]
  0x0000026810712670 JavaThread "File lock request listener"        [_thread_in_native, id=70176, stack(0x0000006fd1e00000,0x0000006fd1f00000) (1024K)]
  0x0000026810713390 JavaThread "Cache worker for file hash cache (C:\Users\AJI\.gradle\caches\9.1.0\fileHashes)"        [_thread_blocked, id=52460, stack(0x0000006fd2000000,0x0000006fd2100000) (1024K)]
  0x000002681260aa20 JavaThread "Cache worker for file hash cache (C:\Users\AJI\Documents\personal_website\ajilesh_web\aj_profile\android\.gradle\9.1.0\fileHashes)"        [_thread_blocked, id=78412, stack(0x0000006fd2400000,0x0000006fd2500000) (1024K)]
  0x000002681260bdd0 JavaThread "Cache worker for Build Output Cleanup Cache (C:\Users\AJI\Documents\personal_website\ajilesh_web\aj_profile\android\.gradle\buildOutputCleanup)"        [_thread_blocked, id=8008, stack(0x0000006fd2500000,0x0000006fd2600000) (1024K)]
  0x000002681260b0b0 JavaThread "File watcher server"        daemon [_thread_in_native, id=63188, stack(0x0000006fd2600000,0x0000006fd2700000) (1024K)]
  0x000002681260d810 JavaThread "File watcher consumer"      daemon [_thread_blocked, id=25220, stack(0x0000006fd2700000,0x0000006fd2800000) (1024K)]
  0x000002681260c460 JavaThread "Cache worker for checksums cache (C:\Users\AJI\Documents\personal_website\ajilesh_web\aj_profile\android\.gradle\9.1.0\checksums)"        [_thread_blocked, id=34812, stack(0x0000006fd2800000,0x0000006fd2900000) (1024K)]
  0x000002681260a390 JavaThread "Cache worker for file content cache (C:\Users\AJI\.gradle\caches\9.1.0\fileContent)"        [_thread_blocked, id=64348, stack(0x0000006fd2900000,0x0000006fd2a00000) (1024K)]
  0x000002681260d180 JavaThread "Cache worker for cache directory md-supplier (C:\Users\AJI\.gradle\caches\9.1.0\md-supplier)"        [_thread_blocked, id=3036, stack(0x0000006fd2a00000,0x0000006fd2b00000) (1024K)]
  0x000002681260dea0 JavaThread "Cache worker for cache directory md-rule (C:\Users\AJI\.gradle\caches\9.1.0\md-rule)"        [_thread_blocked, id=53180, stack(0x0000006fd2b00000,0x0000006fd2c00000) (1024K)]
  0x000002681260ebc0 JavaThread "File lock release action executor Thread 2"        [_thread_blocked, id=5652, stack(0x0000006fcf200000,0x0000006fcf300000) (1024K)]
  0x0000026811b12780 JavaThread "C1 CompilerThread1"         daemon [_thread_blocked, id=18972, stack(0x0000006fcf300000,0x0000006fcf400000) (1024K)]
  0x000002681260f250 JavaThread "Cache worker for Build Output Cleanup Cache (C:\Users\AJI\develop\flutter\packages\flutter_tools\gradle\.gradle\buildOutputCleanup)"        [_thread_blocked, id=73972, stack(0x0000006fd1f00000,0x0000006fd2000000) (1024K)]
Total: 35

Other Threads:
  0x000002680b00ba70 VMThread "VM Thread"                           [id=62712, stack(0x0000006fcfb00000,0x0000006fcfc00000) (1024K)]
  0x00000267c6ecb870 WatcherThread "VM Periodic Task Thread"        [id=43876, stack(0x0000006fcfa00000,0x0000006fcfb00000) (1024K)]
  0x0000026798d9ca50 WorkerThread "GC Thread#0"                     [id=17788, stack(0x0000006fcf500000,0x0000006fcf600000) (1024K)]
  0x000002680b3eb630 WorkerThread "GC Thread#1"                     [id=33296, stack(0x0000006fd0600000,0x0000006fd0700000) (1024K)]
  0x000002680b3219a0 WorkerThread "GC Thread#2"                     [id=22656, stack(0x0000006fd0700000,0x0000006fd0800000) (1024K)]
  0x000002680b321d50 WorkerThread "GC Thread#3"                     [id=46532, stack(0x0000006fd0800000,0x0000006fd0900000) (1024K)]
  0x000002680b3df1e0 WorkerThread "GC Thread#4"                     [id=54072, stack(0x0000006fd0900000,0x0000006fd0a00000) (1024K)]
  0x000002680b3df590 WorkerThread "GC Thread#5"                     [id=69952, stack(0x0000006fd0a00000,0x0000006fd0b00000) (1024K)]
  0x0000026810fdc920 WorkerThread "GC Thread#6"                     [id=39220, stack(0x0000006fd1000000,0x0000006fd1100000) (1024K)]
  0x0000026810fddce0 WorkerThread "GC Thread#7"                     [id=66376, stack(0x0000006fd1100000,0x0000006fd1200000) (1024K)]
  0x0000026810fde090 WorkerThread "GC Thread#8"                     [id=64352, stack(0x0000006fd1200000,0x0000006fd1300000) (1024K)]
  0x0000026810fde440 WorkerThread "GC Thread#9"                     [id=56328, stack(0x0000006fd1300000,0x0000006fd1400000) (1024K)]
  0x0000026810fde7f0 WorkerThread "GC Thread#10"                    [id=54140, stack(0x0000006fd1400000,0x0000006fd1500000) (1024K)]
  0x00000268101e02d0 WorkerThread "GC Thread#11"                    [id=79492, stack(0x0000006fd1500000,0x0000006fd1600000) (1024K)]
  0x00000268101e1540 WorkerThread "GC Thread#12"                    [id=37700, stack(0x0000006fd1600000,0x0000006fd1700000) (1024K)]
  0x00000268101e0680 WorkerThread "GC Thread#13"                    [id=41488, stack(0x0000006fd1700000,0x0000006fd1800000) (1024K)]
  0x0000026812ca8670 WorkerThread "GC Thread#14"                    [id=26452, stack(0x0000006fcf100000,0x0000006fcf200000) (1024K)]
  0x0000026798dae250 ConcurrentGCThread "G1 Main Marker"            [id=23752, stack(0x0000006fcf600000,0x0000006fcf700000) (1024K)]
  0x00000267c6cd0080 WorkerThread "G1 Conc#0"                       [id=27832, stack(0x0000006fcf700000,0x0000006fcf800000) (1024K)]
  0x0000026812ca7b60 WorkerThread "G1 Conc#1"                       [id=22112, stack(0x0000006fd2100000,0x0000006fd2200000) (1024K)]
  0x0000026812ca9c90 WorkerThread "G1 Conc#2"                       [id=44780, stack(0x0000006fd2200000,0x0000006fd2300000) (1024K)]
  0x0000026812ca7400 WorkerThread "G1 Conc#3"                       [id=38324, stack(0x0000006fd2300000,0x0000006fd2400000) (1024K)]
  0x00000267c6d944b0 ConcurrentGCThread "G1 Refine#0"               [id=47732, stack(0x0000006fcf800000,0x0000006fcf900000) (1024K)]
  0x00000267c6d94ed0 ConcurrentGCThread "G1 Service"                [id=32060, stack(0x0000006fcf900000,0x0000006fcfa00000) (1024K)]
Total: 24

Threads with active compile tasks:
C2 CompilerThread0  195078 5182       4       java.lang.invoke.InvokerBytecodeGenerator::addMethod (725 bytes)
Total: 1

VM state: not at safepoint (normal execution)

VM Mutex/Monitor currently owned by a thread: None

Heap address: 0x0000000600000000, size: 8192 MB, Compressed Oops mode: Zero based, Oop shift amount: 3

CDS archive(s) mapped at: [0x00000267ca000000-0x00000267caba0000-0x00000267caba0000), size 12189696, SharedBaseAddress: 0x00000267ca000000, ArchiveRelocationMode: 1.
Compressed class space mapped at: 0x00000267cb000000-0x000002680b000000, reserved size: 1073741824
Narrow klass base: 0x00000267ca000000, Narrow klass shift: 0, Narrow klass range: 0x100000000

GC Precious Log:
 CardTable entry size: 512
 Card Set container configuration: InlinePtr #cards 4 size 8 Array Of Cards #cards 32 size 80 Howl #buckets 8 coarsen threshold 7372 Howl Bitmap #cards 1024 size 144 coarsen threshold 921 Card regions per heap region 1 cards per card region 8192
 CPUs: 20 total, 20 available
 Memory: 16068M
 Large Page Support: Disabled
 NUMA Support: Disabled
 Compressed Oops: Enabled (Zero based)
 Heap Region Size: 4M
 Heap Min Capacity: 8M
 Heap Initial Capacity: 252M
 Heap Max Capacity: 8G
 Pre-touch: Disabled
 Parallel Workers: 15
 Concurrent Workers: 4
 Concurrent Refinement Workers: 15
 Periodic GC: Disabled

Heap:
 garbage-first heap   total 110592K, used 60701K [0x0000000600000000, 0x0000000800000000)
  region size 4096K, 10 young (40960K), 2 survivors (8192K)
 Metaspace       used 40516K, committed 42112K, reserved 1114112K
  class space    used 5913K, committed 6656K, reserved 1048576K

Heap Regions: E=young(eden), S=young(survivor), O=old, HS=humongous(starts), HC=humongous(continues), CS=collection set, F=free, TAMS=top-at-mark-start, PB=parsable bottom
|   0|0x0000000600000000, 0x0000000600400000, 0x0000000600400000|100%|HS|  |TAMS 0x0000000600000000| PB 0x0000000600000000| Complete 
|   1|0x0000000600400000, 0x0000000600800000, 0x0000000600800000|100%| O|  |TAMS 0x0000000600400000| PB 0x0000000600400000| Untracked 
|   2|0x0000000600800000, 0x0000000600b19d58, 0x0000000600c00000| 77%| O|  |TAMS 0x0000000600800000| PB 0x0000000600800000| Untracked 
|   3|0x0000000600c00000, 0x0000000600ee7438, 0x0000000601000000| 72%| O|Cm|TAMS 0x0000000600c00000| PB 0x0000000600c00000| Complete 
|   4|0x0000000601000000, 0x0000000601000000, 0x0000000601400000|  0%| F|  |TAMS 0x0000000601000000| PB 0x0000000601000000| Untracked 
|   5|0x0000000601400000, 0x0000000601400000, 0x0000000601800000|  0%| F|  |TAMS 0x0000000601400000| PB 0x0000000601400000| Untracked 
|   6|0x0000000601800000, 0x0000000601946380, 0x0000000601c00000| 31%| S|CS|TAMS 0x0000000601800000| PB 0x0000000601800000| Complete 
|   7|0x0000000601c00000, 0x0000000602000000, 0x0000000602000000|100%| S|CS|TAMS 0x0000000601c00000| PB 0x0000000601c00000| Complete 
|   8|0x0000000602000000, 0x0000000602000000, 0x0000000602400000|  0%| F|  |TAMS 0x0000000602000000| PB 0x0000000602000000| Untracked 
|   9|0x0000000602400000, 0x0000000602400000, 0x0000000602800000|  0%| F|  |TAMS 0x0000000602400000| PB 0x0000000602400000| Untracked 
|  10|0x0000000602800000, 0x0000000602800000, 0x0000000602c00000|  0%| F|  |TAMS 0x0000000602800000| PB 0x0000000602800000| Untracked 
|  11|0x0000000602c00000, 0x0000000602c00000, 0x0000000603000000|  0%| F|  |TAMS 0x0000000602c00000| PB 0x0000000602c00000| Untracked 
|  12|0x0000000603000000, 0x0000000603000000, 0x0000000603400000|  0%| F|  |TAMS 0x0000000603000000| PB 0x0000000603000000| Untracked 
|  13|0x0000000603400000, 0x0000000603400000, 0x0000000603800000|  0%| F|  |TAMS 0x0000000603400000| PB 0x0000000603400000| Untracked 
|  14|0x0000000603800000, 0x0000000603800000, 0x0000000603c00000|  0%| F|  |TAMS 0x0000000603800000| PB 0x0000000603800000| Untracked 
|  15|0x0000000603c00000, 0x0000000603c00000, 0x0000000604000000|  0%| F|  |TAMS 0x0000000603c00000| PB 0x0000000603c00000| Untracked 
|  16|0x0000000604000000, 0x00000006042d6d48, 0x0000000604400000| 70%| E|  |TAMS 0x0000000604000000| PB 0x0000000604000000| Complete 
|  17|0x0000000604400000, 0x0000000604800000, 0x0000000604800000|100%| E|CS|TAMS 0x0000000604400000| PB 0x0000000604400000| Complete 
|  18|0x0000000604800000, 0x0000000604c00000, 0x0000000604c00000|100%| E|CS|TAMS 0x0000000604800000| PB 0x0000000604800000| Complete 
|  19|0x0000000604c00000, 0x0000000605000000, 0x0000000605000000|100%| E|CS|TAMS 0x0000000604c00000| PB 0x0000000604c00000| Complete 
|  20|0x0000000605000000, 0x0000000605400000, 0x0000000605400000|100%| E|CS|TAMS 0x0000000605000000| PB 0x0000000605000000| Complete 
|  39|0x0000000609c00000, 0x000000060a000000, 0x000000060a000000|100%| E|CS|TAMS 0x0000000609c00000| PB 0x0000000609c00000| Complete 
|  40|0x000000060a000000, 0x000000060a400000, 0x000000060a400000|100%| E|CS|TAMS 0x000000060a000000| PB 0x000000060a000000| Complete 
|  62|0x000000060f800000, 0x000000060fc00000, 0x000000060fc00000|100%| E|CS|TAMS 0x000000060f800000| PB 0x000000060f800000| Complete 
|2045|0x00000007ff400000, 0x00000007ff800000, 0x00000007ff800000|100%| O|  |TAMS 0x00000007ff400000| PB 0x00000007ff400000| Untracked 
|2046|0x00000007ff800000, 0x00000007ffc00000, 0x00000007ffc00000|100%| O|  |TAMS 0x00000007ff800000| PB 0x00000007ff800000| Untracked 
|2047|0x00000007ffc00000, 0x0000000800000000, 0x0000000800000000|100%| O|  |TAMS 0x00000007ffc00000| PB 0x00000007ffc00000| Untracked 

Card table byte_map: [0x00000267bdbc0000,0x00000267bebc0000] _byte_map_base: 0x00000267babc0000

Marking Bits: (CMBitMap*) 0x0000026798d9d160
 Bits: [0x00000267bebc0000, 0x00000267c6bc0000)

Polling page: 0x0000026796b20000

Metaspace:

Usage:
  Non-class:     33.79 MB used.
      Class:      5.77 MB used.
       Both:     39.57 MB used.

Virtual space:
  Non-class space:       64.00 MB reserved,      34.62 MB ( 54%) committed,  1 nodes.
      Class space:        1.00 GB reserved,       6.50 MB ( <1%) committed,  1 nodes.
             Both:        1.06 GB reserved,      41.12 MB (  4%) committed. 

Chunk freelists:
   Non-Class:  12.84 MB
       Class:  9.39 MB
        Both:  22.23 MB

MaxMetaspaceSize: 4.00 GB
CompressedClassSpaceSize: 1.00 GB
Initial GC threshold: 21.00 MB
Current GC threshold: 59.00 MB
CDS: on
 - commit_granule_bytes: 65536.
 - commit_granule_words: 8192.
 - virtual_space_node_default_size: 8388608.
 - enlarge_chunks_in_place: 1.
 - use_allocation_guard: 0.


Internal statistics:

num_allocs_failed_limit: 6.
num_arena_births: 2872.
num_arena_deaths: 0.
num_vsnodes_births: 2.
num_vsnodes_deaths: 0.
num_space_committed: 658.
num_space_uncommitted: 0.
num_chunks_returned_to_freelist: 6.
num_chunks_taken_from_freelist: 4892.
num_chunk_merges: 6.
num_chunk_splits: 3157.
num_chunks_enlarged: 1896.
num_inconsistent_stats: 0.

CodeHeap 'non-profiled nmethods': size=258432Kb used=2725Kb max_used=2725Kb free=255706Kb
 bounds [0x00000267ac290000, 0x00000267ac540000, 0x00000267bbef0000]
CodeHeap 'profiled nmethods': size=258368Kb used=8938Kb max_used=8938Kb free=249429Kb
 bounds [0x000002679bef0000, 0x000002679c7b0000, 0x00000267abb40000]
CodeHeap 'non-nmethods': size=7488Kb used=2404Kb max_used=2427Kb free=5084Kb
 bounds [0x00000267abb40000, 0x00000267abdb0000, 0x00000267ac290000]
CodeCache: size=524288Kb, used=14067Kb, max_used=14090Kb, free=510219Kb
 total_blobs=5386, nmethods=4675, adapters=614, full_count=0
Compilation: enabled, stopped_count=0, restarted_count=0

Compilation events (20 events):
Event: 194.956 Thread 0x000002680b030c10 5208       3       com.google.common.cache.LocalCache::refreshes (15 bytes)
Event: 194.956 Thread 0x000002680b030c10 nmethod 5208 0x000002679c79fc90 code [0x000002679c79fe20, 0x000002679c79ff88]
Event: 194.957 Thread 0x0000026811b12780 5209       1       org.gradle.cache.internal.filelock.DefaultLockOptions::getMode (5 bytes)
Event: 194.957 Thread 0x0000026811b12780 nmethod 5209 0x00000267ac538910 code [0x00000267ac538aa0, 0x00000267ac538b70]
Event: 195.032 Thread 0x000002680b030c10 5211       3       java.lang.ProcessEnvironment$CheckedEntrySet$1::hasNext (10 bytes)
Event: 195.032 Thread 0x0000026811b12780 5212       3       java.lang.ProcessEnvironment$CheckedEntrySet$1::next (5 bytes)
Event: 195.032 Thread 0x000002680b030c10 nmethod 5211 0x000002679c7a0010 code [0x000002679c7a01c0, 0x000002679c7a03a0]
Event: 195.032 Thread 0x000002680b030c10 5213       3       java.lang.ProcessEnvironment$CheckedEntrySet$1::next (20 bytes)
Event: 195.032 Thread 0x0000026811b12780 nmethod 5212 0x000002679c7a0490 code [0x000002679c7a0660, 0x000002679c7a0b40]
Event: 195.032 Thread 0x0000026811b12780 5214       3       java.lang.ProcessEnvironment$CheckedEntry::<init> (10 bytes)
Event: 195.033 Thread 0x000002680b030c10 nmethod 5213 0x000002679c7a0c90 code [0x000002679c7a0e60, 0x000002679c7a12d0]
Event: 195.033 Thread 0x0000026811b12780 nmethod 5214 0x000002679c7a1410 code [0x000002679c7a15c0, 0x000002679c7a1780]
Event: 195.033 Thread 0x000002680b030c10 5215       3       java.lang.ProcessEnvironment$CheckedEntry::getKey (5 bytes)
Event: 195.033 Thread 0x0000026811b12780 5216       3       java.lang.ProcessEnvironment$CheckedEntry::getKey (13 bytes)
Event: 195.033 Thread 0x000002680b030c10 nmethod 5215 0x000002679c7a1810 code [0x000002679c7a19e0, 0x000002679c7a1d18]
Event: 195.033 Thread 0x0000026811b12780 nmethod 5216 0x000002679c7a1e10 code [0x000002679c7a1fc0, 0x000002679c7a2290]
Event: 195.033 Thread 0x000002680b030c10 5217       3       java.util.Collections$UnmodifiableMap$UnmodifiableEntrySet$1::hasNext (10 bytes)
Event: 195.033 Thread 0x0000026811b12780 5218       3       java.util.Collections$UnmodifiableMap$UnmodifiableEntrySet$1::next (5 bytes)
Event: 195.033 Thread 0x000002680b030c10 nmethod 5217 0x000002679c7a2390 code [0x000002679c7a2540, 0x000002679c7a2720]
Event: 195.033 Thread 0x0000026811b12780 nmethod 5218 0x000002679c7a2810 code [0x000002679c7a2a20, 0x000002679c7a3168]

GC Heap History (16 events):
Event: 0.912 GC heap before
{Heap before GC invocations=0 (full 0):
 garbage-first heap   total 258048K, used 20480K [0x0000000600000000, 0x0000000800000000)
  region size 4096K, 5 young (20480K), 0 survivors (0K)
 Metaspace       used 877K, committed 1024K, reserved 1114112K
  class space    used 71K, committed 128K, reserved 1048576K
}
Event: 0.986 GC heap after
{Heap after GC invocations=1 (full 0):
 garbage-first heap   total 258048K, used 1440K [0x0000000600000000, 0x0000000800000000)
  region size 4096K, 1 young (4096K), 1 survivors (4096K)
 Metaspace       used 877K, committed 1024K, reserved 1114112K
  class space    used 71K, committed 128K, reserved 1048576K
}
Event: 3.714 GC heap before
{Heap before GC invocations=1 (full 0):
 garbage-first heap   total 258048K, used 42400K [0x0000000600000000, 0x0000000800000000)
  region size 4096K, 11 young (45056K), 1 survivors (4096K)
 Metaspace       used 4592K, committed 4800K, reserved 1114112K
  class space    used 583K, committed 704K, reserved 1048576K
}
Event: 3.722 GC heap after
{Heap after GC invocations=2 (full 0):
 garbage-first heap   total 258048K, used 11525K [0x0000000600000000, 0x0000000800000000)
  region size 4096K, 2 young (8192K), 2 survivors (8192K)
 Metaspace       used 4592K, committed 4800K, reserved 1114112K
  class space    used 583K, committed 704K, reserved 1048576K
}
Event: 8.664 GC heap before
{Heap before GC invocations=2 (full 0):
 garbage-first heap   total 258048K, used 77061K [0x0000000600000000, 0x0000000800000000)
  region size 4096K, 19 young (77824K), 2 survivors (8192K)
 Metaspace       used 10370K, committed 10688K, reserved 1114112K
  class space    used 1404K, committed 1536K, reserved 1048576K
}
Event: 8.744 GC heap after
{Heap after GC invocations=3 (full 0):
 garbage-first heap   total 258048K, used 19824K [0x0000000600000000, 0x0000000800000000)
  region size 4096K, 3 young (12288K), 3 survivors (12288K)
 Metaspace       used 10370K, committed 10688K, reserved 1114112K
  class space    used 1404K, committed 1536K, reserved 1048576K
}
Event: 35.537 GC heap before
{Heap before GC invocations=3 (full 0):
 garbage-first heap   total 258048K, used 93552K [0x0000000600000000, 0x0000000800000000)
  region size 4096K, 22 young (90112K), 3 survivors (12288K)
 Metaspace       used 20897K, committed 21504K, reserved 1114112K
  class space    used 2889K, committed 3136K, reserved 1048576K
}
Event: 35.733 GC heap after
{Heap after GC invocations=4 (full 0):
 garbage-first heap   total 258048K, used 23430K [0x0000000600000000, 0x0000000800000000)
  region size 4096K, 3 young (12288K), 3 survivors (12288K)
 Metaspace       used 20897K, committed 21504K, reserved 1114112K
  class space    used 2889K, committed 3136K, reserved 1048576K
}
Event: 38.146 GC heap before
{Heap before GC invocations=5 (full 0):
 garbage-first heap   total 81920K, used 80774K [0x0000000600000000, 0x0000000800000000)
  region size 4096K, 17 young (69632K), 3 survivors (12288K)
 Metaspace       used 28120K, committed 29184K, reserved 1114112K
  class space    used 4038K, committed 4544K, reserved 1048576K
}
Event: 38.213 GC heap after
{Heap after GC invocations=6 (full 0):
 garbage-first heap   total 102400K, used 27269K [0x0000000600000000, 0x0000000800000000)
  region size 4096K, 2 young (8192K), 2 survivors (8192K)
 Metaspace       used 28120K, committed 29184K, reserved 1114112K
  class space    used 4038K, committed 4544K, reserved 1048576K
}
Event: 40.164 GC heap before
{Heap before GC invocations=6 (full 0):
 garbage-first heap   total 102400K, used 76421K [0x0000000600000000, 0x0000000800000000)
  region size 4096K, 14 young (57344K), 2 survivors (8192K)
 Metaspace       used 34578K, committed 35840K, reserved 1114112K
  class space    used 4952K, committed 5568K, reserved 1048576K
}
Event: 40.172 GC heap after
{Heap after GC invocations=7 (full 0):
 garbage-first heap   total 135168K, used 30264K [0x0000000600000000, 0x0000000800000000)
  region size 4096K, 2 young (8192K), 2 survivors (8192K)
 Metaspace       used 34578K, committed 35840K, reserved 1114112K
  class space    used 4952K, committed 5568K, reserved 1048576K
}
Event: 40.270 GC heap before
{Heap before GC invocations=7 (full 0):
 garbage-first heap   total 135168K, used 30264K [0x0000000600000000, 0x0000000800000000)
  region size 4096K, 3 young (12288K), 2 survivors (8192K)
 Metaspace       used 34702K, committed 35968K, reserved 1114112K
  class space    used 4967K, committed 5568K, reserved 1048576K
}
Event: 40.275 GC heap after
{Heap after GC invocations=8 (full 0):
 garbage-first heap   total 135168K, used 30351K [0x0000000600000000, 0x0000000800000000)
  region size 4096K, 2 young (8192K), 2 survivors (8192K)
 Metaspace       used 34702K, committed 35968K, reserved 1114112K
  class space    used 4967K, committed 5568K, reserved 1048576K
}
Event: 190.855 GC heap before
{Heap before GC invocations=9 (full 0):
 garbage-first heap   total 110592K, used 87695K [0x0000000600000000, 0x0000000800000000)
  region size 4096K, 16 young (65536K), 2 survivors (8192K)
 Metaspace       used 36999K, committed 38400K, reserved 1114112K
  class space    used 5320K, committed 6016K, reserved 1048576K
}
Event: 190.998 GC heap after
{Heap after GC invocations=10 (full 0):
 garbage-first heap   total 110592K, used 32029K [0x0000000600000000, 0x0000000800000000)
  region size 4096K, 2 young (8192K), 2 survivors (8192K)
 Metaspace       used 36999K, committed 38400K, reserved 1114112K
  class space    used 5320K, committed 6016K, reserved 1048576K
}

Dll operation events (20 events):
Event: 0.406 Attempting to load shared library C:\Users\AJI\.vscode\extensions\redhat.java-1.56.0-win32-x64\jre\21.0.12.1-win32-x86_64\bin\nio.dll
Event: 0.407 Loaded shared library C:\Users\AJI\.vscode\extensions\redhat.java-1.56.0-win32-x64\jre\21.0.12.1-win32-x86_64\bin\nio.dll
Event: 0.411 Attempting to load shared library C:\Users\AJI\.vscode\extensions\redhat.java-1.56.0-win32-x64\jre\21.0.12.1-win32-x86_64\bin\zip.dll
Event: 0.411 Loaded shared library C:\Users\AJI\.vscode\extensions\redhat.java-1.56.0-win32-x64\jre\21.0.12.1-win32-x86_64\bin\zip.dll
Event: 1.014 Attempting to load shared library C:\Users\AJI\.vscode\extensions\redhat.java-1.56.0-win32-x64\jre\21.0.12.1-win32-x86_64\bin\jimage.dll
Event: 1.014 Loaded shared library C:\Users\AJI\.vscode\extensions\redhat.java-1.56.0-win32-x64\jre\21.0.12.1-win32-x86_64\bin\jimage.dll
Event: 1.859 Attempting to load shared library C:\Users\AJI\.vscode\extensions\redhat.java-1.56.0-win32-x64\jre\21.0.12.1-win32-x86_64\bin\verify.dll
Event: 1.866 Loaded shared library C:\Users\AJI\.vscode\extensions\redhat.java-1.56.0-win32-x64\jre\21.0.12.1-win32-x86_64\bin\verify.dll
Event: 1.910 Attempting to load shared library C:\Users\AJI\.gradle\native\1def1411415f61bf3af743bc5b6707747c0891f09f0c88961ee8f79bc544acac\windows-amd64\native-platform.dll
Event: 1.911 Loaded shared library C:\Users\AJI\.gradle\native\1def1411415f61bf3af743bc5b6707747c0891f09f0c88961ee8f79bc544acac\windows-amd64\native-platform.dll
Event: 1.956 Attempting to load shared library C:\Users\AJI\.gradle\native\0.2.8\x86_64-windows-gnu\gradle-fileevents.dll
Event: 1.957 Loaded shared library C:\Users\AJI\.gradle\native\0.2.8\x86_64-windows-gnu\gradle-fileevents.dll
Event: 6.156 Attempting to load shared library C:\Users\AJI\.vscode\extensions\redhat.java-1.56.0-win32-x64\jre\21.0.12.1-win32-x86_64\bin\management.dll
Event: 6.159 Loaded shared library C:\Users\AJI\.vscode\extensions\redhat.java-1.56.0-win32-x64\jre\21.0.12.1-win32-x86_64\bin\management.dll
Event: 6.161 Attempting to load shared library C:\Users\AJI\.vscode\extensions\redhat.java-1.56.0-win32-x64\jre\21.0.12.1-win32-x86_64\bin\management_ext.dll
Event: 6.166 Loaded shared library C:\Users\AJI\.vscode\extensions\redhat.java-1.56.0-win32-x64\jre\21.0.12.1-win32-x86_64\bin\management_ext.dll
Event: 7.769 Attempting to load shared library C:\Users\AJI\.vscode\extensions\redhat.java-1.56.0-win32-x64\jre\21.0.12.1-win32-x86_64\bin\extnet.dll
Event: 7.772 Loaded shared library C:\Users\AJI\.vscode\extensions\redhat.java-1.56.0-win32-x64\jre\21.0.12.1-win32-x86_64\bin\extnet.dll
Event: 8.427 Attempting to load shared library C:\Users\AJI\.vscode\extensions\redhat.java-1.56.0-win32-x64\jre\21.0.12.1-win32-x86_64\bin\sunmscapi.dll
Event: 8.523 Loaded shared library C:\Users\AJI\.vscode\extensions\redhat.java-1.56.0-win32-x64\jre\21.0.12.1-win32-x86_64\bin\sunmscapi.dll

Deoptimization events (20 events):
Event: 194.768 Thread 0x00000268107105a0 Uncommon trap: trap_request=0xffffff45 fr.pc=0x00000267ac4b2ba4 relative=0x0000000000000324
Event: 194.768 Thread 0x00000268107105a0 Uncommon trap: reason=unstable_if action=reinterpret pc=0x00000267ac4b2ba4 method=org.gradle.internal.reflect.PropertyAccessorType.of(Ljava/lang/reflect/Method;)Lorg/gradle/internal/reflect/PropertyAccessorType; @ 56 c2
Event: 194.768 Thread 0x00000268107105a0 DEOPT PACKING pc=0x00000267ac4b2ba4 sp=0x0000006fd19f8e60
Event: 194.769 Thread 0x00000268107105a0 DEOPT UNPACKING pc=0x00000267abb94422 sp=0x0000006fd19f8e20 mode 2
Event: 194.825 Thread 0x00000268107105a0 Uncommon trap: trap_request=0xffffffc6 fr.pc=0x00000267ac4909ec relative=0x000000000000030c
Event: 194.825 Thread 0x00000268107105a0 Uncommon trap: reason=bimorphic_or_optimized_type_check action=maybe_recompile pc=0x00000267ac4909ec method=com.google.common.base.CharMatcher.indexIn(Ljava/lang/CharSequence;I)I @ 31 c2
Event: 194.825 Thread 0x00000268107105a0 DEOPT PACKING pc=0x00000267ac4909ec sp=0x0000006fd19f9700
Event: 194.825 Thread 0x00000268107105a0 DEOPT UNPACKING pc=0x00000267abb94422 sp=0x0000006fd19f96a8 mode 2
Event: 194.826 Thread 0x00000268107105a0 Uncommon trap: trap_request=0xffffffc6 fr.pc=0x00000267ac4909ec relative=0x000000000000030c
Event: 194.826 Thread 0x00000268107105a0 Uncommon trap: reason=bimorphic_or_optimized_type_check action=maybe_recompile pc=0x00000267ac4909ec method=com.google.common.base.CharMatcher.indexIn(Ljava/lang/CharSequence;I)I @ 31 c2
Event: 194.826 Thread 0x00000268107105a0 DEOPT PACKING pc=0x00000267ac4909ec sp=0x0000006fd19f9700
Event: 194.826 Thread 0x00000268107105a0 DEOPT UNPACKING pc=0x00000267abb94422 sp=0x0000006fd19f96a8 mode 2
Event: 194.826 Thread 0x00000268107105a0 Uncommon trap: trap_request=0xffffffc6 fr.pc=0x00000267ac4909ec relative=0x000000000000030c
Event: 194.826 Thread 0x00000268107105a0 Uncommon trap: reason=bimorphic_or_optimized_type_check action=maybe_recompile pc=0x00000267ac4909ec method=com.google.common.base.CharMatcher.indexIn(Ljava/lang/CharSequence;I)I @ 31 c2
Event: 194.826 Thread 0x00000268107105a0 DEOPT PACKING pc=0x00000267ac4909ec sp=0x0000006fd19f9700
Event: 194.826 Thread 0x00000268107105a0 DEOPT UNPACKING pc=0x00000267abb94422 sp=0x0000006fd19f96a8 mode 2
Event: 194.886 Thread 0x00000268107105a0 Uncommon trap: trap_request=0xffffffc6 fr.pc=0x00000267ac4909ec relative=0x000000000000030c
Event: 194.886 Thread 0x00000268107105a0 Uncommon trap: reason=bimorphic_or_optimized_type_check action=maybe_recompile pc=0x00000267ac4909ec method=com.google.common.base.CharMatcher.indexIn(Ljava/lang/CharSequence;I)I @ 31 c2
Event: 194.886 Thread 0x00000268107105a0 DEOPT PACKING pc=0x00000267ac4909ec sp=0x0000006fd19f8fc0
Event: 194.886 Thread 0x00000268107105a0 DEOPT UNPACKING pc=0x00000267abb94422 sp=0x0000006fd19f8f68 mode 2

Classes loaded (20 events):
Event: 192.872 Loading class jdk/internal/loader/URLClassPath$FileLoader$1
Event: 192.873 Loading class jdk/internal/loader/URLClassPath$FileLoader$1 done
Event: 194.262 Loading class sun/reflect/generics/tree/BooleanSignature
Event: 194.263 Loading class sun/reflect/generics/tree/BooleanSignature done
Event: 194.269 Loading class sun/invoke/util/ValueConversions$1
Event: 194.269 Loading class sun/invoke/util/ValueConversions$1 done
Event: 194.270 Loading class java/lang/invoke/BoundMethodHandle$Species_LI
Event: 194.270 Loading class java/lang/invoke/BoundMethodHandle$Species_LI done
Event: 194.512 Loading class java/util/PrimitiveIterator$OfInt
Event: 194.513 Loading class java/util/PrimitiveIterator
Event: 194.513 Loading class java/util/PrimitiveIterator done
Event: 194.513 Loading class java/util/PrimitiveIterator$OfInt done
Event: 194.524 Loading class java/util/concurrent/RecursiveAction
Event: 194.525 Loading class java/util/concurrent/RecursiveAction done
Event: 194.823 Loading class java/util/DualPivotQuicksort
Event: 194.824 Loading class java/util/DualPivotQuicksort done
Event: 194.906 Loading class java/util/stream/ReduceOps$2
Event: 194.906 Loading class java/util/stream/ReduceOps$2 done
Event: 194.906 Loading class java/util/stream/ReduceOps$2ReducingSink
Event: 194.906 Loading class java/util/stream/ReduceOps$2ReducingSink done

Classes unloaded (0 events):
No events

Classes redefined (0 events):
No events

Internal exceptions (20 events):
Event: 193.871 Thread 0x00000268107105a0 Exception <a 'java/lang/NoSuchMethodError'{0x0000000609c3c220}: 'java.lang.Object java.lang.invoke.DirectMethodHandle$Holder.invokeSpecial(java.lang.Object, java.lang.Object, java.lang.Object, java.lang.Object, java.lang.Object, int)'> (0x0000000609c3c220) 
thrown [s\src\hotspot\share\interpreter\linkResolver.cpp, line 773]
Event: 193.872 Thread 0x00000268107105a0 Exception <a 'java/lang/NoSuchMethodError'{0x0000000609c407a0}: 'java.lang.Object java.lang.invoke.Invokers$Holder.linkToTargetMethod(java.lang.Object, java.lang.Object, java.lang.Object, int, java.lang.Object)'> (0x0000000609c407a0) 
thrown [s\src\hotspot\share\interpreter\linkResolver.cpp, line 773]
Event: 193.997 Thread 0x00000268107105a0 Exception <a 'java/lang/NoSuchMethodError'{0x0000000609ea86f8}: 'int java.lang.invoke.DirectMethodHandle$Holder.invokeInterface(java.lang.Object, java.lang.Object, java.lang.Object, java.lang.Object)'> (0x0000000609ea86f8) 
thrown [s\src\hotspot\share\interpreter\linkResolver.cpp, line 773]
Event: 194.110 Thread 0x00000268107105a0 Exception <a 'java/lang/NoSuchMethodError'{0x00000006050e7780}: 'java.lang.Object java.lang.invoke.DirectMethodHandle$Holder.invokeStatic(java.lang.Object, long, java.lang.Object)'> (0x00000006050e7780) 
thrown [s\src\hotspot\share\interpreter\linkResolver.cpp, line 773]
Event: 194.111 Thread 0x00000268107105a0 Exception <a 'java/lang/NoSuchMethodError'{0x00000006050eec28}: 'java.lang.Object java.lang.invoke.DirectMethodHandle$Holder.newInvokeSpecial(java.lang.Object, long)'> (0x00000006050eec28) 
thrown [s\src\hotspot\share\interpreter\linkResolver.cpp, line 773]
Event: 194.131 Thread 0x00000268107105a0 Exception <a 'java/lang/NoSuchMethodError'{0x00000006051542f8}: 'java.lang.Object java.lang.invoke.DirectMethodHandle$Holder.newInvokeSpecial(java.lang.Object, java.lang.Object, java.lang.Object, java.lang.Object, java.lang.Object, long, java.lang.Object)'> (0x00000006051542f8) 
thrown [s\src\hotspot\share\interpreter\linkResolver.cpp, line 773]
Event: 194.131 Thread 0x00000268107105a0 Exception <a 'java/lang/NoSuchMethodError'{0x000000060515cd40}: 'java.lang.Object java.lang.invoke.Invokers$Holder.linkToTargetMethod(java.lang.Object, java.lang.Object, java.lang.Object, java.lang.Object, long, java.lang.Object, java.lang.Object)'> (0x000000060515cd40) 
thrown [s\src\hotspot\share\interpreter\linkResolver.cpp, line 773]
Event: 194.139 Thread 0x00000268107105a0 Exception <a 'java/lang/NoSuchMethodError'{0x00000006051a1360}: 'java.lang.Object java.lang.invoke.DirectMethodHandle$Holder.newInvokeSpecial(java.lang.Object, java.lang.Object, java.lang.Object, long, java.lang.Object)'> (0x00000006051a1360) 
thrown [s\src\hotspot\share\interpreter\linkResolver.cpp, line 773]
Event: 194.140 Thread 0x00000268107105a0 Exception <a 'java/lang/NoSuchMethodError'{0x00000006051a6210}: 'java.lang.Object java.lang.invoke.DirectMethodHandle$Holder.invokeSpecial(java.lang.Object, java.lang.Object, java.lang.Object, java.lang.Object, long, java.lang.Object)'> (0x00000006051a6210) 
thrown [s\src\hotspot\share\interpreter\linkResolver.cpp, line 773]
Event: 194.140 Thread 0x00000268107105a0 Exception <a 'java/lang/NoSuchMethodError'{0x00000006051aa790}: 'java.lang.Object java.lang.invoke.Invokers$Holder.linkToTargetMethod(java.lang.Object, java.lang.Object, long, java.lang.Object, java.lang.Object)'> (0x00000006051aa790) 
thrown [s\src\hotspot\share\interpreter\linkResolver.cpp, line 773]
Event: 194.269 Thread 0x00000268107105a0 Implicit null exception at 0x00000267ac422172 to 0x00000267ac4223f0
Event: 194.269 Thread 0x00000268107105a0 Exception <a 'java/lang/NoSuchMethodError'{0x0000000604c37590}: 'int java.lang.invoke.DirectMethodHandle$Holder.invokeSpecial(java.lang.Object, java.lang.Object, java.lang.Object, int)'> (0x0000000604c37590) 
thrown [s\src\hotspot\share\interpreter\linkResolver.cpp, line 773]
Event: 194.275 Thread 0x00000268107105a0 Exception <a 'java/lang/NoSuchMethodError'{0x0000000604c483f8}: 'java.lang.Object java.lang.invoke.DirectMethodHandle$Holder.invokeStatic(java.lang.Object, java.lang.Object, java.lang.Object, java.lang.Object, int)'> (0x0000000604c483f8) 
thrown [s\src\hotspot\share\interpreter\linkResolver.cpp, line 773]
Event: 194.278 Thread 0x00000268107105a0 Exception <a 'java/lang/NoSuchMethodError'{0x0000000604c56770}: 'java.lang.Object java.lang.invoke.DelegatingMethodHandle$Holder.reinvoke_L(java.lang.Object, java.lang.Object, java.lang.Object, int, java.lang.Object, java.lang.Object, java.lang.Object, java.lang.Object, java.lang.Object, java.lang.Object, java.lang.Object, java.lang.Object, java.lang.Object, java.lang.Object, java.lang.Object, java.lang.Object, java.lang.Object, java.lang.Object, java.lang.Object, java.lang.Object, java.lang.Object, java.l
Event: 194.496 Thread 0x00000268107105a0 Implicit null exception at 0x00000267ac4d317c to 0x00000267ac4d3234
Event: 194.789 Thread 0x00000268107105a0 Exception <a 'java/lang/NoSuchMethodError'{0x00000006045dc320}: 'java.lang.Object java.lang.invoke.DirectMethodHandle$Holder.newInvokeSpecial(java.lang.Object, java.lang.Object, java.lang.Object, java.lang.Object, java.lang.Object, java.lang.Object, java.lang.Object, java.lang.Object, java.lang.Object, java.lang.Object, java.lang.Object, java.lang.Object, java.lang.Object, java.lang.Object, java.lang.Object, java.lang.Object, java.lang.Object, java.lang.Object, java.lang.Object)'> (0x00000006045dc320) 
thr
Event: 194.790 Thread 0x00000268107105a0 Exception <a 'java/lang/NoSuchMethodError'{0x00000006045e2fa0}: 'java.lang.Object java.lang.invoke.DirectMethodHandle$Holder.invokeSpecial(java.lang.Object, java.lang.Object, java.lang.Object, java.lang.Object, java.lang.Object, java.lang.Object, java.lang.Object, java.lang.Object, java.lang.Object, java.lang.Object, java.lang.Object, java.lang.Object, java.lang.Object, java.lang.Object, java.lang.Object, java.lang.Object, java.lang.Object, java.lang.Object, java.lang.Object, java.lang.Object)'> (0x0000000
Event: 194.791 Thread 0x00000268107105a0 Exception <a 'java/lang/NoSuchMethodError'{0x00000006045e87f0}: 'java.lang.Object java.lang.invoke.DelegatingMethodHandle$Holder.reinvoke_L(java.lang.Object, java.lang.Object, java.lang.Object, java.lang.Object, java.lang.Object, java.lang.Object, java.lang.Object, java.lang.Object, java.lang.Object, java.lang.Object, java.lang.Object, java.lang.Object, java.lang.Object, java.lang.Object, java.lang.Object, java.lang.Object, java.lang.Object, java.lang.Object, java.lang.Object)'> (0x00000006045e87f0) 
throw
Event: 194.833 Thread 0x00000268107105a0 Exception <a 'java/lang/NoSuchMethodError'{0x00000006046d7f40}: 'void java.lang.invoke.DirectMethodHandle$Holder.invokeStatic(java.lang.Object, java.lang.Object, java.lang.Object, java.lang.Object, java.lang.Object, java.lang.Object)'> (0x00000006046d7f40) 
thrown [s\src\hotspot\share\interpreter\linkResolver.cpp, line 773]
Event: 194.839 Thread 0x00000268107105a0 Exception <a 'java/lang/IncompatibleClassChangeError'{0x00000006046ed008}: Found class java.lang.Object, but interface was expected> (0x00000006046ed008) 
thrown [s\src\hotspot\share\interpreter\linkResolver.cpp, line 840]

ZGC Phase Switch (0 events):
No events

VM Operations (20 events):
Event: 180.123 Executing safepoint VM operation: Cleanup
Event: 180.123 Executing safepoint VM operation: Cleanup done
Event: 182.140 Executing safepoint VM operation: Cleanup
Event: 182.140 Executing safepoint VM operation: Cleanup done
Event: 190.854 Executing safepoint VM operation: G1CollectForAllocation (G1 Evacuation Pause)
Event: 190.999 Executing safepoint VM operation: G1CollectForAllocation (G1 Evacuation Pause) done
Event: 191.999 Executing safepoint VM operation: Cleanup
Event: 191.999 Executing safepoint VM operation: Cleanup done
Event: 192.925 Executing non-safepoint VM operation: HandshakeAllThreads (Deoptimize)
Event: 192.925 Executing non-safepoint VM operation: HandshakeAllThreads (Deoptimize) done
Event: 192.926 Executing non-safepoint VM operation: HandshakeAllThreads (Deoptimize)
Event: 192.926 Executing non-safepoint VM operation: HandshakeAllThreads (Deoptimize) done
Event: 193.836 Executing non-safepoint VM operation: HandshakeAllThreads (Deoptimize)
Event: 193.836 Executing non-safepoint VM operation: HandshakeAllThreads (Deoptimize) done
Event: 193.836 Executing safepoint VM operation: Cleanup
Event: 193.836 Executing safepoint VM operation: Cleanup done
Event: 193.994 Executing non-safepoint VM operation: HandshakeAllThreads (Deoptimize)
Event: 193.994 Executing non-safepoint VM operation: HandshakeAllThreads (Deoptimize) done
Event: 194.997 Executing safepoint VM operation: Cleanup
Event: 194.997 Executing safepoint VM operation: Cleanup done

Memory protections (0 events):
No events

Nmethod flushes (20 events):
Event: 40.305 Thread 0x000002680b00ba70 flushing  nmethod 0x000002679c356410
Event: 40.305 Thread 0x000002680b00ba70 flushing  nmethod 0x000002679c356d10
Event: 40.305 Thread 0x000002680b00ba70 flushing  nmethod 0x000002679c35e510
Event: 40.305 Thread 0x000002680b00ba70 flushing  nmethod 0x000002679c35f010
Event: 40.305 Thread 0x000002680b00ba70 flushing  nmethod 0x000002679c35fd10
Event: 40.305 Thread 0x000002680b00ba70 flushing  nmethod 0x000002679c360490
Event: 40.305 Thread 0x000002680b00ba70 flushing  nmethod 0x000002679c4caa10
Event: 40.305 Thread 0x000002680b00ba70 flushing  nmethod 0x000002679c384c10
Event: 40.305 Thread 0x000002680b00ba70 flushing  nmethod 0x000002679c389710
Event: 40.305 Thread 0x000002680b00ba70 flushing  nmethod 0x000002679c38b990
Event: 40.305 Thread 0x000002680b00ba70 flushing  nmethod 0x000002679c38be10
Event: 40.305 Thread 0x000002680b00ba70 flushing  nmethod 0x000002679c3e3910
Event: 40.305 Thread 0x000002680b00ba70 flushing  nmethod 0x000002679c3a1d90
Event: 40.305 Thread 0x000002680b00ba70 flushing  nmethod 0x000002679c3a2610
Event: 40.305 Thread 0x000002680b00ba70 flushing  nmethod 0x000002679c3a2c10
Event: 40.305 Thread 0x000002680b00ba70 flushing  nmethod 0x000002679c3b5210
Event: 40.305 Thread 0x000002680b00ba70 flushing  nmethod 0x000002679c3b6290
Event: 40.305 Thread 0x000002680b00ba70 flushing  nmethod 0x000002679c3b6c90
Event: 40.305 Thread 0x000002680b00ba70 flushing  nmethod 0x000002679c3b9b90
Event: 40.305 Thread 0x000002680b00ba70 flushing  nmethod 0x000002679c3ba210

Events (20 events):
Event: 8.885 Thread 0x00000268105cf060 Thread added: 0x00000268107105a0
Event: 8.941 Thread 0x00000268107105a0 Thread added: 0x0000026810710c30
Event: 8.947 Thread 0x00000268107105a0 Thread added: 0x0000026810711950
Event: 8.964 Thread 0x00000268107105a0 Thread added: 0x0000026810712d00
Event: 10.252 Thread 0x00000268107105a0 Thread added: 0x0000026810711fe0
Event: 10.269 Thread 0x00000268107105a0 Thread added: 0x0000026810712670
Event: 10.767 Thread 0x0000026810712670 Thread added: 0x00000268107112c0
Event: 13.157 Thread 0x00000268107105a0 Thread added: 0x0000026810713390
Event: 36.710 Thread 0x00000268107105a0 Thread added: 0x000002681260aa20
Event: 36.835 Thread 0x00000268107105a0 Thread added: 0x000002681260bdd0
Event: 37.493 Thread 0x00000268107105a0 Thread added: 0x000002681260b0b0
Event: 37.511 Thread 0x00000268107105a0 Thread added: 0x000002681260d810
Event: 38.276 Thread 0x00000268107105a0 Thread added: 0x000002681260c460
Event: 38.412 Thread 0x00000268107105a0 Thread added: 0x000002681260a390
Event: 39.247 Thread 0x00000268107105a0 Thread added: 0x000002681260d180
Event: 39.386 Thread 0x00000268107105a0 Thread added: 0x000002681260dea0
Event: 110.264 Thread 0x00000268107112c0 Thread exited: 0x00000268107112c0
Event: 190.825 Thread 0x0000026810712670 Thread added: 0x000002681260ebc0
Event: 193.846 Thread 0x000002680b030170 Thread added: 0x0000026811b12780
Event: 194.956 Thread 0x00000268107105a0 Thread added: 0x000002681260f250


Dynamic libraries:
0x00007ff735c60000 - 0x00007ff735c6e000 	C:\Users\AJI\.vscode\extensions\redhat.java-1.56.0-win32-x64\jre\21.0.12.1-win32-x86_64\bin\java.exe
0x00007ffaa9a20000 - 0x00007ffaa9c87000 	C:\WINDOWS\SYSTEM32\ntdll.dll
0x00007ffaa7cd0000 - 0x00007ffaa7d9b000 	C:\WINDOWS\System32\KERNEL32.DLL
0x00007ffaa71b0000 - 0x00007ffaa75b2000 	C:\WINDOWS\System32\KERNELBASE.dll
0x00007ffaa7050000 - 0x00007ffaa719c000 	C:\WINDOWS\System32\ucrtbase.dll
0x00007ffa5b940000 - 0x00007ffa5b958000 	C:\Users\AJI\.vscode\extensions\redhat.java-1.56.0-win32-x64\jre\21.0.12.1-win32-x86_64\bin\jli.dll
0x00007ffa76fd0000 - 0x00007ffa76fee000 	C:\Users\AJI\.vscode\extensions\redhat.java-1.56.0-win32-x64\jre\21.0.12.1-win32-x86_64\bin\VCRUNTIME140.dll
0x00007ffaa7da0000 - 0x00007ffaa7f6f000 	C:\WINDOWS\System32\USER32.dll
0x00007ffaa6e90000 - 0x00007ffaa6eb7000 	C:\WINDOWS\System32\win32u.dll
0x00007ffaa7740000 - 0x00007ffaa776b000 	C:\WINDOWS\System32\GDI32.dll
0x00007ffa85610000 - 0x00007ffa858a0000 	C:\WINDOWS\WinSxS\amd64_microsoft.windows.common-controls_6595b64144ccf1df_6.0.26100.9278_none_3e0d1ba8e3303201\COMCTL32.dll
0x00007ffaa6cd0000 - 0x00007ffaa6df9000 	C:\WINDOWS\System32\gdi32full.dll
0x00007ffaa6c20000 - 0x00007ffaa6cc3000 	C:\WINDOWS\System32\msvcp_win.dll
0x00007ffaa8760000 - 0x00007ffaa8809000 	C:\WINDOWS\System32\msvcrt.dll
0x00007ffaa9250000 - 0x00007ffaa9281000 	C:\WINDOWS\System32\IMM32.DLL
0x00007ffa8fa10000 - 0x00007ffa8fa1c000 	C:\Users\AJI\.vscode\extensions\redhat.java-1.56.0-win32-x64\jre\21.0.12.1-win32-x86_64\bin\vcruntime140_1.dll
0x00007ff9ae9a0000 - 0x00007ff9aea2d000 	C:\Users\AJI\.vscode\extensions\redhat.java-1.56.0-win32-x64\jre\21.0.12.1-win32-x86_64\bin\msvcp140.dll
0x00007ff96c320000 - 0x00007ff96d0c2000 	C:\Users\AJI\.vscode\extensions\redhat.java-1.56.0-win32-x64\jre\21.0.12.1-win32-x86_64\bin\server\jvm.dll
0x00007ffaa8fb0000 - 0x00007ffaa906c000 	C:\WINDOWS\System32\ADVAPI32.dll
0x00007ffaa7b90000 - 0x00007ffaa7c39000 	C:\WINDOWS\System32\sechost.dll
0x00007ffaa80d0000 - 0x00007ffaa81e8000 	C:\WINDOWS\System32\RPCRT4.dll
0x00007ffaa7c40000 - 0x00007ffaa7cc0000 	C:\WINDOWS\System32\WS2_32.dll
0x00007ffaa6a80000 - 0x00007ffaa6ade000 	C:\WINDOWS\SYSTEM32\POWRPROF.dll
0x00007ffaa0960000 - 0x00007ffaa0996000 	C:\WINDOWS\SYSTEM32\WINMM.dll
0x00007ffa9deb0000 - 0x00007ffa9debb000 	C:\WINDOWS\SYSTEM32\VERSION.dll
0x00007ffaa6a60000 - 0x00007ffaa6a75000 	C:\WINDOWS\SYSTEM32\UMPDC.dll
0x00007ffaa5400000 - 0x00007ffaa541b000 	C:\WINDOWS\SYSTEM32\kernel.appcore.dll
0x00007ffa8f9e0000 - 0x00007ffa8f9ea000 	C:\Users\AJI\.vscode\extensions\redhat.java-1.56.0-win32-x64\jre\21.0.12.1-win32-x86_64\bin\jimage.dll
0x00007ffaa3d10000 - 0x00007ffaa3f5c000 	C:\WINDOWS\SYSTEM32\DBGHELP.DLL
0x00007ffaa9320000 - 0x00007ffaa96a5000 	C:\WINDOWS\System32\combase.dll
0x00007ffaa81f0000 - 0x00007ffaa82c9000 	C:\WINDOWS\System32\OLEAUT32.dll
0x00007ffa84dc0000 - 0x00007ffa84dfb000 	C:\WINDOWS\SYSTEM32\dbgcore.DLL
0x00007ffaa75c0000 - 0x00007ffaa766c000 	C:\WINDOWS\System32\bcryptPrimitives.dll
0x00007ffa80050000 - 0x00007ffa8005f000 	C:\Users\AJI\.vscode\extensions\redhat.java-1.56.0-win32-x64\jre\21.0.12.1-win32-x86_64\bin\instrument.dll
0x00007ffa56a30000 - 0x00007ffa56a50000 	C:\Users\AJI\.vscode\extensions\redhat.java-1.56.0-win32-x64\jre\21.0.12.1-win32-x86_64\bin\java.dll
0x00007ffaa8810000 - 0x00007ffaa8fa8000 	C:\WINDOWS\System32\SHELL32.dll
0x00007ffaa4150000 - 0x00007ffaa49fe000 	C:\WINDOWS\SYSTEM32\windows.storage.dll
0x00007ffaa96b0000 - 0x00007ffaa97ab000 	C:\WINDOWS\System32\SHCORE.dll
0x00007ffaa7a10000 - 0x00007ffaa7a76000 	C:\WINDOWS\System32\shlwapi.dll
0x00007ffaa6b40000 - 0x00007ffaa6b69000 	C:\WINDOWS\SYSTEM32\profapi.dll
0x00007ffa554d0000 - 0x00007ffa554e8000 	C:\Users\AJI\.vscode\extensions\redhat.java-1.56.0-win32-x64\jre\21.0.12.1-win32-x86_64\bin\zip.dll
0x00007ffa813d0000 - 0x00007ffa813e0000 	C:\Users\AJI\.vscode\extensions\redhat.java-1.56.0-win32-x64\jre\21.0.12.1-win32-x86_64\bin\net.dll
0x00007ffa9f270000 - 0x00007ffa9f39a000 	C:\WINDOWS\SYSTEM32\WINHTTP.dll
0x00007ffaa59c0000 - 0x00007ffaa5a2c000 	C:\WINDOWS\system32\mswsock.dll
0x00007ffa554b0000 - 0x00007ffa554c6000 	C:\Users\AJI\.vscode\extensions\redhat.java-1.56.0-win32-x64\jre\21.0.12.1-win32-x86_64\bin\nio.dll
0x00007ffa7fae0000 - 0x00007ffa7faf0000 	C:\Users\AJI\.vscode\extensions\redhat.java-1.56.0-win32-x64\jre\21.0.12.1-win32-x86_64\bin\verify.dll
0x00007ffa399a0000 - 0x00007ffa399c7000 	C:\Users\AJI\.gradle\native\1def1411415f61bf3af743bc5b6707747c0891f09f0c88961ee8f79bc544acac\windows-amd64\native-platform.dll
0x00007ff9bbe60000 - 0x00007ff9bbed7000 	C:\Users\AJI\.gradle\native\0.2.8\x86_64-windows-gnu\gradle-fileevents.dll
0x00007ffa7eee0000 - 0x00007ffa7eeea000 	C:\Users\AJI\.vscode\extensions\redhat.java-1.56.0-win32-x64\jre\21.0.12.1-win32-x86_64\bin\management.dll
0x00007ffa77400000 - 0x00007ffa7740c000 	C:\Users\AJI\.vscode\extensions\redhat.java-1.56.0-win32-x64\jre\21.0.12.1-win32-x86_64\bin\management_ext.dll
0x00007ffaa7b80000 - 0x00007ffaa7b88000 	C:\WINDOWS\System32\PSAPI.DLL
0x00007ffaa4ee0000 - 0x00007ffaa4f13000 	C:\WINDOWS\SYSTEM32\IPHLPAPI.DLL
0x00007ffaa80c0000 - 0x00007ffaa80ca000 	C:\WINDOWS\System32\NSI.dll
0x00007ffa74220000 - 0x00007ffa74229000 	C:\Users\AJI\.vscode\extensions\redhat.java-1.56.0-win32-x64\jre\21.0.12.1-win32-x86_64\bin\extnet.dll
0x00007ffaa5cb0000 - 0x00007ffaa5ccb000 	C:\WINDOWS\SYSTEM32\CRYPTSP.dll
0x00007ffaa5360000 - 0x00007ffaa5399000 	C:\WINDOWS\system32\rsaenh.dll
0x00007ffaa5a70000 - 0x00007ffaa5aa4000 	C:\WINDOWS\SYSTEM32\USERENV.dll
0x00007ffaa6b10000 - 0x00007ffaa6b3a000 	C:\WINDOWS\SYSTEM32\bcrypt.dll
0x00007ffaa5cd0000 - 0x00007ffaa5cdc000 	C:\WINDOWS\SYSTEM32\CRYPTBASE.dll
0x00007ffa73220000 - 0x00007ffa7322e000 	C:\Users\AJI\.vscode\extensions\redhat.java-1.56.0-win32-x64\jre\21.0.12.1-win32-x86_64\bin\sunmscapi.dll
0x00007ffaa6ec0000 - 0x00007ffaa703e000 	C:\WINDOWS\System32\CRYPT32.dll
0x00007ffaa5ea0000 - 0x00007ffaa5ed0000 	C:\WINDOWS\SYSTEM32\ncrypt.dll
0x00007ffaa5e50000 - 0x00007ffaa5e8f000 	C:\WINDOWS\SYSTEM32\NTASN1.dll
0x00007ffa7c400000 - 0x00007ffa7c408000 	C:\WINDOWS\system32\wshunix.dll

JVMTI agents:
C:\Users\AJI\.gradle\wrapper\dists\gradle-9.1.0-all\7wzd0jkjit61aq2p43wpjgij9\gradle-9.1.0\lib\agents\gradle-instrumentation-agent-9.1.0.jar path:C:\Users\AJI\.vscode\extensions\redhat.java-1.56.0-win32-x64\jre\21.0.12.1-win32-x86_64\bin\instrument.dll, loaded, initialized, instrumentlib options:none

dbghelp: loaded successfully - version: 4.0.5 - missing functions: none
symbol engine: initialized successfully - sym options: 0x614 - pdb path: .;C:\Users\AJI\.vscode\extensions\redhat.java-1.56.0-win32-x64\jre\21.0.12.1-win32-x86_64\bin;C:\WINDOWS\SYSTEM32;C:\WINDOWS\WinSxS\amd64_microsoft.windows.common-controls_6595b64144ccf1df_6.0.26100.9278_none_3e0d1ba8e3303201;C:\Users\AJI\.vscode\extensions\redhat.java-1.56.0-win32-x64\jre\21.0.12.1-win32-x86_64\bin\server;C:\Users\AJI\.gradle\native\1def1411415f61bf3af743bc5b6707747c0891f09f0c88961ee8f79bc544acac\windows-amd64;C:\Users\AJI\.gradle\native\0.2.8\x86_64-windows-gnu

VM Arguments:
jvm_args: --add-opens=java.base/java.lang=ALL-UNNAMED --add-opens=java.base/java.lang.invoke=ALL-UNNAMED --add-opens=java.base/java.util=ALL-UNNAMED --add-opens=java.prefs/java.util.prefs=ALL-UNNAMED --add-exports=jdk.compiler/com.sun.tools.javac.api=ALL-UNNAMED --add-exports=jdk.compiler/com.sun.tools.javac.util=ALL-UNNAMED --add-opens=java.base/java.util=ALL-UNNAMED --add-opens=java.prefs/java.util.prefs=ALL-UNNAMED --add-opens=java.base/java.nio.charset=ALL-UNNAMED --add-opens=java.base/java.net=ALL-UNNAMED --add-opens=java.base/java.util.concurrent=ALL-UNNAMED --add-opens=java.base/java.util.concurrent.atomic=ALL-UNNAMED --add-opens=java.xml/javax.xml.namespace=ALL-UNNAMED --add-opens=java.base/java.time=ALL-UNNAMED -XX:MaxMetaspaceSize=4G -XX:ReservedCodeCacheSize=512m -XX:+HeapDumpOnOutOfMemoryError -Xmx8G -Dfile.encoding=UTF-8 -Duser.country=IN -Duser.language=en -Duser.variant -javaagent:C:\Users\AJI\.gradle\wrapper\dists\gradle-9.1.0-all\7wzd0jkjit61aq2p43wpjgij9\gradle-9.1.0\lib\agents\gradle-instrumentation-agent-9.1.0.jar 
java_command: org.gradle.launcher.daemon.bootstrap.GradleDaemon 9.1.0
java_class_path (initial): C:\Users\AJI\.gradle\wrapper\dists\gradle-9.1.0-all\7wzd0jkjit61aq2p43wpjgij9\gradle-9.1.0\lib\gradle-daemon-main-9.1.0.jar
Launcher Type: SUN_STANDARD

[Global flags]
     intx CICompilerCount                          = 12                                        {product} {ergonomic}
     uint ConcGCThreads                            = 4                                         {product} {ergonomic}
     uint G1ConcRefinementThreads                  = 15                                        {product} {ergonomic}
   size_t G1HeapRegionSize                         = 4194304                                   {product} {ergonomic}
    uintx GCDrainStackTargetSize                   = 64                                        {product} {ergonomic}
     bool HeapDumpOnOutOfMemoryError               = true                                   {manageable} {command line}
   size_t InitialHeapSize                          = 264241152                                 {product} {ergonomic}
   size_t MarkStackSize                            = 4194304                                   {product} {ergonomic}
   size_t MaxHeapSize                              = 8589934592                                {product} {command line}
   size_t MaxMetaspaceSize                         = 4294967296                                {product} {command line}
   size_t MaxNewSize                               = 5150605312                                {product} {ergonomic}
   size_t MinHeapDeltaBytes                        = 4194304                                   {product} {ergonomic}
   size_t MinHeapSize                              = 8388608                                   {product} {ergonomic}
    uintx NonNMethodCodeHeapSize                   = 7602480                                {pd product} {ergonomic}
    uintx NonProfiledCodeHeapSize                  = 264634216                              {pd product} {ergonomic}
    uintx ProfiledCodeHeapSize                     = 264634216                              {pd product} {ergonomic}
    uintx ReservedCodeCacheSize                    = 536870912                              {pd product} {command line}
     bool SegmentedCodeCache                       = true                                      {product} {ergonomic}
   size_t SoftMaxHeapSize                          = 8589934592                             {manageable} {ergonomic}
     bool UseCompressedOops                        = true                           {product lp64_product} {ergonomic}
     bool UseG1GC                                  = true                                      {product} {ergonomic}
     bool UseLargePagesIndividualAllocation        = false                                  {pd product} {ergonomic}

Logging:
Log output configuration:
 #0: stdout all=warning uptime,level,tags foldmultilines=false
 #1: stderr all=off uptime,level,tags foldmultilines=false

Release file:
JAVA_VERSION="21.0.12.1" 
MODULES="java.base java.compiler java.datatransfer java.xml java.prefs java.desktop java.instrument java.logging java.management java.security.sasl java.naming java.rmi java.management.rmi java.net.http java.scripting java.security.jgss java.transaction.xa java.sql java.sql.rowset java.xml.crypto java.se java.smartcardio jdk.accessibility jdk.internal.jvmstat jdk.attach jdk.charsets jdk.internal.opt jdk.zipfs jdk.compiler jdk.crypto.ec jdk.crypto.cryptoki jdk.crypto.mscapi jdk.dynalink jdk.internal.ed jdk.editpad jdk.hotspot.agent jdk.httpserver jdk.internal.le jdk.internal.vm.ci jdk.internal.vm.compiler jdk.internal.vm.compiler.management jdk.jartool jdk.javadoc jdk.jcmd jdk.management jdk.management.agent jdk.jconsole jdk.jdeps jdk.jdwp.agent jdk.jdi jdk.jfr jdk.jshell jdk.jsobject jdk.jstatd jdk.localedata jdk.management.jfr jdk.naming.dns jdk.naming.rmi jdk.net jdk.nio.mapmode jdk.random jdk.sctp jdk.security.auth jdk.security.jgss jdk.unsupported jdk.unsupported.desktop jdk.xml.dom" 

Environment Variables:
JAVA_HOME=C:\Program Files\Java\jdk-17
PATH=C:\Python314\Scripts\;C:\Python314\;C:\Program Files\Eclipse Adoptium\jdk-25.0.3.9-hotspot\bin;C:\Program Files\Microsoft\jdk-11.0.16.101-hotspot\bin;C:\WINDOWS\system32;C:\WINDOWS;C:\WINDOWS\System32\Wbem;C:\WINDOWS\System32\WindowsPowerShell\v1.0\;C:\WINDOWS\System32\OpenSSH\;C:\Program Files\dotnet\;C:\MinGW\bin;C:\ProgramData\chocolatey\bin;C:\Users\AJI\AppData\Local\Pub\Cache\bin;C:\Program Files\Java\jdk-17\bin;d:\cursor\resources\app\bin;C:\Users\AJI\develop\flutter\bin;C:\Users\AJI\.local\bin;D:\node\node_modules\npm\bin;D:\node\;C:\Program Files\nodejs\;C:\Program Files\nodejs\node_modules\npm\bin;C:\Users\AJI\Documents\MONGO\mongosh-2.9.2-win32-x64\bin;C:\xampp\php;C:\Program Files\Git\cmd;C:\Users\AJI\AppData\Local\Programs\Python\Python312\Scripts\;C:\Users\AJI\AppData\Local\Programs\Python\Python312\;C:\Users\AJI\.local\bin;C:\Users\AJI\AppData\Local\Microsoft\WindowsApps;D:\IntelliJ IDEA Community Edition 2023.1.5\bin;;C:\mingw64\bin;C:\Users\AJI\.dotnet\tools;C:\Users\AJI\Documents\flutter_windows_3.13.4-stable\flutter\bin;C:\Users\AJI\AppData\Local\Pub\Cache\bin;D:\flutter_pub_cache;C:\Users\AJI\AppData\Local\Android\Sdk;C:\Program Files\Java\jdk-17\bin;D:\rider\JetBrains Rider 2024.3.7\bin;;D:\Program Files\Microsoft VS Code\bin;D:\freelanceing\cursor\resources\app\bin;C:\Users\AJI\AppData\Local\Programs\Microsoft VS Code\bin;C:\Users\AJI\AppData\Local\Programs\cursor\resources\app\bin;C:\Users\AJI\AppData\Roaming\npm
USERNAME=AJI
OS=Windows_NT
PROCESSOR_IDENTIFIER=Intel64 Family 6 Model 154 Stepping 3, GenuineIntel
TMP=C:\Users\AJI\AppData\Local\Temp
TEMP=C:\Users\AJI\AppData\Local\Temp




Periodic native trim disabled

---------------  S Y S T E M  ---------------

OS:
 Windows 11 , 64 bit Build 26100 (10.0.26100.9444)
OS uptime: 0 days 4:10 hours
Hyper-V role detected

CPU: total 20 (initial active 20) (10 cores per cpu, 2 threads per core) family 6 model 154 stepping 3 microcode 0x43b, cx8, cmov, fxsr, ht, mmx, 3dnowpref, sse, sse2, sse3, ssse3, sse4.1, sse4.2, popcnt, lzcnt, tsc, tscinvbit, avx, avx2, aes, erms, clmul, bmi1, bmi2, adx, sha, fma, vzeroupper, clflush, clflushopt, clwb, hv, serialize, rdtscp, rdpid, fsrm, f16c, cet_ibt, cet_ss
Processor Information for processor 0
  Max Mhz: 2300, Current Mhz: 2300, Mhz Limit: 2300
Processor Information for processor 1
  Max Mhz: 2300, Current Mhz: 2300, Mhz Limit: 2300
Processor Information for processor 2
  Max Mhz: 2300, Current Mhz: 2300, Mhz Limit: 2300
Processor Information for processor 3
  Max Mhz: 2300, Current Mhz: 2300, Mhz Limit: 2300
Processor Information for processor 4
  Max Mhz: 2300, Current Mhz: 2300, Mhz Limit: 2300
Processor Information for processor 5
  Max Mhz: 2300, Current Mhz: 2300, Mhz Limit: 2300
Processor Information for processor 6
  Max Mhz: 2300, Current Mhz: 2300, Mhz Limit: 2300
Processor Information for processor 7
  Max Mhz: 2300, Current Mhz: 2300, Mhz Limit: 2300
Processor Information for processor 8
  Max Mhz: 2300, Current Mhz: 2300, Mhz Limit: 2300
Processor Information for processor 9
  Max Mhz: 2300, Current Mhz: 2300, Mhz Limit: 2300
Processor Information for processor 10
  Max Mhz: 2300, Current Mhz: 2300, Mhz Limit: 2300
Processor Information for processor 11
  Max Mhz: 2300, Current Mhz: 2300, Mhz Limit: 2300
Processor Information for processor 12
  Max Mhz: 2300, Current Mhz: 2300, Mhz Limit: 2300
Processor Information for processor 13
  Max Mhz: 2300, Current Mhz: 1488, Mhz Limit: 2300
Processor Information for processor 14
  Max Mhz: 2300, Current Mhz: 2300, Mhz Limit: 2300
Processor Information for processor 15
  Max Mhz: 2300, Current Mhz: 2300, Mhz Limit: 2300
Processor Information for processor 16
  Max Mhz: 2300, Current Mhz: 2300, Mhz Limit: 2300
Processor Information for processor 17
  Max Mhz: 2300, Current Mhz: 1488, Mhz Limit: 2300
Processor Information for processor 18
  Max Mhz: 2300, Current Mhz: 2300, Mhz Limit: 2300
Processor Information for processor 19
  Max Mhz: 2300, Current Mhz: 2300, Mhz Limit: 2300

Memory: 4k page, system-wide physical 16068M (162M free)
TotalPageFile size 65220M (AvailPageFile size 10M)
current process WorkingSet (physical memory assigned to process): 158M, peak: 194M
current process commit charge ("private bytes"): 317M, peak: 429M

vm_info: OpenJDK 64-Bit Server VM (21.0.12.1+1-LTS) for windows-amd64 JRE (21.0.12.1+1-LTS), built on 2026-08-18T00:00:00Z by "admin" with MS VC++ 17.12 (VS2022)

END.
