#
# There is insufficient memory for the Java Runtime Environment to continue.
# Native memory allocation (malloc) failed to allocate 1926256 bytes. Error detail: Chunk::new
# Possible reasons:
#   The system is out of physical RAM or swap space
#   This process is running with CompressedOops enabled, and the Java Heap may be blocking the growth of the native heap
# Possible solutions:
#   Reduce memory load on the system
#   Increase physical memory or swap space
#   Check if swap backing store is full
#   Decrease Java heap size (-Xmx/-Xms)
#   Decrease number of Java threads
#   Decrease Java thread stack sizes (-Xss)
#   Set larger code cache with -XX:ReservedCodeCacheSize=
#   JVM is running with Zero Based Compressed Oops mode in which the Java heap is
#     placed in the first 32GB address space. The Java Heap base address is the
#     maximum limit for the native heap growth. Please use -XX:HeapBaseMinAddress
#     to set the Java Heap base and to place the Java Heap above 32GB virtual address.
# This output file may be truncated or incomplete.
#
#  Out of Memory Error (arena.cpp:168), pid=43632, tid=74024
#
# JRE version: OpenJDK Runtime Environment Temurin-21.0.12.1+1 (21.0.12.1+1) (build 21.0.12.1+1-LTS)
# Java VM: OpenJDK 64-Bit Server VM Temurin-21.0.12.1+1 (21.0.12.1+1-LTS, mixed mode, sharing, tiered, compressed oops, compressed class ptrs, g1 gc, windows-amd64)
# No core dump will be written. Minidumps are not enabled by default on client versions of Windows
#

---------------  S U M M A R Y ------------

Command Line: --add-opens=java.base/java.lang=ALL-UNNAMED --add-opens=java.base/java.lang.invoke=ALL-UNNAMED --add-opens=java.base/java.util=ALL-UNNAMED --add-opens=java.prefs/java.util.prefs=ALL-UNNAMED --add-exports=jdk.compiler/com.sun.tools.javac.api=ALL-UNNAMED --add-exports=jdk.compiler/com.sun.tools.javac.util=ALL-UNNAMED --add-opens=java.base/java.util=ALL-UNNAMED --add-opens=java.prefs/java.util.prefs=ALL-UNNAMED --add-opens=java.base/java.nio.charset=ALL-UNNAMED --add-opens=java.base/java.net=ALL-UNNAMED --add-opens=java.base/java.util.concurrent=ALL-UNNAMED --add-opens=java.base/java.util.concurrent.atomic=ALL-UNNAMED --add-opens=java.xml/javax.xml.namespace=ALL-UNNAMED --add-opens=java.base/java.time=ALL-UNNAMED -XX:MaxMetaspaceSize=4G -XX:ReservedCodeCacheSize=512m -XX:+HeapDumpOnOutOfMemoryError -Xmx8G -Dfile.encoding=UTF-8 -Duser.country=IN -Duser.language=en -Duser.variant -javaagent:C:\Users\AJI\.gradle\wrapper\dists\gradle-9.1.0-all\7wzd0jkjit61aq2p43wpjgij9\gradle-9.1.0\lib\agents\gradle-instrumentation-agent-9.1.0.jar org.gradle.launcher.daemon.bootstrap.GradleDaemon 9.1.0

Host: 12th Gen Intel(R) Core(TM) i7-12700H, 20 cores, 15G,  Windows 11 , 64 bit Build 26100 (10.0.26100.9444)
Time: Thu Sep 10 13:14:01 2026 India Standard Time elapsed time: 12.982519 seconds (0d 0h 0m 12s)

---------------  T H R E A D  ---------------

Current thread (0x00000166459657e0):  JavaThread "C2 CompilerThread0" daemon [_thread_in_native, id=74024, stack(0x0000001b95700000,0x0000001b95800000) (1024K)]


Current CompileTask:
C2:12982 3284   !   4       java.net.URLClassLoader::findClass (47 bytes)

Stack: [0x0000001b95700000,0x0000001b95800000]
Native frames: (J=compiled Java code, j=interpreted, Vv=VM code, C=native code)
V  [jvm.dll+0x6d83e9]
V  [jvm.dll+0x8b5736]
V  [jvm.dll+0x8b7cee]
V  [jvm.dll+0x8b83d3]
V  [jvm.dll+0x284596]
V  [jvm.dll+0xc685d]
V  [jvm.dll+0xc6da1]
V  [jvm.dll+0x3bf151]
V  [jvm.dll+0x38b6d2]
V  [jvm.dll+0x38ab1a]
V  [jvm.dll+0x24c700]
V  [jvm.dll+0x24bce0]
V  [jvm.dll+0x1cb4ae]
V  [jvm.dll+0x25baad]
V  [jvm.dll+0x25a03a]
V  [jvm.dll+0x3f8aae]
V  [jvm.dll+0x8600cd]
V  [jvm.dll+0x6d6c1d]
C  [ucrtbase.dll+0x2cd30]
C  [KERNEL32.DLL+0x2cd87]
C  [ntdll.dll+0xacaec]


---------------  P R O C E S S  ---------------

Threads class SMR info:
_java_thread_list=0x000001668d0ca740, length=27, elements={
0x000001661473dc10, 0x00000166459549b0, 0x0000016645955510, 0x0000016644a4d6b0,
0x0000016645959f90, 0x000001664595cee0, 0x0000016645962b00, 0x00000166459657e0,
0x00000166459723a0, 0x0000016645b38400, 0x0000016645b376e0, 0x0000016645b38a90,
0x0000016645b39120, 0x0000016645b35ca0, 0x0000016645b369c0, 0x0000016645b37050,
0x000001668c86ebc0, 0x000001668c86caf0, 0x000001668c86d180, 0x000001668c86d810,
0x000001668c86b740, 0x000001668c86dea0, 0x000001668c86e530, 0x000001668c86bdd0,
0x000001668c86f250, 0x000001668dae0080, 0x000001668d0c9ef0
}

Java Threads: ( => current thread )
  0x000001661473dc10 JavaThread "main"                              [_thread_blocked, id=45744, stack(0x0000001b94900000,0x0000001b94a00000) (1024K)]
  0x00000166459549b0 JavaThread "Reference Handler"          daemon [_thread_blocked, id=26404, stack(0x0000001b95100000,0x0000001b95200000) (1024K)]
  0x0000016645955510 JavaThread "Finalizer"                  daemon [_thread_blocked, id=77076, stack(0x0000001b95200000,0x0000001b95300000) (1024K)]
  0x0000016644a4d6b0 JavaThread "Signal Dispatcher"          daemon [_thread_blocked, id=31968, stack(0x0000001b95300000,0x0000001b95400000) (1024K)]
  0x0000016645959f90 JavaThread "Attach Listener"            daemon [_thread_blocked, id=43020, stack(0x0000001b95400000,0x0000001b95500000) (1024K)]
  0x000001664595cee0 JavaThread "Service Thread"             daemon [_thread_blocked, id=25040, stack(0x0000001b95500000,0x0000001b95600000) (1024K)]
  0x0000016645962b00 JavaThread "Monitor Deflation Thread"   daemon [_thread_blocked, id=11172, stack(0x0000001b95600000,0x0000001b95700000) (1024K)]
=>0x00000166459657e0 JavaThread "C2 CompilerThread0"         daemon [_thread_in_native, id=74024, stack(0x0000001b95700000,0x0000001b95800000) (1024K)]
  0x00000166459723a0 JavaThread "C1 CompilerThread0"         daemon [_thread_blocked, id=54284, stack(0x0000001b95800000,0x0000001b95900000) (1024K)]
  0x0000016645b38400 JavaThread "Common-Cleaner"             daemon [_thread_blocked, id=54640, stack(0x0000001b95a00000,0x0000001b95b00000) (1024K)]
  0x0000016645b376e0 JavaThread "Notification Thread"        daemon [_thread_blocked, id=23804, stack(0x0000001b95c00000,0x0000001b95d00000) (1024K)]
  0x0000016645b38a90 JavaThread "Daemon health stats"               [_thread_blocked, id=59780, stack(0x0000001b96500000,0x0000001b96600000) (1024K)]
  0x0000016645b39120 JavaThread "Incoming local TCP Connector on port 28460"        [_thread_in_native, id=71236, stack(0x0000001b96600000,0x0000001b96700000) (1024K)]
  0x0000016645b35ca0 JavaThread "Daemon periodic checks"            [_thread_blocked, id=72748, stack(0x0000001b96700000,0x0000001b96800000) (1024K)]
  0x0000016645b369c0 JavaThread "Daemon"                            [_thread_blocked, id=19408, stack(0x0000001b96800000,0x0000001b96900000) (1024K)]
  0x0000016645b37050 JavaThread "Handler for socket connection from /127.0.0.1:28460 to /127.0.0.1:28461"        [_thread_in_native, id=49556, stack(0x0000001b96900000,0x0000001b96a00000) (1024K)]
  0x000001668c86ebc0 JavaThread "Cancel handler"                    [_thread_blocked, id=38760, stack(0x0000001b96a00000,0x0000001b96b00000) (1024K)]
  0x000001668c86caf0 JavaThread "Daemon worker"                     [_thread_in_vm, id=59964, stack(0x0000001b96b00000,0x0000001b96c00000) (1024K)]
  0x000001668c86d180 JavaThread "Asynchronous log dispatcher for DefaultDaemonConnection: socket connection from /127.0.0.1:28460 to /127.0.0.1:28461"        [_thread_blocked, id=17304, stack(0x0000001b96c00000,0x0000001b96d00000) (1024K)]
  0x000001668c86d810 JavaThread "Stdin handler"                     [_thread_blocked, id=42464, stack(0x0000001b96d00000,0x0000001b96e00000) (1024K)]
  0x000001668c86b740 JavaThread "Daemon client event forwarder"        [_thread_blocked, id=51104, stack(0x0000001b96e00000,0x0000001b96f00000) (1024K)]
  0x000001668c86dea0 JavaThread "Cache worker for journal cache (C:\Users\AJI\.gradle\caches\journal-1)"        [_thread_blocked, id=11952, stack(0x0000001b95d00000,0x0000001b95e00000) (1024K)]
  0x000001668c86e530 JavaThread "File lock request listener"        [_thread_in_native, id=22368, stack(0x0000001b96f00000,0x0000001b97000000) (1024K)]
  0x000001668c86bdd0 JavaThread "Cache worker for file hash cache (C:\Users\AJI\.gradle\caches\9.1.0\fileHashes)"        [_thread_blocked, id=32112, stack(0x0000001b97000000,0x0000001b97100000) (1024K)]
  0x000001668c86f250 JavaThread "File lock release action executor"        [_thread_blocked, id=77240, stack(0x0000001b97100000,0x0000001b97200000) (1024K)]
  0x000001668dae0080 JavaThread "C1 CompilerThread1"         daemon [_thread_blocked, id=83412, stack(0x0000001b95900000,0x0000001b95a00000) (1024K)]
  0x000001668d0c9ef0 JavaThread "C2 CompilerThread1"         daemon [_thread_in_native, id=41132, stack(0x0000001b97900000,0x0000001b97a00000) (1024K)]
Total: 27

Other Threads:
  0x0000016644a37160 VMThread "VM Thread"                           [id=59080, stack(0x0000001b95000000,0x0000001b95100000) (1024K)]
  0x0000016644a28300 WatcherThread "VM Periodic Task Thread"        [id=25044, stack(0x0000001b94f00000,0x0000001b95000000) (1024K)]
  0x00000166147eab50 WorkerThread "GC Thread#0"                     [id=49428, stack(0x0000001b94a00000,0x0000001b94b00000) (1024K)]
  0x0000016645c96010 WorkerThread "GC Thread#1"                     [id=58804, stack(0x0000001b95e00000,0x0000001b95f00000) (1024K)]
  0x000001668b057530 WorkerThread "GC Thread#2"                     [id=25084, stack(0x0000001b95f00000,0x0000001b96000000) (1024K)]
  0x000001668b0578e0 WorkerThread "GC Thread#3"                     [id=31728, stack(0x0000001b96000000,0x0000001b96100000) (1024K)]
  0x000001668b0fb6a0 WorkerThread "GC Thread#4"                     [id=40568, stack(0x0000001b96100000,0x0000001b96200000) (1024K)]
  0x000001668b0fba50 WorkerThread "GC Thread#5"                     [id=53728, stack(0x0000001b96200000,0x0000001b96300000) (1024K)]
  0x000001668cb190c0 WorkerThread "GC Thread#6"                     [id=74336, stack(0x0000001b96300000,0x0000001b96400000) (1024K)]
  0x000001668cb2fae0 WorkerThread "GC Thread#7"                     [id=48956, stack(0x0000001b96400000,0x0000001b96500000) (1024K)]
  0x00000166459f1720 WorkerThread "GC Thread#8"                     [id=34048, stack(0x0000001b97200000,0x0000001b97300000) (1024K)]
  0x000001668d149d20 WorkerThread "GC Thread#9"                     [id=55696, stack(0x0000001b97300000,0x0000001b97400000) (1024K)]
  0x000001668d14a0d0 WorkerThread "GC Thread#10"                    [id=35720, stack(0x0000001b97400000,0x0000001b97500000) (1024K)]
  0x000001668d14abe0 WorkerThread "GC Thread#11"                    [id=33504, stack(0x0000001b97500000,0x0000001b97600000) (1024K)]
  0x000001668d149970 WorkerThread "GC Thread#12"                    [id=76392, stack(0x0000001b97600000,0x0000001b97700000) (1024K)]
  0x000001668d14af90 WorkerThread "GC Thread#13"                    [id=32712, stack(0x0000001b97700000,0x0000001b97800000) (1024K)]
  0x000001668d14b340 WorkerThread "GC Thread#14"                    [id=52608, stack(0x0000001b97800000,0x0000001b97900000) (1024K)]
  0x00000166147fbb40 ConcurrentGCThread "G1 Main Marker"            [id=13812, stack(0x0000001b94b00000,0x0000001b94c00000) (1024K)]
  0x00000166147fc650 WorkerThread "G1 Conc#0"                       [id=33140, stack(0x0000001b94c00000,0x0000001b94d00000) (1024K)]
  0x00000166448e3a90 ConcurrentGCThread "G1 Refine#0"               [id=82804, stack(0x0000001b94d00000,0x0000001b94e00000) (1024K)]
  0x00000166448e54c0 ConcurrentGCThread "G1 Service"                [id=76676, stack(0x0000001b94e00000,0x0000001b94f00000) (1024K)]
Total: 21

Threads with active compile tasks:
C2 CompilerThread0  13007 3284   !   4       java.net.URLClassLoader::findClass (47 bytes)
C2 CompilerThread1  13013 3285       4       jdk.internal.perf.PerfCounter::addElapsedTimeFrom (10 bytes)
Total: 2

VM state: not at safepoint (normal execution)

VM Mutex/Monitor currently owned by a thread: None

Heap address: 0x0000000600000000, size: 8192 MB, Compressed Oops mode: Zero based, Oop shift amount: 3

CDS archive(s) mapped at: [0x0000016646000000-0x0000016646ba0000-0x0000016646ba0000), size 12189696, SharedBaseAddress: 0x0000016646000000, ArchiveRelocationMode: 1.
Compressed class space mapped at: 0x0000016647000000-0x0000016687000000, reserved size: 1073741824
Narrow klass base: 0x0000016646000000, Narrow klass shift: 0, Narrow klass range: 0x100000000

GC Precious Log:
 CardTable entry size: 512
 Card Set container configuration: InlinePtr #cards 4 size 8 Array Of Cards #cards 32 size 80 Howl #buckets 8 coarsen threshold 7372 Howl Bitmap #cards 1024 size 144 coarsen threshold 921 Card regions per heap region 1 cards per card region 8192
 CPUs: 20 total, 20 available
 Memory: 16068M
 Large Page Support: Disabled
 NUMA Support: Disabled
 Compressed Oops: Enabled (Zero based)
 Heap Region Size: 4M
 Heap Min Capacity: 8M
 Heap Initial Capacity: 252M
 Heap Max Capacity: 8G
 Pre-touch: Disabled
 Parallel Workers: 15
 Concurrent Workers: 4
 Concurrent Refinement Workers: 15
 Periodic GC: Disabled

Heap:
 garbage-first heap   total 258048K, used 37755K [0x0000000600000000, 0x0000000800000000)
  region size 4096K, 10 young (40960K), 4 survivors (16384K)
 Metaspace       used 19580K, committed 20160K, reserved 1114112K
  class space    used 2669K, committed 2944K, reserved 1048576K

Heap Regions: E=young(eden), S=young(survivor), O=old, HS=humongous(starts), HC=humongous(continues), CS=collection set, F=free, TAMS=top-at-mark-start, PB=parsable bottom
|   0|0x0000000600000000, 0x0000000600400000, 0x0000000600400000|100%|HS|  |TAMS 0x0000000600000000| PB 0x0000000600000000| Complete 
|   1|0x0000000600400000, 0x00000006004dee68, 0x0000000600800000| 21%| O|  |TAMS 0x0000000600400000| PB 0x0000000600400000| Untracked 
|   2|0x0000000600800000, 0x0000000600800000, 0x0000000600c00000|  0%| F|  |TAMS 0x0000000600800000| PB 0x0000000600800000| Untracked 
|   3|0x0000000600c00000, 0x0000000600c00000, 0x0000000601000000|  0%| F|  |TAMS 0x0000000600c00000| PB 0x0000000600c00000| Untracked 
|   4|0x0000000601000000, 0x0000000601000000, 0x0000000601400000|  0%| F|  |TAMS 0x0000000601000000| PB 0x0000000601000000| Untracked 
|   5|0x0000000601400000, 0x0000000601400000, 0x0000000601800000|  0%| F|  |TAMS 0x0000000601400000| PB 0x0000000601400000| Untracked 
|   6|0x0000000601800000, 0x0000000601800000, 0x0000000601c00000|  0%| F|  |TAMS 0x0000000601800000| PB 0x0000000601800000| Untracked 
|   7|0x0000000601c00000, 0x0000000601c00000, 0x0000000602000000|  0%| F|  |TAMS 0x0000000601c00000| PB 0x0000000601c00000| Untracked 
|   8|0x0000000602000000, 0x0000000602000000, 0x0000000602400000|  0%| F|  |TAMS 0x0000000602000000| PB 0x0000000602000000| Untracked 
|   9|0x0000000602400000, 0x0000000602400000, 0x0000000602800000|  0%| F|  |TAMS 0x0000000602400000| PB 0x0000000602400000| Untracked 
|  10|0x0000000602800000, 0x0000000602800000, 0x0000000602c00000|  0%| F|  |TAMS 0x0000000602800000| PB 0x0000000602800000| Untracked 
|  11|0x0000000602c00000, 0x0000000602c00000, 0x0000000603000000|  0%| F|  |TAMS 0x0000000602c00000| PB 0x0000000602c00000| Untracked 
|  12|0x0000000603000000, 0x0000000603000000, 0x0000000603400000|  0%| F|  |TAMS 0x0000000603000000| PB 0x0000000603000000| Untracked 
|  13|0x0000000603400000, 0x0000000603400000, 0x0000000603800000|  0%| F|  |TAMS 0x0000000603400000| PB 0x0000000603400000| Untracked 
|  14|0x0000000603800000, 0x0000000603800000, 0x0000000603c00000|  0%| F|  |TAMS 0x0000000603800000| PB 0x0000000603800000| Untracked 
|  15|0x0000000603c00000, 0x0000000603c00000, 0x0000000604000000|  0%| F|  |TAMS 0x0000000603c00000| PB 0x0000000603c00000| Untracked 
|  16|0x0000000604000000, 0x0000000604000000, 0x0000000604400000|  0%| F|  |TAMS 0x0000000604000000| PB 0x0000000604000000| Untracked 
|  17|0x0000000604400000, 0x0000000604400000, 0x0000000604800000|  0%| F|  |TAMS 0x0000000604400000| PB 0x0000000604400000| Untracked 
|  18|0x0000000604800000, 0x0000000604800000, 0x0000000604c00000|  0%| F|  |TAMS 0x0000000604800000| PB 0x0000000604800000| Untracked 
|  19|0x0000000604c00000, 0x0000000604c00000, 0x0000000605000000|  0%| F|  |TAMS 0x0000000604c00000| PB 0x0000000604c00000| Untracked 
|  20|0x0000000605000000, 0x0000000605000000, 0x0000000605400000|  0%| F|  |TAMS 0x0000000605000000| PB 0x0000000605000000| Untracked 
|  21|0x0000000605400000, 0x0000000605400000, 0x0000000605800000|  0%| F|  |TAMS 0x0000000605400000| PB 0x0000000605400000| Untracked 
|  22|0x0000000605800000, 0x0000000605800000, 0x0000000605c00000|  0%| F|  |TAMS 0x0000000605800000| PB 0x0000000605800000| Untracked 
|  23|0x0000000605c00000, 0x0000000605c00000, 0x0000000606000000|  0%| F|  |TAMS 0x0000000605c00000| PB 0x0000000605c00000| Untracked 
|  24|0x0000000606000000, 0x0000000606000000, 0x0000000606400000|  0%| F|  |TAMS 0x0000000606000000| PB 0x0000000606000000| Untracked 
|  25|0x0000000606400000, 0x0000000606400000, 0x0000000606800000|  0%| F|  |TAMS 0x0000000606400000| PB 0x0000000606400000| Untracked 
|  26|0x0000000606800000, 0x0000000606800000, 0x0000000606c00000|  0%| F|  |TAMS 0x0000000606800000| PB 0x0000000606800000| Untracked 
|  27|0x0000000606c00000, 0x0000000606c00000, 0x0000000607000000|  0%| F|  |TAMS 0x0000000606c00000| PB 0x0000000606c00000| Untracked 
|  28|0x0000000607000000, 0x0000000607000000, 0x0000000607400000|  0%| F|  |TAMS 0x0000000607000000| PB 0x0000000607000000| Untracked 
|  29|0x0000000607400000, 0x0000000607400000, 0x0000000607800000|  0%| F|  |TAMS 0x0000000607400000| PB 0x0000000607400000| Untracked 
|  30|0x0000000607800000, 0x0000000607c00000, 0x0000000607c00000|100%| S|CS|TAMS 0x0000000607800000| PB 0x0000000607800000| Complete 
|  31|0x0000000607c00000, 0x0000000608000000, 0x0000000608000000|100%| S|CS|TAMS 0x0000000607c00000| PB 0x0000000607c00000| Complete 
|  32|0x0000000608000000, 0x0000000608400000, 0x0000000608400000|100%| S|CS|TAMS 0x0000000608000000| PB 0x0000000608000000| Complete 
|  33|0x0000000608400000, 0x0000000608800000, 0x0000000608800000|100%| S|CS|TAMS 0x0000000608400000| PB 0x0000000608400000| Complete 
|  34|0x0000000608800000, 0x0000000608800000, 0x0000000608c00000|  0%| F|  |TAMS 0x0000000608800000| PB 0x0000000608800000| Untracked 
|  35|0x0000000608c00000, 0x0000000608c00000, 0x0000000609000000|  0%| F|  |TAMS 0x0000000608c00000| PB 0x0000000608c00000| Untracked 
|  36|0x0000000609000000, 0x0000000609000000, 0x0000000609400000|  0%| F|  |TAMS 0x0000000609000000| PB 0x0000000609000000| Untracked 
|  37|0x0000000609400000, 0x0000000609400000, 0x0000000609800000|  0%| F|  |TAMS 0x0000000609400000| PB 0x0000000609400000| Untracked 
|  38|0x0000000609800000, 0x0000000609800000, 0x0000000609c00000|  0%| F|  |TAMS 0x0000000609800000| PB 0x0000000609800000| Untracked 
|  39|0x0000000609c00000, 0x0000000609c00000, 0x000000060a000000|  0%| F|  |TAMS 0x0000000609c00000| PB 0x0000000609c00000| Untracked 
|  40|0x000000060a000000, 0x000000060a000000, 0x000000060a400000|  0%| F|  |TAMS 0x000000060a000000| PB 0x000000060a000000| Untracked 
|  41|0x000000060a400000, 0x000000060a400000, 0x000000060a800000|  0%| F|  |TAMS 0x000000060a400000| PB 0x000000060a400000| Untracked 
|  42|0x000000060a800000, 0x000000060a800000, 0x000000060ac00000|  0%| F|  |TAMS 0x000000060a800000| PB 0x000000060a800000| Untracked 
|  43|0x000000060ac00000, 0x000000060ac00000, 0x000000060b000000|  0%| F|  |TAMS 0x000000060ac00000| PB 0x000000060ac00000| Untracked 
|  44|0x000000060b000000, 0x000000060b000000, 0x000000060b400000|  0%| F|  |TAMS 0x000000060b000000| PB 0x000000060b000000| Untracked 
|  45|0x000000060b400000, 0x000000060b400000, 0x000000060b800000|  0%| F|  |TAMS 0x000000060b400000| PB 0x000000060b400000| Untracked 
|  46|0x000000060b800000, 0x000000060b800000, 0x000000060bc00000|  0%| F|  |TAMS 0x000000060b800000| PB 0x000000060b800000| Untracked 
|  47|0x000000060bc00000, 0x000000060bc00000, 0x000000060c000000|  0%| F|  |TAMS 0x000000060bc00000| PB 0x000000060bc00000| Untracked 
|  48|0x000000060c000000, 0x000000060c000000, 0x000000060c400000|  0%| F|  |TAMS 0x000000060c000000| PB 0x000000060c000000| Untracked 
|  49|0x000000060c400000, 0x000000060c400000, 0x000000060c800000|  0%| F|  |TAMS 0x000000060c400000| PB 0x000000060c400000| Untracked 
|  50|0x000000060c800000, 0x000000060c800000, 0x000000060cc00000|  0%| F|  |TAMS 0x000000060c800000| PB 0x000000060c800000| Untracked 
|  51|0x000000060cc00000, 0x000000060cc00000, 0x000000060d000000|  0%| F|  |TAMS 0x000000060cc00000| PB 0x000000060cc00000| Untracked 
|  52|0x000000060d000000, 0x000000060d000000, 0x000000060d400000|  0%| F|  |TAMS 0x000000060d000000| PB 0x000000060d000000| Untracked 
|  53|0x000000060d400000, 0x000000060d400000, 0x000000060d800000|  0%| F|  |TAMS 0x000000060d400000| PB 0x000000060d400000| Untracked 
|  54|0x000000060d800000, 0x000000060d800000, 0x000000060dc00000|  0%| F|  |TAMS 0x000000060d800000| PB 0x000000060d800000| Untracked 
|  55|0x000000060dc00000, 0x000000060dc00000, 0x000000060e000000|  0%| F|  |TAMS 0x000000060dc00000| PB 0x000000060dc00000| Untracked 
|  56|0x000000060e000000, 0x000000060e000000, 0x000000060e400000|  0%| F|  |TAMS 0x000000060e000000| PB 0x000000060e000000| Untracked 
|  57|0x000000060e400000, 0x000000060e688fe8, 0x000000060e800000| 63%| E|  |TAMS 0x000000060e400000| PB 0x000000060e400000| Complete 
|  58|0x000000060e800000, 0x000000060ec00000, 0x000000060ec00000|100%| E|  |TAMS 0x000000060e800000| PB 0x000000060e800000| Complete 
|  59|0x000000060ec00000, 0x000000060f000000, 0x000000060f000000|100%| E|CS|TAMS 0x000000060ec00000| PB 0x000000060ec00000| Complete 
|  60|0x000000060f000000, 0x000000060f400000, 0x000000060f400000|100%| E|CS|TAMS 0x000000060f000000| PB 0x000000060f000000| Complete 
|  61|0x000000060f400000, 0x000000060f800000, 0x000000060f800000|100%| E|CS|TAMS 0x000000060f400000| PB 0x000000060f400000| Complete 
|  62|0x000000060f800000, 0x000000060fc00000, 0x000000060fc00000|100%| E|CS|TAMS 0x000000060f800000| PB 0x000000060f800000| Complete 

Card table byte_map: [0x0000016639630000,0x000001663a630000] _byte_map_base: 0x0000016636630000

Marking Bits: (CMBitMap*) 0x00000166147eb260
 Bits: [0x000001663a630000, 0x0000016642630000)

Polling page: 0x0000016612500000

Metaspace:

Usage:
  Non-class:     16.52 MB used.
      Class:      2.61 MB used.
       Both:     19.12 MB used.

Virtual space:
  Non-class space:       64.00 MB reserved,      16.81 MB ( 26%) committed,  1 nodes.
      Class space:        1.00 GB reserved,       2.88 MB ( <1%) committed,  1 nodes.
             Both:        1.06 GB reserved,      19.69 MB (  2%) committed. 

Chunk freelists:
   Non-Class:  14.91 MB
       Class:  13.18 MB
        Both:  28.09 MB

MaxMetaspaceSize: 4.00 GB
CompressedClassSpaceSize: 1.00 GB
Initial GC threshold: 21.00 MB
Current GC threshold: 21.00 MB
CDS: on
 - commit_granule_bytes: 65536.
 - commit_granule_words: 8192.
 - virtual_space_node_default_size: 8388608.
 - enlarge_chunks_in_place: 1.
 - use_allocation_guard: 0.


Internal statistics:

num_allocs_failed_limit: 0.
num_arena_births: 704.
num_arena_deaths: 0.
num_vsnodes_births: 2.
num_vsnodes_deaths: 0.
num_space_committed: 315.
num_space_uncommitted: 0.
num_chunks_returned_to_freelist: 0.
num_chunks_taken_from_freelist: 1426.
num_chunk_merges: 0.
num_chunk_splits: 932.
num_chunks_enlarged: 640.
num_inconsistent_stats: 0.

CodeHeap 'non-profiled nmethods': size=258432Kb used=1663Kb max_used=1663Kb free=256768Kb
 bounds [0x0000016627ce0000, 0x0000016627f50000, 0x0000016637940000]
CodeHeap 'profiled nmethods': size=258368Kb used=6553Kb max_used=6553Kb free=251814Kb
 bounds [0x0000016617940000, 0x0000016617fb0000, 0x0000016627590000]
CodeHeap 'non-nmethods': size=7488Kb used=1988Kb max_used=3138Kb free=5499Kb
 bounds [0x0000016627590000, 0x00000166278b0000, 0x0000016627ce0000]
CodeCache: size=524288Kb, used=10204Kb, max_used=11354Kb, free=514081Kb
 total_blobs=3888, nmethods=3308, adapters=483, full_count=0
Compilation: enabled, stopped_count=0, restarted_count=0

Compilation events (20 events):
Event: 12.843 Thread 0x00000166459723a0 3291       3       org.gradle.internal.service.DefaultServiceRegistry::access$2300 (7 bytes)
Event: 12.844 Thread 0x00000166459723a0 nmethod 3291 0x0000016617f9bf90 code [0x0000016617f9c140, 0x0000016617f9c258]
Event: 12.851 Thread 0x00000166459723a0 3294       3       java.lang.invoke.LambdaFormBuffer::setNames (22 bytes)
Event: 12.851 Thread 0x000001668dae0080 3295       3       java.lang.invoke.LambdaFormBuffer::nameArray (15 bytes)
Event: 12.852 Thread 0x00000166459723a0 nmethod 3294 0x0000016617f9c310 code [0x0000016617f9c4c0, 0x0000016617f9c6a8]
Event: 12.852 Thread 0x00000166459723a0 3296       3       java.lang.invoke.LambdaFormBuffer::resultIndex (41 bytes)
Event: 12.852 Thread 0x000001668dae0080 nmethod 3295 0x0000016617f9c790 code [0x0000016617f9c960, 0x0000016617f9cc30]
Event: 12.852 Thread 0x000001668dae0080 3297       3       java.lang.invoke.LambdaForm::create (14 bytes)
Event: 12.853 Thread 0x000001668dae0080 nmethod 3297 0x0000016617f9cd10 code [0x0000016617f9cec0, 0x0000016617f9cff0]
Event: 12.853 Thread 0x00000166459723a0 nmethod 3296 0x0000016617f9d090 code [0x0000016617f9d240, 0x0000016617f9d510]
Event: 12.853 Thread 0x000001668dae0080 3298       3       java.lang.invoke.LambdaFormEditor$TransformKey::withResult (17 bytes)
Event: 12.853 Thread 0x00000166459723a0 3299       3       java.lang.invoke.LambdaFormEditor$Transform::<init> (17 bytes)
Event: 12.853 Thread 0x00000166459723a0 nmethod 3299 0x0000016617f9d610 code [0x0000016617f9d7e0, 0x0000016617f9dbd8]
Event: 12.853 Thread 0x000001668dae0080 nmethod 3298 0x0000016617f9dd10 code [0x0000016617f9dee0, 0x0000016617f9e270]
Event: 12.855 Thread 0x00000166459723a0 3300       3       java.lang.reflect.Constructor::getParameterTypes (11 bytes)
Event: 12.855 Thread 0x00000166459723a0 nmethod 3300 0x0000016617f9e410 code [0x0000016617f9e5c0, 0x0000016617f9e890]
Event: 12.856 Thread 0x00000166459723a0 3301       3       org.gradle.internal.service.DefaultServiceRegistry$FactoryMethodService::getMethod (46 bytes)
Event: 12.857 Thread 0x00000166459723a0 nmethod 3301 0x0000016617f9e990 code [0x0000016617f9ebe0, 0x0000016617f9f298]
Event: 12.874 Thread 0x00000166459723a0 3302       3       java.io.ByteArrayOutputStream::<init> (43 bytes)
Event: 12.875 Thread 0x00000166459723a0 nmethod 3302 0x0000016617f9f590 code [0x0000016617f9f7e0, 0x0000016617f9ff70]

GC Heap History (6 events):
Event: 0.689 GC heap before
{Heap before GC invocations=0 (full 0):
 garbage-first heap   total 258048K, used 20480K [0x0000000600000000, 0x0000000800000000)
  region size 4096K, 5 young (20480K), 0 survivors (0K)
 Metaspace       used 885K, committed 1024K, reserved 1114112K
  class space    used 71K, committed 128K, reserved 1048576K
}
Event: 0.723 GC heap after
{Heap after GC invocations=1 (full 0):
 garbage-first heap   total 258048K, used 1440K [0x0000000600000000, 0x0000000800000000)
  region size 4096K, 1 young (4096K), 1 survivors (4096K)
 Metaspace       used 885K, committed 1024K, reserved 1114112K
  class space    used 71K, committed 128K, reserved 1048576K
}
Event: 1.575 GC heap before
{Heap before GC invocations=1 (full 0):
 garbage-first heap   total 258048K, used 46496K [0x0000000600000000, 0x0000000800000000)
  region size 4096K, 11 young (45056K), 1 survivors (4096K)
 Metaspace       used 4614K, committed 4800K, reserved 1114112K
  class space    used 583K, committed 704K, reserved 1048576K
}
Event: 1.581 GC heap after
{Heap after GC invocations=2 (full 0):
 garbage-first heap   total 258048K, used 11704K [0x0000000600000000, 0x0000000800000000)
  region size 4096K, 2 young (8192K), 2 survivors (8192K)
 Metaspace       used 4614K, committed 4800K, reserved 1114112K
  class space    used 583K, committed 704K, reserved 1048576K
}
Event: 12.469 GC heap before
{Heap before GC invocations=2 (full 0):
 garbage-first heap   total 258048K, used 118200K [0x0000000600000000, 0x0000000800000000)
  region size 4096K, 29 young (118784K), 2 survivors (8192K)
 Metaspace       used 16448K, committed 16896K, reserved 1114112K
  class space    used 2269K, committed 2496K, reserved 1048576K
}
Event: 12.481 GC heap after
{Heap after GC invocations=3 (full 0):
 garbage-first heap   total 258048K, used 21371K [0x0000000600000000, 0x0000000800000000)
  region size 4096K, 4 young (16384K), 4 survivors (16384K)
 Metaspace       used 16448K, committed 16896K, reserved 1114112K
  class space    used 2269K, committed 2496K, reserved 1048576K
}

Dll operation events (20 events):
Event: 0.156 Attempting to load shared library C:\Users\AJI\.vscode\extensions\redhat.java-1.56.0-win32-x64\jre\21.0.12.1-win32-x86_64\bin\nio.dll
Event: 0.157 Loaded shared library C:\Users\AJI\.vscode\extensions\redhat.java-1.56.0-win32-x64\jre\21.0.12.1-win32-x86_64\bin\nio.dll
Event: 0.161 Attempting to load shared library C:\Users\AJI\.vscode\extensions\redhat.java-1.56.0-win32-x64\jre\21.0.12.1-win32-x86_64\bin\zip.dll
Event: 0.161 Loaded shared library C:\Users\AJI\.vscode\extensions\redhat.java-1.56.0-win32-x64\jre\21.0.12.1-win32-x86_64\bin\zip.dll
Event: 0.743 Attempting to load shared library C:\Users\AJI\.vscode\extensions\redhat.java-1.56.0-win32-x64\jre\21.0.12.1-win32-x86_64\bin\jimage.dll
Event: 0.743 Loaded shared library C:\Users\AJI\.vscode\extensions\redhat.java-1.56.0-win32-x64\jre\21.0.12.1-win32-x86_64\bin\jimage.dll
Event: 1.044 Attempting to load shared library C:\Users\AJI\.vscode\extensions\redhat.java-1.56.0-win32-x64\jre\21.0.12.1-win32-x86_64\bin\verify.dll
Event: 1.044 Loaded shared library C:\Users\AJI\.vscode\extensions\redhat.java-1.56.0-win32-x64\jre\21.0.12.1-win32-x86_64\bin\verify.dll
Event: 1.086 Attempting to load shared library C:\Users\AJI\.gradle\native\1def1411415f61bf3af743bc5b6707747c0891f09f0c88961ee8f79bc544acac\windows-amd64\native-platform.dll
Event: 1.086 Loaded shared library C:\Users\AJI\.gradle\native\1def1411415f61bf3af743bc5b6707747c0891f09f0c88961ee8f79bc544acac\windows-amd64\native-platform.dll
Event: 1.100 Attempting to load shared library C:\Users\AJI\.gradle\native\0.2.8\x86_64-windows-gnu\gradle-fileevents.dll
Event: 1.101 Loaded shared library C:\Users\AJI\.gradle\native\0.2.8\x86_64-windows-gnu\gradle-fileevents.dll
Event: 2.648 Attempting to load shared library C:\Users\AJI\.vscode\extensions\redhat.java-1.56.0-win32-x64\jre\21.0.12.1-win32-x86_64\bin\management.dll
Event: 2.649 Loaded shared library C:\Users\AJI\.vscode\extensions\redhat.java-1.56.0-win32-x64\jre\21.0.12.1-win32-x86_64\bin\management.dll
Event: 2.652 Attempting to load shared library C:\Users\AJI\.vscode\extensions\redhat.java-1.56.0-win32-x64\jre\21.0.12.1-win32-x86_64\bin\management_ext.dll
Event: 2.652 Loaded shared library C:\Users\AJI\.vscode\extensions\redhat.java-1.56.0-win32-x64\jre\21.0.12.1-win32-x86_64\bin\management_ext.dll
Event: 2.887 Attempting to load shared library C:\Users\AJI\.vscode\extensions\redhat.java-1.56.0-win32-x64\jre\21.0.12.1-win32-x86_64\bin\extnet.dll
Event: 2.888 Loaded shared library C:\Users\AJI\.vscode\extensions\redhat.java-1.56.0-win32-x64\jre\21.0.12.1-win32-x86_64\bin\extnet.dll
Event: 3.186 Attempting to load shared library C:\Users\AJI\.vscode\extensions\redhat.java-1.56.0-win32-x64\jre\21.0.12.1-win32-x86_64\bin\sunmscapi.dll
Event: 3.188 Loaded shared library C:\Users\AJI\.vscode\extensions\redhat.java-1.56.0-win32-x64\jre\21.0.12.1-win32-x86_64\bin\sunmscapi.dll

Deoptimization events (20 events):
Event: 4.485 Thread 0x000001668c86caf0 DEOPT PACKING pc=0x0000016627d08118 sp=0x0000001b96bfad30
Event: 4.485 Thread 0x000001668c86caf0 DEOPT UNPACKING pc=0x00000166275e4422 sp=0x0000001b96bfacc0 mode 2
Event: 4.493 Thread 0x000001668c86caf0 DEOPT PACKING pc=0x0000016617a4e659 sp=0x0000001b96bfab00
Event: 4.493 Thread 0x000001668c86caf0 DEOPT UNPACKING pc=0x00000166275e4bc2 sp=0x0000001b96bf9f98 mode 0
Event: 10.996 Thread 0x000001668c86caf0 Uncommon trap: trap_request=0xffffff45 fr.pc=0x0000016627d06ecc relative=0x0000000000000d4c
Event: 10.996 Thread 0x000001668c86caf0 Uncommon trap: reason=unstable_if action=reinterpret pc=0x0000016627d06ecc method=java.io.WinNTFileSystem.resolve(Ljava/lang/String;Ljava/lang/String;)Ljava/lang/String; @ 19 c2
Event: 10.996 Thread 0x000001668c86caf0 DEOPT PACKING pc=0x0000016627d06ecc sp=0x0000001b96bfb620
Event: 10.996 Thread 0x000001668c86caf0 DEOPT UNPACKING pc=0x00000166275e4422 sp=0x0000001b96bfb5b8 mode 2
Event: 10.998 Thread 0x000001668c86caf0 Uncommon trap: trap_request=0xffffff45 fr.pc=0x0000016627d127fc relative=0x000000000000061c
Event: 10.998 Thread 0x000001668c86caf0 Uncommon trap: reason=unstable_if action=reinterpret pc=0x0000016627d127fc method=java.io.File.getName()Ljava/lang/String; @ 16 c2
Event: 10.998 Thread 0x000001668c86caf0 DEOPT PACKING pc=0x0000016627d127fc sp=0x0000001b96bfb5e0
Event: 10.998 Thread 0x000001668c86caf0 DEOPT UNPACKING pc=0x00000166275e4422 sp=0x0000001b96bfb5b0 mode 2
Event: 11.090 Thread 0x000001668c86caf0 DEOPT PACKING pc=0x0000016617e2ff76 sp=0x0000001b96bfb9f0
Event: 11.090 Thread 0x000001668c86caf0 DEOPT UNPACKING pc=0x00000166275e4bc2 sp=0x0000001b96bfaf00 mode 0
Event: 12.450 Thread 0x000001668c86caf0 Uncommon trap: trap_request=0xffffff45 fr.pc=0x0000016627d0d294 relative=0x00000000000000f4
Event: 12.450 Thread 0x000001668c86caf0 Uncommon trap: reason=unstable_if action=reinterpret pc=0x0000016627d0d294 method=java.util.HashMap.hash(Ljava/lang/Object;)I @ 1 c2
Event: 12.450 Thread 0x000001668c86caf0 DEOPT PACKING pc=0x0000016627d0d294 sp=0x0000001b96bfc460
Event: 12.450 Thread 0x000001668c86caf0 DEOPT UNPACKING pc=0x00000166275e4422 sp=0x0000001b96bfc3a0 mode 2
Event: 12.703 Thread 0x000001668c86caf0 DEOPT PACKING pc=0x0000016617e2ff55 sp=0x0000001b96bfbca0
Event: 12.703 Thread 0x000001668c86caf0 DEOPT UNPACKING pc=0x00000166275e4bc2 sp=0x0000001b96bfb1b0 mode 0

Classes loaded (20 events):
Event: 12.549 Loading class java/lang/invoke/BoundMethodHandle$Species_LLLLLLLLLLLLLLLLLL
Event: 12.549 Loading class java/lang/invoke/BoundMethodHandle$Species_LLLLLLLLLLLLLLLLLL done
Event: 12.552 Loading class java/lang/invoke/BoundMethodHandle$Species_LLLLLLLLLLLLLLLLLLL
Event: 12.552 Loading class java/lang/invoke/BoundMethodHandle$Species_LLLLLLLLLLLLLLLLLLL done
Event: 12.554 Loading class java/lang/invoke/BoundMethodHandle$Species_LLLLLLLLLLLLLLLLLLLL
Event: 12.554 Loading class java/lang/invoke/BoundMethodHandle$Species_LLLLLLLLLLLLLLLLLLLL done
Event: 12.555 Loading class java/lang/invoke/BoundMethodHandle$Species_LLLLLLLLLLLLLLLLLLLLL
Event: 12.555 Loading class java/lang/invoke/BoundMethodHandle$Species_LLLLLLLLLLLLLLLLLLLLL done
Event: 12.557 Loading class java/lang/invoke/BoundMethodHandle$Species_LLLLLLLLLLLLLLLLLLLLLL
Event: 12.557 Loading class java/lang/invoke/BoundMethodHandle$Species_LLLLLLLLLLLLLLLLLLLLLL done
Event: 12.559 Loading class java/lang/invoke/BoundMethodHandle$Species_LLLLLLLLLLLLLLLLLLLLLLL
Event: 12.559 Loading class java/lang/invoke/BoundMethodHandle$Species_LLLLLLLLLLLLLLLLLLLLLLL done
Event: 12.655 Loading class java/util/function/LongFunction
Event: 12.655 Loading class java/util/function/LongFunction done
Event: 12.718 Loading class java/security/InvalidKeyException
Event: 12.718 Loading class java/security/KeyException
Event: 12.718 Loading class java/security/KeyException done
Event: 12.718 Loading class java/security/InvalidKeyException done
Event: 12.923 Loading class java/lang/Override
Event: 12.923 Loading class java/lang/Override done

Classes unloaded (0 events):
No events

Classes redefined (0 events):
No events

Internal exceptions (20 events):
Event: 4.535 Thread 0x000001668c86caf0 Exception <a 'java/lang/NoSuchMethodError'{0x0000000608cd6060}: 'java.lang.Object java.lang.invoke.DirectMethodHandle$Holder.invokeVirtual(java.lang.Object, java.lang.Object, java.lang.Object, java.lang.Object, java.lang.Object, java.lang.Object, java.lang.Object, java.lang.Object)'> (0x0000000608cd6060) 
thrown [s\src\hotspot\share\interpreter\linkResolver.cpp, line 773]
Event: 10.979 Thread 0x000001668c86caf0 Exception <a 'java/lang/NoSuchMethodError'{0x0000000608fb2348}: 'java.lang.Object java.lang.invoke.DirectMethodHandle$Holder.invokeVirtual(java.lang.Object, java.lang.Object, java.lang.Object, java.lang.Object, java.lang.Object, java.lang.Object, java.lang.Object, java.lang.Object, java.lang.Object, java.lang.Object)'> (0x0000000608fb2348) 
thrown [s\src\hotspot\share\interpreter\linkResolver.cpp, line 773]
Event: 11.012 Thread 0x000001668c86caf0 Exception <a 'java/lang/NoSuchMethodError'{0x0000000608843dd8}: 'void java.lang.invoke.DirectMethodHandle$Holder.invokeStatic(java.lang.Object, java.lang.Object, java.lang.Object, java.lang.Object)'> (0x0000000608843dd8) 
thrown [s\src\hotspot\share\interpreter\linkResolver.cpp, line 773]
Event: 11.013 Thread 0x000001668c86caf0 Exception <a 'java/lang/NoSuchMethodError'{0x0000000608847b90}: 'void java.lang.invoke.DirectMethodHandle$Holder.invokeStaticInit(java.lang.Object, java.lang.Object, java.lang.Object, java.lang.Object)'> (0x0000000608847b90) 
thrown [s\src\hotspot\share\interpreter\linkResolver.cpp, line 773]
Event: 11.071 Thread 0x000001668c86caf0 Exception <a 'java/lang/NoSuchMethodError'{0x00000006088a3e08}: 'java.lang.Object java.lang.invoke.DirectMethodHandle$Holder.invokeInterface(java.lang.Object, java.lang.Object, java.lang.Object)'> (0x00000006088a3e08) 
thrown [s\src\hotspot\share\interpreter\linkResolver.cpp, line 773]
Event: 11.105 Thread 0x000001668c86caf0 Exception <a 'java/lang/NoSuchMethodError'{0x00000006089b5d18}: 'int java.lang.invoke.DirectMethodHandle$Holder.invokeSpecialIFC(java.lang.Object, java.lang.Object, java.lang.Object, java.lang.Object)'> (0x00000006089b5d18) 
thrown [s\src\hotspot\share\interpreter\linkResolver.cpp, line 773]
Event: 11.106 Thread 0x000001668c86caf0 Exception <a 'java/lang/IncompatibleClassChangeError'{0x00000006089c3170}: Found class java.lang.Object, but interface was expected> (0x00000006089c3170) 
thrown [s\src\hotspot\share\interpreter\linkResolver.cpp, line 840]
Event: 12.450 Thread 0x000001668c86caf0 Implicit null exception at 0x0000016627d0d1e6 to 0x0000016627d0d28a
Event: 12.537 Thread 0x000001668c86caf0 Exception <a 'java/lang/NoSuchMethodError'{0x000000060facceb8}: 'java.lang.Object java.lang.invoke.DelegatingMethodHandle$Holder.reinvoke_L(java.lang.Object, java.lang.Object, java.lang.Object, java.lang.Object, java.lang.Object, java.lang.Object, java.lang.Object, java.lang.Object, java.lang.Object, java.lang.Object, java.lang.Object, java.lang.Object, java.lang.Object, java.lang.Object, java.lang.Object, java.lang.Object, java.lang.Object, java.lang.Object, java.lang.Object, java.lang.Object, java.lang.O
Event: 12.542 Thread 0x000001668c86caf0 Exception <a 'java/lang/NoSuchMethodError'{0x000000060fb39fa0}: 'java.lang.Object java.lang.invoke.DirectMethodHandle$Holder.invokeStatic(java.lang.Object, java.lang.Object, java.lang.Object, java.lang.Object, java.lang.Object, java.lang.Object, java.lang.Object, java.lang.Object, java.lang.Object, java.lang.Object, java.lang.Object, java.lang.Object, java.lang.Object, java.lang.Object, java.lang.Object, java.lang.Object, java.lang.Object)'> (0x000000060fb39fa0) 
thrown [s\src\hotspot\share\interpreter\lin
Event: 12.544 Thread 0x000001668c86caf0 Exception <a 'java/lang/NoSuchMethodError'{0x000000060fb62900}: 'java.lang.Object java.lang.invoke.DirectMethodHandle$Holder.invokeStatic(java.lang.Object, java.lang.Object, java.lang.Object, java.lang.Object, java.lang.Object, java.lang.Object, java.lang.Object, java.lang.Object, java.lang.Object, java.lang.Object, java.lang.Object, java.lang.Object, java.lang.Object, java.lang.Object, java.lang.Object, java.lang.Object, java.lang.Object, java.lang.Object)'> (0x000000060fb62900) 
thrown [s\src\hotspot\sha
Event: 12.546 Thread 0x000001668c86caf0 Exception <a 'java/lang/NoSuchMethodError'{0x000000060f40ca10}: 'java.lang.Object java.lang.invoke.DirectMethodHandle$Holder.invokeStatic(java.lang.Object, java.lang.Object, java.lang.Object, java.lang.Object, java.lang.Object, java.lang.Object, java.lang.Object, java.lang.Object, java.lang.Object, java.lang.Object, java.lang.Object, java.lang.Object, java.lang.Object, java.lang.Object, java.lang.Object, java.lang.Object, java.lang.Object, java.lang.Object, java.lang.Object)'> (0x000000060f40ca10) 
thrown 
Event: 12.548 Thread 0x000001668c86caf0 Exception <a 'java/lang/NoSuchMethodError'{0x000000060f437aa8}: 'java.lang.Object java.lang.invoke.DirectMethodHandle$Holder.invokeStatic(java.lang.Object, java.lang.Object, java.lang.Object, java.lang.Object, java.lang.Object, java.lang.Object, java.lang.Object, java.lang.Object, java.lang.Object, java.lang.Object, java.lang.Object, java.lang.Object, java.lang.Object, java.lang.Object, java.lang.Object, java.lang.Object, java.lang.Object, java.lang.Object, java.lang.Object, java.lang.Object)'> (0x00000006
Event: 12.550 Thread 0x000001668c86caf0 Exception <a 'java/lang/NoSuchMethodError'{0x000000060f463d20}: 'java.lang.Object java.lang.invoke.DirectMethodHandle$Holder.invokeStatic(java.lang.Object, java.lang.Object, java.lang.Object, java.lang.Object, java.lang.Object, java.lang.Object, java.lang.Object, java.lang.Object, java.lang.Object, java.lang.Object, java.lang.Object, java.lang.Object, java.lang.Object, java.lang.Object, java.lang.Object, java.lang.Object, java.lang.Object, java.lang.Object, java.lang.Object, java.lang.Object, java.lang.Obj
Event: 12.553 Thread 0x000001668c86caf0 Exception <a 'java/lang/NoSuchMethodError'{0x000000060f491290}: 'java.lang.Object java.lang.invoke.DirectMethodHandle$Holder.invokeStatic(java.lang.Object, java.lang.Object, java.lang.Object, java.lang.Object, java.lang.Object, java.lang.Object, java.lang.Object, java.lang.Object, java.lang.Object, java.lang.Object, java.lang.Object, java.lang.Object, java.lang.Object, java.lang.Object, java.lang.Object, java.lang.Object, java.lang.Object, java.lang.Object, java.lang.Object, java.lang.Object, java.lang.Obj
Event: 12.554 Thread 0x000001668c86caf0 Exception <a 'java/lang/NoSuchMethodError'{0x000000060f4bf030}: 'java.lang.Object java.lang.invoke.DirectMethodHandle$Holder.invokeStatic(java.lang.Object, java.lang.Object, java.lang.Object, java.lang.Object, java.lang.Object, java.lang.Object, java.lang.Object, java.lang.Object, java.lang.Object, java.lang.Object, java.lang.Object, java.lang.Object, java.lang.Object, java.lang.Object, java.lang.Object, java.lang.Object, java.lang.Object, java.lang.Object, java.lang.Object, java.lang.Object, java.lang.Obj
Event: 12.556 Thread 0x000001668c86caf0 Exception <a 'java/lang/NoSuchMethodError'{0x000000060f4edd30}: 'java.lang.Object java.lang.invoke.DirectMethodHandle$Holder.invokeStatic(java.lang.Object, java.lang.Object, java.lang.Object, java.lang.Object, java.lang.Object, java.lang.Object, java.lang.Object, java.lang.Object, java.lang.Object, java.lang.Object, java.lang.Object, java.lang.Object, java.lang.Object, java.lang.Object, java.lang.Object, java.lang.Object, java.lang.Object, java.lang.Object, java.lang.Object, java.lang.Object, java.lang.Obj
Event: 12.558 Thread 0x000001668c86caf0 Exception <a 'java/lang/NoSuchMethodError'{0x000000060f51dad8}: 'java.lang.Object java.lang.invoke.DirectMethodHandle$Holder.invokeStatic(java.lang.Object, java.lang.Object, java.lang.Object, java.lang.Object, java.lang.Object, java.lang.Object, java.lang.Object, java.lang.Object, java.lang.Object, java.lang.Object, java.lang.Object, java.lang.Object, java.lang.Object, java.lang.Object, java.lang.Object, java.lang.Object, java.lang.Object, java.lang.Object, java.lang.Object, java.lang.Object, java.lang.Obj
Event: 12.559 Thread 0x000001668c86caf0 Exception <a 'java/lang/NoSuchMethodError'{0x000000060f54ec78}: 'java.lang.Object java.lang.invoke.DirectMethodHandle$Holder.invokeStatic(java.lang.Object, java.lang.Object, java.lang.Object, java.lang.Object, java.lang.Object, java.lang.Object, java.lang.Object, java.lang.Object, java.lang.Object, java.lang.Object, java.lang.Object, java.lang.Object, java.lang.Object, java.lang.Object, java.lang.Object, java.lang.Object, java.lang.Object, java.lang.Object, java.lang.Object, java.lang.Object, java.lang.Obj
Event: 12.848 Thread 0x000001668c86caf0 Exception <a 'java/lang/NoSuchMethodError'{0x000000060efdff78}: 'int java.lang.invoke.DirectMethodHandle$Holder.invokeStaticInit(java.lang.Object, java.lang.Object, java.lang.Object)'> (0x000000060efdff78) 
thrown [s\src\hotspot\share\interpreter\linkResolver.cpp, line 773]

ZGC Phase Switch (0 events):
No events

VM Operations (20 events):
Event: 3.505 Executing safepoint VM operation: ICBufferFull
Event: 3.505 Executing safepoint VM operation: ICBufferFull done
Event: 4.404 Executing non-safepoint VM operation: HandshakeAllThreads (Deoptimize)
Event: 4.404 Executing non-safepoint VM operation: HandshakeAllThreads (Deoptimize) done
Event: 5.416 Executing safepoint VM operation: Cleanup
Event: 5.416 Executing safepoint VM operation: Cleanup done
Event: 6.428 Executing safepoint VM operation: Cleanup
Event: 6.428 Executing safepoint VM operation: Cleanup done
Event: 8.447 Executing safepoint VM operation: Cleanup
Event: 8.447 Executing safepoint VM operation: Cleanup done
Event: 9.451 Executing safepoint VM operation: Cleanup
Event: 9.451 Executing safepoint VM operation: Cleanup done
Event: 11.462 Executing safepoint VM operation: Cleanup
Event: 11.463 Executing safepoint VM operation: Cleanup done
Event: 12.469 Executing safepoint VM operation: G1CollectForAllocation (G1 Evacuation Pause)
Event: 12.481 Executing safepoint VM operation: G1CollectForAllocation (G1 Evacuation Pause) done
Event: 12.567 Executing non-safepoint VM operation: HandshakeAllThreads (Deoptimize)
Event: 12.567 Executing non-safepoint VM operation: HandshakeAllThreads (Deoptimize) done
Event: 12.568 Executing non-safepoint VM operation: HandshakeAllThreads (Deoptimize)
Event: 12.568 Executing non-safepoint VM operation: HandshakeAllThreads (Deoptimize) done

Memory protections (0 events):
No events

Nmethod flushes (0 events):
No events

Events (20 events):
Event: 3.067 Thread 0x000001661473dc10 Thread added: 0x0000016645b39120
Event: 3.181 Thread 0x000001661473dc10 Thread added: 0x0000016645b35ca0
Event: 3.234 Thread 0x0000016645b39120 Thread added: 0x0000016645b369c0
Event: 3.238 Thread 0x0000016645b369c0 Thread added: 0x0000016645b37050
Event: 3.266 Thread 0x0000016645b369c0 Thread added: 0x000001668c86ebc0
Event: 3.518 Thread 0x0000016645b369c0 Thread added: 0x000001668c86caf0
Event: 3.539 Thread 0x000001668c86caf0 Thread added: 0x000001668c86d180
Event: 3.575 Thread 0x000001668c86caf0 Thread added: 0x000001668c86d810
Event: 3.590 Thread 0x000001668c86caf0 Thread added: 0x000001668c86b740
Event: 3.838 Thread 0x000001668bd7d8d0 Thread exited: 0x000001668bd7d8d0
Event: 4.404 Thread 0x000001668c86caf0 Thread added: 0x000001668c86dea0
Event: 4.416 Thread 0x000001668c86caf0 Thread added: 0x000001668c86e530
Event: 4.540 Thread 0x000001668c86caf0 Thread added: 0x000001668c86bdd0
Event: 4.545 Thread 0x000001668c86e530 Thread added: 0x000001668c86f250
Event: 4.549 Thread 0x000001668b35c430 Thread added: 0x000001668cba13b0
Event: 4.721 Thread 0x000001668cba13b0 Thread exited: 0x000001668cba13b0
Event: 5.092 Thread 0x000001668b35c430 Thread exited: 0x000001668b35c430
Event: 6.219 Thread 0x000001668bd9a870 Thread exited: 0x000001668bd9a870
Event: 7.609 Thread 0x0000016645a6f460 Thread exited: 0x0000016645a6f460
Event: 10.485 Thread 0x00000166459723a0 Thread added: 0x000001668dae0080


Dynamic libraries:
0x00007ff735c60000 - 0x00007ff735c6e000 	C:\Users\AJI\.vscode\extensions\redhat.java-1.56.0-win32-x64\jre\21.0.12.1-win32-x86_64\bin\java.exe
0x00007ffaa9a20000 - 0x00007ffaa9c87000 	C:\WINDOWS\SYSTEM32\ntdll.dll
0x00007ffaa7cd0000 - 0x00007ffaa7d9b000 	C:\WINDOWS\System32\KERNEL32.DLL
0x00007ffaa71b0000 - 0x00007ffaa75b2000 	C:\WINDOWS\System32\KERNELBASE.dll
0x00007ffaa7050000 - 0x00007ffaa719c000 	C:\WINDOWS\System32\ucrtbase.dll
0x00007ffa76fd0000 - 0x00007ffa76fee000 	C:\Users\AJI\.vscode\extensions\redhat.java-1.56.0-win32-x64\jre\21.0.12.1-win32-x86_64\bin\VCRUNTIME140.dll
0x00007ffa5b940000 - 0x00007ffa5b958000 	C:\Users\AJI\.vscode\extensions\redhat.java-1.56.0-win32-x64\jre\21.0.12.1-win32-x86_64\bin\jli.dll
0x00007ffaa7da0000 - 0x00007ffaa7f6f000 	C:\WINDOWS\System32\USER32.dll
0x00007ffa85610000 - 0x00007ffa858a0000 	C:\WINDOWS\WinSxS\amd64_microsoft.windows.common-controls_6595b64144ccf1df_6.0.26100.9278_none_3e0d1ba8e3303201\COMCTL32.dll
0x00007ffaa8760000 - 0x00007ffaa8809000 	C:\WINDOWS\System32\msvcrt.dll
0x00007ffaa7740000 - 0x00007ffaa776b000 	C:\WINDOWS\System32\GDI32.dll
0x00007ffaa6e90000 - 0x00007ffaa6eb7000 	C:\WINDOWS\System32\win32u.dll
0x00007ffaa6cd0000 - 0x00007ffaa6df9000 	C:\WINDOWS\System32\gdi32full.dll
0x00007ffaa6c20000 - 0x00007ffaa6cc3000 	C:\WINDOWS\System32\msvcp_win.dll
0x00007ffaa9250000 - 0x00007ffaa9281000 	C:\WINDOWS\System32\IMM32.DLL
0x00007ffa8fa10000 - 0x00007ffa8fa1c000 	C:\Users\AJI\.vscode\extensions\redhat.java-1.56.0-win32-x64\jre\21.0.12.1-win32-x86_64\bin\vcruntime140_1.dll
0x00007ff9ae9a0000 - 0x00007ff9aea2d000 	C:\Users\AJI\.vscode\extensions\redhat.java-1.56.0-win32-x64\jre\21.0.12.1-win32-x86_64\bin\msvcp140.dll
0x00007ff96c320000 - 0x00007ff96d0c2000 	C:\Users\AJI\.vscode\extensions\redhat.java-1.56.0-win32-x64\jre\21.0.12.1-win32-x86_64\bin\server\jvm.dll
0x00007ffaa8fb0000 - 0x00007ffaa906c000 	C:\WINDOWS\System32\ADVAPI32.dll
0x00007ffaa7b90000 - 0x00007ffaa7c39000 	C:\WINDOWS\System32\sechost.dll
0x00007ffaa80d0000 - 0x00007ffaa81e8000 	C:\WINDOWS\System32\RPCRT4.dll
0x00007ffaa7c40000 - 0x00007ffaa7cc0000 	C:\WINDOWS\System32\WS2_32.dll
0x00007ffaa6a80000 - 0x00007ffaa6ade000 	C:\WINDOWS\SYSTEM32\POWRPROF.dll
0x00007ffaa0960000 - 0x00007ffaa0996000 	C:\WINDOWS\SYSTEM32\WINMM.dll
0x00007ffa9deb0000 - 0x00007ffa9debb000 	C:\WINDOWS\SYSTEM32\VERSION.dll
0x00007ffaa6a60000 - 0x00007ffaa6a75000 	C:\WINDOWS\SYSTEM32\UMPDC.dll
0x00007ffaa5400000 - 0x00007ffaa541b000 	C:\WINDOWS\SYSTEM32\kernel.appcore.dll
0x00007ffa8f9e0000 - 0x00007ffa8f9ea000 	C:\Users\AJI\.vscode\extensions\redhat.java-1.56.0-win32-x64\jre\21.0.12.1-win32-x86_64\bin\jimage.dll
0x00007ffaa3d10000 - 0x00007ffaa3f5c000 	C:\WINDOWS\SYSTEM32\DBGHELP.DLL
0x00007ffaa9320000 - 0x00007ffaa96a5000 	C:\WINDOWS\System32\combase.dll
0x00007ffaa81f0000 - 0x00007ffaa82c9000 	C:\WINDOWS\System32\OLEAUT32.dll
0x00007ffa84dc0000 - 0x00007ffa84dfb000 	C:\WINDOWS\SYSTEM32\dbgcore.DLL
0x00007ffaa75c0000 - 0x00007ffaa766c000 	C:\WINDOWS\System32\bcryptPrimitives.dll
0x00007ffa80050000 - 0x00007ffa8005f000 	C:\Users\AJI\.vscode\extensions\redhat.java-1.56.0-win32-x64\jre\21.0.12.1-win32-x86_64\bin\instrument.dll
0x00007ffa56a30000 - 0x00007ffa56a50000 	C:\Users\AJI\.vscode\extensions\redhat.java-1.56.0-win32-x64\jre\21.0.12.1-win32-x86_64\bin\java.dll
0x00007ffaa8810000 - 0x00007ffaa8fa8000 	C:\WINDOWS\System32\SHELL32.dll
0x00007ffaa4150000 - 0x00007ffaa49fe000 	C:\WINDOWS\SYSTEM32\windows.storage.dll
0x00007ffaa96b0000 - 0x00007ffaa97ab000 	C:\WINDOWS\System32\SHCORE.dll
0x00007ffaa7a10000 - 0x00007ffaa7a76000 	C:\WINDOWS\System32\shlwapi.dll
0x00007ffaa6b40000 - 0x00007ffaa6b69000 	C:\WINDOWS\SYSTEM32\profapi.dll
0x00007ffa554d0000 - 0x00007ffa554e8000 	C:\Users\AJI\.vscode\extensions\redhat.java-1.56.0-win32-x64\jre\21.0.12.1-win32-x86_64\bin\zip.dll
0x00007ffa813d0000 - 0x00007ffa813e0000 	C:\Users\AJI\.vscode\extensions\redhat.java-1.56.0-win32-x64\jre\21.0.12.1-win32-x86_64\bin\net.dll
0x00007ffa9f270000 - 0x00007ffa9f39a000 	C:\WINDOWS\SYSTEM32\WINHTTP.dll
0x00007ffaa59c0000 - 0x00007ffaa5a2c000 	C:\WINDOWS\system32\mswsock.dll
0x00007ffa554b0000 - 0x00007ffa554c6000 	C:\Users\AJI\.vscode\extensions\redhat.java-1.56.0-win32-x64\jre\21.0.12.1-win32-x86_64\bin\nio.dll
0x00007ffa7fae0000 - 0x00007ffa7faf0000 	C:\Users\AJI\.vscode\extensions\redhat.java-1.56.0-win32-x64\jre\21.0.12.1-win32-x86_64\bin\verify.dll
0x00007ffa399a0000 - 0x00007ffa399c7000 	C:\Users\AJI\.gradle\native\1def1411415f61bf3af743bc5b6707747c0891f09f0c88961ee8f79bc544acac\windows-amd64\native-platform.dll
0x00007ff9bbe60000 - 0x00007ff9bbed7000 	C:\Users\AJI\.gradle\native\0.2.8\x86_64-windows-gnu\gradle-fileevents.dll
0x00007ffa7eee0000 - 0x00007ffa7eeea000 	C:\Users\AJI\.vscode\extensions\redhat.java-1.56.0-win32-x64\jre\21.0.12.1-win32-x86_64\bin\management.dll
0x00007ffa77400000 - 0x00007ffa7740c000 	C:\Users\AJI\.vscode\extensions\redhat.java-1.56.0-win32-x64\jre\21.0.12.1-win32-x86_64\bin\management_ext.dll
0x00007ffaa7b80000 - 0x00007ffaa7b88000 	C:\WINDOWS\System32\PSAPI.DLL
0x00007ffaa4ee0000 - 0x00007ffaa4f13000 	C:\WINDOWS\SYSTEM32\IPHLPAPI.DLL
0x00007ffaa80c0000 - 0x00007ffaa80ca000 	C:\WINDOWS\System32\NSI.dll
0x00007ffa74220000 - 0x00007ffa74229000 	C:\Users\AJI\.vscode\extensions\redhat.java-1.56.0-win32-x64\jre\21.0.12.1-win32-x86_64\bin\extnet.dll
0x00007ffaa5cb0000 - 0x00007ffaa5ccb000 	C:\WINDOWS\SYSTEM32\CRYPTSP.dll
0x00007ffaa5360000 - 0x00007ffaa5399000 	C:\WINDOWS\system32\rsaenh.dll
0x00007ffaa5a70000 - 0x00007ffaa5aa4000 	C:\WINDOWS\SYSTEM32\USERENV.dll
0x00007ffaa6b10000 - 0x00007ffaa6b3a000 	C:\WINDOWS\SYSTEM32\bcrypt.dll
0x00007ffaa5cd0000 - 0x00007ffaa5cdc000 	C:\WINDOWS\SYSTEM32\CRYPTBASE.dll
0x00007ffa73220000 - 0x00007ffa7322e000 	C:\Users\AJI\.vscode\extensions\redhat.java-1.56.0-win32-x64\jre\21.0.12.1-win32-x86_64\bin\sunmscapi.dll
0x00007ffaa6ec0000 - 0x00007ffaa703e000 	C:\WINDOWS\System32\CRYPT32.dll
0x00007ffaa5ea0000 - 0x00007ffaa5ed0000 	C:\WINDOWS\SYSTEM32\ncrypt.dll
0x00007ffaa5e50000 - 0x00007ffaa5e8f000 	C:\WINDOWS\SYSTEM32\NTASN1.dll
0x00007ffa7c400000 - 0x00007ffa7c408000 	C:\WINDOWS\system32\wshunix.dll

JVMTI agents:
C:\Users\AJI\.gradle\wrapper\dists\gradle-9.1.0-all\7wzd0jkjit61aq2p43wpjgij9\gradle-9.1.0\lib\agents\gradle-instrumentation-agent-9.1.0.jar path:C:\Users\AJI\.vscode\extensions\redhat.java-1.56.0-win32-x64\jre\21.0.12.1-win32-x86_64\bin\instrument.dll, loaded, initialized, instrumentlib options:none

dbghelp: loaded successfully - version: 4.0.5 - missing functions: none
symbol engine: initialized successfully - sym options: 0x614 - pdb path: .;C:\Users\AJI\.vscode\extensions\redhat.java-1.56.0-win32-x64\jre\21.0.12.1-win32-x86_64\bin;C:\WINDOWS\SYSTEM32;C:\WINDOWS\WinSxS\amd64_microsoft.windows.common-controls_6595b64144ccf1df_6.0.26100.9278_none_3e0d1ba8e3303201;C:\Users\AJI\.vscode\extensions\redhat.java-1.56.0-win32-x64\jre\21.0.12.1-win32-x86_64\bin\server;C:\Users\AJI\.gradle\native\1def1411415f61bf3af743bc5b6707747c0891f09f0c88961ee8f79bc544acac\windows-amd64;C:\Users\AJI\.gradle\native\0.2.8\x86_64-windows-gnu

VM Arguments:
jvm_args: --add-opens=java.base/java.lang=ALL-UNNAMED --add-opens=java.base/java.lang.invoke=ALL-UNNAMED --add-opens=java.base/java.util=ALL-UNNAMED --add-opens=java.prefs/java.util.prefs=ALL-UNNAMED --add-exports=jdk.compiler/com.sun.tools.javac.api=ALL-UNNAMED --add-exports=jdk.compiler/com.sun.tools.javac.util=ALL-UNNAMED --add-opens=java.base/java.util=ALL-UNNAMED --add-opens=java.prefs/java.util.prefs=ALL-UNNAMED --add-opens=java.base/java.nio.charset=ALL-UNNAMED --add-opens=java.base/java.net=ALL-UNNAMED --add-opens=java.base/java.util.concurrent=ALL-UNNAMED --add-opens=java.base/java.util.concurrent.atomic=ALL-UNNAMED --add-opens=java.xml/javax.xml.namespace=ALL-UNNAMED --add-opens=java.base/java.time=ALL-UNNAMED -XX:MaxMetaspaceSize=4G -XX:ReservedCodeCacheSize=512m -XX:+HeapDumpOnOutOfMemoryError -Xmx8G -Dfile.encoding=UTF-8 -Duser.country=IN -Duser.language=en -Duser.variant -javaagent:C:\Users\AJI\.gradle\wrapper\dists\gradle-9.1.0-all\7wzd0jkjit61aq2p43wpjgij9\gradle-9.1.0\lib\agents\gradle-instrumentation-agent-9.1.0.jar 
java_command: org.gradle.launcher.daemon.bootstrap.GradleDaemon 9.1.0
java_class_path (initial): C:\Users\AJI\.gradle\wrapper\dists\gradle-9.1.0-all\7wzd0jkjit61aq2p43wpjgij9\gradle-9.1.0\lib\gradle-daemon-main-9.1.0.jar
Launcher Type: SUN_STANDARD

[Global flags]
     intx CICompilerCount                          = 12                                        {product} {ergonomic}
     uint ConcGCThreads                            = 4                                         {product} {ergonomic}
     uint G1ConcRefinementThreads                  = 15                                        {product} {ergonomic}
   size_t G1HeapRegionSize                         = 4194304                                   {product} {ergonomic}
    uintx GCDrainStackTargetSize                   = 64                                        {product} {ergonomic}
     bool HeapDumpOnOutOfMemoryError               = true                                   {manageable} {command line}
   size_t InitialHeapSize                          = 264241152                                 {product} {ergonomic}
   size_t MarkStackSize                            = 4194304                                   {product} {ergonomic}
   size_t MaxHeapSize                              = 8589934592                                {product} {command line}
   size_t MaxMetaspaceSize                         = 4294967296                                {product} {command line}
   size_t MaxNewSize                               = 5150605312                                {product} {ergonomic}
   size_t MinHeapDeltaBytes                        = 4194304                                   {product} {ergonomic}
   size_t MinHeapSize                              = 8388608                                   {product} {ergonomic}
    uintx NonNMethodCodeHeapSize                   = 7602480                                {pd product} {ergonomic}
    uintx NonProfiledCodeHeapSize                  = 264634216                              {pd product} {ergonomic}
    uintx ProfiledCodeHeapSize                     = 264634216                              {pd product} {ergonomic}
    uintx ReservedCodeCacheSize                    = 536870912                              {pd product} {command line}
     bool SegmentedCodeCache                       = true                                      {product} {ergonomic}
   size_t SoftMaxHeapSize                          = 8589934592                             {manageable} {ergonomic}
     bool UseCompressedOops                        = true                           {product lp64_product} {ergonomic}
     bool UseG1GC                                  = true                                      {product} {ergonomic}
     bool UseLargePagesIndividualAllocation        = false                                  {pd product} {ergonomic}

Logging:
Log output configuration:
 #0: stdout all=warning uptime,level,tags foldmultilines=false
 #1: stderr all=off uptime,level,tags foldmultilines=false

Release file:
JAVA_VERSION="21.0.12.1" 
MODULES="java.base java.compiler java.datatransfer java.xml java.prefs java.desktop java.instrument java.logging java.management java.security.sasl java.naming java.rmi java.management.rmi java.net.http java.scripting java.security.jgss java.transaction.xa java.sql java.sql.rowset java.xml.crypto java.se java.smartcardio jdk.accessibility jdk.internal.jvmstat jdk.attach jdk.charsets jdk.internal.opt jdk.zipfs jdk.compiler jdk.crypto.ec jdk.crypto.cryptoki jdk.crypto.mscapi jdk.dynalink jdk.internal.ed jdk.editpad jdk.hotspot.agent jdk.httpserver jdk.internal.le jdk.internal.vm.ci jdk.internal.vm.compiler jdk.internal.vm.compiler.management jdk.jartool jdk.javadoc jdk.jcmd jdk.management jdk.management.agent jdk.jconsole jdk.jdeps jdk.jdwp.agent jdk.jdi jdk.jfr jdk.jshell jdk.jsobject jdk.jstatd jdk.localedata jdk.management.jfr jdk.naming.dns jdk.naming.rmi jdk.net jdk.nio.mapmode jdk.random jdk.sctp jdk.security.auth jdk.security.jgss jdk.unsupported jdk.unsupported.desktop jdk.xml.dom" 

Environment Variables:
JAVA_HOME=C:\Program Files\Java\jdk-17
PATH=C:\Python314\Scripts\;C:\Python314\;C:\Program Files\Eclipse Adoptium\jdk-25.0.3.9-hotspot\bin;C:\Program Files\Microsoft\jdk-11.0.16.101-hotspot\bin;C:\WINDOWS\system32;C:\WINDOWS;C:\WINDOWS\System32\Wbem;C:\WINDOWS\System32\WindowsPowerShell\v1.0\;C:\WINDOWS\System32\OpenSSH\;C:\Program Files\dotnet\;C:\MinGW\bin;C:\ProgramData\chocolatey\bin;C:\Users\AJI\AppData\Local\Pub\Cache\bin;C:\Program Files\Java\jdk-17\bin;d:\cursor\resources\app\bin;C:\Users\AJI\develop\flutter\bin;C:\Users\AJI\.local\bin;D:\node\node_modules\npm\bin;D:\node\;C:\Program Files\nodejs\;C:\Program Files\nodejs\node_modules\npm\bin;C:\Users\AJI\Documents\MONGO\mongosh-2.9.2-win32-x64\bin;C:\xampp\php;C:\Program Files\Git\cmd;C:\Users\AJI\AppData\Local\Programs\Python\Python312\Scripts\;C:\Users\AJI\AppData\Local\Programs\Python\Python312\;C:\Users\AJI\.local\bin;C:\Users\AJI\AppData\Local\Microsoft\WindowsApps;D:\IntelliJ IDEA Community Edition 2023.1.5\bin;;C:\mingw64\bin;C:\Users\AJI\.dotnet\tools;C:\Users\AJI\Documents\flutter_windows_3.13.4-stable\flutter\bin;C:\Users\AJI\AppData\Local\Pub\Cache\bin;D:\flutter_pub_cache;C:\Users\AJI\AppData\Local\Android\Sdk;C:\Program Files\Java\jdk-17\bin;D:\rider\JetBrains Rider 2024.3.7\bin;;D:\Program Files\Microsoft VS Code\bin;D:\freelanceing\cursor\resources\app\bin;C:\Users\AJI\AppData\Local\Programs\Microsoft VS Code\bin;C:\Users\AJI\AppData\Local\Programs\cursor\resources\app\bin;C:\Users\AJI\AppData\Roaming\npm
USERNAME=AJI
OS=Windows_NT
PROCESSOR_IDENTIFIER=Intel64 Family 6 Model 154 Stepping 3, GenuineIntel
TMP=C:\Users\AJI\AppData\Local\Temp
TEMP=C:\Users\AJI\AppData\Local\Temp




Periodic native trim disabled

---------------  S Y S T E M  ---------------

OS:
 Windows 11 , 64 bit Build 26100 (10.0.26100.9444)
OS uptime: 0 days 4:10 hours
Hyper-V role detected

CPU: total 20 (initial active 20) (10 cores per cpu, 2 threads per core) family 6 model 154 stepping 3 microcode 0x43b, cx8, cmov, fxsr, ht, mmx, 3dnowpref, sse, sse2, sse3, ssse3, sse4.1, sse4.2, popcnt, lzcnt, tsc, tscinvbit, avx, avx2, aes, erms, clmul, bmi1, bmi2, adx, sha, fma, vzeroupper, clflush, clflushopt, clwb, hv, serialize, rdtscp, rdpid, fsrm, f16c, cet_ibt, cet_ss
Processor Information for processor 0
  Max Mhz: 2300, Current Mhz: 2300, Mhz Limit: 2300
Processor Information for processor 1
  Max Mhz: 2300, Current Mhz: 2300, Mhz Limit: 2300
Processor Information for processor 2
  Max Mhz: 2300, Current Mhz: 2300, Mhz Limit: 2300
Processor Information for processor 3
  Max Mhz: 2300, Current Mhz: 2300, Mhz Limit: 2300
Processor Information for processor 4
  Max Mhz: 2300, Current Mhz: 2300, Mhz Limit: 2300
Processor Information for processor 5
  Max Mhz: 2300, Current Mhz: 2300, Mhz Limit: 2300
Processor Information for processor 6
  Max Mhz: 2300, Current Mhz: 2300, Mhz Limit: 2300
Processor Information for processor 7
  Max Mhz: 2300, Current Mhz: 2300, Mhz Limit: 2300
Processor Information for processor 8
  Max Mhz: 2300, Current Mhz: 2300, Mhz Limit: 2300
Processor Information for processor 9
  Max Mhz: 2300, Current Mhz: 2300, Mhz Limit: 2300
Processor Information for processor 10
  Max Mhz: 2300, Current Mhz: 2300, Mhz Limit: 2300
Processor Information for processor 11
  Max Mhz: 2300, Current Mhz: 2300, Mhz Limit: 2300
Processor Information for processor 12
  Max Mhz: 2300, Current Mhz: 2300, Mhz Limit: 2300
Processor Information for processor 13
  Max Mhz: 2300, Current Mhz: 1488, Mhz Limit: 2300
Processor Information for processor 14
  Max Mhz: 2300, Current Mhz: 2300, Mhz Limit: 2300
Processor Information for processor 15
  Max Mhz: 2300, Current Mhz: 2300, Mhz Limit: 2300
Processor Information for processor 16
  Max Mhz: 2300, Current Mhz: 2300, Mhz Limit: 2300
Processor Information for processor 17
  Max Mhz: 2300, Current Mhz: 2300, Mhz Limit: 2300
Processor Information for processor 18
  Max Mhz: 2300, Current Mhz: 2300, Mhz Limit: 2300
Processor Information for processor 19
  Max Mhz: 2300, Current Mhz: 2300, Mhz Limit: 2300

Memory: 4k page, system-wide physical 16068M (468M free)
TotalPageFile size 65220M (AvailPageFile size 18M)
current process WorkingSet (physical memory assigned to process): 243M, peak: 243M
current process commit charge ("private bytes"): 424M, peak: 426M

vm_info: OpenJDK 64-Bit Server VM (21.0.12.1+1-LTS) for windows-amd64 JRE (21.0.12.1+1-LTS), built on 2026-08-18T00:00:00Z by "admin" with MS VC++ 17.12 (VS2022)

END.
