#
# There is insufficient memory for the Java Runtime Environment to continue.
# Native memory allocation (malloc) failed to allocate 131088 bytes. Error detail: Chunk::new
# Possible reasons:
#   The system is out of physical RAM or swap space
#   This process is running with CompressedOops enabled, and the Java Heap may be blocking the growth of the native heap
# Possible solutions:
#   Reduce memory load on the system
#   Increase physical memory or swap space
#   Check if swap backing store is full
#   Decrease Java heap size (-Xmx/-Xms)
#   Decrease number of Java threads
#   Decrease Java thread stack sizes (-Xss)
#   Set larger code cache with -XX:ReservedCodeCacheSize=
#   JVM is running with Zero Based Compressed Oops mode in which the Java heap is
#     placed in the first 32GB address space. The Java Heap base address is the
#     maximum limit for the native heap growth. Please use -XX:HeapBaseMinAddress
#     to set the Java Heap base and to place the Java Heap above 32GB virtual address.
# This output file may be truncated or incomplete.
#
#  Out of Memory Error (arena.cpp:168), pid=72976, tid=57708
#
# JRE version: OpenJDK Runtime Environment Temurin-21.0.12.1+1 (21.0.12.1+1) (build 21.0.12.1+1-LTS)
# Java VM: OpenJDK 64-Bit Server VM Temurin-21.0.12.1+1 (21.0.12.1+1-LTS, mixed mode, sharing, tiered, compressed oops, compressed class ptrs, g1 gc, windows-amd64)
# No core dump will be written. Minidumps are not enabled by default on client versions of Windows
#

---------------  S U M M A R Y ------------

Command Line: --add-opens=java.base/java.lang=ALL-UNNAMED --add-opens=java.base/java.lang.invoke=ALL-UNNAMED --add-opens=java.base/java.util=ALL-UNNAMED --add-opens=java.prefs/java.util.prefs=ALL-UNNAMED --add-exports=jdk.compiler/com.sun.tools.javac.api=ALL-UNNAMED --add-exports=jdk.compiler/com.sun.tools.javac.util=ALL-UNNAMED --add-opens=java.base/java.util=ALL-UNNAMED --add-opens=java.prefs/java.util.prefs=ALL-UNNAMED --add-opens=java.base/java.nio.charset=ALL-UNNAMED --add-opens=java.base/java.net=ALL-UNNAMED --add-opens=java.base/java.util.concurrent=ALL-UNNAMED --add-opens=java.base/java.util.concurrent.atomic=ALL-UNNAMED --add-opens=java.xml/javax.xml.namespace=ALL-UNNAMED --add-opens=java.base/java.time=ALL-UNNAMED -XX:MaxMetaspaceSize=4G -XX:ReservedCodeCacheSize=512m -XX:+HeapDumpOnOutOfMemoryError -Xmx8G -Dfile.encoding=UTF-8 -Duser.country=IN -Duser.language=en -Duser.variant -javaagent:C:\Users\AJI\.gradle\wrapper\dists\gradle-9.1.0-all\7wzd0jkjit61aq2p43wpjgij9\gradle-9.1.0\lib\agents\gradle-instrumentation-agent-9.1.0.jar org.gradle.launcher.daemon.bootstrap.GradleDaemon 9.1.0

Host: 12th Gen Intel(R) Core(TM) i7-12700H, 20 cores, 15G,  Windows 11 , 64 bit Build 26100 (10.0.26100.9444)
Time: Thu Sep 10 13:14:57 2026 India Standard Time elapsed time: 21.926473 seconds (0d 0h 0m 21s)

---------------  T H R E A D  ---------------

Current thread (0x00000237fca1e720):  JavaThread "C2 CompilerThread0" daemon [_thread_in_native, id=57708, stack(0x000000f88c200000,0x000000f88c300000) (1024K)]


Current CompileTask:
C2:21926 3726   !   4       java.lang.String::<init> (880 bytes)

Stack: [0x000000f88c200000,0x000000f88c300000]
Native frames: (J=compiled Java code, j=interpreted, Vv=VM code, C=native code)
V  [jvm.dll+0x6d83e9]
V  [jvm.dll+0x8b5736]
V  [jvm.dll+0x8b7cee]
V  [jvm.dll+0x8b83d3]
V  [jvm.dll+0x284596]
V  [jvm.dll+0xc685d]
V  [jvm.dll+0xc6da1]
V  [jvm.dll+0x6ff435]
V  [jvm.dll+0x6ff895]
V  [jvm.dll+0x701acd]
V  [jvm.dll+0x6ffe83]
V  [jvm.dll+0x255da3]
V  [jvm.dll+0x25612d]
V  [jvm.dll+0x24e6a0]
V  [jvm.dll+0x24bbe6]
V  [jvm.dll+0x1cb4ae]
V  [jvm.dll+0x25baad]
V  [jvm.dll+0x25a03a]
V  [jvm.dll+0x3f8aae]
V  [jvm.dll+0x8600cd]
V  [jvm.dll+0x6d6c1d]
C  [ucrtbase.dll+0x2cd30]
C  [KERNEL32.DLL+0x2cd87]
C  [ntdll.dll+0xacaec]


---------------  P R O C E S S  ---------------

Threads class SMR info:
_java_thread_list=0x00000237ff3a8370, length=29, elements={
0x00000237d3831bc0, 0x00000237fca185a0, 0x00000237fca19000, 0x00000237fca19a60,
0x00000237fca1a4c0, 0x00000237fca1af20, 0x00000237fca1b980, 0x00000237fca1e720,
0x00000237fca211d0, 0x00000237fcd55a20, 0x00000237fcdac0d0, 0x00000237fd8ef730,
0x00000237fd97fe20, 0x00000237fdb20020, 0x00000237fd04c510, 0x00000237fdad4040,
0x00000237fd9d3670, 0x00000237fceea8b0, 0x00000237fcee9b90, 0x00000237fceea220,
0x00000237fcee8e70, 0x00000237fcee87e0, 0x00000237fcee7430, 0x00000237fcee7ac0,
0x00000237fcee9500, 0x00000237cd367a80, 0x00000237fef30c10, 0x00000237feb9d000,
0x00000237feb99b80
}

Java Threads: ( => current thread )
  0x00000237d3831bc0 JavaThread "main"                              [_thread_blocked, id=59852, stack(0x000000f88b400000,0x000000f88b500000) (1024K)]
  0x00000237fca185a0 JavaThread "Reference Handler"          daemon [_thread_blocked, id=83104, stack(0x000000f88bc00000,0x000000f88bd00000) (1024K)]
  0x00000237fca19000 JavaThread "Finalizer"                  daemon [_thread_blocked, id=56496, stack(0x000000f88bd00000,0x000000f88be00000) (1024K)]
  0x00000237fca19a60 JavaThread "Signal Dispatcher"          daemon [_thread_blocked, id=69744, stack(0x000000f88be00000,0x000000f88bf00000) (1024K)]
  0x00000237fca1a4c0 JavaThread "Attach Listener"            daemon [_thread_blocked, id=53112, stack(0x000000f88bf00000,0x000000f88c000000) (1024K)]
  0x00000237fca1af20 JavaThread "Service Thread"             daemon [_thread_blocked, id=55252, stack(0x000000f88c000000,0x000000f88c100000) (1024K)]
  0x00000237fca1b980 JavaThread "Monitor Deflation Thread"   daemon [_thread_blocked, id=3012, stack(0x000000f88c100000,0x000000f88c200000) (1024K)]
=>0x00000237fca1e720 JavaThread "C2 CompilerThread0"         daemon [_thread_in_native, id=57708, stack(0x000000f88c200000,0x000000f88c300000) (1024K)]
  0x00000237fca211d0 JavaThread "C1 CompilerThread0"         daemon [_thread_blocked, id=53236, stack(0x000000f88c300000,0x000000f88c400000) (1024K)]
  0x00000237fcd55a20 JavaThread "Common-Cleaner"             daemon [_thread_blocked, id=64852, stack(0x000000f88c700000,0x000000f88c800000) (1024K)]
  0x00000237fcdac0d0 JavaThread "Notification Thread"        daemon [_thread_blocked, id=56624, stack(0x000000f88c800000,0x000000f88c900000) (1024K)]
  0x00000237fd8ef730 JavaThread "Daemon health stats"               [_thread_blocked, id=39628, stack(0x000000f88c400000,0x000000f88c500000) (1024K)]
  0x00000237fd97fe20 JavaThread "Incoming local TCP Connector on port 63400"        [_thread_in_native, id=45612, stack(0x000000f88c500000,0x000000f88c600000) (1024K)]
  0x00000237fdb20020 JavaThread "Daemon periodic checks"            [_thread_blocked, id=59944, stack(0x000000f88cd00000,0x000000f88ce00000) (1024K)]
  0x00000237fd04c510 JavaThread "Daemon"                            [_thread_blocked, id=41992, stack(0x000000f88ce00000,0x000000f88cf00000) (1024K)]
  0x00000237fdad4040 JavaThread "Handler for socket connection from /127.0.0.1:63400 to /127.0.0.1:63401"        [_thread_in_native, id=78792, stack(0x000000f88cf00000,0x000000f88d000000) (1024K)]
  0x00000237fd9d3670 JavaThread "Cancel handler"                    [_thread_blocked, id=22900, stack(0x000000f88d000000,0x000000f88d100000) (1024K)]
  0x00000237fceea8b0 JavaThread "Daemon worker"                     [_thread_in_native, id=47328, stack(0x000000f88d100000,0x000000f88d200000) (1024K)]
  0x00000237fcee9b90 JavaThread "Asynchronous log dispatcher for DefaultDaemonConnection: socket connection from /127.0.0.1:63400 to /127.0.0.1:63401"        [_thread_blocked, id=54440, stack(0x000000f88d200000,0x000000f88d300000) (1024K)]
  0x00000237fceea220 JavaThread "Stdin handler"                     [_thread_blocked, id=33884, stack(0x000000f88d300000,0x000000f88d400000) (1024K)]
  0x00000237fcee8e70 JavaThread "Daemon client event forwarder"        [_thread_blocked, id=10584, stack(0x000000f88d400000,0x000000f88d500000) (1024K)]
  0x00000237fcee87e0 JavaThread "Cache worker for journal cache (C:\Users\AJI\.gradle\caches\journal-1)"        [_thread_blocked, id=51044, stack(0x000000f88d500000,0x000000f88d600000) (1024K)]
  0x00000237fcee7430 JavaThread "File lock request listener"        [_thread_in_native, id=35720, stack(0x000000f88d600000,0x000000f88d700000) (1024K)]
  0x00000237fcee7ac0 JavaThread "File lock release action executor"        [_thread_blocked, id=78640, stack(0x000000f88d700000,0x000000f88d800000) (1024K)]
  0x00000237fcee9500 JavaThread "Cache worker for file hash cache (C:\Users\AJI\.gradle\caches\9.1.0\fileHashes)"        [_thread_blocked, id=83500, stack(0x000000f88d800000,0x000000f88d900000) (1024K)]
  0x00000237cd367a80 JavaThread "C1 CompilerThread1"         daemon [_thread_blocked, id=66124, stack(0x000000f88e600000,0x000000f88e700000) (1024K)]
  0x00000237fef30c10 JavaThread "C1 CompilerThread2"         daemon [_thread_blocked, id=23760, stack(0x000000f88e700000,0x000000f88e800000) (1024K)]
  0x00000237feb9d000 JavaThread "Cache worker for file hash cache (C:\Users\AJI\Documents\personal_website\ajilesh_web\aj_profile\android\.gradle\9.1.0\fileHashes)"        [_thread_blocked, id=28320, stack(0x000000f88e800000,0x000000f88e900000) (1024K)]
  0x00000237feb99b80 JavaThread "Cache worker for Build Output Cleanup Cache (C:\Users\AJI\Documents\personal_website\ajilesh_web\aj_profile\android\.gradle\buildOutputCleanup)"        [_thread_blocked, id=12912, stack(0x000000f88e500000,0x000000f88e600000) (1024K)]
Total: 29

Other Threads:
  0x00000237fc9f8e80 VMThread "VM Thread"                           [id=19984, stack(0x000000f88bb00000,0x000000f88bc00000) (1024K)]
  0x00000237f99f9600 WatcherThread "VM Periodic Task Thread"        [id=51500, stack(0x000000f88ba00000,0x000000f88bb00000) (1024K)]
  0x00000237d38dd740 WorkerThread "GC Thread#0"                     [id=34304, stack(0x000000f88b500000,0x000000f88b600000) (1024K)]
  0x00000237fcdf2090 WorkerThread "GC Thread#1"                     [id=50920, stack(0x000000f88c600000,0x000000f88c700000) (1024K)]
  0x00000237fcdcfe70 WorkerThread "GC Thread#2"                     [id=68116, stack(0x000000f88c900000,0x000000f88ca00000) (1024K)]
  0x00000237fcdd0220 WorkerThread "GC Thread#3"                     [id=66712, stack(0x000000f88ca00000,0x000000f88cb00000) (1024K)]
  0x00000237fcdd05d0 WorkerThread "GC Thread#4"                     [id=3052, stack(0x000000f88cb00000,0x000000f88cc00000) (1024K)]
  0x00000237fcdedd60 WorkerThread "GC Thread#5"                     [id=59252, stack(0x000000f88cc00000,0x000000f88cd00000) (1024K)]
  0x00000237ff0344c0 WorkerThread "GC Thread#6"                     [id=10688, stack(0x000000f88d900000,0x000000f88da00000) (1024K)]
  0x00000237ff034870 WorkerThread "GC Thread#7"                     [id=39048, stack(0x000000f88da00000,0x000000f88db00000) (1024K)]
  0x00000237ff034c20 WorkerThread "GC Thread#8"                     [id=18264, stack(0x000000f88db00000,0x000000f88dc00000) (1024K)]
  0x00000237ff035380 WorkerThread "GC Thread#9"                     [id=20100, stack(0x000000f88dc00000,0x000000f88dd00000) (1024K)]
  0x00000237ff0339b0 WorkerThread "GC Thread#10"                    [id=3440, stack(0x000000f88dd00000,0x000000f88de00000) (1024K)]
  0x00000237ff033d60 WorkerThread "GC Thread#11"                    [id=46072, stack(0x000000f88de00000,0x000000f88df00000) (1024K)]
  0x00000237cdfa4560 WorkerThread "GC Thread#12"                    [id=21064, stack(0x000000f88df00000,0x000000f88e000000) (1024K)]
  0x00000237cdfa3a50 WorkerThread "GC Thread#13"                    [id=14536, stack(0x000000f88e000000,0x000000f88e100000) (1024K)]
  0x00000237cdfa4910 WorkerThread "GC Thread#14"                    [id=22776, stack(0x000000f88e100000,0x000000f88e200000) (1024K)]
  0x00000237f9800080 ConcurrentGCThread "G1 Main Marker"            [id=44948, stack(0x000000f88b600000,0x000000f88b700000) (1024K)]
  0x00000237f9802670 WorkerThread "G1 Conc#0"                       [id=63640, stack(0x000000f88b700000,0x000000f88b800000) (1024K)]
  0x00000237cdfa5420 WorkerThread "G1 Conc#1"                       [id=27180, stack(0x000000f88e200000,0x000000f88e300000) (1024K)]
  0x00000237cdfa27e0 WorkerThread "G1 Conc#2"                       [id=59176, stack(0x000000f88e300000,0x000000f88e400000) (1024K)]
  0x00000237cdfa57d0 WorkerThread "G1 Conc#3"                       [id=46412, stack(0x000000f88e400000,0x000000f88e500000) (1024K)]
  0x00000237f98cae70 ConcurrentGCThread "G1 Refine#0"               [id=71976, stack(0x000000f88b800000,0x000000f88b900000) (1024K)]
  0x00000237f98cb6a0 ConcurrentGCThread "G1 Service"                [id=54068, stack(0x000000f88b900000,0x000000f88ba00000) (1024K)]
Total: 24

Threads with active compile tasks:
C2 CompilerThread0  21978 3726   !   4       java.lang.String::<init> (880 bytes)
Total: 1

VM state: not at safepoint (normal execution)

VM Mutex/Monitor currently owned by a thread: None

Heap address: 0x0000000600000000, size: 8192 MB, Compressed Oops mode: Zero based, Oop shift amount: 3

CDS archive(s) mapped at: [0x0000023788000000-0x0000023788ba0000-0x0000023788ba0000), size 12189696, SharedBaseAddress: 0x0000023788000000, ArchiveRelocationMode: 1.
Compressed class space mapped at: 0x0000023789000000-0x00000237c9000000, reserved size: 1073741824
Narrow klass base: 0x0000023788000000, Narrow klass shift: 0, Narrow klass range: 0x100000000

GC Precious Log:
 CardTable entry size: 512
 Card Set container configuration: InlinePtr #cards 4 size 8 Array Of Cards #cards 32 size 80 Howl #buckets 8 coarsen threshold 7372 Howl Bitmap #cards 1024 size 144 coarsen threshold 921 Card regions per heap region 1 cards per card region 8192
 CPUs: 20 total, 20 available
 Memory: 16068M
 Large Page Support: Disabled
 NUMA Support: Disabled
 Compressed Oops: Enabled (Zero based)
 Heap Region Size: 4M
 Heap Min Capacity: 8M
 Heap Initial Capacity: 252M
 Heap Max Capacity: 8G
 Pre-touch: Disabled
 Parallel Workers: 15
 Concurrent Workers: 4
 Concurrent Refinement Workers: 15
 Periodic GC: Disabled

Heap:
 garbage-first heap   total 81920K, used 60516K [0x0000000600000000, 0x0000000800000000)
  region size 4096K, 15 young (61440K), 5 survivors (20480K)
 Metaspace       used 25491K, committed 26432K, reserved 1114112K
  class space    used 3653K, committed 4096K, reserved 1048576K

Heap Regions: E=young(eden), S=young(survivor), O=old, HS=humongous(starts), HC=humongous(continues), CS=collection set, F=free, TAMS=top-at-mark-start, PB=parsable bottom
|   0|0x0000000600000000, 0x0000000600400000, 0x0000000600400000|100%|HS|  |TAMS 0x0000000600000000| PB 0x0000000600000000| Complete 
|   1|0x0000000600400000, 0x0000000600400000, 0x0000000600800000|  0%| F|  |TAMS 0x0000000600400000| PB 0x0000000600400000| Untracked 
|   2|0x0000000600800000, 0x0000000600800000, 0x0000000600c00000|  0%| F|  |TAMS 0x0000000600800000| PB 0x0000000600800000| Untracked 
|   3|0x0000000600c00000, 0x0000000600c00000, 0x0000000601000000|  0%| F|  |TAMS 0x0000000600c00000| PB 0x0000000600c00000| Untracked 
|   4|0x0000000601000000, 0x0000000601000000, 0x0000000601400000|  0%| F|  |TAMS 0x0000000601000000| PB 0x0000000601000000| Untracked 
|   5|0x0000000601400000, 0x00000006015cc948, 0x0000000601800000| 44%| E|  |TAMS 0x0000000601400000| PB 0x0000000601400000| Complete 
|   6|0x0000000601800000, 0x0000000601c00000, 0x0000000601c00000|100%| E|CS|TAMS 0x0000000601800000| PB 0x0000000601800000| Complete 
|   7|0x0000000601c00000, 0x0000000602000000, 0x0000000602000000|100%| E|CS|TAMS 0x0000000601c00000| PB 0x0000000601c00000| Complete 
|   8|0x0000000602000000, 0x0000000602400000, 0x0000000602400000|100%| E|CS|TAMS 0x0000000602000000| PB 0x0000000602000000| Complete 
|   9|0x0000000602400000, 0x0000000602800000, 0x0000000602800000|100%| E|CS|TAMS 0x0000000602400000| PB 0x0000000602400000| Complete 
|  10|0x0000000602800000, 0x0000000602c00000, 0x0000000602c00000|100%| E|CS|TAMS 0x0000000602800000| PB 0x0000000602800000| Complete 
|  11|0x0000000602c00000, 0x0000000603000000, 0x0000000603000000|100%| E|CS|TAMS 0x0000000602c00000| PB 0x0000000602c00000| Complete 
|  12|0x0000000603000000, 0x0000000603400000, 0x0000000603400000|100%| E|CS|TAMS 0x0000000603000000| PB 0x0000000603000000| Complete 
|  13|0x0000000603400000, 0x0000000603800000, 0x0000000603800000|100%| E|CS|TAMS 0x0000000603400000| PB 0x0000000603400000| Complete 
|  22|0x0000000605800000, 0x0000000605b191c0, 0x0000000605c00000| 77%| S|CS|TAMS 0x0000000605800000| PB 0x0000000605800000| Complete 
|  23|0x0000000605c00000, 0x0000000606000000, 0x0000000606000000|100%| S|CS|TAMS 0x0000000605c00000| PB 0x0000000605c00000| Complete 
|  24|0x0000000606000000, 0x0000000606400000, 0x0000000606400000|100%| S|CS|TAMS 0x0000000606000000| PB 0x0000000606000000| Complete 
|  25|0x0000000606400000, 0x0000000606800000, 0x0000000606800000|100%| S|CS|TAMS 0x0000000606400000| PB 0x0000000606400000| Complete 
|  26|0x0000000606800000, 0x0000000606c00000, 0x0000000606c00000|100%| S|CS|TAMS 0x0000000606800000| PB 0x0000000606800000| Complete 
|  62|0x000000060f800000, 0x000000060fc00000, 0x000000060fc00000|100%| E|CS|TAMS 0x000000060f800000| PB 0x000000060f800000| Complete 

Card table byte_map: [0x00000237f86f0000,0x00000237f96f0000] _byte_map_base: 0x00000237f56f0000

Marking Bits: (CMBitMap*) 0x00000237d38de570
 Bits: [0x0000023780000000, 0x0000023788000000)

Polling page: 0x00000237d1690000

Metaspace:

Usage:
  Non-class:     21.33 MB used.
      Class:      3.57 MB used.
       Both:     24.89 MB used.

Virtual space:
  Non-class space:       64.00 MB reserved,      21.81 MB ( 34%) committed,  1 nodes.
      Class space:        1.00 GB reserved,       4.00 MB ( <1%) committed,  1 nodes.
             Both:        1.06 GB reserved,      25.81 MB (  2%) committed. 

Chunk freelists:
   Non-Class:  9.92 MB
       Class:  11.83 MB
        Both:  21.75 MB

MaxMetaspaceSize: 4.00 GB
CompressedClassSpaceSize: 1.00 GB
Initial GC threshold: 21.00 MB
Current GC threshold: 35.12 MB
CDS: on
 - commit_granule_bytes: 65536.
 - commit_granule_words: 8192.
 - virtual_space_node_default_size: 8388608.
 - enlarge_chunks_in_place: 1.
 - use_allocation_guard: 0.


Internal statistics:

num_allocs_failed_limit: 3.
num_arena_births: 1448.
num_arena_deaths: 0.
num_vsnodes_births: 2.
num_vsnodes_deaths: 0.
num_space_committed: 413.
num_space_uncommitted: 0.
num_chunks_returned_to_freelist: 3.
num_chunks_taken_from_freelist: 2563.
num_chunk_merges: 3.
num_chunk_splits: 1653.
num_chunks_enlarged: 1045.
num_inconsistent_stats: 0.

CodeHeap 'non-profiled nmethods': size=258432Kb used=2066Kb max_used=2066Kb free=256365Kb
 bounds [0x00000237e6dd0000, 0x00000237e7040000, 0x00000237f6a30000]
CodeHeap 'profiled nmethods': size=258368Kb used=7380Kb max_used=7380Kb free=250987Kb
 bounds [0x00000237d6a30000, 0x00000237d7170000, 0x00000237e6680000]
CodeHeap 'non-nmethods': size=7488Kb used=2557Kb max_used=2932Kb free=4931Kb
 bounds [0x00000237e6680000, 0x00000237e6960000, 0x00000237e6dd0000]
CodeCache: size=524288Kb, used=12003Kb, max_used=12378Kb, free=512283Kb
 total_blobs=4317, nmethods=3729, adapters=490, full_count=0
Compilation: enabled, stopped_count=0, restarted_count=0

Compilation events (20 events):
Event: 21.681 Thread 0x00000237fca211d0 3717       3       java.lang.PublicMethods$MethodList::filter (104 bytes)
Event: 21.682 Thread 0x00000237fef30c10 nmethod 3716 0x00000237d715fc90 code [0x00000237d715fec0, 0x00000237d7160468]
Event: 21.682 Thread 0x00000237fca211d0 nmethod 3717 0x00000237d7160790 code [0x00000237d71609e0, 0x00000237d71613d8]
Event: 21.687 Thread 0x00000237fca211d0 3718       3       java.util.Arrays$ArrayList::size (6 bytes)
Event: 21.687 Thread 0x00000237fca211d0 nmethod 3718 0x00000237d7161890 code [0x00000237d7161a20, 0x00000237d7161b38]
Event: 21.800 Thread 0x00000237fca1e720 3719       4       jdk.internal.org.objectweb.asm.ByteVector::enlarge (73 bytes)
Event: 21.805 Thread 0x00000237fca1e720 nmethod 3719 0x00000237e6fd4390 code [0x00000237e6fd4540, 0x00000237e6fd4988]
Event: 21.838 Thread 0x00000237fef30c10 3720       3       jdk.internal.org.objectweb.asm.MethodVisitor::visitMethodInsn (80 bytes)
Event: 21.838 Thread 0x00000237cd367a80 3721       3       java.lang.invoke.TypeConvertingMethodAdapter::<init> (8 bytes)
Event: 21.838 Thread 0x00000237fca211d0 3722       3       jdk.internal.org.objectweb.asm.MethodVisitor::visitCode (15 bytes)
Event: 21.838 Thread 0x00000237fef30c10 nmethod 3720 0x00000237d7161c10 code [0x00000237d7161e00, 0x00000237d71622c8]
Event: 21.839 Thread 0x00000237cd367a80 nmethod 3721 0x00000237d7162410 code [0x00000237d71625c0, 0x00000237d7162708]
Event: 21.839 Thread 0x00000237fca211d0 nmethod 3722 0x00000237d7162790 code [0x00000237d7162940, 0x00000237d7162b50]
Event: 21.841 Thread 0x00000237cd367a80 3723       3       jdk.internal.org.objectweb.asm.MethodVisitor::visitMaxs (17 bytes)
Event: 21.841 Thread 0x00000237fef30c10 3724       3       jdk.internal.org.objectweb.asm.MethodVisitor::visitEnd (15 bytes)
Event: 21.842 Thread 0x00000237fef30c10 nmethod 3724 0x00000237d7162c10 code [0x00000237d7162dc0, 0x00000237d7162fd0]
Event: 21.842 Thread 0x00000237cd367a80 nmethod 3723 0x00000237d7163090 code [0x00000237d7163240, 0x00000237d7163450]
Event: 21.858 Thread 0x00000237cd367a80 3725       3       java.lang.reflect.Method::acquireMethodAccessor (55 bytes)
Event: 21.859 Thread 0x00000237cd367a80 nmethod 3725 0x00000237d7163510 code [0x00000237d7163720, 0x00000237d7163cc0]
Event: 21.864 Thread 0x00000237fca1e720 3726   !   4       java.lang.String::<init> (880 bytes)

GC Heap History (6 events):
Event: 1.795 GC heap before
{Heap before GC invocations=0 (full 0):
 garbage-first heap   total 258048K, used 20480K [0x0000000600000000, 0x0000000800000000)
  region size 4096K, 5 young (20480K), 0 survivors (0K)
 Metaspace       used 870K, committed 1024K, reserved 1114112K
  class space    used 71K, committed 128K, reserved 1048576K
}
Event: 1.798 GC heap after
{Heap after GC invocations=1 (full 0):
 garbage-first heap   total 258048K, used 1616K [0x0000000600000000, 0x0000000800000000)
  region size 4096K, 1 young (4096K), 1 survivors (4096K)
 Metaspace       used 870K, committed 1024K, reserved 1114112K
  class space    used 71K, committed 128K, reserved 1048576K
}
Event: 3.319 GC heap before
{Heap before GC invocations=1 (full 0):
 garbage-first heap   total 258048K, used 54864K [0x0000000600000000, 0x0000000800000000)
  region size 4096K, 13 young (53248K), 1 survivors (4096K)
 Metaspace       used 4610K, committed 4800K, reserved 1114112K
  class space    used 581K, committed 704K, reserved 1048576K
}
Event: 3.325 GC heap after
{Heap after GC invocations=2 (full 0):
 garbage-first heap   total 258048K, used 11835K [0x0000000600000000, 0x0000000800000000)
  region size 4096K, 2 young (8192K), 2 survivors (8192K)
 Metaspace       used 4610K, committed 4800K, reserved 1114112K
  class space    used 581K, committed 704K, reserved 1048576K
}
Event: 19.947 GC heap before
{Heap before GC invocations=2 (full 0):
 garbage-first heap   total 258048K, used 142907K [0x0000000600000000, 0x0000000800000000)
  region size 4096K, 36 young (147456K), 2 survivors (8192K)
 Metaspace       used 20859K, committed 21504K, reserved 1114112K
  class space    used 2894K, committed 3200K, reserved 1048576K
}
Event: 19.959 GC heap after
{Heap after GC invocations=3 (full 0):
 garbage-first heap   total 258048K, used 23652K [0x0000000600000000, 0x0000000800000000)
  region size 4096K, 5 young (20480K), 5 survivors (20480K)
 Metaspace       used 20859K, committed 21504K, reserved 1114112K
  class space    used 2894K, committed 3200K, reserved 1048576K
}

Dll operation events (20 events):
Event: 0.355 Attempting to load shared library C:\Users\AJI\.vscode\extensions\redhat.java-1.56.0-win32-x64\jre\21.0.12.1-win32-x86_64\bin\nio.dll
Event: 0.356 Loaded shared library C:\Users\AJI\.vscode\extensions\redhat.java-1.56.0-win32-x64\jre\21.0.12.1-win32-x86_64\bin\nio.dll
Event: 0.360 Attempting to load shared library C:\Users\AJI\.vscode\extensions\redhat.java-1.56.0-win32-x64\jre\21.0.12.1-win32-x86_64\bin\zip.dll
Event: 0.360 Loaded shared library C:\Users\AJI\.vscode\extensions\redhat.java-1.56.0-win32-x64\jre\21.0.12.1-win32-x86_64\bin\zip.dll
Event: 1.860 Attempting to load shared library C:\Users\AJI\.vscode\extensions\redhat.java-1.56.0-win32-x64\jre\21.0.12.1-win32-x86_64\bin\jimage.dll
Event: 1.860 Loaded shared library C:\Users\AJI\.vscode\extensions\redhat.java-1.56.0-win32-x64\jre\21.0.12.1-win32-x86_64\bin\jimage.dll
Event: 2.289 Attempting to load shared library C:\Users\AJI\.vscode\extensions\redhat.java-1.56.0-win32-x64\jre\21.0.12.1-win32-x86_64\bin\verify.dll
Event: 2.290 Loaded shared library C:\Users\AJI\.vscode\extensions\redhat.java-1.56.0-win32-x64\jre\21.0.12.1-win32-x86_64\bin\verify.dll
Event: 2.352 Attempting to load shared library C:\Users\AJI\.gradle\native\1def1411415f61bf3af743bc5b6707747c0891f09f0c88961ee8f79bc544acac\windows-amd64\native-platform.dll
Event: 2.353 Loaded shared library C:\Users\AJI\.gradle\native\1def1411415f61bf3af743bc5b6707747c0891f09f0c88961ee8f79bc544acac\windows-amd64\native-platform.dll
Event: 2.364 Attempting to load shared library C:\Users\AJI\.gradle\native\0.2.8\x86_64-windows-gnu\gradle-fileevents.dll
Event: 2.365 Loaded shared library C:\Users\AJI\.gradle\native\0.2.8\x86_64-windows-gnu\gradle-fileevents.dll
Event: 6.115 Attempting to load shared library C:\Users\AJI\.vscode\extensions\redhat.java-1.56.0-win32-x64\jre\21.0.12.1-win32-x86_64\bin\management.dll
Event: 6.119 Loaded shared library C:\Users\AJI\.vscode\extensions\redhat.java-1.56.0-win32-x64\jre\21.0.12.1-win32-x86_64\bin\management.dll
Event: 6.122 Attempting to load shared library C:\Users\AJI\.vscode\extensions\redhat.java-1.56.0-win32-x64\jre\21.0.12.1-win32-x86_64\bin\management_ext.dll
Event: 6.125 Loaded shared library C:\Users\AJI\.vscode\extensions\redhat.java-1.56.0-win32-x64\jre\21.0.12.1-win32-x86_64\bin\management_ext.dll
Event: 6.541 Attempting to load shared library C:\Users\AJI\.vscode\extensions\redhat.java-1.56.0-win32-x64\jre\21.0.12.1-win32-x86_64\bin\extnet.dll
Event: 6.543 Loaded shared library C:\Users\AJI\.vscode\extensions\redhat.java-1.56.0-win32-x64\jre\21.0.12.1-win32-x86_64\bin\extnet.dll
Event: 6.946 Attempting to load shared library C:\Users\AJI\.vscode\extensions\redhat.java-1.56.0-win32-x64\jre\21.0.12.1-win32-x86_64\bin\sunmscapi.dll
Event: 6.951 Loaded shared library C:\Users\AJI\.vscode\extensions\redhat.java-1.56.0-win32-x64\jre\21.0.12.1-win32-x86_64\bin\sunmscapi.dll

Deoptimization events (20 events):
Event: 20.792 Thread 0x00000237fceea8b0 Uncommon trap: trap_request=0xffffff45 fr.pc=0x00000237e6f53420 relative=0x00000000000002c0
Event: 20.792 Thread 0x00000237fceea8b0 Uncommon trap: reason=unstable_if action=reinterpret pc=0x00000237e6f53420 method=java.util.HashMap.getNode(Ljava/lang/Object;)Ljava/util/HashMap$Node; @ 131 c2
Event: 20.792 Thread 0x00000237fceea8b0 DEOPT PACKING pc=0x00000237e6f53420 sp=0x000000f88d1fba20
Event: 20.792 Thread 0x00000237fceea8b0 DEOPT UNPACKING pc=0x00000237e66d4422 sp=0x000000f88d1fb9a0 mode 2
Event: 20.920 Thread 0x00000237fceea8b0 Uncommon trap: trap_request=0xffffff45 fr.pc=0x00000237e6f3719c relative=0x0000000000000cfc
Event: 20.920 Thread 0x00000237fceea8b0 Uncommon trap: reason=unstable_if action=reinterpret pc=0x00000237e6f3719c method=jdk.internal.org.objectweb.asm.SymbolTable.addType(Ljava/lang/String;)I @ 33 c2
Event: 20.920 Thread 0x00000237fceea8b0 DEOPT PACKING pc=0x00000237e6f3719c sp=0x000000f88d1facf0
Event: 20.920 Thread 0x00000237fceea8b0 DEOPT UNPACKING pc=0x00000237e66d4422 sp=0x000000f88d1fac28 mode 2
Event: 20.920 Thread 0x00000237fceea8b0 Uncommon trap: trap_request=0xffffff45 fr.pc=0x00000237e6efaff4 relative=0x0000000000000394
Event: 20.920 Thread 0x00000237fceea8b0 Uncommon trap: reason=unstable_if action=reinterpret pc=0x00000237e6efaff4 method=jdk.internal.org.objectweb.asm.SymbolTable.addType(Ljava/lang/String;)I @ 33 c2
Event: 20.920 Thread 0x00000237fceea8b0 DEOPT PACKING pc=0x00000237e6efaff4 sp=0x000000f88d1fad30
Event: 20.920 Thread 0x00000237fceea8b0 DEOPT UNPACKING pc=0x00000237e66d4422 sp=0x000000f88d1facb8 mode 2
Event: 21.001 Thread 0x00000237fceea8b0 Uncommon trap: trap_request=0xffffffde fr.pc=0x00000237e6ddc4d0 relative=0x00000000000001b0
Event: 21.001 Thread 0x00000237fceea8b0 Uncommon trap: reason=class_check action=maybe_recompile pc=0x00000237e6ddc4d0 method=java.lang.String.equals(Ljava/lang/Object;)Z @ 8 c2
Event: 21.001 Thread 0x00000237fceea8b0 DEOPT PACKING pc=0x00000237e6ddc4d0 sp=0x000000f88d1fa7e0
Event: 21.001 Thread 0x00000237fceea8b0 DEOPT UNPACKING pc=0x00000237e66d4422 sp=0x000000f88d1fa778 mode 2
Event: 21.899 Thread 0x00000237fceea8b0 Uncommon trap: trap_request=0xffffff76 fr.pc=0x00000237e6fba410 relative=0x00000000000001d0
Event: 21.899 Thread 0x00000237fceea8b0 Uncommon trap: reason=predicate action=maybe_recompile pc=0x00000237e6fba410 method=com.google.common.base.CharMatcher.indexIn(Ljava/lang/CharSequence;I)I @ 19 c2
Event: 21.899 Thread 0x00000237fceea8b0 DEOPT PACKING pc=0x00000237e6fba410 sp=0x000000f88d1fb4b0
Event: 21.910 Thread 0x00000237fceea8b0 DEOPT UNPACKING pc=0x00000237e66d4422 sp=0x000000f88d1fb440 mode 2

Classes loaded (20 events):
Event: 20.984 Loading class java/util/zip/DeflaterOutputStream done
Event: 20.984 Loading class java/util/zip/GZIPOutputStream done
Event: 20.985 Loading class java/util/zip/GZIPInputStream
Event: 20.985 Loading class java/util/zip/GZIPInputStream done
Event: 20.986 Loading class java/io/UnsupportedEncodingException
Event: 20.986 Loading class java/io/UnsupportedEncodingException done
Event: 21.493 Loading class java/util/Collections$2
Event: 21.493 Loading class java/util/Collections$2 done
Event: 21.770 Loading class java/util/stream/SliceOps
Event: 21.770 Loading class java/util/stream/SliceOps done
Event: 21.770 Loading class java/util/stream/SliceOps$1
Event: 21.770 Loading class java/util/stream/ReferencePipeline$StatefulOp
Event: 21.770 Loading class java/util/stream/ReferencePipeline$StatefulOp done
Event: 21.770 Loading class java/util/stream/SliceOps$1 done
Event: 21.776 Loading class java/util/stream/SliceOps$1$1
Event: 21.776 Loading class java/util/stream/SliceOps$1$1 done
Event: 21.868 Loading class java/util/concurrent/TimeoutException
Event: 21.868 Loading class java/util/concurrent/TimeoutException done
Event: 21.868 Loading class java/util/concurrent/CancellationException
Event: 21.868 Loading class java/util/concurrent/CancellationException done

Classes unloaded (0 events):
No events

Classes redefined (0 events):
No events

Internal exceptions (20 events):
Event: 19.657 Thread 0x00000237fceea8b0 Exception <a 'java/lang/NoSuchMethodError'{0x0000000607266f50}: 'java.lang.Object java.lang.invoke.DirectMethodHandle$Holder.invokeStatic(java.lang.Object, java.lang.Object, java.lang.Object, java.lang.Object, java.lang.Object, java.lang.Object, java.lang.Object, java.lang.Object, java.lang.Object, java.lang.Object, java.lang.Object, java.lang.Object, java.lang.Object, java.lang.Object, java.lang.Object, java.lang.Object, java.lang.Object, java.lang.Object, java.lang.Object, java.lang.Object, java.lang.Obj
Event: 19.663 Thread 0x00000237fceea8b0 Exception <a 'java/lang/NoSuchMethodError'{0x00000006072bab10}: 'int java.lang.invoke.DirectMethodHandle$Holder.invokeStatic(java.lang.Object, java.lang.Object, java.lang.Object, java.lang.Object)'> (0x00000006072bab10) 
thrown [s\src\hotspot\share\interpreter\linkResolver.cpp, line 773]
Event: 19.965 Thread 0x00000237fceea8b0 Exception <a 'java/lang/NoSuchMethodError'{0x000000060f896238}: 'void java.lang.invoke.DirectMethodHandle$Holder.invokeVirtual(java.lang.Object, java.lang.Object, java.lang.Object, java.lang.Object, java.lang.Object)'> (0x000000060f896238) 
thrown [s\src\hotspot\share\interpreter\linkResolver.cpp, line 773]
Event: 20.508 Thread 0x00000237fceea8b0 Exception <a 'java/lang/NoSuchMethodError'{0x00000006030479c8}: 'java.lang.Object java.lang.invoke.DirectMethodHandle$Holder.invokeVirtual(java.lang.Object, java.lang.Object, java.lang.Object, java.lang.Object, java.lang.Object, java.lang.Object, java.lang.Object, java.lang.Object, java.lang.Object, java.lang.Object, java.lang.Object, java.lang.Object, java.lang.Object, java.lang.Object, java.lang.Object, java.lang.Object, java.lang.Object, java.lang.Object, java.lang.Object, java.lang.Object, java.lang.Ob
Event: 20.692 Thread 0x00000237fceea8b0 Exception <a 'java/lang/NoSuchMethodError'{0x00000006032248b0}: 'java.lang.Object java.lang.invoke.DirectMethodHandle$Holder.invokeSpecial(java.lang.Object, java.lang.Object, java.lang.Object, java.lang.Object, java.lang.Object, java.lang.Object, java.lang.Object, java.lang.Object, java.lang.Object, java.lang.Object, java.lang.Object, java.lang.Object, java.lang.Object, java.lang.Object, java.lang.Object, java.lang.Object, java.lang.Object, java.lang.Object, java.lang.Object, java.lang.Object, java.lang.Ob
Event: 20.802 Thread 0x00000237fceea8b0 Exception <a 'java/lang/NoSuchMethodError'{0x0000000602c58668}: 'java.lang.Object java.lang.invoke.DirectMethodHandle$Holder.newInvokeSpecial(java.lang.Object, java.lang.Object, java.lang.Object, java.lang.Object, java.lang.Object, java.lang.Object, java.lang.Object)'> (0x0000000602c58668) 
thrown [s\src\hotspot\share\interpreter\linkResolver.cpp, line 773]
Event: 21.324 Thread 0x00000237fceea8b0 Exception <a 'java/lang/NoSuchMethodError'{0x00000006027c1e00}: 'java.lang.Object java.lang.invoke.DirectMethodHandle$Holder.invokeSpecial(java.lang.Object, java.lang.Object, java.lang.Object, java.lang.Object, java.lang.Object, java.lang.Object, java.lang.Object, java.lang.Object, java.lang.Object, java.lang.Object, java.lang.Object, java.lang.Object, java.lang.Object, java.lang.Object, java.lang.Object, java.lang.Object, java.lang.Object, java.lang.Object, java.lang.Object, java.lang.Object, java.lang.Ob
Event: 21.324 Thread 0x00000237fceea8b0 Exception <a 'java/lang/NoSuchMethodError'{0x00000006027c77e8}: 'java.lang.Object java.lang.invoke.DelegatingMethodHandle$Holder.reinvoke_L(java.lang.Object, java.lang.Object, java.lang.Object, java.lang.Object, java.lang.Object, java.lang.Object, java.lang.Object, java.lang.Object, java.lang.Object, java.lang.Object, java.lang.Object, java.lang.Object, java.lang.Object, java.lang.Object, java.lang.Object, java.lang.Object, java.lang.Object, java.lang.Object, java.lang.Object, java.lang.Object, java.lang.O
Event: 21.325 Thread 0x00000237fceea8b0 Exception <a 'java/lang/NoSuchMethodError'{0x00000006027d2e38}: 'java.lang.Object java.lang.invoke.DirectMethodHandle$Holder.invokeSpecial(java.lang.Object, java.lang.Object, java.lang.Object, java.lang.Object, java.lang.Object, java.lang.Object, java.lang.Object, java.lang.Object, java.lang.Object, java.lang.Object, java.lang.Object, java.lang.Object, java.lang.Object, java.lang.Object, java.lang.Object, java.lang.Object, java.lang.Object, java.lang.Object, java.lang.Object, java.lang.Object, java.lang.Ob
Event: 21.325 Thread 0x00000237fceea8b0 Exception <a 'java/lang/NoSuchMethodError'{0x00000006027d8640}: 'java.lang.Object java.lang.invoke.Invokers$Holder.invoker(java.lang.Object, java.lang.Object, java.lang.Object, java.lang.Object, java.lang.Object, java.lang.Object, java.lang.Object, java.lang.Object, java.lang.Object, java.lang.Object, java.lang.Object, java.lang.Object, java.lang.Object, java.lang.Object, java.lang.Object, java.lang.Object, java.lang.Object, java.lang.Object, java.lang.Object, java.lang.Object, java.lang.Object, java.lang.
Event: 21.326 Thread 0x00000237fceea8b0 Exception <a 'java/lang/NoSuchMethodError'{0x00000006027de828}: 'java.lang.Object java.lang.invoke.DelegatingMethodHandle$Holder.delegate(java.lang.Object, java.lang.Object, java.lang.Object, java.lang.Object, java.lang.Object, java.lang.Object, java.lang.Object, java.lang.Object, java.lang.Object, java.lang.Object, java.lang.Object, java.lang.Object, java.lang.Object, java.lang.Object, java.lang.Object, java.lang.Object, java.lang.Object, java.lang.Object, java.lang.Object, java.lang.Object, java.lang.Obj
Event: 21.370 Thread 0x00000237fceea8b0 Exception <a 'java/lang/NoSuchMethodError'{0x000000060224f038}: 'java.lang.Object java.lang.invoke.DirectMethodHandle$Holder.invokeStaticInit(java.lang.Object, java.lang.Object, java.lang.Object, java.lang.Object)'> (0x000000060224f038) 
thrown [s\src\hotspot\share\interpreter\linkResolver.cpp, line 773]
Event: 21.490 Thread 0x00000237fceea8b0 Exception <a 'java/lang/IncompatibleClassChangeError'{0x0000000601d25260}: Found class java.lang.Object, but interface was expected> (0x0000000601d25260) 
thrown [s\src\hotspot\share\interpreter\linkResolver.cpp, line 840]
Event: 21.503 Thread 0x00000237fceea8b0 Exception <a 'java/lang/NoSuchMethodError'{0x0000000601d9a720}: 'java.lang.Object java.lang.invoke.DirectMethodHandle$Holder.invokeVirtual(java.lang.Object, java.lang.Object, java.lang.Object, java.lang.Object, java.lang.Object, java.lang.Object, java.lang.Object, java.lang.Object, java.lang.Object, java.lang.Object, java.lang.Object, java.lang.Object, java.lang.Object)'> (0x0000000601d9a720) 
thrown [s\src\hotspot\share\interpreter\linkResolver.cpp, line 773]
Event: 21.504 Thread 0x00000237fceea8b0 Exception <a 'java/lang/NoSuchMethodError'{0x0000000601d9f958}: 'java.lang.Object java.lang.invoke.DirectMethodHandle$Holder.invokeSpecial(java.lang.Object, java.lang.Object, java.lang.Object, java.lang.Object, java.lang.Object, java.lang.Object, java.lang.Object, java.lang.Object, java.lang.Object, java.lang.Object, java.lang.Object, java.lang.Object, java.lang.Object, java.lang.Object)'> (0x0000000601d9f958) 
thrown [s\src\hotspot\share\interpreter\linkResolver.cpp, line 773]
Event: 21.504 Thread 0x00000237fceea8b0 Exception <a 'java/lang/NoSuchMethodError'{0x0000000601da46a8}: 'java.lang.Object java.lang.invoke.DelegatingMethodHandle$Holder.reinvoke_L(java.lang.Object, java.lang.Object, java.lang.Object, java.lang.Object, java.lang.Object, java.lang.Object, java.lang.Object, java.lang.Object, java.lang.Object, java.lang.Object, java.lang.Object, java.lang.Object, java.lang.Object)'> (0x0000000601da46a8) 
thrown [s\src\hotspot\share\interpreter\linkResolver.cpp, line 773]
Event: 21.557 Thread 0x00000237fceea8b0 Exception <a 'java/lang/NoSuchMethodError'{0x0000000601f39a98}: 'void java.lang.invoke.DirectMethodHandle$Holder.invokeStaticInit(java.lang.Object, java.lang.Object)'> (0x0000000601f39a98) 
thrown [s\src\hotspot\share\interpreter\linkResolver.cpp, line 773]
Event: 21.577 Thread 0x00000237fceea8b0 Exception <a 'java/lang/NoSuchMethodError'{0x0000000601f99e08}: 'java.lang.Object java.lang.invoke.DirectMethodHandle$Holder.newInvokeSpecial(java.lang.Object, java.lang.Object, java.lang.Object, java.lang.Object, java.lang.Object, java.lang.Object, java.lang.Object, java.lang.Object)'> (0x0000000601f99e08) 
thrown [s\src\hotspot\share\interpreter\linkResolver.cpp, line 773]
Event: 21.630 Thread 0x00000237fceea8b0 Exception <a 'java/lang/NoSuchMethodError'{0x00000006018eb220}: 'java.lang.Object java.lang.invoke.DirectMethodHandle$Holder.newInvokeSpecial(java.lang.Object, java.lang.Object, java.lang.Object, java.lang.Object, java.lang.Object, java.lang.Object, java.lang.Object, java.lang.Object, java.lang.Object, java.lang.Object, java.lang.Object)'> (0x00000006018eb220) 
thrown [s\src\hotspot\share\interpreter\linkResolver.cpp, line 773]
Event: 21.848 Thread 0x00000237fceea8b0 Exception <a 'java/lang/IncompatibleClassChangeError'{0x000000060144cf38}: Found class java.lang.Object, but interface was expected> (0x000000060144cf38) 
thrown [s\src\hotspot\share\interpreter\linkResolver.cpp, line 840]

ZGC Phase Switch (0 events):
No events

VM Operations (20 events):
Event: 11.571 Executing safepoint VM operation: Cleanup
Event: 11.571 Executing safepoint VM operation: Cleanup done
Event: 12.583 Executing safepoint VM operation: Cleanup
Event: 12.583 Executing safepoint VM operation: Cleanup done
Event: 18.659 Executing safepoint VM operation: Cleanup
Event: 18.659 Executing safepoint VM operation: Cleanup done
Event: 18.757 Executing non-safepoint VM operation: HandshakeAllThreads (Deoptimize)
Event: 18.757 Executing non-safepoint VM operation: HandshakeAllThreads (Deoptimize) done
Event: 18.757 Executing non-safepoint VM operation: HandshakeAllThreads (Deoptimize)
Event: 18.757 Executing non-safepoint VM operation: HandshakeAllThreads (Deoptimize) done
Event: 19.758 Executing safepoint VM operation: Cleanup
Event: 19.758 Executing safepoint VM operation: Cleanup done
Event: 19.947 Executing safepoint VM operation: CollectForMetadataAllocation (Metadata GC Threshold)
Event: 19.959 Executing safepoint VM operation: CollectForMetadataAllocation (Metadata GC Threshold) done
Event: 19.962 Executing safepoint VM operation: G1PauseRemark
Event: 19.965 Executing safepoint VM operation: G1PauseRemark done
Event: 19.965 Executing safepoint VM operation: G1PauseCleanup
Event: 19.977 Executing safepoint VM operation: G1PauseCleanup done
Event: 20.989 Executing safepoint VM operation: Cleanup
Event: 20.989 Executing safepoint VM operation: Cleanup done

Memory protections (0 events):
No events

Nmethod flushes (0 events):
No events

Events (20 events):
Event: 6.221 Thread 0x00000237d3831bc0 Thread added: 0x00000237fd8ef730
Event: 6.770 Thread 0x00000237d3831bc0 Thread added: 0x00000237fd97fe20
Event: 6.931 Thread 0x00000237d3831bc0 Thread added: 0x00000237fdb20020
Event: 6.986 Thread 0x00000237fd97fe20 Thread added: 0x00000237fd04c510
Event: 6.994 Thread 0x00000237fd04c510 Thread added: 0x00000237fdad4040
Event: 7.135 Thread 0x00000237fd04c510 Thread added: 0x00000237fd9d3670
Event: 7.152 Thread 0x00000237fd04c510 Thread added: 0x00000237fceea8b0
Event: 7.215 Thread 0x00000237fceea8b0 Thread added: 0x00000237fcee9b90
Event: 7.224 Thread 0x00000237fceea8b0 Thread added: 0x00000237fceea220
Event: 7.236 Thread 0x00000237fceea8b0 Thread added: 0x00000237fcee8e70
Event: 8.535 Thread 0x00000237fceea8b0 Thread added: 0x00000237fcee87e0
Event: 8.545 Thread 0x00000237fceea8b0 Thread added: 0x00000237fcee7430
Event: 8.622 Thread 0x00000237fcee7430 Thread added: 0x00000237fcee7ac0
Event: 8.661 Thread 0x00000237fceea8b0 Thread added: 0x00000237fcee9500
Event: 20.803 Thread 0x00000237fca211d0 Thread added: 0x00000237fd97b630
Event: 20.807 Thread 0x00000237fca211d0 Thread added: 0x00000237cd367a80
Event: 20.807 Thread 0x00000237fca211d0 Thread added: 0x00000237fef30c10
Event: 21.007 Thread 0x00000237fceea8b0 Thread added: 0x00000237feb9d000
Event: 21.224 Thread 0x00000237fd97b630 Thread exited: 0x00000237fd97b630
Event: 21.260 Thread 0x00000237fceea8b0 Thread added: 0x00000237feb99b80


Dynamic libraries:
0x00007ff735c60000 - 0x00007ff735c6e000 	C:\Users\AJI\.vscode\extensions\redhat.java-1.56.0-win32-x64\jre\21.0.12.1-win32-x86_64\bin\java.exe
0x00007ffaa9a20000 - 0x00007ffaa9c87000 	C:\WINDOWS\SYSTEM32\ntdll.dll
0x00007ffaa7cd0000 - 0x00007ffaa7d9b000 	C:\WINDOWS\System32\KERNEL32.DLL
0x00007ffaa71b0000 - 0x00007ffaa75b2000 	C:\WINDOWS\System32\KERNELBASE.dll
0x00007ffaa7050000 - 0x00007ffaa719c000 	C:\WINDOWS\System32\ucrtbase.dll
0x00007ffa5b940000 - 0x00007ffa5b958000 	C:\Users\AJI\.vscode\extensions\redhat.java-1.56.0-win32-x64\jre\21.0.12.1-win32-x86_64\bin\jli.dll
0x00007ffaa7da0000 - 0x00007ffaa7f6f000 	C:\WINDOWS\System32\USER32.dll
0x00007ffaa6e90000 - 0x00007ffaa6eb7000 	C:\WINDOWS\System32\win32u.dll
0x00007ffaa7740000 - 0x00007ffaa776b000 	C:\WINDOWS\System32\GDI32.dll
0x00007ffaa6cd0000 - 0x00007ffaa6df9000 	C:\WINDOWS\System32\gdi32full.dll
0x00007ffaa6c20000 - 0x00007ffaa6cc3000 	C:\WINDOWS\System32\msvcp_win.dll
0x00007ffa76fd0000 - 0x00007ffa76fee000 	C:\Users\AJI\.vscode\extensions\redhat.java-1.56.0-win32-x64\jre\21.0.12.1-win32-x86_64\bin\VCRUNTIME140.dll
0x00007ffa85610000 - 0x00007ffa858a0000 	C:\WINDOWS\WinSxS\amd64_microsoft.windows.common-controls_6595b64144ccf1df_6.0.26100.9278_none_3e0d1ba8e3303201\COMCTL32.dll
0x00007ffaa8760000 - 0x00007ffaa8809000 	C:\WINDOWS\System32\msvcrt.dll
0x00007ffaa9250000 - 0x00007ffaa9281000 	C:\WINDOWS\System32\IMM32.DLL
0x00007ffa8fa10000 - 0x00007ffa8fa1c000 	C:\Users\AJI\.vscode\extensions\redhat.java-1.56.0-win32-x64\jre\21.0.12.1-win32-x86_64\bin\vcruntime140_1.dll
0x00007ff9ae9a0000 - 0x00007ff9aea2d000 	C:\Users\AJI\.vscode\extensions\redhat.java-1.56.0-win32-x64\jre\21.0.12.1-win32-x86_64\bin\msvcp140.dll
0x00007ff96c320000 - 0x00007ff96d0c2000 	C:\Users\AJI\.vscode\extensions\redhat.java-1.56.0-win32-x64\jre\21.0.12.1-win32-x86_64\bin\server\jvm.dll
0x00007ffaa8fb0000 - 0x00007ffaa906c000 	C:\WINDOWS\System32\ADVAPI32.dll
0x00007ffaa7b90000 - 0x00007ffaa7c39000 	C:\WINDOWS\System32\sechost.dll
0x00007ffaa80d0000 - 0x00007ffaa81e8000 	C:\WINDOWS\System32\RPCRT4.dll
0x00007ffaa7c40000 - 0x00007ffaa7cc0000 	C:\WINDOWS\System32\WS2_32.dll
0x00007ffaa6a80000 - 0x00007ffaa6ade000 	C:\WINDOWS\SYSTEM32\POWRPROF.dll
0x00007ffa9deb0000 - 0x00007ffa9debb000 	C:\WINDOWS\SYSTEM32\VERSION.dll
0x00007ffaa0960000 - 0x00007ffaa0996000 	C:\WINDOWS\SYSTEM32\WINMM.dll
0x00007ffaa6a60000 - 0x00007ffaa6a75000 	C:\WINDOWS\SYSTEM32\UMPDC.dll
0x00007ffaa5400000 - 0x00007ffaa541b000 	C:\WINDOWS\SYSTEM32\kernel.appcore.dll
0x00007ffa8f9e0000 - 0x00007ffa8f9ea000 	C:\Users\AJI\.vscode\extensions\redhat.java-1.56.0-win32-x64\jre\21.0.12.1-win32-x86_64\bin\jimage.dll
0x00007ffaa3d10000 - 0x00007ffaa3f5c000 	C:\WINDOWS\SYSTEM32\DBGHELP.DLL
0x00007ffaa9320000 - 0x00007ffaa96a5000 	C:\WINDOWS\System32\combase.dll
0x00007ffaa81f0000 - 0x00007ffaa82c9000 	C:\WINDOWS\System32\OLEAUT32.dll
0x00007ffa84dc0000 - 0x00007ffa84dfb000 	C:\WINDOWS\SYSTEM32\dbgcore.DLL
0x00007ffaa75c0000 - 0x00007ffaa766c000 	C:\WINDOWS\System32\bcryptPrimitives.dll
0x00007ffa80050000 - 0x00007ffa8005f000 	C:\Users\AJI\.vscode\extensions\redhat.java-1.56.0-win32-x64\jre\21.0.12.1-win32-x86_64\bin\instrument.dll
0x00007ffa56a30000 - 0x00007ffa56a50000 	C:\Users\AJI\.vscode\extensions\redhat.java-1.56.0-win32-x64\jre\21.0.12.1-win32-x86_64\bin\java.dll
0x00007ffaa8810000 - 0x00007ffaa8fa8000 	C:\WINDOWS\System32\SHELL32.dll
0x00007ffaa4150000 - 0x00007ffaa49fe000 	C:\WINDOWS\SYSTEM32\windows.storage.dll
0x00007ffaa96b0000 - 0x00007ffaa97ab000 	C:\WINDOWS\System32\SHCORE.dll
0x00007ffaa7a10000 - 0x00007ffaa7a76000 	C:\WINDOWS\System32\shlwapi.dll
0x00007ffaa6b40000 - 0x00007ffaa6b69000 	C:\WINDOWS\SYSTEM32\profapi.dll
0x00007ffa554d0000 - 0x00007ffa554e8000 	C:\Users\AJI\.vscode\extensions\redhat.java-1.56.0-win32-x64\jre\21.0.12.1-win32-x86_64\bin\zip.dll
0x00007ffa813d0000 - 0x00007ffa813e0000 	C:\Users\AJI\.vscode\extensions\redhat.java-1.56.0-win32-x64\jre\21.0.12.1-win32-x86_64\bin\net.dll
0x00007ffa9f270000 - 0x00007ffa9f39a000 	C:\WINDOWS\SYSTEM32\WINHTTP.dll
0x00007ffaa59c0000 - 0x00007ffaa5a2c000 	C:\WINDOWS\system32\mswsock.dll
0x00007ffa554b0000 - 0x00007ffa554c6000 	C:\Users\AJI\.vscode\extensions\redhat.java-1.56.0-win32-x64\jre\21.0.12.1-win32-x86_64\bin\nio.dll
0x00007ffa7fae0000 - 0x00007ffa7faf0000 	C:\Users\AJI\.vscode\extensions\redhat.java-1.56.0-win32-x64\jre\21.0.12.1-win32-x86_64\bin\verify.dll
0x00007ffa399a0000 - 0x00007ffa399c7000 	C:\Users\AJI\.gradle\native\1def1411415f61bf3af743bc5b6707747c0891f09f0c88961ee8f79bc544acac\windows-amd64\native-platform.dll
0x00007ff9bbe60000 - 0x00007ff9bbed7000 	C:\Users\AJI\.gradle\native\0.2.8\x86_64-windows-gnu\gradle-fileevents.dll
0x00007ffa7eee0000 - 0x00007ffa7eeea000 	C:\Users\AJI\.vscode\extensions\redhat.java-1.56.0-win32-x64\jre\21.0.12.1-win32-x86_64\bin\management.dll
0x00007ffa77400000 - 0x00007ffa7740c000 	C:\Users\AJI\.vscode\extensions\redhat.java-1.56.0-win32-x64\jre\21.0.12.1-win32-x86_64\bin\management_ext.dll
0x00007ffaa7b80000 - 0x00007ffaa7b88000 	C:\WINDOWS\System32\PSAPI.DLL
0x00007ffaa4ee0000 - 0x00007ffaa4f13000 	C:\WINDOWS\SYSTEM32\IPHLPAPI.DLL
0x00007ffaa80c0000 - 0x00007ffaa80ca000 	C:\WINDOWS\System32\NSI.dll
0x00007ffa74220000 - 0x00007ffa74229000 	C:\Users\AJI\.vscode\extensions\redhat.java-1.56.0-win32-x64\jre\21.0.12.1-win32-x86_64\bin\extnet.dll
0x00007ffaa5cb0000 - 0x00007ffaa5ccb000 	C:\WINDOWS\SYSTEM32\CRYPTSP.dll
0x00007ffaa5360000 - 0x00007ffaa5399000 	C:\WINDOWS\system32\rsaenh.dll
0x00007ffaa5a70000 - 0x00007ffaa5aa4000 	C:\WINDOWS\SYSTEM32\USERENV.dll
0x00007ffaa6b10000 - 0x00007ffaa6b3a000 	C:\WINDOWS\SYSTEM32\bcrypt.dll
0x00007ffaa5cd0000 - 0x00007ffaa5cdc000 	C:\WINDOWS\SYSTEM32\CRYPTBASE.dll
0x00007ffa73220000 - 0x00007ffa7322e000 	C:\Users\AJI\.vscode\extensions\redhat.java-1.56.0-win32-x64\jre\21.0.12.1-win32-x86_64\bin\sunmscapi.dll
0x00007ffaa6ec0000 - 0x00007ffaa703e000 	C:\WINDOWS\System32\CRYPT32.dll
0x00007ffaa5ea0000 - 0x00007ffaa5ed0000 	C:\WINDOWS\SYSTEM32\ncrypt.dll
0x00007ffaa5e50000 - 0x00007ffaa5e8f000 	C:\WINDOWS\SYSTEM32\NTASN1.dll
0x00007ffa7c400000 - 0x00007ffa7c408000 	C:\WINDOWS\system32\wshunix.dll

JVMTI agents:
C:\Users\AJI\.gradle\wrapper\dists\gradle-9.1.0-all\7wzd0jkjit61aq2p43wpjgij9\gradle-9.1.0\lib\agents\gradle-instrumentation-agent-9.1.0.jar path:C:\Users\AJI\.vscode\extensions\redhat.java-1.56.0-win32-x64\jre\21.0.12.1-win32-x86_64\bin\instrument.dll, loaded, initialized, instrumentlib options:none

dbghelp: loaded successfully - version: 4.0.5 - missing functions: none
symbol engine: initialized successfully - sym options: 0x614 - pdb path: .;C:\Users\AJI\.vscode\extensions\redhat.java-1.56.0-win32-x64\jre\21.0.12.1-win32-x86_64\bin;C:\WINDOWS\SYSTEM32;C:\WINDOWS\WinSxS\amd64_microsoft.windows.common-controls_6595b64144ccf1df_6.0.26100.9278_none_3e0d1ba8e3303201;C:\Users\AJI\.vscode\extensions\redhat.java-1.56.0-win32-x64\jre\21.0.12.1-win32-x86_64\bin\server;C:\Users\AJI\.gradle\native\1def1411415f61bf3af743bc5b6707747c0891f09f0c88961ee8f79bc544acac\windows-amd64;C:\Users\AJI\.gradle\native\0.2.8\x86_64-windows-gnu

VM Arguments:
jvm_args: --add-opens=java.base/java.lang=ALL-UNNAMED --add-opens=java.base/java.lang.invoke=ALL-UNNAMED --add-opens=java.base/java.util=ALL-UNNAMED --add-opens=java.prefs/java.util.prefs=ALL-UNNAMED --add-exports=jdk.compiler/com.sun.tools.javac.api=ALL-UNNAMED --add-exports=jdk.compiler/com.sun.tools.javac.util=ALL-UNNAMED --add-opens=java.base/java.util=ALL-UNNAMED --add-opens=java.prefs/java.util.prefs=ALL-UNNAMED --add-opens=java.base/java.nio.charset=ALL-UNNAMED --add-opens=java.base/java.net=ALL-UNNAMED --add-opens=java.base/java.util.concurrent=ALL-UNNAMED --add-opens=java.base/java.util.concurrent.atomic=ALL-UNNAMED --add-opens=java.xml/javax.xml.namespace=ALL-UNNAMED --add-opens=java.base/java.time=ALL-UNNAMED -XX:MaxMetaspaceSize=4G -XX:ReservedCodeCacheSize=512m -XX:+HeapDumpOnOutOfMemoryError -Xmx8G -Dfile.encoding=UTF-8 -Duser.country=IN -Duser.language=en -Duser.variant -javaagent:C:\Users\AJI\.gradle\wrapper\dists\gradle-9.1.0-all\7wzd0jkjit61aq2p43wpjgij9\gradle-9.1.0\lib\agents\gradle-instrumentation-agent-9.1.0.jar 
java_command: org.gradle.launcher.daemon.bootstrap.GradleDaemon 9.1.0
java_class_path (initial): C:\Users\AJI\.gradle\wrapper\dists\gradle-9.1.0-all\7wzd0jkjit61aq2p43wpjgij9\gradle-9.1.0\lib\gradle-daemon-main-9.1.0.jar
Launcher Type: SUN_STANDARD

[Global flags]
     intx CICompilerCount                          = 12                                        {product} {ergonomic}
     uint ConcGCThreads                            = 4                                         {product} {ergonomic}
     uint G1ConcRefinementThreads                  = 15                                        {product} {ergonomic}
   size_t G1HeapRegionSize                         = 4194304                                   {product} {ergonomic}
    uintx GCDrainStackTargetSize                   = 64                                        {product} {ergonomic}
     bool HeapDumpOnOutOfMemoryError               = true                                   {manageable} {command line}
   size_t InitialHeapSize                          = 264241152                                 {product} {ergonomic}
   size_t MarkStackSize                            = 4194304                                   {product} {ergonomic}
   size_t MaxHeapSize                              = 8589934592                                {product} {command line}
   size_t MaxMetaspaceSize                         = 4294967296                                {product} {command line}
   size_t MaxNewSize                               = 5150605312                                {product} {ergonomic}
   size_t MinHeapDeltaBytes                        = 4194304                                   {product} {ergonomic}
   size_t MinHeapSize                              = 8388608                                   {product} {ergonomic}
    uintx NonNMethodCodeHeapSize                   = 7602480                                {pd product} {ergonomic}
    uintx NonProfiledCodeHeapSize                  = 264634216                              {pd product} {ergonomic}
    uintx ProfiledCodeHeapSize                     = 264634216                              {pd product} {ergonomic}
    uintx ReservedCodeCacheSize                    = 536870912                              {pd product} {command line}
     bool SegmentedCodeCache                       = true                                      {product} {ergonomic}
   size_t SoftMaxHeapSize                          = 8589934592                             {manageable} {ergonomic}
     bool UseCompressedOops                        = true                           {product lp64_product} {ergonomic}
     bool UseG1GC                                  = true                                      {product} {ergonomic}
     bool UseLargePagesIndividualAllocation        = false                                  {pd product} {ergonomic}

Logging:
Log output configuration:
 #0: stdout all=warning uptime,level,tags foldmultilines=false
 #1: stderr all=off uptime,level,tags foldmultilines=false

Release file:
JAVA_VERSION="21.0.12.1" 
MODULES="java.base java.compiler java.datatransfer java.xml java.prefs java.desktop java.instrument java.logging java.management java.security.sasl java.naming java.rmi java.management.rmi java.net.http java.scripting java.security.jgss java.transaction.xa java.sql java.sql.rowset java.xml.crypto java.se java.smartcardio jdk.accessibility jdk.internal.jvmstat jdk.attach jdk.charsets jdk.internal.opt jdk.zipfs jdk.compiler jdk.crypto.ec jdk.crypto.cryptoki jdk.crypto.mscapi jdk.dynalink jdk.internal.ed jdk.editpad jdk.hotspot.agent jdk.httpserver jdk.internal.le jdk.internal.vm.ci jdk.internal.vm.compiler jdk.internal.vm.compiler.management jdk.jartool jdk.javadoc jdk.jcmd jdk.management jdk.management.agent jdk.jconsole jdk.jdeps jdk.jdwp.agent jdk.jdi jdk.jfr jdk.jshell jdk.jsobject jdk.jstatd jdk.localedata jdk.management.jfr jdk.naming.dns jdk.naming.rmi jdk.net jdk.nio.mapmode jdk.random jdk.sctp jdk.security.auth jdk.security.jgss jdk.unsupported jdk.unsupported.desktop jdk.xml.dom" 

Environment Variables:
JAVA_HOME=C:\Program Files\Java\jdk-17
PATH=C:\Python314\Scripts\;C:\Python314\;C:\Program Files\Eclipse Adoptium\jdk-25.0.3.9-hotspot\bin;C:\Program Files\Microsoft\jdk-11.0.16.101-hotspot\bin;C:\WINDOWS\system32;C:\WINDOWS;C:\WINDOWS\System32\Wbem;C:\WINDOWS\System32\WindowsPowerShell\v1.0\;C:\WINDOWS\System32\OpenSSH\;C:\Program Files\dotnet\;C:\MinGW\bin;C:\ProgramData\chocolatey\bin;C:\Users\AJI\AppData\Local\Pub\Cache\bin;C:\Program Files\Java\jdk-17\bin;d:\cursor\resources\app\bin;C:\Users\AJI\develop\flutter\bin;C:\Users\AJI\.local\bin;D:\node\node_modules\npm\bin;D:\node\;C:\Program Files\nodejs\;C:\Program Files\nodejs\node_modules\npm\bin;C:\Users\AJI\Documents\MONGO\mongosh-2.9.2-win32-x64\bin;C:\xampp\php;C:\Program Files\Git\cmd;C:\Users\AJI\AppData\Local\Programs\Python\Python312\Scripts\;C:\Users\AJI\AppData\Local\Programs\Python\Python312\;C:\Users\AJI\.local\bin;C:\Users\AJI\AppData\Local\Microsoft\WindowsApps;D:\IntelliJ IDEA Community Edition 2023.1.5\bin;;C:\mingw64\bin;C:\Users\AJI\.dotnet\tools;C:\Users\AJI\Documents\flutter_windows_3.13.4-stable\flutter\bin;C:\Users\AJI\AppData\Local\Pub\Cache\bin;D:\flutter_pub_cache;C:\Users\AJI\AppData\Local\Android\Sdk;C:\Program Files\Java\jdk-17\bin;D:\rider\JetBrains Rider 2024.3.7\bin;;D:\Program Files\Microsoft VS Code\bin;D:\freelanceing\cursor\resources\app\bin;C:\Users\AJI\AppData\Local\Programs\Microsoft VS Code\bin;C:\Users\AJI\AppData\Local\Programs\cursor\resources\app\bin;C:\Users\AJI\AppData\Roaming\npm
USERNAME=AJI
OS=Windows_NT
PROCESSOR_IDENTIFIER=Intel64 Family 6 Model 154 Stepping 3, GenuineIntel
TMP=C:\Users\AJI\AppData\Local\Temp
TEMP=C:\Users\AJI\AppData\Local\Temp




Periodic native trim disabled

---------------  S Y S T E M  ---------------

OS:
 Windows 11 , 64 bit Build 26100 (10.0.26100.9444)
OS uptime: 0 days 4:11 hours
Hyper-V role detected

CPU: total 20 (initial active 20) (10 cores per cpu, 2 threads per core) family 6 model 154 stepping 3 microcode 0x43b, cx8, cmov, fxsr, ht, mmx, 3dnowpref, sse, sse2, sse3, ssse3, sse4.1, sse4.2, popcnt, lzcnt, tsc, tscinvbit, avx, avx2, aes, erms, clmul, bmi1, bmi2, adx, sha, fma, vzeroupper, clflush, clflushopt, clwb, hv, serialize, rdtscp, rdpid, fsrm, f16c, cet_ibt, cet_ss
Processor Information for processor 0
  Max Mhz: 2300, Current Mhz: 2300, Mhz Limit: 2300
Processor Information for processor 1
  Max Mhz: 2300, Current Mhz: 2300, Mhz Limit: 2300
Processor Information for processor 2
  Max Mhz: 2300, Current Mhz: 2300, Mhz Limit: 2300
Processor Information for processor 3
  Max Mhz: 2300, Current Mhz: 2300, Mhz Limit: 2300
Processor Information for processor 4
  Max Mhz: 2300, Current Mhz: 2300, Mhz Limit: 2300
Processor Information for processor 5
  Max Mhz: 2300, Current Mhz: 2300, Mhz Limit: 2300
Processor Information for processor 6
  Max Mhz: 2300, Current Mhz: 2300, Mhz Limit: 2300
Processor Information for processor 7
  Max Mhz: 2300, Current Mhz: 2300, Mhz Limit: 2300
Processor Information for processor 8
  Max Mhz: 2300, Current Mhz: 2300, Mhz Limit: 2300
Processor Information for processor 9
  Max Mhz: 2300, Current Mhz: 2300, Mhz Limit: 2300
Processor Information for processor 10
  Max Mhz: 2300, Current Mhz: 2300, Mhz Limit: 2300
Processor Information for processor 11
  Max Mhz: 2300, Current Mhz: 2300, Mhz Limit: 2300
Processor Information for processor 12
  Max Mhz: 2300, Current Mhz: 2300, Mhz Limit: 2300
Processor Information for processor 13
  Max Mhz: 2300, Current Mhz: 2300, Mhz Limit: 2300
Processor Information for processor 14
  Max Mhz: 2300, Current Mhz: 1488, Mhz Limit: 2300
Processor Information for processor 15
  Max Mhz: 2300, Current Mhz: 2300, Mhz Limit: 2300
Processor Information for processor 16
  Max Mhz: 2300, Current Mhz: 1488, Mhz Limit: 2300
Processor Information for processor 17
  Max Mhz: 2300, Current Mhz: 2300, Mhz Limit: 2300
Processor Information for processor 18
  Max Mhz: 2300, Current Mhz: 2300, Mhz Limit: 2300
Processor Information for processor 19
  Max Mhz: 2300, Current Mhz: 2300, Mhz Limit: 2300

Memory: 4k page, system-wide physical 16068M (1257M free)
TotalPageFile size 65220M (AvailPageFile size 0M)
current process WorkingSet (physical memory assigned to process): 159M, peak: 231M
current process commit charge ("private bytes"): 252M, peak: 437M

vm_info: OpenJDK 64-Bit Server VM (21.0.12.1+1-LTS) for windows-amd64 JRE (21.0.12.1+1-LTS), built on 2026-08-18T00:00:00Z by "admin" with MS VC++ 17.12 (VS2022)

END.
