#
# There is insufficient memory for the Java Runtime Environment to continue.
# Native memory allocation (malloc) failed to allocate 767296 bytes. Error detail: Chunk::new
# Possible reasons:
#   The system is out of physical RAM or swap space
#   This process is running with CompressedOops enabled, and the Java Heap may be blocking the growth of the native heap
# Possible solutions:
#   Reduce memory load on the system
#   Increase physical memory or swap space
#   Check if swap backing store is full
#   Decrease Java heap size (-Xmx/-Xms)
#   Decrease number of Java threads
#   Decrease Java thread stack sizes (-Xss)
#   Set larger code cache with -XX:ReservedCodeCacheSize=
#   JVM is running with Zero Based Compressed Oops mode in which the Java heap is
#     placed in the first 32GB address space. The Java Heap base address is the
#     maximum limit for the native heap growth. Please use -XX:HeapBaseMinAddress
#     to set the Java Heap base and to place the Java Heap above 32GB virtual address.
# This output file may be truncated or incomplete.
#
#  Out of Memory Error (arena.cpp:168), pid=64416, tid=62488
#
# JRE version: OpenJDK Runtime Environment Temurin-21.0.12.1+1 (21.0.12.1+1) (build 21.0.12.1+1-LTS)
# Java VM: OpenJDK 64-Bit Server VM Temurin-21.0.12.1+1 (21.0.12.1+1-LTS, mixed mode, sharing, tiered, compressed oops, compressed class ptrs, g1 gc, windows-amd64)
# No core dump will be written. Minidumps are not enabled by default on client versions of Windows
#

---------------  S U M M A R Y ------------

Command Line: --add-opens=java.base/java.lang=ALL-UNNAMED --add-opens=java.base/java.lang.invoke=ALL-UNNAMED --add-opens=java.base/java.util=ALL-UNNAMED --add-opens=java.prefs/java.util.prefs=ALL-UNNAMED --add-exports=jdk.compiler/com.sun.tools.javac.api=ALL-UNNAMED --add-exports=jdk.compiler/com.sun.tools.javac.util=ALL-UNNAMED --add-opens=java.base/java.util=ALL-UNNAMED --add-opens=java.prefs/java.util.prefs=ALL-UNNAMED --add-opens=java.base/java.nio.charset=ALL-UNNAMED --add-opens=java.base/java.net=ALL-UNNAMED --add-opens=java.base/java.util.concurrent=ALL-UNNAMED --add-opens=java.base/java.util.concurrent.atomic=ALL-UNNAMED --add-opens=java.xml/javax.xml.namespace=ALL-UNNAMED --add-opens=java.base/java.time=ALL-UNNAMED -XX:MaxMetaspaceSize=4G -XX:ReservedCodeCacheSize=512m -XX:+HeapDumpOnOutOfMemoryError -Xmx8G -Dfile.encoding=UTF-8 -Duser.country=IN -Duser.language=en -Duser.variant -javaagent:C:\Users\AJI\.gradle\wrapper\dists\gradle-9.1.0-all\7wzd0jkjit61aq2p43wpjgij9\gradle-9.1.0\lib\agents\gradle-instrumentation-agent-9.1.0.jar org.gradle.launcher.daemon.bootstrap.GradleDaemon 9.1.0

Host: 12th Gen Intel(R) Core(TM) i7-12700H, 20 cores, 15G,  Windows 11 , 64 bit Build 26100 (10.0.26100.9444)
Time: Thu Sep 10 13:13:18 2026 India Standard Time elapsed time: 17.858275 seconds (0d 0h 0m 17s)

---------------  T H R E A D  ---------------

Current thread (0x0000024a76ec43e0):  JavaThread "C2 CompilerThread0" daemon [_thread_in_native, id=62488, stack(0x0000004c49700000,0x0000004c49800000) (1024K)]


Current CompileTask:
C2:17858 3057       4       java.lang.invoke.MethodType::makeImpl (109 bytes)

Stack: [0x0000004c49700000,0x0000004c49800000]
Native frames: (J=compiled Java code, j=interpreted, Vv=VM code, C=native code)
V  [jvm.dll+0x6d83e9]
V  [jvm.dll+0x8b5736]
V  [jvm.dll+0x8b7cee]
V  [jvm.dll+0x8b83d3]
V  [jvm.dll+0x284596]
V  [jvm.dll+0xc685d]
V  [jvm.dll+0xc6da1]
V  [jvm.dll+0x2fb5ae]
V  [jvm.dll+0x5fee94]
V  [jvm.dll+0x255d67]
V  [jvm.dll+0x24ddab]
V  [jvm.dll+0x24bbe6]
V  [jvm.dll+0x1cb4ae]
V  [jvm.dll+0x25baad]
V  [jvm.dll+0x25a03a]
V  [jvm.dll+0x3f8aae]
V  [jvm.dll+0x8600cd]
V  [jvm.dll+0x6d6c1d]
C  [ucrtbase.dll+0x2cd30]
C  [KERNEL32.DLL+0x2cd87]
C  [ntdll.dll+0xacaec]


---------------  P R O C E S S  ---------------

Threads class SMR info:
_java_thread_list=0x0000024a7d08b000, length=26, elements={
0x0000024a45cc2990, 0x0000024a76ebc050, 0x0000024a76ebcbb0, 0x0000024a76ebf720,
0x0000024a76ec2190, 0x0000024a76ec2bf0, 0x0000024a76ec3650, 0x0000024a76ec43e0,
0x0000024a76eca170, 0x0000024a770b2e00, 0x0000024a770ff760, 0x0000024a77434fe0,
0x0000024a773e63a0, 0x0000024a77417a40, 0x0000024a7cf97570, 0x0000024a7cf99bc0,
0x0000024a7c4ce320, 0x0000024a7c294b40, 0x0000024a7c2951d0, 0x0000024a7c295ef0,
0x0000024a7c296580, 0x0000024a7c296c10, 0x0000024a7c2972a0, 0x0000024a7c297930,
0x0000024a7c295860, 0x0000024a7d9f2010
}

Java Threads: ( => current thread )
  0x0000024a45cc2990 JavaThread "main"                              [_thread_blocked, id=77364, stack(0x0000004c48900000,0x0000004c48a00000) (1024K)]
  0x0000024a76ebc050 JavaThread "Reference Handler"          daemon [_thread_blocked, id=67876, stack(0x0000004c49100000,0x0000004c49200000) (1024K)]
  0x0000024a76ebcbb0 JavaThread "Finalizer"                  daemon [_thread_blocked, id=81564, stack(0x0000004c49200000,0x0000004c49300000) (1024K)]
  0x0000024a76ebf720 JavaThread "Signal Dispatcher"          daemon [_thread_blocked, id=82636, stack(0x0000004c49300000,0x0000004c49400000) (1024K)]
  0x0000024a76ec2190 JavaThread "Attach Listener"            daemon [_thread_blocked, id=53940, stack(0x0000004c49400000,0x0000004c49500000) (1024K)]
  0x0000024a76ec2bf0 JavaThread "Service Thread"             daemon [_thread_blocked, id=54008, stack(0x0000004c49500000,0x0000004c49600000) (1024K)]
  0x0000024a76ec3650 JavaThread "Monitor Deflation Thread"   daemon [_thread_blocked, id=76620, stack(0x0000004c49600000,0x0000004c49700000) (1024K)]
=>0x0000024a76ec43e0 JavaThread "C2 CompilerThread0"         daemon [_thread_in_native, id=62488, stack(0x0000004c49700000,0x0000004c49800000) (1024K)]
  0x0000024a76eca170 JavaThread "C1 CompilerThread0"         daemon [_thread_blocked, id=82692, stack(0x0000004c49800000,0x0000004c49900000) (1024K)]
  0x0000024a770b2e00 JavaThread "Common-Cleaner"             daemon [_thread_blocked, id=77516, stack(0x0000004c49900000,0x0000004c49a00000) (1024K)]
  0x0000024a770ff760 JavaThread "Notification Thread"        daemon [_thread_blocked, id=55972, stack(0x0000004c49a00000,0x0000004c49b00000) (1024K)]
  0x0000024a77434fe0 JavaThread "Daemon health stats"               [_thread_blocked, id=22456, stack(0x0000004c4a100000,0x0000004c4a200000) (1024K)]
  0x0000024a773e63a0 JavaThread "Incoming local TCP Connector on port 12814"        [_thread_in_native, id=28532, stack(0x0000004c4a200000,0x0000004c4a300000) (1024K)]
  0x0000024a77417a40 JavaThread "Daemon periodic checks"            [_thread_blocked, id=76516, stack(0x0000004c4a300000,0x0000004c4a400000) (1024K)]
  0x0000024a7cf97570 JavaThread "Daemon"                            [_thread_blocked, id=68488, stack(0x0000004c4a400000,0x0000004c4a500000) (1024K)]
  0x0000024a7cf99bc0 JavaThread "Handler for socket connection from /127.0.0.1:12814 to /127.0.0.1:12815"        [_thread_in_native, id=62116, stack(0x0000004c4a500000,0x0000004c4a600000) (1024K)]
  0x0000024a7c4ce320 JavaThread "Cancel handler"                    [_thread_blocked, id=7260, stack(0x0000004c4ae00000,0x0000004c4af00000) (1024K)]
  0x0000024a7c294b40 JavaThread "Daemon worker"                     [_thread_in_vm, id=48960, stack(0x0000004c4af00000,0x0000004c4b000000) (1024K)]
  0x0000024a7c2951d0 JavaThread "Asynchronous log dispatcher for DefaultDaemonConnection: socket connection from /127.0.0.1:12814 to /127.0.0.1:12815"        [_thread_blocked, id=66488, stack(0x0000004c4b000000,0x0000004c4b100000) (1024K)]
  0x0000024a7c295ef0 JavaThread "Stdin handler"                     [_thread_blocked, id=41956, stack(0x0000004c4b100000,0x0000004c4b200000) (1024K)]
  0x0000024a7c296580 JavaThread "Daemon client event forwarder"        [_thread_blocked, id=72264, stack(0x0000004c4b200000,0x0000004c4b300000) (1024K)]
  0x0000024a7c296c10 JavaThread "Cache worker for journal cache (C:\Users\AJI\.gradle\caches\journal-1)"        [_thread_blocked, id=55340, stack(0x0000004c4b300000,0x0000004c4b400000) (1024K)]
  0x0000024a7c2972a0 JavaThread "File lock request listener"        [_thread_in_native, id=17344, stack(0x0000004c4b400000,0x0000004c4b500000) (1024K)]
  0x0000024a7c297930 JavaThread "Cache worker for file hash cache (C:\Users\AJI\.gradle\caches\9.1.0\fileHashes)"        [_thread_blocked, id=70404, stack(0x0000004c4b500000,0x0000004c4b600000) (1024K)]
  0x0000024a7c295860 JavaThread "File lock release action executor"        [_thread_blocked, id=81188, stack(0x0000004c4b600000,0x0000004c4b700000) (1024K)]
  0x0000024a7d9f2010 JavaThread "C2 CompilerThread1"         daemon [_thread_in_native, id=52424, stack(0x0000004c4a000000,0x0000004c4a100000) (1024K)]
Total: 26

Other Threads:
  0x0000024a76e98600 VMThread "VM Thread"                           [id=83324, stack(0x0000004c49000000,0x0000004c49100000) (1024K)]
  0x0000024a73e97800 WatcherThread "VM Periodic Task Thread"        [id=62020, stack(0x0000004c48f00000,0x0000004c49000000) (1024K)]
  0x0000024a45d6c3c0 WorkerThread "GC Thread#0"                     [id=24168, stack(0x0000004c48a00000,0x0000004c48b00000) (1024K)]
  0x0000024a771c2ea0 WorkerThread "GC Thread#1"                     [id=70964, stack(0x0000004c49b00000,0x0000004c49c00000) (1024K)]
  0x0000024a771baf50 WorkerThread "GC Thread#2"                     [id=62608, stack(0x0000004c49c00000,0x0000004c49d00000) (1024K)]
  0x0000024a771bb300 WorkerThread "GC Thread#3"                     [id=44112, stack(0x0000004c49d00000,0x0000004c49e00000) (1024K)]
  0x0000024a7718ce60 WorkerThread "GC Thread#4"                     [id=42760, stack(0x0000004c49e00000,0x0000004c49f00000) (1024K)]
  0x0000024a7718d210 WorkerThread "GC Thread#5"                     [id=82188, stack(0x0000004c49f00000,0x0000004c4a000000) (1024K)]
  0x0000024a7cf98fe0 WorkerThread "GC Thread#6"                     [id=28580, stack(0x0000004c4a600000,0x0000004c4a700000) (1024K)]
  0x0000024a7c4c27d0 WorkerThread "GC Thread#7"                     [id=43916, stack(0x0000004c4a700000,0x0000004c4a800000) (1024K)]
  0x0000024a7c4c2b80 WorkerThread "GC Thread#8"                     [id=81444, stack(0x0000004c4a800000,0x0000004c4a900000) (1024K)]
  0x0000024a7c4c2f30 WorkerThread "GC Thread#9"                     [id=55984, stack(0x0000004c4a900000,0x0000004c4aa00000) (1024K)]
  0x0000024a7c4c5820 WorkerThread "GC Thread#10"                    [id=77324, stack(0x0000004c4aa00000,0x0000004c4ab00000) (1024K)]
  0x0000024a7c4c4960 WorkerThread "GC Thread#11"                    [id=74536, stack(0x0000004c4ab00000,0x0000004c4ac00000) (1024K)]
  0x0000024a7c4c5470 WorkerThread "GC Thread#12"                    [id=41568, stack(0x0000004c4ac00000,0x0000004c4ad00000) (1024K)]
  0x0000024a7c4c4d10 WorkerThread "GC Thread#13"                    [id=44668, stack(0x0000004c4ad00000,0x0000004c4ae00000) (1024K)]
  0x0000024a45d7dad0 ConcurrentGCThread "G1 Main Marker"            [id=24968, stack(0x0000004c48b00000,0x0000004c48c00000) (1024K)]
  0x0000024a45d7e800 WorkerThread "G1 Conc#0"                       [id=80796, stack(0x0000004c48c00000,0x0000004c48d00000) (1024K)]
  0x0000024a73d61a10 ConcurrentGCThread "G1 Refine#0"               [id=81880, stack(0x0000004c48d00000,0x0000004c48e00000) (1024K)]
  0x0000024a73d624a0 ConcurrentGCThread "G1 Service"                [id=31876, stack(0x0000004c48e00000,0x0000004c48f00000) (1024K)]
Total: 20

Threads with active compile tasks:
C2 CompilerThread0  17883 3057       4       java.lang.invoke.MethodType::makeImpl (109 bytes)
C2 CompilerThread1  17883 3092       4       java.util.concurrent.ConcurrentHashMap::get (162 bytes)
Total: 2

VM state: not at safepoint (normal execution)

VM Mutex/Monitor currently owned by a thread: None

Heap address: 0x0000000600000000, size: 8192 MB, Compressed Oops mode: Zero based, Oop shift amount: 3

CDS archive(s) mapped at: [0x0000024a00000000-0x0000024a00ba0000-0x0000024a00ba0000), size 12189696, SharedBaseAddress: 0x0000024a00000000, ArchiveRelocationMode: 1.
Compressed class space mapped at: 0x0000024a01000000-0x0000024a41000000, reserved size: 1073741824
Narrow klass base: 0x0000024a00000000, Narrow klass shift: 0, Narrow klass range: 0x100000000

GC Precious Log:
 CardTable entry size: 512
 Card Set container configuration: InlinePtr #cards 4 size 8 Array Of Cards #cards 32 size 80 Howl #buckets 8 coarsen threshold 7372 Howl Bitmap #cards 1024 size 144 coarsen threshold 921 Card regions per heap region 1 cards per card region 8192
 CPUs: 20 total, 20 available
 Memory: 16068M
 Large Page Support: Disabled
 NUMA Support: Disabled
 Compressed Oops: Enabled (Zero based)
 Heap Region Size: 4M
 Heap Min Capacity: 8M
 Heap Initial Capacity: 252M
 Heap Max Capacity: 8G
 Pre-touch: Disabled
 Parallel Workers: 15
 Concurrent Workers: 4
 Concurrent Refinement Workers: 15
 Periodic GC: Disabled

Heap:
 garbage-first heap   total 258048K, used 57428K [0x0000000600000000, 0x0000000800000000)
  region size 4096K, 13 young (53248K), 3 survivors (12288K)
 Metaspace       used 16046K, committed 16576K, reserved 1114112K
  class space    used 2198K, committed 2432K, reserved 1048576K

Heap Regions: E=young(eden), S=young(survivor), O=old, HS=humongous(starts), HC=humongous(continues), CS=collection set, F=free, TAMS=top-at-mark-start, PB=parsable bottom
|   0|0x0000000600000000, 0x0000000600400000, 0x0000000600400000|100%|HS|  |TAMS 0x0000000600000000| PB 0x0000000600000000| Complete 
|   1|0x0000000600400000, 0x0000000600800000, 0x0000000600800000|100%| O|  |TAMS 0x0000000600400000| PB 0x0000000600400000| Untracked 
|   2|0x0000000600800000, 0x0000000600b13bd8, 0x0000000600c00000| 76%| O|  |TAMS 0x0000000600800000| PB 0x0000000600800000| Untracked 
|   3|0x0000000600c00000, 0x0000000600c00000, 0x0000000601000000|  0%| F|  |TAMS 0x0000000600c00000| PB 0x0000000600c00000| Untracked 
|   4|0x0000000601000000, 0x0000000601000000, 0x0000000601400000|  0%| F|  |TAMS 0x0000000601000000| PB 0x0000000601000000| Untracked 
|   5|0x0000000601400000, 0x0000000601400000, 0x0000000601800000|  0%| F|  |TAMS 0x0000000601400000| PB 0x0000000601400000| Untracked 
|   6|0x0000000601800000, 0x0000000601800000, 0x0000000601c00000|  0%| F|  |TAMS 0x0000000601800000| PB 0x0000000601800000| Untracked 
|   7|0x0000000601c00000, 0x0000000601c00000, 0x0000000602000000|  0%| F|  |TAMS 0x0000000601c00000| PB 0x0000000601c00000| Untracked 
|   8|0x0000000602000000, 0x0000000602000000, 0x0000000602400000|  0%| F|  |TAMS 0x0000000602000000| PB 0x0000000602000000| Untracked 
|   9|0x0000000602400000, 0x0000000602400000, 0x0000000602800000|  0%| F|  |TAMS 0x0000000602400000| PB 0x0000000602400000| Untracked 
|  10|0x0000000602800000, 0x0000000602800000, 0x0000000602c00000|  0%| F|  |TAMS 0x0000000602800000| PB 0x0000000602800000| Untracked 
|  11|0x0000000602c00000, 0x0000000602c00000, 0x0000000603000000|  0%| F|  |TAMS 0x0000000602c00000| PB 0x0000000602c00000| Untracked 
|  12|0x0000000603000000, 0x0000000603000000, 0x0000000603400000|  0%| F|  |TAMS 0x0000000603000000| PB 0x0000000603000000| Untracked 
|  13|0x0000000603400000, 0x0000000603400000, 0x0000000603800000|  0%| F|  |TAMS 0x0000000603400000| PB 0x0000000603400000| Untracked 
|  14|0x0000000603800000, 0x0000000603800000, 0x0000000603c00000|  0%| F|  |TAMS 0x0000000603800000| PB 0x0000000603800000| Untracked 
|  15|0x0000000603c00000, 0x0000000603c00000, 0x0000000604000000|  0%| F|  |TAMS 0x0000000603c00000| PB 0x0000000603c00000| Untracked 
|  16|0x0000000604000000, 0x0000000604000000, 0x0000000604400000|  0%| F|  |TAMS 0x0000000604000000| PB 0x0000000604000000| Untracked 
|  17|0x0000000604400000, 0x0000000604400000, 0x0000000604800000|  0%| F|  |TAMS 0x0000000604400000| PB 0x0000000604400000| Untracked 
|  18|0x0000000604800000, 0x0000000604800000, 0x0000000604c00000|  0%| F|  |TAMS 0x0000000604800000| PB 0x0000000604800000| Untracked 
|  19|0x0000000604c00000, 0x0000000604c00000, 0x0000000605000000|  0%| F|  |TAMS 0x0000000604c00000| PB 0x0000000604c00000| Untracked 
|  20|0x0000000605000000, 0x0000000605000000, 0x0000000605400000|  0%| F|  |TAMS 0x0000000605000000| PB 0x0000000605000000| Untracked 
|  21|0x0000000605400000, 0x0000000605400000, 0x0000000605800000|  0%| F|  |TAMS 0x0000000605400000| PB 0x0000000605400000| Untracked 
|  22|0x0000000605800000, 0x0000000605800000, 0x0000000605c00000|  0%| F|  |TAMS 0x0000000605800000| PB 0x0000000605800000| Untracked 
|  23|0x0000000605c00000, 0x0000000605c00000, 0x0000000606000000|  0%| F|  |TAMS 0x0000000605c00000| PB 0x0000000605c00000| Untracked 
|  24|0x0000000606000000, 0x0000000606000000, 0x0000000606400000|  0%| F|  |TAMS 0x0000000606000000| PB 0x0000000606000000| Untracked 
|  25|0x0000000606400000, 0x0000000606400000, 0x0000000606800000|  0%| F|  |TAMS 0x0000000606400000| PB 0x0000000606400000| Untracked 
|  26|0x0000000606800000, 0x0000000606800000, 0x0000000606c00000|  0%| F|  |TAMS 0x0000000606800000| PB 0x0000000606800000| Untracked 
|  27|0x0000000606c00000, 0x0000000606c00000, 0x0000000607000000|  0%| F|  |TAMS 0x0000000606c00000| PB 0x0000000606c00000| Untracked 
|  28|0x0000000607000000, 0x0000000607000000, 0x0000000607400000|  0%| F|  |TAMS 0x0000000607000000| PB 0x0000000607000000| Untracked 
|  29|0x0000000607400000, 0x0000000607400000, 0x0000000607800000|  0%| F|  |TAMS 0x0000000607400000| PB 0x0000000607400000| Untracked 
|  30|0x0000000607800000, 0x0000000607800000, 0x0000000607c00000|  0%| F|  |TAMS 0x0000000607800000| PB 0x0000000607800000| Untracked 
|  31|0x0000000607c00000, 0x0000000607c00000, 0x0000000608000000|  0%| F|  |TAMS 0x0000000607c00000| PB 0x0000000607c00000| Untracked 
|  32|0x0000000608000000, 0x0000000608000000, 0x0000000608400000|  0%| F|  |TAMS 0x0000000608000000| PB 0x0000000608000000| Untracked 
|  33|0x0000000608400000, 0x0000000608400000, 0x0000000608800000|  0%| F|  |TAMS 0x0000000608400000| PB 0x0000000608400000| Untracked 
|  34|0x0000000608800000, 0x0000000608800000, 0x0000000608c00000|  0%| F|  |TAMS 0x0000000608800000| PB 0x0000000608800000| Untracked 
|  35|0x0000000608c00000, 0x0000000608c00000, 0x0000000609000000|  0%| F|  |TAMS 0x0000000608c00000| PB 0x0000000608c00000| Untracked 
|  36|0x0000000609000000, 0x0000000609000000, 0x0000000609400000|  0%| F|  |TAMS 0x0000000609000000| PB 0x0000000609000000| Untracked 
|  37|0x0000000609400000, 0x0000000609400000, 0x0000000609800000|  0%| F|  |TAMS 0x0000000609400000| PB 0x0000000609400000| Untracked 
|  38|0x0000000609800000, 0x0000000609800000, 0x0000000609c00000|  0%| F|  |TAMS 0x0000000609800000| PB 0x0000000609800000| Untracked 
|  39|0x0000000609c00000, 0x0000000609c00000, 0x000000060a000000|  0%| F|  |TAMS 0x0000000609c00000| PB 0x0000000609c00000| Untracked 
|  40|0x000000060a000000, 0x000000060a000000, 0x000000060a400000|  0%| F|  |TAMS 0x000000060a000000| PB 0x000000060a000000| Untracked 
|  41|0x000000060a400000, 0x000000060a5017d8, 0x000000060a800000| 25%| S|CS|TAMS 0x000000060a400000| PB 0x000000060a400000| Complete 
|  42|0x000000060a800000, 0x000000060ac00000, 0x000000060ac00000|100%| S|CS|TAMS 0x000000060a800000| PB 0x000000060a800000| Complete 
|  43|0x000000060ac00000, 0x000000060b000000, 0x000000060b000000|100%| S|CS|TAMS 0x000000060ac00000| PB 0x000000060ac00000| Complete 
|  44|0x000000060b000000, 0x000000060b000000, 0x000000060b400000|  0%| F|  |TAMS 0x000000060b000000| PB 0x000000060b000000| Untracked 
|  45|0x000000060b400000, 0x000000060b400000, 0x000000060b800000|  0%| F|  |TAMS 0x000000060b400000| PB 0x000000060b400000| Untracked 
|  46|0x000000060b800000, 0x000000060b800000, 0x000000060bc00000|  0%| F|  |TAMS 0x000000060b800000| PB 0x000000060b800000| Untracked 
|  47|0x000000060bc00000, 0x000000060bc00000, 0x000000060c000000|  0%| F|  |TAMS 0x000000060bc00000| PB 0x000000060bc00000| Untracked 
|  48|0x000000060c000000, 0x000000060c000000, 0x000000060c400000|  0%| F|  |TAMS 0x000000060c000000| PB 0x000000060c000000| Untracked 
|  49|0x000000060c400000, 0x000000060c400000, 0x000000060c800000|  0%| F|  |TAMS 0x000000060c400000| PB 0x000000060c400000| Untracked 
|  50|0x000000060c800000, 0x000000060c800000, 0x000000060cc00000|  0%| F|  |TAMS 0x000000060c800000| PB 0x000000060c800000| Untracked 
|  51|0x000000060cc00000, 0x000000060cc00000, 0x000000060d000000|  0%| F|  |TAMS 0x000000060cc00000| PB 0x000000060cc00000| Untracked 
|  52|0x000000060d000000, 0x000000060d000000, 0x000000060d400000|  0%| F|  |TAMS 0x000000060d000000| PB 0x000000060d000000| Untracked 
|  53|0x000000060d400000, 0x000000060d516d10, 0x000000060d800000| 27%| E|  |TAMS 0x000000060d400000| PB 0x000000060d400000| Complete 
|  54|0x000000060d800000, 0x000000060dc00000, 0x000000060dc00000|100%| E|CS|TAMS 0x000000060d800000| PB 0x000000060d800000| Complete 
|  55|0x000000060dc00000, 0x000000060e000000, 0x000000060e000000|100%| E|CS|TAMS 0x000000060dc00000| PB 0x000000060dc00000| Complete 
|  56|0x000000060e000000, 0x000000060e400000, 0x000000060e400000|100%| E|CS|TAMS 0x000000060e000000| PB 0x000000060e000000| Complete 
|  57|0x000000060e400000, 0x000000060e800000, 0x000000060e800000|100%| E|CS|TAMS 0x000000060e400000| PB 0x000000060e400000| Complete 
|  58|0x000000060e800000, 0x000000060ec00000, 0x000000060ec00000|100%| E|CS|TAMS 0x000000060e800000| PB 0x000000060e800000| Complete 
|  59|0x000000060ec00000, 0x000000060f000000, 0x000000060f000000|100%| E|CS|TAMS 0x000000060ec00000| PB 0x000000060ec00000| Complete 
|  60|0x000000060f000000, 0x000000060f400000, 0x000000060f400000|100%| E|CS|TAMS 0x000000060f000000| PB 0x000000060f000000| Complete 
|  61|0x000000060f400000, 0x000000060f800000, 0x000000060f800000|100%| E|CS|TAMS 0x000000060f400000| PB 0x000000060f400000| Complete 
|  62|0x000000060f800000, 0x000000060fc00000, 0x000000060fc00000|100%| E|CS|TAMS 0x000000060f800000| PB 0x000000060f800000| Complete 

Card table byte_map: [0x0000024a6ab90000,0x0000024a6bb90000] _byte_map_base: 0x0000024a67b90000

Marking Bits: (CMBitMap*) 0x0000024a45d6d1f0
 Bits: [0x0000024a6bb90000, 0x0000024a73b90000)

Polling page: 0x0000024a43ac0000

Metaspace:

Usage:
  Non-class:     13.53 MB used.
      Class:      2.15 MB used.
       Both:     15.68 MB used.

Virtual space:
  Non-class space:       64.00 MB reserved,      13.81 MB ( 22%) committed,  1 nodes.
      Class space:        1.00 GB reserved,       2.38 MB ( <1%) committed,  1 nodes.
             Both:        1.06 GB reserved,      16.19 MB (  1%) committed. 

Chunk freelists:
   Non-Class:  2.03 MB
       Class:  13.66 MB
        Both:  15.69 MB

MaxMetaspaceSize: 4.00 GB
CompressedClassSpaceSize: 1.00 GB
Initial GC threshold: 21.00 MB
Current GC threshold: 21.00 MB
CDS: on
 - commit_granule_bytes: 65536.
 - commit_granule_words: 8192.
 - virtual_space_node_default_size: 8388608.
 - enlarge_chunks_in_place: 1.
 - use_allocation_guard: 0.


Internal statistics:

num_allocs_failed_limit: 0.
num_arena_births: 560.
num_arena_deaths: 0.
num_vsnodes_births: 2.
num_vsnodes_deaths: 0.
num_space_committed: 259.
num_space_uncommitted: 0.
num_chunks_returned_to_freelist: 0.
num_chunks_taken_from_freelist: 1122.
num_chunk_merges: 0.
num_chunk_splits: 726.
num_chunks_enlarged: 504.
num_inconsistent_stats: 0.

CodeHeap 'non-profiled nmethods': size=258432Kb used=1459Kb max_used=1459Kb free=256972Kb
 bounds [0x0000024a59260000, 0x0000024a594d0000, 0x0000024a68ec0000]
CodeHeap 'profiled nmethods': size=258368Kb used=6174Kb max_used=6174Kb free=252193Kb
 bounds [0x0000024a48ec0000, 0x0000024a494d0000, 0x0000024a58b10000]
CodeHeap 'non-nmethods': size=7488Kb used=1391Kb max_used=2005Kb free=6096Kb
 bounds [0x0000024a58b10000, 0x0000024a58d80000, 0x0000024a59260000]
CodeCache: size=524288Kb, used=9024Kb, max_used=9638Kb, free=515261Kb
 total_blobs=3646, nmethods=3089, adapters=461, full_count=0
Compilation: enabled, stopped_count=0, restarted_count=0

Compilation events (20 events):
Event: 17.844 Thread 0x0000024a76eca170 3081       1       java.net.InetSocketAddress$InetSocketAddressHolder::getAddress (5 bytes)
Event: 17.844 Thread 0x0000024a76eca170 nmethod 3081 0x0000024a593cbc10 code [0x0000024a593cbda0, 0x0000024a593cbe70]
Event: 17.844 Thread 0x0000024a76eca170 3082       3       java.nio.MappedByteBuffer::position (8 bytes)
Event: 17.845 Thread 0x0000024a76eca170 nmethod 3082 0x0000024a494c3410 code [0x0000024a494c35c0, 0x0000024a494c3770]
Event: 17.845 Thread 0x0000024a76eca170 3084       3       jdk.internal.misc.Unsafe::putByte (8 bytes)
Event: 17.845 Thread 0x0000024a76eca170 nmethod 3084 0x0000024a494c3890 code [0x0000024a494c3a20, 0x0000024a494c3b38]
Event: 17.845 Thread 0x0000024a76eca170 3085       3       java.lang.Thread::onSpinWait (1 bytes)
Event: 17.845 Thread 0x0000024a76eca170 nmethod 3085 0x0000024a494c3c10 code [0x0000024a494c3da0, 0x0000024a494c3e88]
Event: 17.845 Thread 0x0000024a76eca170 3083       1       java.net.InetSocketAddress$InetSocketAddressHolder::getPort (5 bytes)
Event: 17.845 Thread 0x0000024a76eca170 nmethod 3083 0x0000024a593cbf10 code [0x0000024a593cc0a0, 0x0000024a593cc168]
Event: 17.848 Thread 0x0000024a76eca170 3086       3       java.util.concurrent.ConcurrentLinkedQueue::poll (84 bytes)
Event: 17.849 Thread 0x0000024a76eca170 nmethod 3086 0x0000024a494c3f10 code [0x0000024a494c4180, 0x0000024a494c4d30]
Event: 17.849 Thread 0x0000024a76eca170 3087       3       java.util.concurrent.ConcurrentLinkedQueue::updateHead (26 bytes)
Event: 17.849 Thread 0x0000024a76eca170 nmethod 3087 0x0000024a494c5090 code [0x0000024a494c5260, 0x0000024a494c5620]
Event: 17.849 Thread 0x0000024a76eca170 3088   !   3       java.lang.Thread::sleep (82 bytes)
Event: 17.850 Thread 0x0000024a76eca170 nmethod 3088 0x0000024a494c5790 code [0x0000024a494c59c0, 0x0000024a494c6230]
Event: 17.850 Thread 0x0000024a76eca170 3089   !   3       java.lang.Thread::beforeSleep (33 bytes)
Event: 17.850 Thread 0x0000024a76eca170 nmethod 3089 0x0000024a494c6510 code [0x0000024a494c66c0, 0x0000024a494c6888]
Event: 17.850 Thread 0x0000024a76eca170 3090       3       jdk.internal.event.ThreadSleepEvent::isTurnedOn (7 bytes)
Event: 17.850 Thread 0x0000024a76eca170 nmethod 3090 0x0000024a494c6990 code [0x0000024a494c6b40, 0x0000024a494c6c90]

GC Heap History (6 events):
Event: 2.238 GC heap before
{Heap before GC invocations=0 (full 0):
 garbage-first heap   total 258048K, used 20480K [0x0000000600000000, 0x0000000800000000)
  region size 4096K, 5 young (20480K), 0 survivors (0K)
 Metaspace       used 877K, committed 1024K, reserved 1114112K
  class space    used 71K, committed 128K, reserved 1048576K
}
Event: 2.277 GC heap after
{Heap after GC invocations=1 (full 0):
 garbage-first heap   total 258048K, used 1440K [0x0000000600000000, 0x0000000800000000)
  region size 4096K, 1 young (4096K), 1 survivors (4096K)
 Metaspace       used 877K, committed 1024K, reserved 1114112K
  class space    used 71K, committed 128K, reserved 1048576K
}
Event: 8.891 GC heap before
{Heap before GC invocations=1 (full 0):
 garbage-first heap   total 258048K, used 42400K [0x0000000600000000, 0x0000000800000000)
  region size 4096K, 11 young (45056K), 1 survivors (4096K)
 Metaspace       used 4616K, committed 4800K, reserved 1114112K
  class space    used 585K, committed 704K, reserved 1048576K
}
Event: 8.900 GC heap after
{Heap after GC invocations=2 (full 0):
 garbage-first heap   total 258048K, used 11563K [0x0000000600000000, 0x0000000800000000)
  region size 4096K, 2 young (8192K), 2 survivors (8192K)
 Metaspace       used 4616K, committed 4800K, reserved 1114112K
  class space    used 585K, committed 704K, reserved 1048576K
}
Event: 12.726 GC heap before
{Heap before GC invocations=2 (full 0):
 garbage-first heap   total 258048K, used 81195K [0x0000000600000000, 0x0000000800000000)
  region size 4096K, 19 young (77824K), 2 survivors (8192K)
 Metaspace       used 10393K, committed 10688K, reserved 1114112K
  class space    used 1405K, committed 1536K, reserved 1048576K
}
Event: 12.756 GC heap after
{Heap after GC invocations=3 (full 0):
 garbage-first heap   total 258048K, used 20564K [0x0000000600000000, 0x0000000800000000)
  region size 4096K, 3 young (12288K), 3 survivors (12288K)
 Metaspace       used 10393K, committed 10688K, reserved 1114112K
  class space    used 1405K, committed 1536K, reserved 1048576K
}

Dll operation events (20 events):
Event: 0.576 Attempting to load shared library C:\Users\AJI\.vscode\extensions\redhat.java-1.56.0-win32-x64\jre\21.0.12.1-win32-x86_64\bin\nio.dll
Event: 0.579 Loaded shared library C:\Users\AJI\.vscode\extensions\redhat.java-1.56.0-win32-x64\jre\21.0.12.1-win32-x86_64\bin\nio.dll
Event: 0.588 Attempting to load shared library C:\Users\AJI\.vscode\extensions\redhat.java-1.56.0-win32-x64\jre\21.0.12.1-win32-x86_64\bin\zip.dll
Event: 0.589 Loaded shared library C:\Users\AJI\.vscode\extensions\redhat.java-1.56.0-win32-x64\jre\21.0.12.1-win32-x86_64\bin\zip.dll
Event: 2.297 Attempting to load shared library C:\Users\AJI\.vscode\extensions\redhat.java-1.56.0-win32-x64\jre\21.0.12.1-win32-x86_64\bin\jimage.dll
Event: 2.297 Loaded shared library C:\Users\AJI\.vscode\extensions\redhat.java-1.56.0-win32-x64\jre\21.0.12.1-win32-x86_64\bin\jimage.dll
Event: 4.388 Attempting to load shared library C:\Users\AJI\.vscode\extensions\redhat.java-1.56.0-win32-x64\jre\21.0.12.1-win32-x86_64\bin\verify.dll
Event: 4.488 Loaded shared library C:\Users\AJI\.vscode\extensions\redhat.java-1.56.0-win32-x64\jre\21.0.12.1-win32-x86_64\bin\verify.dll
Event: 5.188 Attempting to load shared library C:\Users\AJI\.gradle\native\1def1411415f61bf3af743bc5b6707747c0891f09f0c88961ee8f79bc544acac\windows-amd64\native-platform.dll
Event: 5.192 Loaded shared library C:\Users\AJI\.gradle\native\1def1411415f61bf3af743bc5b6707747c0891f09f0c88961ee8f79bc544acac\windows-amd64\native-platform.dll
Event: 5.232 Attempting to load shared library C:\Users\AJI\.gradle\native\0.2.8\x86_64-windows-gnu\gradle-fileevents.dll
Event: 5.249 Loaded shared library C:\Users\AJI\.gradle\native\0.2.8\x86_64-windows-gnu\gradle-fileevents.dll
Event: 11.274 Attempting to load shared library C:\Users\AJI\.vscode\extensions\redhat.java-1.56.0-win32-x64\jre\21.0.12.1-win32-x86_64\bin\management.dll
Event: 11.277 Loaded shared library C:\Users\AJI\.vscode\extensions\redhat.java-1.56.0-win32-x64\jre\21.0.12.1-win32-x86_64\bin\management.dll
Event: 11.287 Attempting to load shared library C:\Users\AJI\.vscode\extensions\redhat.java-1.56.0-win32-x64\jre\21.0.12.1-win32-x86_64\bin\management_ext.dll
Event: 11.328 Loaded shared library C:\Users\AJI\.vscode\extensions\redhat.java-1.56.0-win32-x64\jre\21.0.12.1-win32-x86_64\bin\management_ext.dll
Event: 11.814 Attempting to load shared library C:\Users\AJI\.vscode\extensions\redhat.java-1.56.0-win32-x64\jre\21.0.12.1-win32-x86_64\bin\extnet.dll
Event: 11.817 Loaded shared library C:\Users\AJI\.vscode\extensions\redhat.java-1.56.0-win32-x64\jre\21.0.12.1-win32-x86_64\bin\extnet.dll
Event: 12.592 Attempting to load shared library C:\Users\AJI\.vscode\extensions\redhat.java-1.56.0-win32-x64\jre\21.0.12.1-win32-x86_64\bin\sunmscapi.dll
Event: 12.603 Loaded shared library C:\Users\AJI\.vscode\extensions\redhat.java-1.56.0-win32-x64\jre\21.0.12.1-win32-x86_64\bin\sunmscapi.dll

Deoptimization events (20 events):
Event: 13.988 Thread 0x0000024a7c2972a0 Uncommon trap: trap_request=0xffffff45 fr.pc=0x0000024a5934f92c relative=0x000000000000018c
Event: 13.988 Thread 0x0000024a7c2972a0 Uncommon trap: reason=unstable_if action=reinterpret pc=0x0000024a5934f92c method=java.util.concurrent.locks.ReentrantLock$NonfairSync.initialTryLock()Z @ 25 c2
Event: 13.988 Thread 0x0000024a7c2972a0 DEOPT PACKING pc=0x0000024a5934f92c sp=0x0000004c4b4ff2b0
Event: 13.988 Thread 0x0000024a7c2972a0 DEOPT UNPACKING pc=0x0000024a58b64422 sp=0x0000004c4b4ff250 mode 2
Event: 14.015 Thread 0x0000024a7c294b40 Uncommon trap: trap_request=0xffffff45 fr.pc=0x0000024a59288a18 relative=0x00000000000001d8
Event: 14.015 Thread 0x0000024a7c294b40 Uncommon trap: reason=unstable_if action=reinterpret pc=0x0000024a59288a18 method=java.util.regex.Matcher.reset()Ljava/util/regex/Matcher; @ 47 c2
Event: 14.015 Thread 0x0000024a7c294b40 DEOPT PACKING pc=0x0000024a59288a18 sp=0x0000004c4affad60
Event: 14.015 Thread 0x0000024a7c294b40 DEOPT UNPACKING pc=0x0000024a58b64422 sp=0x0000004c4afface8 mode 2
Event: 14.015 Thread 0x0000024a7c294b40 Uncommon trap: trap_request=0xffffff45 fr.pc=0x0000024a59289364 relative=0x00000000000004c4
Event: 14.015 Thread 0x0000024a7c294b40 Uncommon trap: reason=unstable_if action=reinterpret pc=0x0000024a59289364 method=java.util.regex.Matcher.match(II)Z @ 76 c2
Event: 14.015 Thread 0x0000024a7c294b40 DEOPT PACKING pc=0x0000024a59289364 sp=0x0000004c4affad70
Event: 14.015 Thread 0x0000024a7c294b40 DEOPT UNPACKING pc=0x0000024a58b64422 sp=0x0000004c4affad28 mode 2
Event: 17.835 Thread 0x0000024a7c294b40 Uncommon trap: trap_request=0xffffff45 fr.pc=0x0000024a59286bcc relative=0x0000000000000d4c
Event: 17.835 Thread 0x0000024a7c294b40 Uncommon trap: reason=unstable_if action=reinterpret pc=0x0000024a59286bcc method=java.io.WinNTFileSystem.resolve(Ljava/lang/String;Ljava/lang/String;)Ljava/lang/String; @ 19 c2
Event: 17.835 Thread 0x0000024a7c294b40 DEOPT PACKING pc=0x0000024a59286bcc sp=0x0000004c4affb4f0
Event: 17.835 Thread 0x0000024a7c294b40 DEOPT UNPACKING pc=0x0000024a58b64422 sp=0x0000004c4affb488 mode 2
Event: 17.837 Thread 0x0000024a7c294b40 Uncommon trap: trap_request=0xffffff45 fr.pc=0x0000024a59293efc relative=0x000000000000061c
Event: 17.837 Thread 0x0000024a7c294b40 Uncommon trap: reason=unstable_if action=reinterpret pc=0x0000024a59293efc method=java.io.File.getName()Ljava/lang/String; @ 16 c2
Event: 17.837 Thread 0x0000024a7c294b40 DEOPT PACKING pc=0x0000024a59293efc sp=0x0000004c4affb4b0
Event: 17.837 Thread 0x0000024a7c294b40 DEOPT UNPACKING pc=0x0000024a58b64422 sp=0x0000004c4affb480 mode 2

Classes loaded (20 events):
Event: 13.971 Loading class java/util/concurrent/locks/ReentrantLock$FairSync
Event: 13.971 Loading class java/util/concurrent/locks/ReentrantLock$FairSync done
Event: 13.988 Loading class java/net/DatagramPacket
Event: 13.989 Loading class java/net/DatagramPacket done
Event: 13.989 Loading class sun/nio/ch/DatagramChannelImpl$DatagramPackets
Event: 13.989 Loading class sun/nio/ch/DatagramChannelImpl$DatagramPackets done
Event: 14.065 Loading class java/lang/Character$UnicodeBlock
Event: 14.066 Loading class java/lang/Character$Subset
Event: 14.066 Loading class java/lang/Character$Subset done
Event: 14.066 Loading class java/lang/Character$UnicodeBlock done
Event: 14.091 Loading class sun/security/provider/MD5
Event: 14.096 Loading class sun/security/provider/MD5 done
Event: 14.097 Loading class sun/security/provider/SHA5$SHA512
Event: 14.097 Loading class sun/security/provider/SHA5
Event: 14.097 Loading class sun/security/provider/SHA5 done
Event: 14.097 Loading class sun/security/provider/SHA5$SHA512 done
Event: 14.099 Loading class sun/security/provider/ByteArrayAccess$LE
Event: 14.099 Loading class sun/security/provider/ByteArrayAccess$LE done
Event: 17.836 Loading class java/io/File$TempDirectory
Event: 17.836 Loading class java/io/File$TempDirectory done

Classes unloaded (0 events):
No events

Classes redefined (0 events):
No events

Internal exceptions (20 events):
Event: 12.516 Thread 0x0000024a45cc2990 Implicit null exception at 0x0000024a59373577 to 0x0000024a59373bbc
Event: 12.518 Thread 0x0000024a45cc2990 Exception <a 'java/io/IOException'{0x000000060b7a6e20}> (0x000000060b7a6e20) 
thrown [s\src\hotspot\share\prims\jni.cpp, line 520]
Event: 12.528 Thread 0x0000024a45cc2990 Implicit null exception at 0x0000024a592c3fa4 to 0x0000024a592c4618
Event: 12.534 Thread 0x0000024a45cc2990 Exception <a 'java/lang/NoSuchMethodError'{0x000000060b01d9a8}: 'java.lang.Object java.lang.invoke.DirectMethodHandle$Holder.newInvokeSpecial(java.lang.Object, java.lang.Object, java.lang.Object, java.lang.Object, java.lang.Object)'> (0x000000060b01d9a8) 
thrown [s\src\hotspot\share\interpreter\linkResolver.cpp, line 773]
Event: 12.812 Thread 0x0000024a7cf97570 Exception <a 'java/lang/NoSuchMethodError'{0x000000060fa4f7f0}: 'void java.lang.invoke.DirectMethodHandle$Holder.invokeSpecial(java.lang.Object, java.lang.Object, java.lang.Object)'> (0x000000060fa4f7f0) 
thrown [s\src\hotspot\share\interpreter\linkResolver.cpp, line 773]
Event: 12.993 Thread 0x0000024a7c294b40 Exception <a 'java/lang/NoSuchMethodError'{0x000000060f0a6fa8}: 'long java.lang.invoke.DirectMethodHandle$Holder.invokeInterface(java.lang.Object, java.lang.Object)'> (0x000000060f0a6fa8) 
thrown [s\src\hotspot\share\interpreter\linkResolver.cpp, line 773]
Event: 13.204 Thread 0x0000024a7c294b40 Exception <a 'java/lang/NoSuchMethodError'{0x000000060ec9b160}: 'void java.lang.invoke.DirectMethodHandle$Holder.invokeStatic(java.lang.Object, java.lang.Object)'> (0x000000060ec9b160) 
thrown [s\src\hotspot\share\interpreter\linkResolver.cpp, line 773]
Event: 13.223 Thread 0x0000024a7c294b40 Exception <a 'java/lang/NoSuchMethodError'{0x000000060ecf1c28}: 'java.lang.Object java.lang.invoke.DirectMethodHandle$Holder.invokeVirtual(java.lang.Object, java.lang.Object, java.lang.Object, java.lang.Object, java.lang.Object, java.lang.Object, java.lang.Object, java.lang.Object, java.lang.Object, java.lang.Object, java.lang.Object, java.lang.Object)'> (0x000000060ecf1c28) 
thrown [s\src\hotspot\share\interpreter\linkResolver.cpp, line 773]
Event: 13.224 Thread 0x0000024a7c294b40 Exception <a 'java/lang/NoSuchMethodError'{0x000000060ecf6d78}: 'java.lang.Object java.lang.invoke.DirectMethodHandle$Holder.invokeSpecial(java.lang.Object, java.lang.Object, java.lang.Object, java.lang.Object, java.lang.Object, java.lang.Object, java.lang.Object, java.lang.Object, java.lang.Object, java.lang.Object, java.lang.Object, java.lang.Object, java.lang.Object)'> (0x000000060ecf6d78) 
thrown [s\src\hotspot\share\interpreter\linkResolver.cpp, line 773]
Event: 13.349 Thread 0x0000024a7c294b40 Exception <a 'java/lang/NoSuchMethodError'{0x000000060ef53768}: 'int java.lang.invoke.DirectMethodHandle$Holder.invokeVirtual(java.lang.Object, java.lang.Object, java.lang.Object)'> (0x000000060ef53768) 
thrown [s\src\hotspot\share\interpreter\linkResolver.cpp, line 773]
Event: 13.446 Thread 0x0000024a7c294b40 Exception <a 'java/lang/NoSuchMethodError'{0x000000060e9ea7e0}: 'java.lang.Object java.lang.invoke.DirectMethodHandle$Holder.newInvokeSpecial(java.lang.Object, java.lang.Object, java.lang.Object, java.lang.Object, java.lang.Object, java.lang.Object)'> (0x000000060e9ea7e0) 
thrown [s\src\hotspot\share\interpreter\linkResolver.cpp, line 773]
Event: 13.545 Thread 0x0000024a7c294b40 Exception <a 'java/lang/NoSuchMethodError'{0x000000060e4ca4f0}: 'void java.lang.invoke.DelegatingMethodHandle$Holder.reinvoke_L(java.lang.Object, java.lang.Object, java.lang.Object, java.lang.Object, java.lang.Object, java.lang.Object, java.lang.Object, java.lang.Object, java.lang.Object, java.lang.Object)'> (0x000000060e4ca4f0) 
thrown [s\src\hotspot\share\interpreter\linkResolver.cpp, line 773]
Event: 13.546 Thread 0x0000024a7c294b40 Exception <a 'java/lang/NoSuchMethodError'{0x000000060e4d1fd0}: 'java.lang.Object java.lang.invoke.Invokers$Holder.invoker(java.lang.Object, java.lang.Object, java.lang.Object, java.lang.Object, java.lang.Object, java.lang.Object, java.lang.Object, java.lang.Object, java.lang.Object, java.lang.Object)'> (0x000000060e4d1fd0) 
thrown [s\src\hotspot\share\interpreter\linkResolver.cpp, line 773]
Event: 13.928 Thread 0x0000024a7c294b40 Exception <a 'java/lang/NoSuchMethodError'{0x000000060e36a690}: 'void java.lang.invoke.DirectMethodHandle$Holder.invokeInterface(java.lang.Object, java.lang.Object)'> (0x000000060e36a690) 
thrown [s\src\hotspot\share\interpreter\linkResolver.cpp, line 773]
Event: 13.928 Thread 0x0000024a7c294b40 Exception <a 'java/lang/IncompatibleClassChangeError'{0x000000060e36dc10}: Found class java.lang.Object, but interface was expected> (0x000000060e36dc10) 
thrown [s\src\hotspot\share\interpreter\linkResolver.cpp, line 840]
Event: 13.974 Thread 0x0000024a7c294b40 Exception <a 'java/lang/NoSuchMethodError'{0x000000060dc9f4e8}: 'java.lang.Object java.lang.invoke.DirectMethodHandle$Holder.newInvokeSpecial(java.lang.Object, java.lang.Object, int)'> (0x000000060dc9f4e8) 
thrown [s\src\hotspot\share\interpreter\linkResolver.cpp, line 773]
Event: 14.165 Thread 0x0000024a7c294b40 Exception <a 'java/lang/NoSuchMethodError'{0x000000060d8c9388}: 'java.lang.Object java.lang.invoke.DirectMethodHandle$Holder.invokeVirtual(java.lang.Object, java.lang.Object, java.lang.Object, java.lang.Object, java.lang.Object, java.lang.Object, java.lang.Object, java.lang.Object)'> (0x000000060d8c9388) 
thrown [s\src\hotspot\share\interpreter\linkResolver.cpp, line 773]
Event: 17.832 Thread 0x0000024a7c294b40 Exception <a 'java/lang/NoSuchMethodError'{0x000000060db04498}: 'java.lang.Object java.lang.invoke.DirectMethodHandle$Holder.invokeVirtual(java.lang.Object, java.lang.Object, java.lang.Object, java.lang.Object, java.lang.Object, java.lang.Object, java.lang.Object, java.lang.Object, java.lang.Object, java.lang.Object)'> (0x000000060db04498) 
thrown [s\src\hotspot\share\interpreter\linkResolver.cpp, line 773]
Event: 17.853 Thread 0x0000024a7c294b40 Exception <a 'java/lang/NoSuchMethodError'{0x000000060db963e8}: 'void java.lang.invoke.DirectMethodHandle$Holder.invokeStatic(java.lang.Object, java.lang.Object, java.lang.Object, java.lang.Object)'> (0x000000060db963e8) 
thrown [s\src\hotspot\share\interpreter\linkResolver.cpp, line 773]
Event: 17.854 Thread 0x0000024a7c294b40 Exception <a 'java/lang/NoSuchMethodError'{0x000000060db9a1a0}: 'void java.lang.invoke.DirectMethodHandle$Holder.invokeStaticInit(java.lang.Object, java.lang.Object, java.lang.Object, java.lang.Object)'> (0x000000060db9a1a0) 
thrown [s\src\hotspot\share\interpreter\linkResolver.cpp, line 773]

ZGC Phase Switch (0 events):
No events

VM Operations (20 events):
Event: 11.921 Executing non-safepoint VM operation: HandshakeAllThreads (Deoptimize)
Event: 11.921 Executing non-safepoint VM operation: HandshakeAllThreads (Deoptimize) done
Event: 11.921 Executing safepoint VM operation: Cleanup
Event: 11.921 Executing safepoint VM operation: Cleanup done
Event: 12.201 Executing non-safepoint VM operation: HandshakeAllThreads (Deoptimize)
Event: 12.201 Executing non-safepoint VM operation: HandshakeAllThreads (Deoptimize) done
Event: 12.622 Executing non-safepoint VM operation: HandshakeAllThreads (Deoptimize)
Event: 12.622 Executing non-safepoint VM operation: HandshakeAllThreads (Deoptimize) done
Event: 12.673 Executing non-safepoint VM operation: HandshakeAllThreads (Deoptimize)
Event: 12.673 Executing non-safepoint VM operation: HandshakeAllThreads (Deoptimize) done
Event: 12.726 Executing safepoint VM operation: G1CollectForAllocation (G1 Evacuation Pause)
Event: 12.756 Executing safepoint VM operation: G1CollectForAllocation (G1 Evacuation Pause) done
Event: 13.767 Executing safepoint VM operation: Cleanup
Event: 13.768 Executing safepoint VM operation: Cleanup done
Event: 13.972 Executing non-safepoint VM operation: HandshakeAllThreads (Deoptimize)
Event: 13.972 Executing non-safepoint VM operation: HandshakeAllThreads (Deoptimize) done
Event: 14.976 Executing safepoint VM operation: Cleanup
Event: 14.976 Executing safepoint VM operation: Cleanup done
Event: 16.988 Executing safepoint VM operation: Cleanup
Event: 16.989 Executing safepoint VM operation: Cleanup done

Memory protections (0 events):
No events

Nmethod flushes (0 events):
No events

Events (20 events):
Event: 0.311 Thread 0x0000024a45cc2990 Thread added: 0x0000024a76ec43e0
Event: 0.320 Thread 0x0000024a45cc2990 Thread added: 0x0000024a76eca170
Event: 0.492 Thread 0x0000024a45cc2990 Thread added: 0x0000024a770b2e00
Event: 0.657 Thread 0x0000024a45cc2990 Thread added: 0x0000024a770ff760
Event: 4.084 Thread 0x0000024a76eca170 Thread added: 0x0000024a77960990
Event: 11.463 Thread 0x0000024a45cc2990 Thread added: 0x0000024a77434fe0
Event: 12.266 Thread 0x0000024a45cc2990 Thread added: 0x0000024a773e63a0
Event: 12.541 Thread 0x0000024a45cc2990 Thread added: 0x0000024a77417a40
Event: 12.679 Thread 0x0000024a773e63a0 Thread added: 0x0000024a7cf97570
Event: 12.688 Thread 0x0000024a7cf97570 Thread added: 0x0000024a7cf99bc0
Event: 12.783 Thread 0x0000024a7cf97570 Thread added: 0x0000024a7c4ce320
Event: 12.813 Thread 0x0000024a7cf97570 Thread added: 0x0000024a7c294b40
Event: 12.836 Thread 0x0000024a7c294b40 Thread added: 0x0000024a7c2951d0
Event: 12.844 Thread 0x0000024a7c294b40 Thread added: 0x0000024a7c295ef0
Event: 12.870 Thread 0x0000024a7c294b40 Thread added: 0x0000024a7c296580
Event: 13.973 Thread 0x0000024a7c294b40 Thread added: 0x0000024a7c296c10
Event: 13.988 Thread 0x0000024a7c294b40 Thread added: 0x0000024a7c2972a0
Event: 14.171 Thread 0x0000024a7c294b40 Thread added: 0x0000024a7c297930
Event: 14.279 Thread 0x0000024a7c2972a0 Thread added: 0x0000024a7c295860
Event: 15.147 Thread 0x0000024a77960990 Thread exited: 0x0000024a77960990


Dynamic libraries:
0x00007ff735c60000 - 0x00007ff735c6e000 	C:\Users\AJI\.vscode\extensions\redhat.java-1.56.0-win32-x64\jre\21.0.12.1-win32-x86_64\bin\java.exe
0x00007ffaa9a20000 - 0x00007ffaa9c87000 	C:\WINDOWS\SYSTEM32\ntdll.dll
0x00007ffaa7cd0000 - 0x00007ffaa7d9b000 	C:\WINDOWS\System32\KERNEL32.DLL
0x00007ffaa71b0000 - 0x00007ffaa75b2000 	C:\WINDOWS\System32\KERNELBASE.dll
0x00007ffaa7050000 - 0x00007ffaa719c000 	C:\WINDOWS\System32\ucrtbase.dll
0x00007ffa5b940000 - 0x00007ffa5b958000 	C:\Users\AJI\.vscode\extensions\redhat.java-1.56.0-win32-x64\jre\21.0.12.1-win32-x86_64\bin\jli.dll
0x00007ffaa7da0000 - 0x00007ffaa7f6f000 	C:\WINDOWS\System32\USER32.dll
0x00007ffaa6e90000 - 0x00007ffaa6eb7000 	C:\WINDOWS\System32\win32u.dll
0x00007ffaa7740000 - 0x00007ffaa776b000 	C:\WINDOWS\System32\GDI32.dll
0x00007ffaa6cd0000 - 0x00007ffaa6df9000 	C:\WINDOWS\System32\gdi32full.dll
0x00007ffaa6c20000 - 0x00007ffaa6cc3000 	C:\WINDOWS\System32\msvcp_win.dll
0x00007ffa76fd0000 - 0x00007ffa76fee000 	C:\Users\AJI\.vscode\extensions\redhat.java-1.56.0-win32-x64\jre\21.0.12.1-win32-x86_64\bin\VCRUNTIME140.dll
0x00007ffa85610000 - 0x00007ffa858a0000 	C:\WINDOWS\WinSxS\amd64_microsoft.windows.common-controls_6595b64144ccf1df_6.0.26100.9278_none_3e0d1ba8e3303201\COMCTL32.dll
0x00007ffaa8760000 - 0x00007ffaa8809000 	C:\WINDOWS\System32\msvcrt.dll
0x00007ffaa9250000 - 0x00007ffaa9281000 	C:\WINDOWS\System32\IMM32.DLL
0x00007ffa8fa10000 - 0x00007ffa8fa1c000 	C:\Users\AJI\.vscode\extensions\redhat.java-1.56.0-win32-x64\jre\21.0.12.1-win32-x86_64\bin\vcruntime140_1.dll
0x00007ff9ae9a0000 - 0x00007ff9aea2d000 	C:\Users\AJI\.vscode\extensions\redhat.java-1.56.0-win32-x64\jre\21.0.12.1-win32-x86_64\bin\msvcp140.dll
0x00007ff96c320000 - 0x00007ff96d0c2000 	C:\Users\AJI\.vscode\extensions\redhat.java-1.56.0-win32-x64\jre\21.0.12.1-win32-x86_64\bin\server\jvm.dll
0x00007ffaa8fb0000 - 0x00007ffaa906c000 	C:\WINDOWS\System32\ADVAPI32.dll
0x00007ffaa7b90000 - 0x00007ffaa7c39000 	C:\WINDOWS\System32\sechost.dll
0x00007ffaa80d0000 - 0x00007ffaa81e8000 	C:\WINDOWS\System32\RPCRT4.dll
0x00007ffaa7c40000 - 0x00007ffaa7cc0000 	C:\WINDOWS\System32\WS2_32.dll
0x00007ffaa6a80000 - 0x00007ffaa6ade000 	C:\WINDOWS\SYSTEM32\POWRPROF.dll
0x00007ffaa0960000 - 0x00007ffaa0996000 	C:\WINDOWS\SYSTEM32\WINMM.dll
0x00007ffa9deb0000 - 0x00007ffa9debb000 	C:\WINDOWS\SYSTEM32\VERSION.dll
0x00007ffaa6a60000 - 0x00007ffaa6a75000 	C:\WINDOWS\SYSTEM32\UMPDC.dll
0x00007ffaa5400000 - 0x00007ffaa541b000 	C:\WINDOWS\SYSTEM32\kernel.appcore.dll
0x00007ffa8f9e0000 - 0x00007ffa8f9ea000 	C:\Users\AJI\.vscode\extensions\redhat.java-1.56.0-win32-x64\jre\21.0.12.1-win32-x86_64\bin\jimage.dll
0x00007ffaa3d10000 - 0x00007ffaa3f5c000 	C:\WINDOWS\SYSTEM32\DBGHELP.DLL
0x00007ffaa9320000 - 0x00007ffaa96a5000 	C:\WINDOWS\System32\combase.dll
0x00007ffaa81f0000 - 0x00007ffaa82c9000 	C:\WINDOWS\System32\OLEAUT32.dll
0x00007ffa84dc0000 - 0x00007ffa84dfb000 	C:\WINDOWS\SYSTEM32\dbgcore.DLL
0x00007ffaa75c0000 - 0x00007ffaa766c000 	C:\WINDOWS\System32\bcryptPrimitives.dll
0x00007ffa80050000 - 0x00007ffa8005f000 	C:\Users\AJI\.vscode\extensions\redhat.java-1.56.0-win32-x64\jre\21.0.12.1-win32-x86_64\bin\instrument.dll
0x00007ffa56a30000 - 0x00007ffa56a50000 	C:\Users\AJI\.vscode\extensions\redhat.java-1.56.0-win32-x64\jre\21.0.12.1-win32-x86_64\bin\java.dll
0x00007ffaa8810000 - 0x00007ffaa8fa8000 	C:\WINDOWS\System32\SHELL32.dll
0x00007ffaa4150000 - 0x00007ffaa49fe000 	C:\WINDOWS\SYSTEM32\windows.storage.dll
0x00007ffaa96b0000 - 0x00007ffaa97ab000 	C:\WINDOWS\System32\SHCORE.dll
0x00007ffaa7a10000 - 0x00007ffaa7a76000 	C:\WINDOWS\System32\shlwapi.dll
0x00007ffaa6b40000 - 0x00007ffaa6b69000 	C:\WINDOWS\SYSTEM32\profapi.dll
0x00007ffa554d0000 - 0x00007ffa554e8000 	C:\Users\AJI\.vscode\extensions\redhat.java-1.56.0-win32-x64\jre\21.0.12.1-win32-x86_64\bin\zip.dll
0x00007ffa813d0000 - 0x00007ffa813e0000 	C:\Users\AJI\.vscode\extensions\redhat.java-1.56.0-win32-x64\jre\21.0.12.1-win32-x86_64\bin\net.dll
0x00007ffa9f270000 - 0x00007ffa9f39a000 	C:\WINDOWS\SYSTEM32\WINHTTP.dll
0x00007ffaa59c0000 - 0x00007ffaa5a2c000 	C:\WINDOWS\system32\mswsock.dll
0x00007ffa554b0000 - 0x00007ffa554c6000 	C:\Users\AJI\.vscode\extensions\redhat.java-1.56.0-win32-x64\jre\21.0.12.1-win32-x86_64\bin\nio.dll
0x00007ffa7fae0000 - 0x00007ffa7faf0000 	C:\Users\AJI\.vscode\extensions\redhat.java-1.56.0-win32-x64\jre\21.0.12.1-win32-x86_64\bin\verify.dll
0x00007ffa399a0000 - 0x00007ffa399c7000 	C:\Users\AJI\.gradle\native\1def1411415f61bf3af743bc5b6707747c0891f09f0c88961ee8f79bc544acac\windows-amd64\native-platform.dll
0x00007ff9bbe60000 - 0x00007ff9bbed7000 	C:\Users\AJI\.gradle\native\0.2.8\x86_64-windows-gnu\gradle-fileevents.dll
0x00007ffa7eee0000 - 0x00007ffa7eeea000 	C:\Users\AJI\.vscode\extensions\redhat.java-1.56.0-win32-x64\jre\21.0.12.1-win32-x86_64\bin\management.dll
0x00007ffa77400000 - 0x00007ffa7740c000 	C:\Users\AJI\.vscode\extensions\redhat.java-1.56.0-win32-x64\jre\21.0.12.1-win32-x86_64\bin\management_ext.dll
0x00007ffaa7b80000 - 0x00007ffaa7b88000 	C:\WINDOWS\System32\PSAPI.DLL
0x00007ffaa4ee0000 - 0x00007ffaa4f13000 	C:\WINDOWS\SYSTEM32\IPHLPAPI.DLL
0x00007ffaa80c0000 - 0x00007ffaa80ca000 	C:\WINDOWS\System32\NSI.dll
0x00007ffa74220000 - 0x00007ffa74229000 	C:\Users\AJI\.vscode\extensions\redhat.java-1.56.0-win32-x64\jre\21.0.12.1-win32-x86_64\bin\extnet.dll
0x00007ffaa5cb0000 - 0x00007ffaa5ccb000 	C:\WINDOWS\SYSTEM32\CRYPTSP.dll
0x00007ffaa5360000 - 0x00007ffaa5399000 	C:\WINDOWS\system32\rsaenh.dll
0x00007ffaa5a70000 - 0x00007ffaa5aa4000 	C:\WINDOWS\SYSTEM32\USERENV.dll
0x00007ffaa6b10000 - 0x00007ffaa6b3a000 	C:\WINDOWS\SYSTEM32\bcrypt.dll
0x00007ffaa5cd0000 - 0x00007ffaa5cdc000 	C:\WINDOWS\SYSTEM32\CRYPTBASE.dll
0x00007ffa73220000 - 0x00007ffa7322e000 	C:\Users\AJI\.vscode\extensions\redhat.java-1.56.0-win32-x64\jre\21.0.12.1-win32-x86_64\bin\sunmscapi.dll
0x00007ffaa6ec0000 - 0x00007ffaa703e000 	C:\WINDOWS\System32\CRYPT32.dll
0x00007ffaa5ea0000 - 0x00007ffaa5ed0000 	C:\WINDOWS\SYSTEM32\ncrypt.dll
0x00007ffaa5e50000 - 0x00007ffaa5e8f000 	C:\WINDOWS\SYSTEM32\NTASN1.dll
0x00007ffa7c400000 - 0x00007ffa7c408000 	C:\WINDOWS\system32\wshunix.dll

JVMTI agents:
C:\Users\AJI\.gradle\wrapper\dists\gradle-9.1.0-all\7wzd0jkjit61aq2p43wpjgij9\gradle-9.1.0\lib\agents\gradle-instrumentation-agent-9.1.0.jar path:C:\Users\AJI\.vscode\extensions\redhat.java-1.56.0-win32-x64\jre\21.0.12.1-win32-x86_64\bin\instrument.dll, loaded, initialized, instrumentlib options:none

dbghelp: loaded successfully - version: 4.0.5 - missing functions: none
symbol engine: initialized successfully - sym options: 0x614 - pdb path: .;C:\Users\AJI\.vscode\extensions\redhat.java-1.56.0-win32-x64\jre\21.0.12.1-win32-x86_64\bin;C:\WINDOWS\SYSTEM32;C:\WINDOWS\WinSxS\amd64_microsoft.windows.common-controls_6595b64144ccf1df_6.0.26100.9278_none_3e0d1ba8e3303201;C:\Users\AJI\.vscode\extensions\redhat.java-1.56.0-win32-x64\jre\21.0.12.1-win32-x86_64\bin\server;C:\Users\AJI\.gradle\native\1def1411415f61bf3af743bc5b6707747c0891f09f0c88961ee8f79bc544acac\windows-amd64;C:\Users\AJI\.gradle\native\0.2.8\x86_64-windows-gnu

VM Arguments:
jvm_args: --add-opens=java.base/java.lang=ALL-UNNAMED --add-opens=java.base/java.lang.invoke=ALL-UNNAMED --add-opens=java.base/java.util=ALL-UNNAMED --add-opens=java.prefs/java.util.prefs=ALL-UNNAMED --add-exports=jdk.compiler/com.sun.tools.javac.api=ALL-UNNAMED --add-exports=jdk.compiler/com.sun.tools.javac.util=ALL-UNNAMED --add-opens=java.base/java.util=ALL-UNNAMED --add-opens=java.prefs/java.util.prefs=ALL-UNNAMED --add-opens=java.base/java.nio.charset=ALL-UNNAMED --add-opens=java.base/java.net=ALL-UNNAMED --add-opens=java.base/java.util.concurrent=ALL-UNNAMED --add-opens=java.base/java.util.concurrent.atomic=ALL-UNNAMED --add-opens=java.xml/javax.xml.namespace=ALL-UNNAMED --add-opens=java.base/java.time=ALL-UNNAMED -XX:MaxMetaspaceSize=4G -XX:ReservedCodeCacheSize=512m -XX:+HeapDumpOnOutOfMemoryError -Xmx8G -Dfile.encoding=UTF-8 -Duser.country=IN -Duser.language=en -Duser.variant -javaagent:C:\Users\AJI\.gradle\wrapper\dists\gradle-9.1.0-all\7wzd0jkjit61aq2p43wpjgij9\gradle-9.1.0\lib\agents\gradle-instrumentation-agent-9.1.0.jar 
java_command: org.gradle.launcher.daemon.bootstrap.GradleDaemon 9.1.0
java_class_path (initial): C:\Users\AJI\.gradle\wrapper\dists\gradle-9.1.0-all\7wzd0jkjit61aq2p43wpjgij9\gradle-9.1.0\lib\gradle-daemon-main-9.1.0.jar
Launcher Type: SUN_STANDARD

[Global flags]
     intx CICompilerCount                          = 12                                        {product} {ergonomic}
     uint ConcGCThreads                            = 4                                         {product} {ergonomic}
     uint G1ConcRefinementThreads                  = 15                                        {product} {ergonomic}
   size_t G1HeapRegionSize                         = 4194304                                   {product} {ergonomic}
    uintx GCDrainStackTargetSize                   = 64                                        {product} {ergonomic}
     bool HeapDumpOnOutOfMemoryError               = true                                   {manageable} {command line}
   size_t InitialHeapSize                          = 264241152                                 {product} {ergonomic}
   size_t MarkStackSize                            = 4194304                                   {product} {ergonomic}
   size_t MaxHeapSize                              = 8589934592                                {product} {command line}
   size_t MaxMetaspaceSize                         = 4294967296                                {product} {command line}
   size_t MaxNewSize                               = 5150605312                                {product} {ergonomic}
   size_t MinHeapDeltaBytes                        = 4194304                                   {product} {ergonomic}
   size_t MinHeapSize                              = 8388608                                   {product} {ergonomic}
    uintx NonNMethodCodeHeapSize                   = 7602480                                {pd product} {ergonomic}
    uintx NonProfiledCodeHeapSize                  = 264634216                              {pd product} {ergonomic}
    uintx ProfiledCodeHeapSize                     = 264634216                              {pd product} {ergonomic}
    uintx ReservedCodeCacheSize                    = 536870912                              {pd product} {command line}
     bool SegmentedCodeCache                       = true                                      {product} {ergonomic}
   size_t SoftMaxHeapSize                          = 8589934592                             {manageable} {ergonomic}
     bool UseCompressedOops                        = true                           {product lp64_product} {ergonomic}
     bool UseG1GC                                  = true                                      {product} {ergonomic}
     bool UseLargePagesIndividualAllocation        = false                                  {pd product} {ergonomic}

Logging:
Log output configuration:
 #0: stdout all=warning uptime,level,tags foldmultilines=false
 #1: stderr all=off uptime,level,tags foldmultilines=false

Release file:
JAVA_VERSION="21.0.12.1" 
MODULES="java.base java.compiler java.datatransfer java.xml java.prefs java.desktop java.instrument java.logging java.management java.security.sasl java.naming java.rmi java.management.rmi java.net.http java.scripting java.security.jgss java.transaction.xa java.sql java.sql.rowset java.xml.crypto java.se java.smartcardio jdk.accessibility jdk.internal.jvmstat jdk.attach jdk.charsets jdk.internal.opt jdk.zipfs jdk.compiler jdk.crypto.ec jdk.crypto.cryptoki jdk.crypto.mscapi jdk.dynalink jdk.internal.ed jdk.editpad jdk.hotspot.agent jdk.httpserver jdk.internal.le jdk.internal.vm.ci jdk.internal.vm.compiler jdk.internal.vm.compiler.management jdk.jartool jdk.javadoc jdk.jcmd jdk.management jdk.management.agent jdk.jconsole jdk.jdeps jdk.jdwp.agent jdk.jdi jdk.jfr jdk.jshell jdk.jsobject jdk.jstatd jdk.localedata jdk.management.jfr jdk.naming.dns jdk.naming.rmi jdk.net jdk.nio.mapmode jdk.random jdk.sctp jdk.security.auth jdk.security.jgss jdk.unsupported jdk.unsupported.desktop jdk.xml.dom" 

Environment Variables:
JAVA_HOME=C:\Program Files\Java\jdk-17
PATH=C:\Python314\Scripts\;C:\Python314\;C:\Program Files\Eclipse Adoptium\jdk-25.0.3.9-hotspot\bin;C:\Program Files\Microsoft\jdk-11.0.16.101-hotspot\bin;C:\WINDOWS\system32;C:\WINDOWS;C:\WINDOWS\System32\Wbem;C:\WINDOWS\System32\WindowsPowerShell\v1.0\;C:\WINDOWS\System32\OpenSSH\;C:\Program Files\dotnet\;C:\MinGW\bin;C:\ProgramData\chocolatey\bin;C:\Users\AJI\AppData\Local\Pub\Cache\bin;C:\Program Files\Java\jdk-17\bin;d:\cursor\resources\app\bin;C:\Users\AJI\develop\flutter\bin;C:\Users\AJI\.local\bin;D:\node\node_modules\npm\bin;D:\node\;C:\Program Files\nodejs\;C:\Program Files\nodejs\node_modules\npm\bin;C:\Users\AJI\Documents\MONGO\mongosh-2.9.2-win32-x64\bin;C:\xampp\php;C:\Program Files\Git\cmd;C:\Users\AJI\AppData\Local\Programs\Python\Python312\Scripts\;C:\Users\AJI\AppData\Local\Programs\Python\Python312\;C:\Users\AJI\.local\bin;C:\Users\AJI\AppData\Local\Microsoft\WindowsApps;D:\IntelliJ IDEA Community Edition 2023.1.5\bin;;C:\mingw64\bin;C:\Users\AJI\.dotnet\tools;C:\Users\AJI\Documents\flutter_windows_3.13.4-stable\flutter\bin;C:\Users\AJI\AppData\Local\Pub\Cache\bin;D:\flutter_pub_cache;C:\Users\AJI\AppData\Local\Android\Sdk;C:\Program Files\Java\jdk-17\bin;D:\rider\JetBrains Rider 2024.3.7\bin;;D:\Program Files\Microsoft VS Code\bin;D:\freelanceing\cursor\resources\app\bin;C:\Users\AJI\AppData\Local\Programs\Microsoft VS Code\bin;C:\Users\AJI\AppData\Local\Programs\cursor\resources\app\bin;C:\Users\AJI\AppData\Roaming\npm
USERNAME=AJI
OS=Windows_NT
PROCESSOR_IDENTIFIER=Intel64 Family 6 Model 154 Stepping 3, GenuineIntel
TMP=C:\Users\AJI\AppData\Local\Temp
TEMP=C:\Users\AJI\AppData\Local\Temp




Periodic native trim disabled

---------------  S Y S T E M  ---------------

OS:
 Windows 11 , 64 bit Build 26100 (10.0.26100.9444)
OS uptime: 0 days 4:10 hours
Hyper-V role detected

CPU: total 20 (initial active 20) (10 cores per cpu, 2 threads per core) family 6 model 154 stepping 3 microcode 0x43b, cx8, cmov, fxsr, ht, mmx, 3dnowpref, sse, sse2, sse3, ssse3, sse4.1, sse4.2, popcnt, lzcnt, tsc, tscinvbit, avx, avx2, aes, erms, clmul, bmi1, bmi2, adx, sha, fma, vzeroupper, clflush, clflushopt, clwb, hv, serialize, rdtscp, rdpid, fsrm, f16c, cet_ibt, cet_ss
Processor Information for processor 0
  Max Mhz: 2300, Current Mhz: 2300, Mhz Limit: 2300
Processor Information for processor 1
  Max Mhz: 2300, Current Mhz: 2300, Mhz Limit: 2300
Processor Information for processor 2
  Max Mhz: 2300, Current Mhz: 2300, Mhz Limit: 2300
Processor Information for processor 3
  Max Mhz: 2300, Current Mhz: 2300, Mhz Limit: 2300
Processor Information for processor 4
  Max Mhz: 2300, Current Mhz: 2300, Mhz Limit: 2300
Processor Information for processor 5
  Max Mhz: 2300, Current Mhz: 2300, Mhz Limit: 2300
Processor Information for processor 6
  Max Mhz: 2300, Current Mhz: 2300, Mhz Limit: 2300
Processor Information for processor 7
  Max Mhz: 2300, Current Mhz: 2300, Mhz Limit: 2300
Processor Information for processor 8
  Max Mhz: 2300, Current Mhz: 2300, Mhz Limit: 2300
Processor Information for processor 9
  Max Mhz: 2300, Current Mhz: 2300, Mhz Limit: 2300
Processor Information for processor 10
  Max Mhz: 2300, Current Mhz: 2300, Mhz Limit: 2300
Processor Information for processor 11
  Max Mhz: 2300, Current Mhz: 2300, Mhz Limit: 2300
Processor Information for processor 12
  Max Mhz: 2300, Current Mhz: 2300, Mhz Limit: 2300
Processor Information for processor 13
  Max Mhz: 2300, Current Mhz: 2300, Mhz Limit: 2300
Processor Information for processor 14
  Max Mhz: 2300, Current Mhz: 2300, Mhz Limit: 2300
Processor Information for processor 15
  Max Mhz: 2300, Current Mhz: 1488, Mhz Limit: 2300
Processor Information for processor 16
  Max Mhz: 2300, Current Mhz: 2300, Mhz Limit: 2300
Processor Information for processor 17
  Max Mhz: 2300, Current Mhz: 1488, Mhz Limit: 2300
Processor Information for processor 18
  Max Mhz: 2300, Current Mhz: 2300, Mhz Limit: 2300
Processor Information for processor 19
  Max Mhz: 2300, Current Mhz: 1488, Mhz Limit: 2300

Memory: 4k page, system-wide physical 16068M (898M free)
TotalPageFile size 65220M (AvailPageFile size 17M)
current process WorkingSet (physical memory assigned to process): 167M, peak: 189M
current process commit charge ("private bytes"): 404M, peak: 426M

vm_info: OpenJDK 64-Bit Server VM (21.0.12.1+1-LTS) for windows-amd64 JRE (21.0.12.1+1-LTS), built on 2026-08-18T00:00:00Z by "admin" with MS VC++ 17.12 (VS2022)

END.
