#
# There is insufficient memory for the Java Runtime Environment to continue.
# Native memory allocation (malloc) failed to allocate 1938576 bytes. Error detail: Chunk::new
# Possible reasons:
#   The system is out of physical RAM or swap space
#   This process is running with CompressedOops enabled, and the Java Heap may be blocking the growth of the native heap
# Possible solutions:
#   Reduce memory load on the system
#   Increase physical memory or swap space
#   Check if swap backing store is full
#   Decrease Java heap size (-Xmx/-Xms)
#   Decrease number of Java threads
#   Decrease Java thread stack sizes (-Xss)
#   Set larger code cache with -XX:ReservedCodeCacheSize=
#   JVM is running with Zero Based Compressed Oops mode in which the Java heap is
#     placed in the first 32GB address space. The Java Heap base address is the
#     maximum limit for the native heap growth. Please use -XX:HeapBaseMinAddress
#     to set the Java Heap base and to place the Java Heap above 32GB virtual address.
# This output file may be truncated or incomplete.
#
#  Out of Memory Error (arena.cpp:168), pid=43252, tid=6532
#
# JRE version: OpenJDK Runtime Environment Temurin-21.0.12.1+1 (21.0.12.1+1) (build 21.0.12.1+1-LTS)
# Java VM: OpenJDK 64-Bit Server VM Temurin-21.0.12.1+1 (21.0.12.1+1-LTS, mixed mode, sharing, tiered, compressed oops, compressed class ptrs, g1 gc, windows-amd64)
# No core dump will be written. Minidumps are not enabled by default on client versions of Windows
#

---------------  S U M M A R Y ------------

Command Line: --add-opens=java.base/java.lang=ALL-UNNAMED --add-opens=java.base/java.lang.invoke=ALL-UNNAMED --add-opens=java.base/java.util=ALL-UNNAMED --add-opens=java.prefs/java.util.prefs=ALL-UNNAMED --add-exports=jdk.compiler/com.sun.tools.javac.api=ALL-UNNAMED --add-exports=jdk.compiler/com.sun.tools.javac.util=ALL-UNNAMED --add-opens=java.base/java.util=ALL-UNNAMED --add-opens=java.prefs/java.util.prefs=ALL-UNNAMED --add-opens=java.base/java.nio.charset=ALL-UNNAMED --add-opens=java.base/java.net=ALL-UNNAMED --add-opens=java.base/java.util.concurrent=ALL-UNNAMED --add-opens=java.base/java.util.concurrent.atomic=ALL-UNNAMED --add-opens=java.xml/javax.xml.namespace=ALL-UNNAMED --add-opens=java.base/java.time=ALL-UNNAMED -XX:MaxMetaspaceSize=4G -XX:ReservedCodeCacheSize=512m -XX:+HeapDumpOnOutOfMemoryError -Xmx8G -Dfile.encoding=UTF-8 -Duser.country=IN -Duser.language=en -Duser.variant -javaagent:C:\Users\AJI\.gradle\wrapper\dists\gradle-9.1.0-all\7wzd0jkjit61aq2p43wpjgij9\gradle-9.1.0\lib\agents\gradle-instrumentation-agent-9.1.0.jar org.gradle.launcher.daemon.bootstrap.GradleDaemon 9.1.0

Host: 12th Gen Intel(R) Core(TM) i7-12700H, 20 cores, 15G,  Windows 11 , 64 bit Build 26100 (10.0.26100.9444)
Time: Thu Sep 10 13:14:57 2026 India Standard Time elapsed time: 8.040379 seconds (0d 0h 0m 8s)

---------------  T H R E A D  ---------------

Current thread (0x0000024e10c54950):  JavaThread "C2 CompilerThread1" daemon [_thread_in_native, id=6532, stack(0x0000007d5e800000,0x0000007d5e900000) (1024K)]


Current CompileTask:
C2:8040 3001       4       java.lang.invoke.MethodType::makeImpl (109 bytes)

Stack: [0x0000007d5e800000,0x0000007d5e900000]
Native frames: (J=compiled Java code, j=interpreted, Vv=VM code, C=native code)
V  [jvm.dll+0x6d83e9]
V  [jvm.dll+0x8b5736]
V  [jvm.dll+0x8b7cee]
V  [jvm.dll+0x8b83d3]
V  [jvm.dll+0x284596]
V  [jvm.dll+0xc685d]
V  [jvm.dll+0xc6da1]
V  [jvm.dll+0x3bf151]
V  [jvm.dll+0x38b6d2]
V  [jvm.dll+0x38ab1a]
V  [jvm.dll+0x24c700]
V  [jvm.dll+0x24bce0]
V  [jvm.dll+0x1cb4ae]
V  [jvm.dll+0x25baad]
V  [jvm.dll+0x25a03a]
V  [jvm.dll+0x3f8aae]
V  [jvm.dll+0x8600cd]
V  [jvm.dll+0x6d6c1d]
C  [ucrtbase.dll+0x2cd30]
C  [KERNEL32.DLL+0x2cd87]
C  [ntdll.dll+0xacaec]


---------------  P R O C E S S  ---------------

Threads class SMR info:
_java_thread_list=0x0000024e10806c20, length=27, elements={
0x0000024d988a21d0, 0x0000024dc9ab3c70, 0x0000024dc9ab4a80, 0x0000024dc9ac0320,
0x0000024dc9ac2d90, 0x0000024dc9ac37f0, 0x0000024dc9ac4250, 0x0000024dc9ac4fe0,
0x0000024dc9acd290, 0x0000024dc9dd30c0, 0x0000024dc9de0fc0, 0x0000024e10655060,
0x0000024e107e0c80, 0x0000024e1089f330, 0x0000024e1073fdf0, 0x0000024e108d1bd0,
0x0000024e10798620, 0x0000024e108c93e0, 0x0000024e108c86c0, 0x0000024e108c9a70,
0x0000024e108c8030, 0x0000024e108c8d50, 0x0000024e108c65f0, 0x0000024e10a71230,
0x0000024e108c6c80, 0x0000024e10c54950, 0x0000024e108c7310
}

Java Threads: ( => current thread )
  0x0000024d988a21d0 JavaThread "main"                              [_thread_blocked, id=33992, stack(0x0000007d5c300000,0x0000007d5c400000) (1024K)]
  0x0000024dc9ab3c70 JavaThread "Reference Handler"          daemon [_thread_blocked, id=43220, stack(0x0000007d5cb00000,0x0000007d5cc00000) (1024K)]
  0x0000024dc9ab4a80 JavaThread "Finalizer"                  daemon [_thread_blocked, id=40760, stack(0x0000007d5cc00000,0x0000007d5cd00000) (1024K)]
  0x0000024dc9ac0320 JavaThread "Signal Dispatcher"          daemon [_thread_blocked, id=76264, stack(0x0000007d5cd00000,0x0000007d5ce00000) (1024K)]
  0x0000024dc9ac2d90 JavaThread "Attach Listener"            daemon [_thread_blocked, id=26816, stack(0x0000007d5ce00000,0x0000007d5cf00000) (1024K)]
  0x0000024dc9ac37f0 JavaThread "Service Thread"             daemon [_thread_blocked, id=55044, stack(0x0000007d5cf00000,0x0000007d5d000000) (1024K)]
  0x0000024dc9ac4250 JavaThread "Monitor Deflation Thread"   daemon [_thread_blocked, id=19988, stack(0x0000007d5d000000,0x0000007d5d100000) (1024K)]
  0x0000024dc9ac4fe0 JavaThread "C2 CompilerThread0"         daemon [_thread_blocked, id=30672, stack(0x0000007d5d100000,0x0000007d5d200000) (1024K)]
  0x0000024dc9acd290 JavaThread "C1 CompilerThread0"         daemon [_thread_blocked, id=76924, stack(0x0000007d5d200000,0x0000007d5d300000) (1024K)]
  0x0000024dc9dd30c0 JavaThread "Common-Cleaner"             daemon [_thread_blocked, id=58080, stack(0x0000007d5d300000,0x0000007d5d400000) (1024K)]
  0x0000024dc9de0fc0 JavaThread "Notification Thread"        daemon [_thread_blocked, id=14544, stack(0x0000007d5d400000,0x0000007d5d500000) (1024K)]
  0x0000024e10655060 JavaThread "Daemon health stats"               [_thread_blocked, id=50808, stack(0x0000007d5da00000,0x0000007d5db00000) (1024K)]
  0x0000024e107e0c80 JavaThread "Incoming local TCP Connector on port 58628"        [_thread_in_native, id=34472, stack(0x0000007d5db00000,0x0000007d5dc00000) (1024K)]
  0x0000024e1089f330 JavaThread "Daemon periodic checks"            [_thread_blocked, id=82920, stack(0x0000007d5dc00000,0x0000007d5dd00000) (1024K)]
  0x0000024e1073fdf0 JavaThread "Daemon"                            [_thread_blocked, id=70544, stack(0x0000007d5dd00000,0x0000007d5de00000) (1024K)]
  0x0000024e108d1bd0 JavaThread "Handler for socket connection from /127.0.0.1:58628 to /127.0.0.1:58629"        [_thread_in_native, id=66888, stack(0x0000007d5de00000,0x0000007d5df00000) (1024K)]
  0x0000024e10798620 JavaThread "Cancel handler"                    [_thread_blocked, id=40140, stack(0x0000007d5df00000,0x0000007d5e000000) (1024K)]
  0x0000024e108c93e0 JavaThread "Daemon worker"                     [_thread_blocked, id=21636, stack(0x0000007d5e000000,0x0000007d5e100000) (1024K)]
  0x0000024e108c86c0 JavaThread "Asynchronous log dispatcher for DefaultDaemonConnection: socket connection from /127.0.0.1:58628 to /127.0.0.1:58629"        [_thread_blocked, id=60628, stack(0x0000007d5e100000,0x0000007d5e200000) (1024K)]
  0x0000024e108c9a70 JavaThread "Stdin handler"                     [_thread_blocked, id=82240, stack(0x0000007d5e200000,0x0000007d5e300000) (1024K)]
  0x0000024e108c8030 JavaThread "Daemon client event forwarder"        [_thread_blocked, id=39776, stack(0x0000007d5e300000,0x0000007d5e400000) (1024K)]
  0x0000024e108c8d50 JavaThread "Cache worker for journal cache (C:\Users\AJI\.gradle\caches\journal-1)"        [_thread_blocked, id=38592, stack(0x0000007d5e400000,0x0000007d5e500000) (1024K)]
  0x0000024e108c65f0 JavaThread "File lock request listener"        [_thread_in_native, id=22472, stack(0x0000007d5e500000,0x0000007d5e600000) (1024K)]
  0x0000024e10a71230 JavaThread "C1 CompilerThread1"         daemon [_thread_blocked, id=77116, stack(0x0000007d5e600000,0x0000007d5e700000) (1024K)]
  0x0000024e108c6c80 JavaThread "Cache worker for file hash cache (C:\Users\AJI\.gradle\caches\9.1.0\fileHashes)"        [_thread_blocked, id=81468, stack(0x0000007d5e700000,0x0000007d5e800000) (1024K)]
=>0x0000024e10c54950 JavaThread "C2 CompilerThread1"         daemon [_thread_in_native, id=6532, stack(0x0000007d5e800000,0x0000007d5e900000) (1024K)]
  0x0000024e108c7310 JavaThread "File lock release action executor"        [_thread_blocked, id=62764, stack(0x0000007d5e900000,0x0000007d5ea00000) (1024K)]
Total: 27

Other Threads:
  0x0000024dc9a97c60 VMThread "VM Thread"                           [id=40076, stack(0x0000007d5ca00000,0x0000007d5cb00000) (1024K)]
  0x0000024dc6a778b0 WatcherThread "VM Periodic Task Thread"        [id=23472, stack(0x0000007d5c900000,0x0000007d5ca00000) (1024K)]
  0x0000024d9894ce10 WorkerThread "GC Thread#0"                     [id=2724, stack(0x0000007d5c400000,0x0000007d5c500000) (1024K)]
  0x0000024dc9e16830 WorkerThread "GC Thread#1"                     [id=11796, stack(0x0000007d5d500000,0x0000007d5d600000) (1024K)]
  0x0000024dc9df0cf0 WorkerThread "GC Thread#2"                     [id=46540, stack(0x0000007d5d600000,0x0000007d5d700000) (1024K)]
  0x0000024dc9df10a0 WorkerThread "GC Thread#3"                     [id=35332, stack(0x0000007d5d700000,0x0000007d5d800000) (1024K)]
  0x0000024dc9df1450 WorkerThread "GC Thread#4"                     [id=55876, stack(0x0000007d5d800000,0x0000007d5d900000) (1024K)]
  0x0000024dc9e882d0 WorkerThread "GC Thread#5"                     [id=40344, stack(0x0000007d5d900000,0x0000007d5da00000) (1024K)]
  0x0000024d9895e520 ConcurrentGCThread "G1 Main Marker"            [id=51936, stack(0x0000007d5c500000,0x0000007d5c600000) (1024K)]
  0x0000024dc6880080 WorkerThread "G1 Conc#0"                       [id=62276, stack(0x0000007d5c600000,0x0000007d5c700000) (1024K)]
  0x0000024dc6941ac0 ConcurrentGCThread "G1 Refine#0"               [id=35028, stack(0x0000007d5c700000,0x0000007d5c800000) (1024K)]
  0x0000024dc6942550 ConcurrentGCThread "G1 Service"                [id=74896, stack(0x0000007d5c800000,0x0000007d5c900000) (1024K)]
Total: 12

Threads with active compile tasks:
C2 CompilerThread1  8138 3001       4       java.lang.invoke.MethodType::makeImpl (109 bytes)
Total: 1

VM state: not at safepoint (normal execution)

VM Mutex/Monitor currently owned by a thread: None

Heap address: 0x0000000600000000, size: 8192 MB, Compressed Oops mode: Zero based, Oop shift amount: 3

CDS archive(s) mapped at: [0x0000024dca000000-0x0000024dcaba0000-0x0000024dcaba0000), size 12189696, SharedBaseAddress: 0x0000024dca000000, ArchiveRelocationMode: 1.
Compressed class space mapped at: 0x0000024dcb000000-0x0000024e0b000000, reserved size: 1073741824
Narrow klass base: 0x0000024dca000000, Narrow klass shift: 0, Narrow klass range: 0x100000000

GC Precious Log:
 CardTable entry size: 512
 Card Set container configuration: InlinePtr #cards 4 size 8 Array Of Cards #cards 32 size 80 Howl #buckets 8 coarsen threshold 7372 Howl Bitmap #cards 1024 size 144 coarsen threshold 921 Card regions per heap region 1 cards per card region 8192
 CPUs: 20 total, 20 available
 Memory: 16068M
 Large Page Support: Disabled
 NUMA Support: Disabled
 Compressed Oops: Enabled (Zero based)
 Heap Region Size: 4M
 Heap Min Capacity: 8M
 Heap Initial Capacity: 252M
 Heap Max Capacity: 8G
 Pre-touch: Disabled
 Parallel Workers: 15
 Concurrent Workers: 4
 Concurrent Refinement Workers: 15
 Periodic GC: Disabled

Heap:
 garbage-first heap   total 258048K, used 86339K [0x0000000600000000, 0x0000000800000000)
  region size 4096K, 20 young (81920K), 2 survivors (8192K)
 Metaspace       used 16034K, committed 16512K, reserved 1114112K
  class space    used 2210K, committed 2432K, reserved 1048576K

Heap Regions: E=young(eden), S=young(survivor), O=old, HS=humongous(starts), HC=humongous(continues), CS=collection set, F=free, TAMS=top-at-mark-start, PB=parsable bottom
|   0|0x0000000600000000, 0x0000000600400000, 0x0000000600400000|100%|HS|  |TAMS 0x0000000600000000| PB 0x0000000600000000| Complete 
|   1|0x0000000600400000, 0x0000000600800000, 0x0000000600800000|100%| O|  |TAMS 0x0000000600400000| PB 0x0000000600400000| Untracked 
|   2|0x0000000600800000, 0x0000000600b420c8, 0x0000000600c00000| 81%| O|  |TAMS 0x0000000600800000| PB 0x0000000600800000| Untracked 
|   3|0x0000000600c00000, 0x0000000600c00000, 0x0000000601000000|  0%| F|  |TAMS 0x0000000600c00000| PB 0x0000000600c00000| Untracked 
|   4|0x0000000601000000, 0x0000000601000000, 0x0000000601400000|  0%| F|  |TAMS 0x0000000601000000| PB 0x0000000601000000| Untracked 
|   5|0x0000000601400000, 0x0000000601400000, 0x0000000601800000|  0%| F|  |TAMS 0x0000000601400000| PB 0x0000000601400000| Untracked 
|   6|0x0000000601800000, 0x0000000601800000, 0x0000000601c00000|  0%| F|  |TAMS 0x0000000601800000| PB 0x0000000601800000| Untracked 
|   7|0x0000000601c00000, 0x0000000601c00000, 0x0000000602000000|  0%| F|  |TAMS 0x0000000601c00000| PB 0x0000000601c00000| Untracked 
|   8|0x0000000602000000, 0x0000000602000000, 0x0000000602400000|  0%| F|  |TAMS 0x0000000602000000| PB 0x0000000602000000| Untracked 
|   9|0x0000000602400000, 0x0000000602400000, 0x0000000602800000|  0%| F|  |TAMS 0x0000000602400000| PB 0x0000000602400000| Untracked 
|  10|0x0000000602800000, 0x0000000602800000, 0x0000000602c00000|  0%| F|  |TAMS 0x0000000602800000| PB 0x0000000602800000| Untracked 
|  11|0x0000000602c00000, 0x0000000602c00000, 0x0000000603000000|  0%| F|  |TAMS 0x0000000602c00000| PB 0x0000000602c00000| Untracked 
|  12|0x0000000603000000, 0x0000000603000000, 0x0000000603400000|  0%| F|  |TAMS 0x0000000603000000| PB 0x0000000603000000| Untracked 
|  13|0x0000000603400000, 0x0000000603400000, 0x0000000603800000|  0%| F|  |TAMS 0x0000000603400000| PB 0x0000000603400000| Untracked 
|  14|0x0000000603800000, 0x0000000603800000, 0x0000000603c00000|  0%| F|  |TAMS 0x0000000603800000| PB 0x0000000603800000| Untracked 
|  15|0x0000000603c00000, 0x0000000603c00000, 0x0000000604000000|  0%| F|  |TAMS 0x0000000603c00000| PB 0x0000000603c00000| Untracked 
|  16|0x0000000604000000, 0x0000000604000000, 0x0000000604400000|  0%| F|  |TAMS 0x0000000604000000| PB 0x0000000604000000| Untracked 
|  17|0x0000000604400000, 0x0000000604400000, 0x0000000604800000|  0%| F|  |TAMS 0x0000000604400000| PB 0x0000000604400000| Untracked 
|  18|0x0000000604800000, 0x0000000604800000, 0x0000000604c00000|  0%| F|  |TAMS 0x0000000604800000| PB 0x0000000604800000| Untracked 
|  19|0x0000000604c00000, 0x0000000604c00000, 0x0000000605000000|  0%| F|  |TAMS 0x0000000604c00000| PB 0x0000000604c00000| Untracked 
|  20|0x0000000605000000, 0x0000000605000000, 0x0000000605400000|  0%| F|  |TAMS 0x0000000605000000| PB 0x0000000605000000| Untracked 
|  21|0x0000000605400000, 0x0000000605400000, 0x0000000605800000|  0%| F|  |TAMS 0x0000000605400000| PB 0x0000000605400000| Untracked 
|  22|0x0000000605800000, 0x0000000605800000, 0x0000000605c00000|  0%| F|  |TAMS 0x0000000605800000| PB 0x0000000605800000| Untracked 
|  23|0x0000000605c00000, 0x0000000605c00000, 0x0000000606000000|  0%| F|  |TAMS 0x0000000605c00000| PB 0x0000000605c00000| Untracked 
|  24|0x0000000606000000, 0x0000000606000000, 0x0000000606400000|  0%| F|  |TAMS 0x0000000606000000| PB 0x0000000606000000| Untracked 
|  25|0x0000000606400000, 0x0000000606400000, 0x0000000606800000|  0%| F|  |TAMS 0x0000000606400000| PB 0x0000000606400000| Untracked 
|  26|0x0000000606800000, 0x0000000606800000, 0x0000000606c00000|  0%| F|  |TAMS 0x0000000606800000| PB 0x0000000606800000| Untracked 
|  27|0x0000000606c00000, 0x0000000606c00000, 0x0000000607000000|  0%| F|  |TAMS 0x0000000606c00000| PB 0x0000000606c00000| Untracked 
|  28|0x0000000607000000, 0x0000000607000000, 0x0000000607400000|  0%| F|  |TAMS 0x0000000607000000| PB 0x0000000607000000| Untracked 
|  29|0x0000000607400000, 0x0000000607400000, 0x0000000607800000|  0%| F|  |TAMS 0x0000000607400000| PB 0x0000000607400000| Untracked 
|  30|0x0000000607800000, 0x0000000607800000, 0x0000000607c00000|  0%| F|  |TAMS 0x0000000607800000| PB 0x0000000607800000| Untracked 
|  31|0x0000000607c00000, 0x0000000607c00000, 0x0000000608000000|  0%| F|  |TAMS 0x0000000607c00000| PB 0x0000000607c00000| Untracked 
|  32|0x0000000608000000, 0x0000000608000000, 0x0000000608400000|  0%| F|  |TAMS 0x0000000608000000| PB 0x0000000608000000| Untracked 
|  33|0x0000000608400000, 0x0000000608400000, 0x0000000608800000|  0%| F|  |TAMS 0x0000000608400000| PB 0x0000000608400000| Untracked 
|  34|0x0000000608800000, 0x0000000608800000, 0x0000000608c00000|  0%| F|  |TAMS 0x0000000608800000| PB 0x0000000608800000| Untracked 
|  35|0x0000000608c00000, 0x0000000608c00000, 0x0000000609000000|  0%| F|  |TAMS 0x0000000608c00000| PB 0x0000000608c00000| Untracked 
|  36|0x0000000609000000, 0x0000000609000000, 0x0000000609400000|  0%| F|  |TAMS 0x0000000609000000| PB 0x0000000609000000| Untracked 
|  37|0x0000000609400000, 0x0000000609400000, 0x0000000609800000|  0%| F|  |TAMS 0x0000000609400000| PB 0x0000000609400000| Untracked 
|  38|0x0000000609800000, 0x0000000609800000, 0x0000000609c00000|  0%| F|  |TAMS 0x0000000609800000| PB 0x0000000609800000| Untracked 
|  39|0x0000000609c00000, 0x0000000609c00000, 0x000000060a000000|  0%| F|  |TAMS 0x0000000609c00000| PB 0x0000000609c00000| Untracked 
|  40|0x000000060a000000, 0x000000060a000000, 0x000000060a400000|  0%| F|  |TAMS 0x000000060a000000| PB 0x000000060a000000| Untracked 
|  41|0x000000060a400000, 0x000000060a400000, 0x000000060a800000|  0%| F|  |TAMS 0x000000060a400000| PB 0x000000060a400000| Untracked 
|  42|0x000000060a800000, 0x000000060a800000, 0x000000060ac00000|  0%| F|  |TAMS 0x000000060a800000| PB 0x000000060a800000| Untracked 
|  43|0x000000060ac00000, 0x000000060acef6f8, 0x000000060b000000| 23%| E|  |TAMS 0x000000060ac00000| PB 0x000000060ac00000| Complete 
|  44|0x000000060b000000, 0x000000060b400000, 0x000000060b400000|100%| E|CS|TAMS 0x000000060b000000| PB 0x000000060b000000| Complete 
|  45|0x000000060b400000, 0x000000060b800000, 0x000000060b800000|100%| E|CS|TAMS 0x000000060b400000| PB 0x000000060b400000| Complete 
|  46|0x000000060b800000, 0x000000060bc00000, 0x000000060bc00000|100%| E|CS|TAMS 0x000000060b800000| PB 0x000000060b800000| Complete 
|  47|0x000000060bc00000, 0x000000060bd0ef00, 0x000000060c000000| 26%| S|CS|TAMS 0x000000060bc00000| PB 0x000000060bc00000| Complete 
|  48|0x000000060c000000, 0x000000060c400000, 0x000000060c400000|100%| S|CS|TAMS 0x000000060c000000| PB 0x000000060c000000| Complete 
|  49|0x000000060c400000, 0x000000060c800000, 0x000000060c800000|100%| E|CS|TAMS 0x000000060c400000| PB 0x000000060c400000| Complete 
|  50|0x000000060c800000, 0x000000060cc00000, 0x000000060cc00000|100%| E|CS|TAMS 0x000000060c800000| PB 0x000000060c800000| Complete 
|  51|0x000000060cc00000, 0x000000060d000000, 0x000000060d000000|100%| E|CS|TAMS 0x000000060cc00000| PB 0x000000060cc00000| Complete 
|  52|0x000000060d000000, 0x000000060d400000, 0x000000060d400000|100%| E|CS|TAMS 0x000000060d000000| PB 0x000000060d000000| Complete 
|  53|0x000000060d400000, 0x000000060d800000, 0x000000060d800000|100%| E|CS|TAMS 0x000000060d400000| PB 0x000000060d400000| Complete 
|  54|0x000000060d800000, 0x000000060dc00000, 0x000000060dc00000|100%| E|CS|TAMS 0x000000060d800000| PB 0x000000060d800000| Complete 
|  55|0x000000060dc00000, 0x000000060e000000, 0x000000060e000000|100%| E|CS|TAMS 0x000000060dc00000| PB 0x000000060dc00000| Complete 
|  56|0x000000060e000000, 0x000000060e400000, 0x000000060e400000|100%| E|CS|TAMS 0x000000060e000000| PB 0x000000060e000000| Complete 
|  57|0x000000060e400000, 0x000000060e800000, 0x000000060e800000|100%| E|CS|TAMS 0x000000060e400000| PB 0x000000060e400000| Complete 
|  58|0x000000060e800000, 0x000000060ec00000, 0x000000060ec00000|100%| E|CS|TAMS 0x000000060e800000| PB 0x000000060e800000| Complete 
|  59|0x000000060ec00000, 0x000000060f000000, 0x000000060f000000|100%| E|CS|TAMS 0x000000060ec00000| PB 0x000000060ec00000| Complete 
|  60|0x000000060f000000, 0x000000060f400000, 0x000000060f400000|100%| E|CS|TAMS 0x000000060f000000| PB 0x000000060f000000| Complete 
|  61|0x000000060f400000, 0x000000060f800000, 0x000000060f800000|100%| E|CS|TAMS 0x000000060f400000| PB 0x000000060f400000| Complete 
|  62|0x000000060f800000, 0x000000060fc00000, 0x000000060fc00000|100%| E|CS|TAMS 0x000000060f800000| PB 0x000000060f800000| Complete 

Card table byte_map: [0x0000024dbd770000,0x0000024dbe770000] _byte_map_base: 0x0000024dba770000

Marking Bits: (CMBitMap*) 0x0000024d9894d430
 Bits: [0x0000024dbe770000, 0x0000024dc6770000)

Polling page: 0x0000024d96910000

Metaspace:

Usage:
  Non-class:     13.50 MB used.
      Class:      2.16 MB used.
       Both:     15.66 MB used.

Virtual space:
  Non-class space:       64.00 MB reserved,      13.75 MB ( 21%) committed,  1 nodes.
      Class space:        1.00 GB reserved,       2.38 MB ( <1%) committed,  1 nodes.
             Both:        1.06 GB reserved,      16.12 MB (  1%) committed. 

Chunk freelists:
   Non-Class:  2.29 MB
       Class:  13.66 MB
        Both:  15.95 MB

MaxMetaspaceSize: 4.00 GB
CompressedClassSpaceSize: 1.00 GB
Initial GC threshold: 21.00 MB
Current GC threshold: 21.00 MB
CDS: on
 - commit_granule_bytes: 65536.
 - commit_granule_words: 8192.
 - virtual_space_node_default_size: 8388608.
 - enlarge_chunks_in_place: 1.
 - use_allocation_guard: 0.


Internal statistics:

num_allocs_failed_limit: 0.
num_arena_births: 552.
num_arena_deaths: 0.
num_vsnodes_births: 2.
num_vsnodes_deaths: 0.
num_space_committed: 258.
num_space_uncommitted: 0.
num_chunks_returned_to_freelist: 0.
num_chunks_taken_from_freelist: 1111.
num_chunk_merges: 0.
num_chunk_splits: 724.
num_chunks_enlarged: 495.
num_inconsistent_stats: 0.

CodeHeap 'non-profiled nmethods': size=258432Kb used=1477Kb max_used=1477Kb free=256954Kb
 bounds [0x0000024dabe40000, 0x0000024dac0b0000, 0x0000024dbbaa0000]
CodeHeap 'profiled nmethods': size=258368Kb used=5989Kb max_used=5989Kb free=252378Kb
 bounds [0x0000024d9baa0000, 0x0000024d9c080000, 0x0000024dab6f0000]
CodeHeap 'non-nmethods': size=7488Kb used=1961Kb max_used=2012Kb free=5526Kb
 bounds [0x0000024dab6f0000, 0x0000024dab960000, 0x0000024dabe40000]
CodeCache: size=524288Kb, used=9427Kb, max_used=9478Kb, free=514858Kb
 total_blobs=3593, nmethods=3035, adapters=461, full_count=0
Compilation: enabled, stopped_count=0, restarted_count=0

Compilation events (20 events):
Event: 7.937 Thread 0x0000024e10a71230 nmethod 3026 0x0000024d9c076710 code [0x0000024d9c0768a0, 0x0000024d9c0769e0]
Event: 7.937 Thread 0x0000024e10a71230 3027       3       java.util.concurrent.locks.AbstractQueuedSynchronizer$Node::<init> (5 bytes)
Event: 7.937 Thread 0x0000024dc9acd290 3028       1       java.nio.channels.FileLock::position (5 bytes)
Event: 7.937 Thread 0x0000024e10a71230 nmethod 3027 0x0000024d9c076a90 code [0x0000024d9c076c40, 0x0000024d9c076da8]
Event: 7.937 Thread 0x0000024e10a71230 3029       1       java.nio.channels.FileLock::size (5 bytes)
Event: 7.937 Thread 0x0000024dc9acd290 nmethod 3028 0x0000024dabf9b090 code [0x0000024dabf9b220, 0x0000024dabf9b2e8]
Event: 7.937 Thread 0x0000024e10a71230 nmethod 3029 0x0000024dabf9b390 code [0x0000024dabf9b520, 0x0000024dabf9b5e8]
Event: 7.953 Thread 0x0000024dc9ac4fe0 nmethod 2941 0x0000024dabf9b690 code [0x0000024dabf9c1c0, 0x0000024dabfa76f8]
Event: 7.954 Thread 0x0000024dc9ac4fe0 3007       4       java.util.concurrent.ConcurrentHashMap::get (162 bytes)
Event: 7.959 Thread 0x0000024dc9ac4fe0 nmethod 3007 0x0000024dabfaeb10 code [0x0000024dabfaecc0, 0x0000024dabfaf008]
Event: 7.959 Thread 0x0000024dc9ac4fe0 3016       4       java.lang.StringLatin1::canEncode (13 bytes)
Event: 7.959 Thread 0x0000024dc9ac4fe0 nmethod 3016 0x0000024dabfaf290 code [0x0000024dabfaf400, 0x0000024dabfaf478]
Event: 7.959 Thread 0x0000024dc9ac4fe0 3013       4       java.lang.invoke.LambdaForm::useCount (61 bytes)
Event: 7.964 Thread 0x0000024dc9ac4fe0 nmethod 3013 0x0000024dabfaf590 code [0x0000024dabfaf740, 0x0000024dabfaf9f8]
Event: 7.964 Thread 0x0000024dc9ac4fe0 3006       4       jdk.internal.org.objectweb.asm.Frame::getAbstractTypeFromDescriptor (415 bytes)
Event: 7.984 Thread 0x0000024dc9ac4fe0 nmethod 3006 0x0000024dabfafc10 code [0x0000024dabfafea0, 0x0000024dabfb0e40]
Event: 8.027 Thread 0x0000024dc9acd290 3030       3       org.gradle.internal.time.TimeSource$1::nanoTime (4 bytes)
Event: 8.027 Thread 0x0000024dc9acd290 nmethod 3030 0x0000024d9c076e90 code [0x0000024d9c077040, 0x0000024d9c077170]
Event: 8.027 Thread 0x0000024e10a71230 3031       3       java.util.HashMap::afterNodeRemoval (1 bytes)
Event: 8.028 Thread 0x0000024e10a71230 nmethod 3031 0x0000024d9c077210 code [0x0000024d9c0773a0, 0x0000024d9c0774a8]

GC Heap History (6 events):
Event: 1.338 GC heap before
{Heap before GC invocations=0 (full 0):
 garbage-first heap   total 258048K, used 20480K [0x0000000600000000, 0x0000000800000000)
  region size 4096K, 5 young (20480K), 0 survivors (0K)
 Metaspace       used 881K, committed 1024K, reserved 1114112K
  class space    used 71K, committed 128K, reserved 1048576K
}
Event: 1.384 GC heap after
{Heap after GC invocations=1 (full 0):
 garbage-first heap   total 258048K, used 1616K [0x0000000600000000, 0x0000000800000000)
  region size 4096K, 1 young (4096K), 1 survivors (4096K)
 Metaspace       used 881K, committed 1024K, reserved 1114112K
  class space    used 71K, committed 128K, reserved 1048576K
}
Event: 2.874 GC heap before
{Heap before GC invocations=1 (full 0):
 garbage-first heap   total 258048K, used 34384K [0x0000000600000000, 0x0000000800000000)
  region size 4096K, 9 young (36864K), 1 survivors (4096K)
 Metaspace       used 4527K, committed 4736K, reserved 1114112K
  class space    used 581K, committed 704K, reserved 1048576K
}
Event: 2.879 GC heap after
{Heap after GC invocations=2 (full 0):
 garbage-first heap   total 258048K, used 11465K [0x0000000600000000, 0x0000000800000000)
  region size 4096K, 2 young (8192K), 2 survivors (8192K)
 Metaspace       used 4527K, committed 4736K, reserved 1114112K
  class space    used 581K, committed 704K, reserved 1048576K
}
Event: 3.691 GC heap before
{Heap before GC invocations=2 (full 0):
 garbage-first heap   total 258048K, used 60617K [0x0000000600000000, 0x0000000800000000)
  region size 4096K, 14 young (57344K), 2 survivors (8192K)
 Metaspace       used 4639K, committed 4864K, reserved 1114112K
  class space    used 582K, committed 704K, reserved 1048576K
}
Event: 3.697 GC heap after
{Heap after GC invocations=3 (full 0):
 garbage-first heap   total 258048K, used 16707K [0x0000000600000000, 0x0000000800000000)
  region size 4096K, 2 young (8192K), 2 survivors (8192K)
 Metaspace       used 4639K, committed 4864K, reserved 1114112K
  class space    used 582K, committed 704K, reserved 1048576K
}

Dll operation events (20 events):
Event: 0.609 Attempting to load shared library C:\Users\AJI\.vscode\extensions\redhat.java-1.56.0-win32-x64\jre\21.0.12.1-win32-x86_64\bin\nio.dll
Event: 0.611 Loaded shared library C:\Users\AJI\.vscode\extensions\redhat.java-1.56.0-win32-x64\jre\21.0.12.1-win32-x86_64\bin\nio.dll
Event: 0.615 Attempting to load shared library C:\Users\AJI\.vscode\extensions\redhat.java-1.56.0-win32-x64\jre\21.0.12.1-win32-x86_64\bin\zip.dll
Event: 0.615 Loaded shared library C:\Users\AJI\.vscode\extensions\redhat.java-1.56.0-win32-x64\jre\21.0.12.1-win32-x86_64\bin\zip.dll
Event: 1.402 Attempting to load shared library C:\Users\AJI\.vscode\extensions\redhat.java-1.56.0-win32-x64\jre\21.0.12.1-win32-x86_64\bin\jimage.dll
Event: 1.402 Loaded shared library C:\Users\AJI\.vscode\extensions\redhat.java-1.56.0-win32-x64\jre\21.0.12.1-win32-x86_64\bin\jimage.dll
Event: 2.157 Attempting to load shared library C:\Users\AJI\.vscode\extensions\redhat.java-1.56.0-win32-x64\jre\21.0.12.1-win32-x86_64\bin\verify.dll
Event: 2.168 Loaded shared library C:\Users\AJI\.vscode\extensions\redhat.java-1.56.0-win32-x64\jre\21.0.12.1-win32-x86_64\bin\verify.dll
Event: 2.231 Attempting to load shared library C:\Users\AJI\.gradle\native\1def1411415f61bf3af743bc5b6707747c0891f09f0c88961ee8f79bc544acac\windows-amd64\native-platform.dll
Event: 2.232 Loaded shared library C:\Users\AJI\.gradle\native\1def1411415f61bf3af743bc5b6707747c0891f09f0c88961ee8f79bc544acac\windows-amd64\native-platform.dll
Event: 2.247 Attempting to load shared library C:\Users\AJI\.gradle\native\0.2.8\x86_64-windows-gnu\gradle-fileevents.dll
Event: 2.249 Loaded shared library C:\Users\AJI\.gradle\native\0.2.8\x86_64-windows-gnu\gradle-fileevents.dll
Event: 4.008 Attempting to load shared library C:\Users\AJI\.vscode\extensions\redhat.java-1.56.0-win32-x64\jre\21.0.12.1-win32-x86_64\bin\management.dll
Event: 4.009 Loaded shared library C:\Users\AJI\.vscode\extensions\redhat.java-1.56.0-win32-x64\jre\21.0.12.1-win32-x86_64\bin\management.dll
Event: 4.011 Attempting to load shared library C:\Users\AJI\.vscode\extensions\redhat.java-1.56.0-win32-x64\jre\21.0.12.1-win32-x86_64\bin\management_ext.dll
Event: 4.013 Loaded shared library C:\Users\AJI\.vscode\extensions\redhat.java-1.56.0-win32-x64\jre\21.0.12.1-win32-x86_64\bin\management_ext.dll
Event: 4.233 Attempting to load shared library C:\Users\AJI\.vscode\extensions\redhat.java-1.56.0-win32-x64\jre\21.0.12.1-win32-x86_64\bin\extnet.dll
Event: 4.234 Loaded shared library C:\Users\AJI\.vscode\extensions\redhat.java-1.56.0-win32-x64\jre\21.0.12.1-win32-x86_64\bin\extnet.dll
Event: 4.539 Attempting to load shared library C:\Users\AJI\.vscode\extensions\redhat.java-1.56.0-win32-x64\jre\21.0.12.1-win32-x86_64\bin\sunmscapi.dll
Event: 4.544 Loaded shared library C:\Users\AJI\.vscode\extensions\redhat.java-1.56.0-win32-x64\jre\21.0.12.1-win32-x86_64\bin\sunmscapi.dll

Deoptimization events (20 events):
Event: 7.450 Thread 0x0000024e108c93e0 Uncommon trap: trap_request=0xffffff45 fr.pc=0x0000024dabeda528 relative=0x0000000000000a28
Event: 7.450 Thread 0x0000024e108c93e0 Uncommon trap: reason=unstable_if action=reinterpret pc=0x0000024dabeda528 method=java.util.regex.Matcher.reset()Ljava/util/regex/Matcher; @ 47 c2
Event: 7.450 Thread 0x0000024e108c93e0 DEOPT PACKING pc=0x0000024dabeda528 sp=0x0000007d5e0fad10
Event: 7.450 Thread 0x0000024e108c93e0 DEOPT UNPACKING pc=0x0000024dab744422 sp=0x0000007d5e0fac40 mode 2
Event: 7.450 Thread 0x0000024e108c93e0 Uncommon trap: trap_request=0xffffff45 fr.pc=0x0000024dabe69de4 relative=0x00000000000004c4
Event: 7.450 Thread 0x0000024e108c93e0 Uncommon trap: reason=unstable_if action=reinterpret pc=0x0000024dabe69de4 method=java.util.regex.Matcher.match(II)Z @ 76 c2
Event: 7.450 Thread 0x0000024e108c93e0 DEOPT PACKING pc=0x0000024dabe69de4 sp=0x0000007d5e0fad30
Event: 7.450 Thread 0x0000024e108c93e0 DEOPT UNPACKING pc=0x0000024dab744422 sp=0x0000007d5e0face8 mode 2
Event: 7.451 Thread 0x0000024e108c93e0 Uncommon trap: trap_request=0xffffff45 fr.pc=0x0000024dabe69498 relative=0x00000000000001d8
Event: 7.451 Thread 0x0000024e108c93e0 Uncommon trap: reason=unstable_if action=reinterpret pc=0x0000024dabe69498 method=java.util.regex.Matcher.reset()Ljava/util/regex/Matcher; @ 47 c2
Event: 7.451 Thread 0x0000024e108c93e0 DEOPT PACKING pc=0x0000024dabe69498 sp=0x0000007d5e0fabc0
Event: 7.451 Thread 0x0000024e108c93e0 DEOPT UNPACKING pc=0x0000024dab744422 sp=0x0000007d5e0fab50 mode 2
Event: 7.847 Thread 0x0000024e108c93e0 Uncommon trap: trap_request=0xffffff45 fr.pc=0x0000024dabe6764c relative=0x0000000000000d4c
Event: 7.847 Thread 0x0000024e108c93e0 Uncommon trap: reason=unstable_if action=reinterpret pc=0x0000024dabe6764c method=java.io.WinNTFileSystem.resolve(Ljava/lang/String;Ljava/lang/String;)Ljava/lang/String; @ 19 c2
Event: 7.847 Thread 0x0000024e108c93e0 DEOPT PACKING pc=0x0000024dabe6764c sp=0x0000007d5e0fb4b0
Event: 7.847 Thread 0x0000024e108c93e0 DEOPT UNPACKING pc=0x0000024dab744422 sp=0x0000007d5e0fb448 mode 2
Event: 7.848 Thread 0x0000024e108c93e0 Uncommon trap: trap_request=0xffffff45 fr.pc=0x0000024dabed0b24 relative=0x0000000000000644
Event: 7.848 Thread 0x0000024e108c93e0 Uncommon trap: reason=unstable_if action=reinterpret pc=0x0000024dabed0b24 method=java.io.File.getName()Ljava/lang/String; @ 16 c2
Event: 7.848 Thread 0x0000024e108c93e0 DEOPT PACKING pc=0x0000024dabed0b24 sp=0x0000007d5e0fb470
Event: 7.848 Thread 0x0000024e108c93e0 DEOPT UNPACKING pc=0x0000024dab744422 sp=0x0000007d5e0fb440 mode 2

Classes loaded (20 events):
Event: 7.475 Loading class java/lang/Character$Subset done
Event: 7.475 Loading class java/lang/Character$UnicodeBlock done
Event: 7.536 Loading class sun/security/provider/MD5
Event: 7.536 Loading class sun/security/provider/MD5 done
Event: 7.537 Loading class sun/security/provider/SHA5$SHA512
Event: 7.537 Loading class sun/security/provider/SHA5
Event: 7.537 Loading class sun/security/provider/SHA5 done
Event: 7.537 Loading class sun/security/provider/SHA5$SHA512 done
Event: 7.539 Loading class sun/security/provider/ByteArrayAccess$LE
Event: 7.539 Loading class sun/security/provider/ByteArrayAccess$LE done
Event: 7.847 Loading class java/io/File$TempDirectory
Event: 7.848 Loading class java/io/File$TempDirectory done
Event: 7.895 Loading class java/util/concurrent/Semaphore
Event: 7.895 Loading class java/util/concurrent/Semaphore done
Event: 7.898 Loading class java/nio/file/FileVisitOption
Event: 7.898 Loading class java/nio/file/FileVisitOption done
Event: 7.905 Loading class java/util/stream/ReduceOps$1
Event: 7.905 Loading class java/util/stream/ReduceOps$1 done
Event: 7.905 Loading class java/util/stream/ReduceOps$1ReducingSink
Event: 7.906 Loading class java/util/stream/ReduceOps$1ReducingSink done

Classes unloaded (0 events):
No events

Classes redefined (0 events):
No events

Internal exceptions (20 events):
Event: 4.500 Thread 0x0000024d988a21d0 Exception <a 'java/lang/NoSuchMethodError'{0x000000060e114ea8}: 'java.lang.Object java.lang.invoke.DirectMethodHandle$Holder.newInvokeSpecial(java.lang.Object, java.lang.Object, java.lang.Object, java.lang.Object, java.lang.Object)'> (0x000000060e114ea8) 
thrown [s\src\hotspot\share\interpreter\linkResolver.cpp, line 773]
Event: 4.658 Thread 0x0000024e1073fdf0 Exception <a 'java/lang/NoSuchMethodError'{0x000000060dd9d680}: 'void java.lang.invoke.DirectMethodHandle$Holder.invokeSpecial(java.lang.Object, java.lang.Object, java.lang.Object)'> (0x000000060dd9d680) 
thrown [s\src\hotspot\share\interpreter\linkResolver.cpp, line 773]
Event: 4.792 Thread 0x0000024e108c93e0 Exception <a 'java/lang/NoSuchMethodError'{0x000000060d6587b0}: 'long java.lang.invoke.DirectMethodHandle$Holder.invokeInterface(java.lang.Object, java.lang.Object)'> (0x000000060d6587b0) 
thrown [s\src\hotspot\share\interpreter\linkResolver.cpp, line 773]
Event: 4.929 Thread 0x0000024e108c93e0 Exception <a 'java/lang/NoSuchMethodError'{0x000000060d253258}: 'void java.lang.invoke.DirectMethodHandle$Holder.invokeStatic(java.lang.Object, java.lang.Object)'> (0x000000060d253258) 
thrown [s\src\hotspot\share\interpreter\linkResolver.cpp, line 773]
Event: 4.942 Thread 0x0000024e108c93e0 Exception <a 'java/lang/NoSuchMethodError'{0x000000060d2add78}: 'java.lang.Object java.lang.invoke.DirectMethodHandle$Holder.invokeVirtual(java.lang.Object, java.lang.Object, java.lang.Object, java.lang.Object, java.lang.Object, java.lang.Object, java.lang.Object, java.lang.Object, java.lang.Object, java.lang.Object, java.lang.Object, java.lang.Object)'> (0x000000060d2add78) 
thrown [s\src\hotspot\share\interpreter\linkResolver.cpp, line 773]
Event: 4.942 Thread 0x0000024e108c93e0 Exception <a 'java/lang/NoSuchMethodError'{0x000000060d2b2da0}: 'java.lang.Object java.lang.invoke.DirectMethodHandle$Holder.invokeSpecial(java.lang.Object, java.lang.Object, java.lang.Object, java.lang.Object, java.lang.Object, java.lang.Object, java.lang.Object, java.lang.Object, java.lang.Object, java.lang.Object, java.lang.Object, java.lang.Object, java.lang.Object)'> (0x000000060d2b2da0) 
thrown [s\src\hotspot\share\interpreter\linkResolver.cpp, line 773]
Event: 5.002 Thread 0x0000024e108c93e0 Exception <a 'java/lang/NoSuchMethodError'{0x000000060cd0ed80}: 'int java.lang.invoke.DirectMethodHandle$Holder.invokeVirtual(java.lang.Object, java.lang.Object, java.lang.Object)'> (0x000000060cd0ed80) 
thrown [s\src\hotspot\share\interpreter\linkResolver.cpp, line 773]
Event: 5.060 Thread 0x0000024e108c93e0 Exception <a 'java/lang/NoSuchMethodError'{0x000000060cfa5c78}: 'java.lang.Object java.lang.invoke.DirectMethodHandle$Holder.newInvokeSpecial(java.lang.Object, java.lang.Object, java.lang.Object, java.lang.Object, java.lang.Object, java.lang.Object)'> (0x000000060cfa5c78) 
thrown [s\src\hotspot\share\interpreter\linkResolver.cpp, line 773]
Event: 5.139 Thread 0x0000024e108c93e0 Exception <a 'java/lang/NoSuchMethodError'{0x000000060ca4f3c0}: 'void java.lang.invoke.DelegatingMethodHandle$Holder.reinvoke_L(java.lang.Object, java.lang.Object, java.lang.Object, java.lang.Object, java.lang.Object, java.lang.Object, java.lang.Object, java.lang.Object, java.lang.Object, java.lang.Object)'> (0x000000060ca4f3c0) 
thrown [s\src\hotspot\share\interpreter\linkResolver.cpp, line 773]
Event: 5.140 Thread 0x0000024e108c93e0 Exception <a 'java/lang/NoSuchMethodError'{0x000000060ca56ea0}: 'java.lang.Object java.lang.invoke.Invokers$Holder.invoker(java.lang.Object, java.lang.Object, java.lang.Object, java.lang.Object, java.lang.Object, java.lang.Object, java.lang.Object, java.lang.Object, java.lang.Object, java.lang.Object)'> (0x000000060ca56ea0) 
thrown [s\src\hotspot\share\interpreter\linkResolver.cpp, line 773]
Event: 5.474 Thread 0x0000024e108c93e0 Exception <a 'java/lang/NoSuchMethodError'{0x000000060b8ef348}: 'void java.lang.invoke.DirectMethodHandle$Holder.invokeInterface(java.lang.Object, java.lang.Object)'> (0x000000060b8ef348) 
thrown [s\src\hotspot\share\interpreter\linkResolver.cpp, line 773]
Event: 5.474 Thread 0x0000024e108c93e0 Exception <a 'java/lang/IncompatibleClassChangeError'{0x000000060b8f2b10}: Found class java.lang.Object, but interface was expected> (0x000000060b8f2b10) 
thrown [s\src\hotspot\share\interpreter\linkResolver.cpp, line 840]
Event: 5.502 Thread 0x0000024e108c93e0 Exception <a 'java/lang/NoSuchMethodError'{0x000000060ba22af0}: 'java.lang.Object java.lang.invoke.DirectMethodHandle$Holder.newInvokeSpecial(java.lang.Object, java.lang.Object, int)'> (0x000000060ba22af0) 
thrown [s\src\hotspot\share\interpreter\linkResolver.cpp, line 773]
Event: 7.552 Thread 0x0000024e108c93e0 Exception <a 'java/lang/NoSuchMethodError'{0x000000060b77f050}: 'java.lang.Object java.lang.invoke.DirectMethodHandle$Holder.invokeVirtual(java.lang.Object, java.lang.Object, java.lang.Object, java.lang.Object, java.lang.Object, java.lang.Object, java.lang.Object, java.lang.Object)'> (0x000000060b77f050) 
thrown [s\src\hotspot\share\interpreter\linkResolver.cpp, line 773]
Event: 7.841 Thread 0x0000024e108c93e0 Exception <a 'java/lang/NoSuchMethodError'{0x000000060b134988}: 'java.lang.Object java.lang.invoke.DirectMethodHandle$Holder.invokeVirtual(java.lang.Object, java.lang.Object, java.lang.Object, java.lang.Object, java.lang.Object, java.lang.Object, java.lang.Object, java.lang.Object, java.lang.Object, java.lang.Object)'> (0x000000060b134988) 
thrown [s\src\hotspot\share\interpreter\linkResolver.cpp, line 773]
Event: 7.860 Thread 0x0000024e108c93e0 Exception <a 'java/lang/NoSuchMethodError'{0x000000060b1c5a60}: 'void java.lang.invoke.DirectMethodHandle$Holder.invokeStatic(java.lang.Object, java.lang.Object, java.lang.Object, java.lang.Object)'> (0x000000060b1c5a60) 
thrown [s\src\hotspot\share\interpreter\linkResolver.cpp, line 773]
Event: 7.860 Thread 0x0000024e108c93e0 Exception <a 'java/lang/NoSuchMethodError'{0x000000060b1c9818}: 'void java.lang.invoke.DirectMethodHandle$Holder.invokeStaticInit(java.lang.Object, java.lang.Object, java.lang.Object, java.lang.Object)'> (0x000000060b1c9818) 
thrown [s\src\hotspot\share\interpreter\linkResolver.cpp, line 773]
Event: 7.875 Thread 0x0000024e108c93e0 Exception <a 'java/lang/NoSuchMethodError'{0x000000060b315908}: 'java.lang.Object java.lang.invoke.DirectMethodHandle$Holder.invokeInterface(java.lang.Object, java.lang.Object, java.lang.Object)'> (0x000000060b315908) 
thrown [s\src\hotspot\share\interpreter\linkResolver.cpp, line 773]
Event: 7.900 Thread 0x0000024e108c93e0 Exception <a 'java/lang/NoSuchMethodError'{0x000000060ac27da8}: 'int java.lang.invoke.DirectMethodHandle$Holder.invokeSpecialIFC(java.lang.Object, java.lang.Object, java.lang.Object, java.lang.Object)'> (0x000000060ac27da8) 
thrown [s\src\hotspot\share\interpreter\linkResolver.cpp, line 773]
Event: 7.905 Thread 0x0000024e108c93e0 Exception <a 'java/lang/IncompatibleClassChangeError'{0x000000060ac35200}: Found class java.lang.Object, but interface was expected> (0x000000060ac35200) 
thrown [s\src\hotspot\share\interpreter\linkResolver.cpp, line 840]

ZGC Phase Switch (0 events):
No events

VM Operations (20 events):
Event: 4.253 Executing non-safepoint VM operation: HandshakeAllThreads (Deoptimize)
Event: 4.253 Executing non-safepoint VM operation: HandshakeAllThreads (Deoptimize) done
Event: 4.313 Executing non-safepoint VM operation: HandshakeAllThreads (Deoptimize)
Event: 4.313 Executing non-safepoint VM operation: HandshakeAllThreads (Deoptimize) done
Event: 4.356 Executing non-safepoint VM operation: HandshakeAllThreads (Deoptimize)
Event: 4.356 Executing non-safepoint VM operation: HandshakeAllThreads (Deoptimize) done
Event: 4.402 Executing safepoint VM operation: ICBufferFull
Event: 4.402 Executing safepoint VM operation: ICBufferFull done
Event: 4.512 Executing non-safepoint VM operation: HandshakeAllThreads (Deoptimize)
Event: 4.512 Executing non-safepoint VM operation: HandshakeAllThreads (Deoptimize) done
Event: 4.571 Executing non-safepoint VM operation: HandshakeAllThreads (Deoptimize)
Event: 4.572 Executing non-safepoint VM operation: HandshakeAllThreads (Deoptimize) done
Event: 5.114 Executing safepoint VM operation: ICBufferFull
Event: 5.115 Executing safepoint VM operation: ICBufferFull done
Event: 5.500 Executing non-safepoint VM operation: HandshakeAllThreads (Deoptimize)
Event: 5.500 Executing non-safepoint VM operation: HandshakeAllThreads (Deoptimize) done
Event: 6.512 Executing safepoint VM operation: Cleanup
Event: 6.512 Executing safepoint VM operation: Cleanup done
Event: 7.513 Executing safepoint VM operation: Cleanup
Event: 7.528 Executing safepoint VM operation: Cleanup done

Memory protections (0 events):
No events

Nmethod flushes (0 events):
No events

Events (20 events):
Event: 0.368 Thread 0x0000024d988a21d0 Thread added: 0x0000024dc9ac4fe0
Event: 0.373 Thread 0x0000024d988a21d0 Thread added: 0x0000024dc9acd290
Event: 0.601 Thread 0x0000024d988a21d0 Thread added: 0x0000024dc9dd30c0
Event: 0.640 Thread 0x0000024d988a21d0 Thread added: 0x0000024dc9de0fc0
Event: 4.062 Thread 0x0000024d988a21d0 Thread added: 0x0000024e10655060
Event: 4.390 Thread 0x0000024d988a21d0 Thread added: 0x0000024e107e0c80
Event: 4.506 Thread 0x0000024d988a21d0 Thread added: 0x0000024e1089f330
Event: 4.576 Thread 0x0000024e107e0c80 Thread added: 0x0000024e1073fdf0
Event: 4.582 Thread 0x0000024e1073fdf0 Thread added: 0x0000024e108d1bd0
Event: 4.634 Thread 0x0000024e1073fdf0 Thread added: 0x0000024e10798620
Event: 4.659 Thread 0x0000024e1073fdf0 Thread added: 0x0000024e108c93e0
Event: 4.679 Thread 0x0000024e108c93e0 Thread added: 0x0000024e108c86c0
Event: 4.686 Thread 0x0000024e108c93e0 Thread added: 0x0000024e108c9a70
Event: 4.695 Thread 0x0000024e108c93e0 Thread added: 0x0000024e108c8030
Event: 5.501 Thread 0x0000024e108c93e0 Thread added: 0x0000024e108c8d50
Event: 5.524 Thread 0x0000024e108c93e0 Thread added: 0x0000024e108c65f0
Event: 7.463 Thread 0x0000024dc9acd290 Thread added: 0x0000024e10a71230
Event: 7.561 Thread 0x0000024e108c93e0 Thread added: 0x0000024e108c6c80
Event: 7.792 Thread 0x0000024dc9acd290 Thread added: 0x0000024e10c54950
Event: 7.829 Thread 0x0000024e108c65f0 Thread added: 0x0000024e108c7310


Dynamic libraries:
0x00007ff735c60000 - 0x00007ff735c6e000 	C:\Users\AJI\.vscode\extensions\redhat.java-1.56.0-win32-x64\jre\21.0.12.1-win32-x86_64\bin\java.exe
0x00007ffaa9a20000 - 0x00007ffaa9c87000 	C:\WINDOWS\SYSTEM32\ntdll.dll
0x00007ffaa7cd0000 - 0x00007ffaa7d9b000 	C:\WINDOWS\System32\KERNEL32.DLL
0x00007ffaa71b0000 - 0x00007ffaa75b2000 	C:\WINDOWS\System32\KERNELBASE.dll
0x00007ffaa7050000 - 0x00007ffaa719c000 	C:\WINDOWS\System32\ucrtbase.dll
0x00007ffa5b940000 - 0x00007ffa5b958000 	C:\Users\AJI\.vscode\extensions\redhat.java-1.56.0-win32-x64\jre\21.0.12.1-win32-x86_64\bin\jli.dll
0x00007ffa76fd0000 - 0x00007ffa76fee000 	C:\Users\AJI\.vscode\extensions\redhat.java-1.56.0-win32-x64\jre\21.0.12.1-win32-x86_64\bin\VCRUNTIME140.dll
0x00007ffaa7da0000 - 0x00007ffaa7f6f000 	C:\WINDOWS\System32\USER32.dll
0x00007ffaa6e90000 - 0x00007ffaa6eb7000 	C:\WINDOWS\System32\win32u.dll
0x00007ffaa7740000 - 0x00007ffaa776b000 	C:\WINDOWS\System32\GDI32.dll
0x00007ffaa6cd0000 - 0x00007ffaa6df9000 	C:\WINDOWS\System32\gdi32full.dll
0x00007ffa85610000 - 0x00007ffa858a0000 	C:\WINDOWS\WinSxS\amd64_microsoft.windows.common-controls_6595b64144ccf1df_6.0.26100.9278_none_3e0d1ba8e3303201\COMCTL32.dll
0x00007ffaa6c20000 - 0x00007ffaa6cc3000 	C:\WINDOWS\System32\msvcp_win.dll
0x00007ffaa8760000 - 0x00007ffaa8809000 	C:\WINDOWS\System32\msvcrt.dll
0x00007ffaa9250000 - 0x00007ffaa9281000 	C:\WINDOWS\System32\IMM32.DLL
0x00007ffa8fa10000 - 0x00007ffa8fa1c000 	C:\Users\AJI\.vscode\extensions\redhat.java-1.56.0-win32-x64\jre\21.0.12.1-win32-x86_64\bin\vcruntime140_1.dll
0x00007ff9ae9a0000 - 0x00007ff9aea2d000 	C:\Users\AJI\.vscode\extensions\redhat.java-1.56.0-win32-x64\jre\21.0.12.1-win32-x86_64\bin\msvcp140.dll
0x00007ff96c320000 - 0x00007ff96d0c2000 	C:\Users\AJI\.vscode\extensions\redhat.java-1.56.0-win32-x64\jre\21.0.12.1-win32-x86_64\bin\server\jvm.dll
0x00007ffaa8fb0000 - 0x00007ffaa906c000 	C:\WINDOWS\System32\ADVAPI32.dll
0x00007ffaa7b90000 - 0x00007ffaa7c39000 	C:\WINDOWS\System32\sechost.dll
0x00007ffaa80d0000 - 0x00007ffaa81e8000 	C:\WINDOWS\System32\RPCRT4.dll
0x00007ffaa7c40000 - 0x00007ffaa7cc0000 	C:\WINDOWS\System32\WS2_32.dll
0x00007ffaa6a80000 - 0x00007ffaa6ade000 	C:\WINDOWS\SYSTEM32\POWRPROF.dll
0x00007ffa9deb0000 - 0x00007ffa9debb000 	C:\WINDOWS\SYSTEM32\VERSION.dll
0x00007ffaa0960000 - 0x00007ffaa0996000 	C:\WINDOWS\SYSTEM32\WINMM.dll
0x00007ffaa6a60000 - 0x00007ffaa6a75000 	C:\WINDOWS\SYSTEM32\UMPDC.dll
0x00007ffaa5400000 - 0x00007ffaa541b000 	C:\WINDOWS\SYSTEM32\kernel.appcore.dll
0x00007ffa8f9e0000 - 0x00007ffa8f9ea000 	C:\Users\AJI\.vscode\extensions\redhat.java-1.56.0-win32-x64\jre\21.0.12.1-win32-x86_64\bin\jimage.dll
0x00007ffaa3d10000 - 0x00007ffaa3f5c000 	C:\WINDOWS\SYSTEM32\DBGHELP.DLL
0x00007ffaa9320000 - 0x00007ffaa96a5000 	C:\WINDOWS\System32\combase.dll
0x00007ffaa81f0000 - 0x00007ffaa82c9000 	C:\WINDOWS\System32\OLEAUT32.dll
0x00007ffa84dc0000 - 0x00007ffa84dfb000 	C:\WINDOWS\SYSTEM32\dbgcore.DLL
0x00007ffaa75c0000 - 0x00007ffaa766c000 	C:\WINDOWS\System32\bcryptPrimitives.dll
0x00007ffa80050000 - 0x00007ffa8005f000 	C:\Users\AJI\.vscode\extensions\redhat.java-1.56.0-win32-x64\jre\21.0.12.1-win32-x86_64\bin\instrument.dll
0x00007ffa56a30000 - 0x00007ffa56a50000 	C:\Users\AJI\.vscode\extensions\redhat.java-1.56.0-win32-x64\jre\21.0.12.1-win32-x86_64\bin\java.dll
0x00007ffaa8810000 - 0x00007ffaa8fa8000 	C:\WINDOWS\System32\SHELL32.dll
0x00007ffaa4150000 - 0x00007ffaa49fe000 	C:\WINDOWS\SYSTEM32\windows.storage.dll
0x00007ffaa96b0000 - 0x00007ffaa97ab000 	C:\WINDOWS\System32\SHCORE.dll
0x00007ffaa7a10000 - 0x00007ffaa7a76000 	C:\WINDOWS\System32\shlwapi.dll
0x00007ffaa6b40000 - 0x00007ffaa6b69000 	C:\WINDOWS\SYSTEM32\profapi.dll
0x00007ffa554d0000 - 0x00007ffa554e8000 	C:\Users\AJI\.vscode\extensions\redhat.java-1.56.0-win32-x64\jre\21.0.12.1-win32-x86_64\bin\zip.dll
0x00007ffa813d0000 - 0x00007ffa813e0000 	C:\Users\AJI\.vscode\extensions\redhat.java-1.56.0-win32-x64\jre\21.0.12.1-win32-x86_64\bin\net.dll
0x00007ffa9f270000 - 0x00007ffa9f39a000 	C:\WINDOWS\SYSTEM32\WINHTTP.dll
0x00007ffaa59c0000 - 0x00007ffaa5a2c000 	C:\WINDOWS\system32\mswsock.dll
0x00007ffa554b0000 - 0x00007ffa554c6000 	C:\Users\AJI\.vscode\extensions\redhat.java-1.56.0-win32-x64\jre\21.0.12.1-win32-x86_64\bin\nio.dll
0x00007ffa7fae0000 - 0x00007ffa7faf0000 	C:\Users\AJI\.vscode\extensions\redhat.java-1.56.0-win32-x64\jre\21.0.12.1-win32-x86_64\bin\verify.dll
0x00007ffa399a0000 - 0x00007ffa399c7000 	C:\Users\AJI\.gradle\native\1def1411415f61bf3af743bc5b6707747c0891f09f0c88961ee8f79bc544acac\windows-amd64\native-platform.dll
0x00007ff9bbe60000 - 0x00007ff9bbed7000 	C:\Users\AJI\.gradle\native\0.2.8\x86_64-windows-gnu\gradle-fileevents.dll
0x00007ffa7eee0000 - 0x00007ffa7eeea000 	C:\Users\AJI\.vscode\extensions\redhat.java-1.56.0-win32-x64\jre\21.0.12.1-win32-x86_64\bin\management.dll
0x00007ffa77400000 - 0x00007ffa7740c000 	C:\Users\AJI\.vscode\extensions\redhat.java-1.56.0-win32-x64\jre\21.0.12.1-win32-x86_64\bin\management_ext.dll
0x00007ffaa7b80000 - 0x00007ffaa7b88000 	C:\WINDOWS\System32\PSAPI.DLL
0x00007ffaa4ee0000 - 0x00007ffaa4f13000 	C:\WINDOWS\SYSTEM32\IPHLPAPI.DLL
0x00007ffaa80c0000 - 0x00007ffaa80ca000 	C:\WINDOWS\System32\NSI.dll
0x00007ffa74220000 - 0x00007ffa74229000 	C:\Users\AJI\.vscode\extensions\redhat.java-1.56.0-win32-x64\jre\21.0.12.1-win32-x86_64\bin\extnet.dll
0x00007ffaa5cb0000 - 0x00007ffaa5ccb000 	C:\WINDOWS\SYSTEM32\CRYPTSP.dll
0x00007ffaa5360000 - 0x00007ffaa5399000 	C:\WINDOWS\system32\rsaenh.dll
0x00007ffaa5a70000 - 0x00007ffaa5aa4000 	C:\WINDOWS\SYSTEM32\USERENV.dll
0x00007ffaa6b10000 - 0x00007ffaa6b3a000 	C:\WINDOWS\SYSTEM32\bcrypt.dll
0x00007ffaa5cd0000 - 0x00007ffaa5cdc000 	C:\WINDOWS\SYSTEM32\CRYPTBASE.dll
0x00007ffa73220000 - 0x00007ffa7322e000 	C:\Users\AJI\.vscode\extensions\redhat.java-1.56.0-win32-x64\jre\21.0.12.1-win32-x86_64\bin\sunmscapi.dll
0x00007ffaa6ec0000 - 0x00007ffaa703e000 	C:\WINDOWS\System32\CRYPT32.dll
0x00007ffaa5ea0000 - 0x00007ffaa5ed0000 	C:\WINDOWS\SYSTEM32\ncrypt.dll
0x00007ffaa5e50000 - 0x00007ffaa5e8f000 	C:\WINDOWS\SYSTEM32\NTASN1.dll
0x00007ffa7c400000 - 0x00007ffa7c408000 	C:\WINDOWS\system32\wshunix.dll

JVMTI agents:
C:\Users\AJI\.gradle\wrapper\dists\gradle-9.1.0-all\7wzd0jkjit61aq2p43wpjgij9\gradle-9.1.0\lib\agents\gradle-instrumentation-agent-9.1.0.jar path:C:\Users\AJI\.vscode\extensions\redhat.java-1.56.0-win32-x64\jre\21.0.12.1-win32-x86_64\bin\instrument.dll, loaded, initialized, instrumentlib options:none

dbghelp: loaded successfully - version: 4.0.5 - missing functions: none
symbol engine: initialized successfully - sym options: 0x614 - pdb path: .;C:\Users\AJI\.vscode\extensions\redhat.java-1.56.0-win32-x64\jre\21.0.12.1-win32-x86_64\bin;C:\WINDOWS\SYSTEM32;C:\WINDOWS\WinSxS\amd64_microsoft.windows.common-controls_6595b64144ccf1df_6.0.26100.9278_none_3e0d1ba8e3303201;C:\Users\AJI\.vscode\extensions\redhat.java-1.56.0-win32-x64\jre\21.0.12.1-win32-x86_64\bin\server;C:\Users\AJI\.gradle\native\1def1411415f61bf3af743bc5b6707747c0891f09f0c88961ee8f79bc544acac\windows-amd64;C:\Users\AJI\.gradle\native\0.2.8\x86_64-windows-gnu

VM Arguments:
jvm_args: --add-opens=java.base/java.lang=ALL-UNNAMED --add-opens=java.base/java.lang.invoke=ALL-UNNAMED --add-opens=java.base/java.util=ALL-UNNAMED --add-opens=java.prefs/java.util.prefs=ALL-UNNAMED --add-exports=jdk.compiler/com.sun.tools.javac.api=ALL-UNNAMED --add-exports=jdk.compiler/com.sun.tools.javac.util=ALL-UNNAMED --add-opens=java.base/java.util=ALL-UNNAMED --add-opens=java.prefs/java.util.prefs=ALL-UNNAMED --add-opens=java.base/java.nio.charset=ALL-UNNAMED --add-opens=java.base/java.net=ALL-UNNAMED --add-opens=java.base/java.util.concurrent=ALL-UNNAMED --add-opens=java.base/java.util.concurrent.atomic=ALL-UNNAMED --add-opens=java.xml/javax.xml.namespace=ALL-UNNAMED --add-opens=java.base/java.time=ALL-UNNAMED -XX:MaxMetaspaceSize=4G -XX:ReservedCodeCacheSize=512m -XX:+HeapDumpOnOutOfMemoryError -Xmx8G -Dfile.encoding=UTF-8 -Duser.country=IN -Duser.language=en -Duser.variant -javaagent:C:\Users\AJI\.gradle\wrapper\dists\gradle-9.1.0-all\7wzd0jkjit61aq2p43wpjgij9\gradle-9.1.0\lib\agents\gradle-instrumentation-agent-9.1.0.jar 
java_command: org.gradle.launcher.daemon.bootstrap.GradleDaemon 9.1.0
java_class_path (initial): C:\Users\AJI\.gradle\wrapper\dists\gradle-9.1.0-all\7wzd0jkjit61aq2p43wpjgij9\gradle-9.1.0\lib\gradle-daemon-main-9.1.0.jar
Launcher Type: SUN_STANDARD

[Global flags]
     intx CICompilerCount                          = 12                                        {product} {ergonomic}
     uint ConcGCThreads                            = 4                                         {product} {ergonomic}
     uint G1ConcRefinementThreads                  = 15                                        {product} {ergonomic}
   size_t G1HeapRegionSize                         = 4194304                                   {product} {ergonomic}
    uintx GCDrainStackTargetSize                   = 64                                        {product} {ergonomic}
     bool HeapDumpOnOutOfMemoryError               = true                                   {manageable} {command line}
   size_t InitialHeapSize                          = 264241152                                 {product} {ergonomic}
   size_t MarkStackSize                            = 4194304                                   {product} {ergonomic}
   size_t MaxHeapSize                              = 8589934592                                {product} {command line}
   size_t MaxMetaspaceSize                         = 4294967296                                {product} {command line}
   size_t MaxNewSize                               = 5150605312                                {product} {ergonomic}
   size_t MinHeapDeltaBytes                        = 4194304                                   {product} {ergonomic}
   size_t MinHeapSize                              = 8388608                                   {product} {ergonomic}
    uintx NonNMethodCodeHeapSize                   = 7602480                                {pd product} {ergonomic}
    uintx NonProfiledCodeHeapSize                  = 264634216                              {pd product} {ergonomic}
    uintx ProfiledCodeHeapSize                     = 264634216                              {pd product} {ergonomic}
    uintx ReservedCodeCacheSize                    = 536870912                              {pd product} {command line}
     bool SegmentedCodeCache                       = true                                      {product} {ergonomic}
   size_t SoftMaxHeapSize                          = 8589934592                             {manageable} {ergonomic}
     bool UseCompressedOops                        = true                           {product lp64_product} {ergonomic}
     bool UseG1GC                                  = true                                      {product} {ergonomic}
     bool UseLargePagesIndividualAllocation        = false                                  {pd product} {ergonomic}

Logging:
Log output configuration:
 #0: stdout all=warning uptime,level,tags foldmultilines=false
 #1: stderr all=off uptime,level,tags foldmultilines=false

Release file:
JAVA_VERSION="21.0.12.1" 
MODULES="java.base java.compiler java.datatransfer java.xml java.prefs java.desktop java.instrument java.logging java.management java.security.sasl java.naming java.rmi java.management.rmi java.net.http java.scripting java.security.jgss java.transaction.xa java.sql java.sql.rowset java.xml.crypto java.se java.smartcardio jdk.accessibility jdk.internal.jvmstat jdk.attach jdk.charsets jdk.internal.opt jdk.zipfs jdk.compiler jdk.crypto.ec jdk.crypto.cryptoki jdk.crypto.mscapi jdk.dynalink jdk.internal.ed jdk.editpad jdk.hotspot.agent jdk.httpserver jdk.internal.le jdk.internal.vm.ci jdk.internal.vm.compiler jdk.internal.vm.compiler.management jdk.jartool jdk.javadoc jdk.jcmd jdk.management jdk.management.agent jdk.jconsole jdk.jdeps jdk.jdwp.agent jdk.jdi jdk.jfr jdk.jshell jdk.jsobject jdk.jstatd jdk.localedata jdk.management.jfr jdk.naming.dns jdk.naming.rmi jdk.net jdk.nio.mapmode jdk.random jdk.sctp jdk.security.auth jdk.security.jgss jdk.unsupported jdk.unsupported.desktop jdk.xml.dom" 

Environment Variables:
JAVA_HOME=C:\Program Files\Java\jdk-17
PATH=C:\Python314\Scripts\;C:\Python314\;C:\Program Files\Eclipse Adoptium\jdk-25.0.3.9-hotspot\bin;C:\Program Files\Microsoft\jdk-11.0.16.101-hotspot\bin;C:\WINDOWS\system32;C:\WINDOWS;C:\WINDOWS\System32\Wbem;C:\WINDOWS\System32\WindowsPowerShell\v1.0\;C:\WINDOWS\System32\OpenSSH\;C:\Program Files\dotnet\;C:\MinGW\bin;C:\ProgramData\chocolatey\bin;C:\Users\AJI\AppData\Local\Pub\Cache\bin;C:\Program Files\Java\jdk-17\bin;d:\cursor\resources\app\bin;C:\Users\AJI\develop\flutter\bin;C:\Users\AJI\.local\bin;D:\node\node_modules\npm\bin;D:\node\;C:\Program Files\nodejs\;C:\Program Files\nodejs\node_modules\npm\bin;C:\Users\AJI\Documents\MONGO\mongosh-2.9.2-win32-x64\bin;C:\xampp\php;C:\Program Files\Git\cmd;C:\Users\AJI\AppData\Local\Programs\Python\Python312\Scripts\;C:\Users\AJI\AppData\Local\Programs\Python\Python312\;C:\Users\AJI\.local\bin;C:\Users\AJI\AppData\Local\Microsoft\WindowsApps;D:\IntelliJ IDEA Community Edition 2023.1.5\bin;;C:\mingw64\bin;C:\Users\AJI\.dotnet\tools;C:\Users\AJI\Documents\flutter_windows_3.13.4-stable\flutter\bin;C:\Users\AJI\AppData\Local\Pub\Cache\bin;D:\flutter_pub_cache;C:\Users\AJI\AppData\Local\Android\Sdk;C:\Program Files\Java\jdk-17\bin;D:\rider\JetBrains Rider 2024.3.7\bin;;D:\Program Files\Microsoft VS Code\bin;D:\freelanceing\cursor\resources\app\bin;C:\Users\AJI\AppData\Local\Programs\Microsoft VS Code\bin;C:\Users\AJI\AppData\Local\Programs\cursor\resources\app\bin;C:\Users\AJI\AppData\Roaming\npm
USERNAME=AJI
OS=Windows_NT
PROCESSOR_IDENTIFIER=Intel64 Family 6 Model 154 Stepping 3, GenuineIntel
TMP=C:\Users\AJI\AppData\Local\Temp
TEMP=C:\Users\AJI\AppData\Local\Temp




Periodic native trim disabled

---------------  S Y S T E M  ---------------

OS:
 Windows 11 , 64 bit Build 26100 (10.0.26100.9444)
OS uptime: 0 days 4:11 hours
Hyper-V role detected

CPU: total 20 (initial active 20) (10 cores per cpu, 2 threads per core) family 6 model 154 stepping 3 microcode 0x43b, cx8, cmov, fxsr, ht, mmx, 3dnowpref, sse, sse2, sse3, ssse3, sse4.1, sse4.2, popcnt, lzcnt, tsc, tscinvbit, avx, avx2, aes, erms, clmul, bmi1, bmi2, adx, sha, fma, vzeroupper, clflush, clflushopt, clwb, hv, serialize, rdtscp, rdpid, fsrm, f16c, cet_ibt, cet_ss
Processor Information for the first 20 processors :
  Max Mhz: 2300, Current Mhz: 2300, Mhz Limit: 2300

Memory: 4k page, system-wide physical 16068M (1256M free)
TotalPageFile size 65220M (AvailPageFile size 0M)
current process WorkingSet (physical memory assigned to process): 192M, peak: 197M
current process commit charge ("private bytes"): 431M, peak: 437M

vm_info: OpenJDK 64-Bit Server VM (21.0.12.1+1-LTS) for windows-amd64 JRE (21.0.12.1+1-LTS), built on 2026-08-18T00:00:00Z by "admin" with MS VC++ 17.12 (VS2022)

END.
