#
# There is insufficient memory for the Java Runtime Environment to continue.
# Native memory allocation (malloc) failed to allocate 1141216 bytes. Error detail: Chunk::new
# Possible reasons:
#   The system is out of physical RAM or swap space
#   This process is running with CompressedOops enabled, and the Java Heap may be blocking the growth of the native heap
# Possible solutions:
#   Reduce memory load on the system
#   Increase physical memory or swap space
#   Check if swap backing store is full
#   Decrease Java heap size (-Xmx/-Xms)
#   Decrease number of Java threads
#   Decrease Java thread stack sizes (-Xss)
#   Set larger code cache with -XX:ReservedCodeCacheSize=
#   JVM is running with Zero Based Compressed Oops mode in which the Java heap is
#     placed in the first 32GB address space. The Java Heap base address is the
#     maximum limit for the native heap growth. Please use -XX:HeapBaseMinAddress
#     to set the Java Heap base and to place the Java Heap above 32GB virtual address.
# This output file may be truncated or incomplete.
#
#  Out of Memory Error (arena.cpp:168), pid=75072, tid=71032
#
# JRE version: OpenJDK Runtime Environment Temurin-21.0.12.1+1 (21.0.12.1+1) (build 21.0.12.1+1-LTS)
# Java VM: OpenJDK 64-Bit Server VM Temurin-21.0.12.1+1 (21.0.12.1+1-LTS, mixed mode, sharing, tiered, compressed oops, compressed class ptrs, g1 gc, windows-amd64)
# No core dump will be written. Minidumps are not enabled by default on client versions of Windows
#

---------------  S U M M A R Y ------------

Command Line: --add-opens=java.base/java.lang=ALL-UNNAMED --add-opens=java.base/java.lang.invoke=ALL-UNNAMED --add-opens=java.base/java.util=ALL-UNNAMED --add-opens=java.prefs/java.util.prefs=ALL-UNNAMED --add-exports=jdk.compiler/com.sun.tools.javac.api=ALL-UNNAMED --add-exports=jdk.compiler/com.sun.tools.javac.util=ALL-UNNAMED --add-opens=java.base/java.util=ALL-UNNAMED --add-opens=java.prefs/java.util.prefs=ALL-UNNAMED --add-opens=java.base/java.nio.charset=ALL-UNNAMED --add-opens=java.base/java.net=ALL-UNNAMED --add-opens=java.base/java.util.concurrent=ALL-UNNAMED --add-opens=java.base/java.util.concurrent.atomic=ALL-UNNAMED --add-opens=java.xml/javax.xml.namespace=ALL-UNNAMED --add-opens=java.base/java.time=ALL-UNNAMED -XX:MaxMetaspaceSize=4G -XX:ReservedCodeCacheSize=512m -XX:+HeapDumpOnOutOfMemoryError -Xmx8G -Dfile.encoding=UTF-8 -Duser.country=IN -Duser.language=en -Duser.variant -javaagent:C:\Users\AJI\.gradle\wrapper\dists\gradle-9.1.0-all\7wzd0jkjit61aq2p43wpjgij9\gradle-9.1.0\lib\agents\gradle-instrumentation-agent-9.1.0.jar org.gradle.launcher.daemon.bootstrap.GradleDaemon 9.1.0

Host: 12th Gen Intel(R) Core(TM) i7-12700H, 20 cores, 15G,  Windows 11 , 64 bit Build 26100 (10.0.26100.9444)
Time: Thu Sep 10 13:14:00 2026 India Standard Time elapsed time: 43.703106 seconds (0d 0h 0m 43s)

---------------  T H R E A D  ---------------

Current thread (0x00000251633e28a0):  JavaThread "C2 CompilerThread0" daemon [_thread_in_native, id=71032, stack(0x000000a588800000,0x000000a588900000) (1024K)]


Current CompileTask:
C2:43703 6171       4       java.lang.invoke.MethodType::makeImpl (109 bytes)

Stack: [0x000000a588800000,0x000000a588900000]
Native frames: (J=compiled Java code, j=interpreted, Vv=VM code, C=native code)
V  [jvm.dll+0x6d83e9]
V  [jvm.dll+0x8b5736]
V  [jvm.dll+0x8b7cee]
V  [jvm.dll+0x8b83d3]
V  [jvm.dll+0x284596]
V  [jvm.dll+0xc685d]
V  [jvm.dll+0xc6da1]
V  [jvm.dll+0x2fb5ae]
V  [jvm.dll+0x5fee94]
V  [jvm.dll+0x255d67]
V  [jvm.dll+0x25612d]
V  [jvm.dll+0x24e6a0]
V  [jvm.dll+0x24bbe6]
V  [jvm.dll+0x1cb4ae]
V  [jvm.dll+0x25baad]
V  [jvm.dll+0x25a03a]
V  [jvm.dll+0x3f8aae]
V  [jvm.dll+0x8600cd]
V  [jvm.dll+0x6d6c1d]
C  [ucrtbase.dll+0x2cd30]
C  [KERNEL32.DLL+0x2cd87]
C  [ntdll.dll+0xacaec]


---------------  P R O C E S S  ---------------

Threads class SMR info:
_java_thread_list=0x00000251635bbd70, length=54, elements={
0x00000251321d1cc0, 0x00000251633d70f0, 0x00000251633d7c50, 0x00000251633dc540,
0x00000251633dcfa0, 0x00000251633e0e50, 0x00000251633e45a0, 0x00000251633e28a0,
0x000002516341cae0, 0x00000251636cd2a0, 0x000002516371b260, 0x00000251aa1caa00,
0x00000251a95ae8e0, 0x00000251aa5b72f0, 0x00000251aa1ecf70, 0x00000251aa1ef610,
0x00000251aa235220, 0x00000251aa2365d0, 0x00000251aa236c60, 0x00000251aa235f40,
0x00000251aa237980, 0x00000251aa2372f0, 0x00000251aa238010, 0x00000251aa2386a0,
0x00000251aa2358b0, 0x00000251aa910150, 0x00000251aa90d9f0, 0x00000251aa90ccd0,
0x00000251aa9107e0, 0x00000251aa90e710, 0x00000251aa90eda0, 0x00000251aa90d360,
0x00000251aa911b90, 0x00000251aa911500, 0x00000251aa90f430, 0x00000251aa912f40,
0x00000251aa9135d0, 0x00000251aa913c60, 0x0000025163c7c780, 0x0000025163c7ad40,
0x0000025163c7b3d0, 0x0000025163c7a6b0, 0x0000025163c7d4a0, 0x0000025163c7e1c0,
0x0000025163c7ce10, 0x0000025163c7db30, 0x0000025163c7e850, 0x0000025163c7eee0,
0x0000025163c7ba60, 0x0000025163c7f570, 0x0000025163c7c0f0, 0x0000025163c7fc00,
0x0000025163c80290, 0x000002516341a8d0
}

Java Threads: ( => current thread )
  0x00000251321d1cc0 JavaThread "main"                              [_thread_blocked, id=44888, stack(0x000000a587a00000,0x000000a587b00000) (1024K)]
  0x00000251633d70f0 JavaThread "Reference Handler"          daemon [_thread_blocked, id=2244, stack(0x000000a588200000,0x000000a588300000) (1024K)]
  0x00000251633d7c50 JavaThread "Finalizer"                  daemon [_thread_blocked, id=6580, stack(0x000000a588300000,0x000000a588400000) (1024K)]
  0x00000251633dc540 JavaThread "Signal Dispatcher"          daemon [_thread_blocked, id=83144, stack(0x000000a588400000,0x000000a588500000) (1024K)]
  0x00000251633dcfa0 JavaThread "Attach Listener"            daemon [_thread_blocked, id=45608, stack(0x000000a588500000,0x000000a588600000) (1024K)]
  0x00000251633e0e50 JavaThread "Service Thread"             daemon [_thread_blocked, id=45280, stack(0x000000a588600000,0x000000a588700000) (1024K)]
  0x00000251633e45a0 JavaThread "Monitor Deflation Thread"   daemon [_thread_blocked, id=50576, stack(0x000000a588700000,0x000000a588800000) (1024K)]
=>0x00000251633e28a0 JavaThread "C2 CompilerThread0"         daemon [_thread_in_native, id=71032, stack(0x000000a588800000,0x000000a588900000) (1024K)]
  0x000002516341cae0 JavaThread "C1 CompilerThread0"         daemon [_thread_blocked, id=79380, stack(0x000000a588900000,0x000000a588a00000) (1024K)]
  0x00000251636cd2a0 JavaThread "Common-Cleaner"             daemon [_thread_blocked, id=54508, stack(0x000000a588c00000,0x000000a588d00000) (1024K)]
  0x000002516371b260 JavaThread "Notification Thread"        daemon [_thread_blocked, id=61252, stack(0x000000a588d00000,0x000000a588e00000) (1024K)]
  0x00000251aa1caa00 JavaThread "Daemon health stats"               [_thread_blocked, id=69532, stack(0x000000a589500000,0x000000a589600000) (1024K)]
  0x00000251a95ae8e0 JavaThread "Incoming local TCP Connector on port 46181"        [_thread_in_native, id=74476, stack(0x000000a589600000,0x000000a589700000) (1024K)]
  0x00000251aa5b72f0 JavaThread "Daemon periodic checks"            [_thread_blocked, id=44640, stack(0x000000a589800000,0x000000a589900000) (1024K)]
  0x00000251aa1ecf70 JavaThread "Daemon"                            [_thread_blocked, id=62192, stack(0x000000a589900000,0x000000a589a00000) (1024K)]
  0x00000251aa1ef610 JavaThread "Handler for socket connection from /127.0.0.1:46181 to /127.0.0.1:46182"        [_thread_in_native, id=21300, stack(0x000000a589a00000,0x000000a589b00000) (1024K)]
  0x00000251aa235220 JavaThread "Cancel handler"                    [_thread_blocked, id=67508, stack(0x000000a589300000,0x000000a589400000) (1024K)]
  0x00000251aa2365d0 JavaThread "Daemon worker"                     [_thread_blocked, id=65936, stack(0x000000a589700000,0x000000a589800000) (1024K)]
  0x00000251aa236c60 JavaThread "Asynchronous log dispatcher for DefaultDaemonConnection: socket connection from /127.0.0.1:46181 to /127.0.0.1:46182"        [_thread_blocked, id=2820, stack(0x000000a589b00000,0x000000a589c00000) (1024K)]
  0x00000251aa235f40 JavaThread "Stdin handler"                     [_thread_blocked, id=524, stack(0x000000a589c00000,0x000000a589d00000) (1024K)]
  0x00000251aa237980 JavaThread "Daemon client event forwarder"        [_thread_blocked, id=3656, stack(0x000000a589d00000,0x000000a589e00000) (1024K)]
  0x00000251aa2372f0 JavaThread "Cache worker for journal cache (C:\Users\AJI\.gradle\caches\journal-1)"        [_thread_blocked, id=45224, stack(0x000000a589e00000,0x000000a589f00000) (1024K)]
  0x00000251aa238010 JavaThread "File lock request listener"        [_thread_in_native, id=69084, stack(0x000000a589f00000,0x000000a58a000000) (1024K)]
  0x00000251aa2386a0 JavaThread "File lock release action executor"        [_thread_blocked, id=29852, stack(0x000000a58a000000,0x000000a58a100000) (1024K)]
  0x00000251aa2358b0 JavaThread "Cache worker for file hash cache (C:\Users\AJI\.gradle\caches\9.1.0\fileHashes)"        [_thread_blocked, id=47656, stack(0x000000a58a200000,0x000000a58a300000) (1024K)]
  0x00000251aa910150 JavaThread "Cache worker for file hash cache (C:\Users\AJI\Documents\personal_website\ajilesh_web\aj_profile\android\.gradle\9.1.0\fileHashes)"        [_thread_blocked, id=64416, stack(0x000000a58ac00000,0x000000a58ad00000) (1024K)]
  0x00000251aa90d9f0 JavaThread "Cache worker for Build Output Cleanup Cache (C:\Users\AJI\Documents\personal_website\ajilesh_web\aj_profile\android\.gradle\buildOutputCleanup)"        [_thread_blocked, id=37304, stack(0x000000a58ad00000,0x000000a58ae00000) (1024K)]
  0x00000251aa90ccd0 JavaThread "File watcher server"        daemon [_thread_in_native, id=69284, stack(0x000000a58ae00000,0x000000a58af00000) (1024K)]
  0x00000251aa9107e0 JavaThread "File watcher consumer"      daemon [_thread_blocked, id=60308, stack(0x000000a58af00000,0x000000a58b000000) (1024K)]
  0x00000251aa90e710 JavaThread "Cache worker for checksums cache (C:\Users\AJI\Documents\personal_website\ajilesh_web\aj_profile\android\.gradle\9.1.0\checksums)"        [_thread_blocked, id=42708, stack(0x000000a58b000000,0x000000a58b100000) (1024K)]
  0x00000251aa90eda0 JavaThread "Cache worker for file content cache (C:\Users\AJI\.gradle\caches\9.1.0\fileContent)"        [_thread_blocked, id=39844, stack(0x000000a58b100000,0x000000a58b200000) (1024K)]
  0x00000251aa90d360 JavaThread "Cache worker for cache directory md-supplier (C:\Users\AJI\.gradle\caches\9.1.0\md-supplier)"        [_thread_blocked, id=40280, stack(0x000000a58b200000,0x000000a58b300000) (1024K)]
  0x00000251aa911b90 JavaThread "Cache worker for cache directory md-rule (C:\Users\AJI\.gradle\caches\9.1.0\md-rule)"        [_thread_blocked, id=56792, stack(0x000000a58b300000,0x000000a58b400000) (1024K)]
  0x00000251aa911500 JavaThread "Cache worker for Build Output Cleanup Cache (C:\Users\AJI\develop\flutter\packages\flutter_tools\gradle\.gradle\buildOutputCleanup)"        [_thread_blocked, id=14232, stack(0x000000a588a00000,0x000000a588b00000) (1024K)]
  0x00000251aa90f430 JavaThread "Unconstrained build operations"        [_thread_blocked, id=57156, stack(0x000000a58b500000,0x000000a58b600000) (1024K)]
  0x00000251aa912f40 JavaThread "Unconstrained build operations Thread 2"        [_thread_blocked, id=64228, stack(0x000000a58b600000,0x000000a58b700000) (1024K)]
  0x00000251aa9135d0 JavaThread "Unconstrained build operations Thread 3"        [_thread_blocked, id=35868, stack(0x000000a58b700000,0x000000a58b800000) (1024K)]
  0x00000251aa913c60 JavaThread "Unconstrained build operations Thread 4"        [_thread_blocked, id=34392, stack(0x000000a58b800000,0x000000a58b900000) (1024K)]
  0x0000025163c7c780 JavaThread "Unconstrained build operations Thread 5"        [_thread_blocked, id=63064, stack(0x000000a58b900000,0x000000a58ba00000) (1024K)]
  0x0000025163c7ad40 JavaThread "Unconstrained build operations Thread 6"        [_thread_blocked, id=62920, stack(0x000000a58ba00000,0x000000a58bb00000) (1024K)]
  0x0000025163c7b3d0 JavaThread "Unconstrained build operations Thread 7"        [_thread_blocked, id=37552, stack(0x000000a58bb00000,0x000000a58bc00000) (1024K)]
  0x0000025163c7a6b0 JavaThread "Unconstrained build operations Thread 8"        [_thread_blocked, id=81092, stack(0x000000a58bc00000,0x000000a58bd00000) (1024K)]
  0x0000025163c7d4a0 JavaThread "Unconstrained build operations Thread 9"        [_thread_blocked, id=67496, stack(0x000000a58bd00000,0x000000a58be00000) (1024K)]
  0x0000025163c7e1c0 JavaThread "Unconstrained build operations Thread 10"        [_thread_blocked, id=59296, stack(0x000000a58be00000,0x000000a58bf00000) (1024K)]
  0x0000025163c7ce10 JavaThread "Unconstrained build operations Thread 11"        [_thread_blocked, id=71668, stack(0x000000a58bf00000,0x000000a58c000000) (1024K)]
  0x0000025163c7db30 JavaThread "Unconstrained build operations Thread 12"        [_thread_blocked, id=6484, stack(0x000000a58c000000,0x000000a58c100000) (1024K)]
  0x0000025163c7e850 JavaThread "Unconstrained build operations Thread 13"        [_thread_blocked, id=39856, stack(0x000000a58c100000,0x000000a58c200000) (1024K)]
  0x0000025163c7eee0 JavaThread "Unconstrained build operations Thread 14"        [_thread_blocked, id=77868, stack(0x000000a58c200000,0x000000a58c300000) (1024K)]
  0x0000025163c7ba60 JavaThread "Unconstrained build operations Thread 15"        [_thread_blocked, id=52484, stack(0x000000a58c300000,0x000000a58c400000) (1024K)]
  0x0000025163c7f570 JavaThread "Unconstrained build operations Thread 16"        [_thread_blocked, id=9076, stack(0x000000a58c400000,0x000000a58c500000) (1024K)]
  0x0000025163c7c0f0 JavaThread "Unconstrained build operations Thread 17"        [_thread_blocked, id=50860, stack(0x000000a58c500000,0x000000a58c600000) (1024K)]
  0x0000025163c7fc00 JavaThread "Unconstrained build operations Thread 18"        [_thread_blocked, id=13516, stack(0x000000a58c600000,0x000000a58c700000) (1024K)]
  0x0000025163c80290 JavaThread "Unconstrained build operations Thread 19"        [_thread_blocked, id=48980, stack(0x000000a58c700000,0x000000a58c800000) (1024K)]
  0x000002516341a8d0 JavaThread "C1 CompilerThread1"         daemon [_thread_blocked, id=79076, stack(0x000000a587900000,0x000000a587a00000) (1024K)]
Total: 54

Other Threads:
  0x00000251633b8f40 VMThread "VM Thread"                           [id=65312, stack(0x000000a588100000,0x000000a588200000) (1024K)]
  0x00000251603b95c0 WatcherThread "VM Periodic Task Thread"        [id=48168, stack(0x000000a588000000,0x000000a588100000) (1024K)]
  0x000002513227ca30 WorkerThread "GC Thread#0"                     [id=55416, stack(0x000000a587b00000,0x000000a587c00000) (1024K)]
  0x000002516374e900 WorkerThread "GC Thread#1"                     [id=76924, stack(0x000000a588e00000,0x000000a588f00000) (1024K)]
  0x000002516374ecb0 WorkerThread "GC Thread#2"                     [id=60424, stack(0x000000a588f00000,0x000000a589000000) (1024K)]
  0x000002516374f060 WorkerThread "GC Thread#3"                     [id=44676, stack(0x000000a589000000,0x000000a589100000) (1024K)]
  0x00000251637909c0 WorkerThread "GC Thread#4"                     [id=58456, stack(0x000000a589100000,0x000000a589200000) (1024K)]
  0x0000025163790d70 WorkerThread "GC Thread#5"                     [id=38284, stack(0x000000a589200000,0x000000a589300000) (1024K)]
  0x00000251a99a9240 WorkerThread "GC Thread#6"                     [id=57732, stack(0x000000a588b00000,0x000000a588c00000) (1024K)]
  0x000002516356b380 WorkerThread "GC Thread#7"                     [id=48740, stack(0x000000a589400000,0x000000a589500000) (1024K)]
  0x000002516356bae0 WorkerThread "GC Thread#8"                     [id=73492, stack(0x000000a58a100000,0x000000a58a200000) (1024K)]
  0x000002516356a110 WorkerThread "GC Thread#9"                     [id=18064, stack(0x000000a58a300000,0x000000a58a400000) (1024K)]
  0x000002516356ac20 WorkerThread "GC Thread#10"                    [id=52568, stack(0x000000a58a400000,0x000000a58a500000) (1024K)]
  0x000002516356afd0 WorkerThread "GC Thread#11"                    [id=68564, stack(0x000000a58a500000,0x000000a58a600000) (1024K)]
  0x000002516356a4c0 WorkerThread "GC Thread#12"                    [id=38300, stack(0x000000a58a600000,0x000000a58a700000) (1024K)]
  0x000002516356b730 WorkerThread "GC Thread#13"                    [id=52500, stack(0x000000a58a700000,0x000000a58a800000) (1024K)]
  0x000002516356a870 WorkerThread "GC Thread#14"                    [id=33832, stack(0x000000a58a800000,0x000000a58a900000) (1024K)]
  0x000002513228da90 ConcurrentGCThread "G1 Main Marker"            [id=36044, stack(0x000000a587c00000,0x000000a587d00000) (1024K)]
  0x00000251601c1190 WorkerThread "G1 Conc#0"                       [id=26596, stack(0x000000a587d00000,0x000000a587e00000) (1024K)]
  0x0000025163808630 WorkerThread "G1 Conc#1"                       [id=3440, stack(0x000000a58a900000,0x000000a58aa00000) (1024K)]
  0x0000025163807010 WorkerThread "G1 Conc#2"                       [id=37960, stack(0x000000a58aa00000,0x000000a58ab00000) (1024K)]
  0x0000025163806500 WorkerThread "G1 Conc#3"                       [id=62228, stack(0x000000a58ab00000,0x000000a58ac00000) (1024K)]
  0x00000251602873e0 ConcurrentGCThread "G1 Refine#0"               [id=23412, stack(0x000000a587e00000,0x000000a587f00000) (1024K)]
  0x0000025160287d10 ConcurrentGCThread "G1 Service"                [id=66084, stack(0x000000a587f00000,0x000000a588000000) (1024K)]
Total: 24

Threads with active compile tasks:
C2 CompilerThread0  43737 6171       4       java.lang.invoke.MethodType::makeImpl (109 bytes)
Total: 1

VM state: not at safepoint (normal execution)

VM Mutex/Monitor currently owned by a thread: None

Heap address: 0x0000000600000000, size: 8192 MB, Compressed Oops mode: Zero based, Oop shift amount: 3

CDS archive(s) mapped at: [0x0000025164000000-0x0000025164ba0000-0x0000025164ba0000), size 12189696, SharedBaseAddress: 0x0000025164000000, ArchiveRelocationMode: 1.
Compressed class space mapped at: 0x0000025165000000-0x00000251a5000000, reserved size: 1073741824
Narrow klass base: 0x0000025164000000, Narrow klass shift: 0, Narrow klass range: 0x100000000

GC Precious Log:
 CardTable entry size: 512
 Card Set container configuration: InlinePtr #cards 4 size 8 Array Of Cards #cards 32 size 80 Howl #buckets 8 coarsen threshold 7372 Howl Bitmap #cards 1024 size 144 coarsen threshold 921 Card regions per heap region 1 cards per card region 8192
 CPUs: 20 total, 20 available
 Memory: 16068M
 Large Page Support: Disabled
 NUMA Support: Disabled
 Compressed Oops: Enabled (Zero based)
 Heap Region Size: 4M
 Heap Min Capacity: 8M
 Heap Initial Capacity: 252M
 Heap Max Capacity: 8G
 Pre-touch: Disabled
 Parallel Workers: 15
 Concurrent Workers: 4
 Concurrent Refinement Workers: 15
 Periodic GC: Disabled

Heap:
 garbage-first heap   total 106496K, used 48474K [0x0000000600000000, 0x0000000800000000)
  region size 4096K, 6 young (24576K), 2 survivors (8192K)
 Metaspace       used 47037K, committed 48768K, reserved 1114112K
  class space    used 6954K, committed 7808K, reserved 1048576K

Heap Regions: E=young(eden), S=young(survivor), O=old, HS=humongous(starts), HC=humongous(continues), CS=collection set, F=free, TAMS=top-at-mark-start, PB=parsable bottom
|   0|0x0000000600000000, 0x0000000600400000, 0x0000000600400000|100%|HS|  |TAMS 0x0000000600000000| PB 0x0000000600000000| Complete 
|   1|0x0000000600400000, 0x0000000600800000, 0x0000000600800000|100%| O|  |TAMS 0x0000000600400000| PB 0x0000000600400000| Untracked 
|   2|0x0000000600800000, 0x0000000600940950, 0x0000000600c00000| 31%| O|  |TAMS 0x0000000600800000| PB 0x0000000600800000| Untracked 
|   3|0x0000000600c00000, 0x0000000600c00000, 0x0000000601000000|  0%| F|  |TAMS 0x0000000600c00000| PB 0x0000000600c00000| Untracked 
|   4|0x0000000601000000, 0x0000000601000000, 0x0000000601400000|  0%| F|  |TAMS 0x0000000601000000| PB 0x0000000601000000| Untracked 
|   5|0x0000000601400000, 0x0000000601615f60, 0x0000000601800000| 52%| S|CS|TAMS 0x0000000601400000| PB 0x0000000601400000| Complete 
|   6|0x0000000601800000, 0x0000000601800000, 0x0000000601c00000|  0%| F|  |TAMS 0x0000000601800000| PB 0x0000000601800000| Untracked 
|   7|0x0000000601c00000, 0x0000000602000000, 0x0000000602000000|100%| S|CS|TAMS 0x0000000601c00000| PB 0x0000000601c00000| Complete 
|   8|0x0000000602000000, 0x0000000602000000, 0x0000000602400000|  0%| F|  |TAMS 0x0000000602000000| PB 0x0000000602000000| Untracked 
|   9|0x0000000602400000, 0x0000000602400000, 0x0000000602800000|  0%| F|  |TAMS 0x0000000602400000| PB 0x0000000602400000| Untracked 
|  10|0x0000000602800000, 0x0000000602800000, 0x0000000602c00000|  0%| F|  |TAMS 0x0000000602800000| PB 0x0000000602800000| Untracked 
|  11|0x0000000602c00000, 0x0000000602c00000, 0x0000000603000000|  0%| F|  |TAMS 0x0000000602c00000| PB 0x0000000602c00000| Untracked 
|  12|0x0000000603000000, 0x0000000603000000, 0x0000000603400000|  0%| F|  |TAMS 0x0000000603000000| PB 0x0000000603000000| Untracked 
|  13|0x0000000603400000, 0x0000000603400000, 0x0000000603800000|  0%| F|  |TAMS 0x0000000603400000| PB 0x0000000603400000| Untracked 
|  14|0x0000000603800000, 0x0000000603800000, 0x0000000603c00000|  0%| F|  |TAMS 0x0000000603800000| PB 0x0000000603800000| Untracked 
|  21|0x0000000605400000, 0x0000000605400000, 0x0000000605800000|  0%| F|  |TAMS 0x0000000605400000| PB 0x0000000605400000| Untracked 
|  22|0x0000000605800000, 0x0000000605800000, 0x0000000605c00000|  0%| F|  |TAMS 0x0000000605800000| PB 0x0000000605800000| Untracked 
|  23|0x0000000605c00000, 0x0000000605ccc640, 0x0000000606000000| 19%| E|  |TAMS 0x0000000605c00000| PB 0x0000000605c00000| Complete 
|  24|0x0000000606000000, 0x0000000606400000, 0x0000000606400000|100%| E|CS|TAMS 0x0000000606000000| PB 0x0000000606000000| Complete 
|  25|0x0000000606400000, 0x0000000606800000, 0x0000000606800000|100%| E|CS|TAMS 0x0000000606400000| PB 0x0000000606400000| Complete 
|  62|0x000000060f800000, 0x000000060fc00000, 0x000000060fc00000|100%| E|CS|TAMS 0x000000060f800000| PB 0x000000060f800000| Complete 
|2043|0x00000007fec00000, 0x00000007ff000000, 0x00000007ff000000|100%| O|  |TAMS 0x00000007fec00000| PB 0x00000007fec00000| Untracked 
|2044|0x00000007ff000000, 0x00000007ff400000, 0x00000007ff400000|100%| O|  |TAMS 0x00000007ff000000| PB 0x00000007ff000000| Untracked 
|2045|0x00000007ff400000, 0x00000007ff800000, 0x00000007ff800000|100%| O|  |TAMS 0x00000007ff400000| PB 0x00000007ff400000| Untracked 
|2046|0x00000007ff800000, 0x00000007ffc00000, 0x00000007ffc00000|100%| O|  |TAMS 0x00000007ff800000| PB 0x00000007ff800000| Untracked 
|2047|0x00000007ffc00000, 0x0000000800000000, 0x0000000800000000|100%| O|  |TAMS 0x00000007ffc00000| PB 0x00000007ffc00000| Untracked 

Card table byte_map: [0x00000251570b0000,0x00000251580b0000] _byte_map_base: 0x00000251540b0000

Marking Bits: (CMBitMap*) 0x000002513227d050
 Bits: [0x00000251580b0000, 0x00000251600b0000)

Polling page: 0x000002512ffa0000

Metaspace:

Usage:
  Non-class:     39.14 MB used.
      Class:      6.79 MB used.
       Both:     45.94 MB used.

Virtual space:
  Non-class space:       64.00 MB reserved,      40.00 MB ( 62%) committed,  1 nodes.
      Class space:        1.00 GB reserved,       7.62 MB ( <1%) committed,  1 nodes.
             Both:        1.06 GB reserved,      47.62 MB (  4%) committed. 

Chunk freelists:
   Non-Class:  7.58 MB
       Class:  8.20 MB
        Both:  15.78 MB

MaxMetaspaceSize: 4.00 GB
CompressedClassSpaceSize: 1.00 GB
Initial GC threshold: 21.00 MB
Current GC threshold: 58.88 MB
CDS: on
 - commit_granule_bytes: 65536.
 - commit_granule_words: 8192.
 - virtual_space_node_default_size: 8388608.
 - enlarge_chunks_in_place: 1.
 - use_allocation_guard: 0.


Internal statistics:

num_allocs_failed_limit: 6.
num_arena_births: 3114.
num_arena_deaths: 0.
num_vsnodes_births: 2.
num_vsnodes_deaths: 0.
num_space_committed: 762.
num_space_uncommitted: 0.
num_chunks_returned_to_freelist: 6.
num_chunks_taken_from_freelist: 5496.
num_chunk_merges: 3.
num_chunk_splits: 3529.
num_chunks_enlarged: 2132.
num_inconsistent_stats: 0.

CodeHeap 'non-profiled nmethods': size=258432Kb used=3153Kb max_used=3153Kb free=255278Kb
 bounds [0x0000025145770000, 0x0000025145a90000, 0x00000251553d0000]
CodeHeap 'profiled nmethods': size=258368Kb used=11137Kb max_used=11137Kb free=247230Kb
 bounds [0x00000251353d0000, 0x0000025135ec0000, 0x0000025145020000]
CodeHeap 'non-nmethods': size=7488Kb used=2429Kb max_used=3136Kb free=5058Kb
 bounds [0x0000025145020000, 0x0000025145340000, 0x0000025145770000]
CodeCache: size=524288Kb, used=16719Kb, max_used=17426Kb, free=507566Kb
 total_blobs=6429, nmethods=5691, adapters=640, full_count=0
Compilation: enabled, stopped_count=0, restarted_count=0

Compilation events (20 events):
Event: 43.623 Thread 0x000002516341a8d0 6215       1       org.gradle.internal.component.model.ComponentConfigurationIdentifier::hashCode (5 bytes)
Event: 43.623 Thread 0x000002516341a8d0 nmethod 6215 0x0000025145a84190 code [0x0000025145a84320, 0x0000025145a843e8]
Event: 43.623 Thread 0x000002516341cae0 6216       3       org.gradle.internal.component.model.ComponentConfigurationIdentifier::<init> (24 bytes)
Event: 43.623 Thread 0x000002516341a8d0 6217       3       org.gradle.internal.component.model.ComponentConfigurationIdentifier::computeHashCode (13 bytes)
Event: 43.623 Thread 0x000002516341a8d0 nmethod 6217 0x0000025135eabf90 code [0x0000025135eac140, 0x0000025135eac350]
Event: 43.624 Thread 0x000002516341a8d0 6218       3       org.gradle.internal.Describables::of (11 bytes)
Event: 43.624 Thread 0x000002516341cae0 nmethod 6216 0x0000025135eac490 code [0x0000025135eac660, 0x0000025135eaca20]
Event: 43.624 Thread 0x000002516341cae0 6219       3       org.gradle.internal.Describables$ThreePartDescribable::<init> (21 bytes)
Event: 43.624 Thread 0x000002516341a8d0 nmethod 6218 0x0000025135eacb90 code [0x0000025135eacd60, 0x0000025135ead158]
Event: 43.624 Thread 0x000002516341cae0 nmethod 6219 0x0000025135ead290 code [0x0000025135ead440, 0x0000025135ead790]
Event: 43.634 Thread 0x000002516341cae0 6220       3       org.gradle.internal.serialize.kryo.KryoBackedEncoder::flush (8 bytes)
Event: 43.634 Thread 0x000002516341cae0 nmethod 6220 0x0000025135ead890 code [0x0000025135eada40, 0x0000025135eadba0]
Event: 43.651 Thread 0x000002516341cae0 6221       3       org.gradle.util.internal.GUtil::isTrue (56 bytes)
Event: 43.651 Thread 0x000002516341cae0 nmethod 6221 0x0000025135eadc90 code [0x0000025135eadea0, 0x0000025135eae700]
Event: 43.653 Thread 0x000002516341cae0 6222       3       java.lang.invoke.MethodTypeForm::findForm (24 bytes)
Event: 43.653 Thread 0x000002516341a8d0 6223       3       jdk.internal.util.ReferencedKeySet::intern (9 bytes)
Event: 43.653 Thread 0x000002516341cae0 nmethod 6222 0x0000025135eae890 code [0x0000025135eaea60, 0x0000025135eaecb0]
Event: 43.653 Thread 0x000002516341a8d0 nmethod 6223 0x0000025135eaed90 code [0x0000025135eaef60, 0x0000025135eaf178]
Event: 43.653 Thread 0x000002516341cae0 6224       3       jdk.internal.util.ReferencedKeyMap::intern (18 bytes)
Event: 43.654 Thread 0x000002516341cae0 nmethod 6224 0x0000025135eaf290 code [0x0000025135eaf520, 0x0000025135eb0210]

GC Heap History (16 events):
Event: 0.932 GC heap before
{Heap before GC invocations=0 (full 0):
 garbage-first heap   total 258048K, used 20480K [0x0000000600000000, 0x0000000800000000)
  region size 4096K, 5 young (20480K), 0 survivors (0K)
 Metaspace       used 884K, committed 1024K, reserved 1114112K
  class space    used 71K, committed 128K, reserved 1048576K
}
Event: 0.934 GC heap after
{Heap after GC invocations=1 (full 0):
 garbage-first heap   total 258048K, used 1600K [0x0000000600000000, 0x0000000800000000)
  region size 4096K, 1 young (4096K), 1 survivors (4096K)
 Metaspace       used 884K, committed 1024K, reserved 1114112K
  class space    used 71K, committed 128K, reserved 1048576K
}
Event: 2.275 GC heap before
{Heap before GC invocations=1 (full 0):
 garbage-first heap   total 258048K, used 42560K [0x0000000600000000, 0x0000000800000000)
  region size 4096K, 11 young (45056K), 1 survivors (4096K)
 Metaspace       used 4606K, committed 4800K, reserved 1114112K
  class space    used 583K, committed 704K, reserved 1048576K
}
Event: 2.281 GC heap after
{Heap after GC invocations=2 (full 0):
 garbage-first heap   total 258048K, used 11390K [0x0000000600000000, 0x0000000800000000)
  region size 4096K, 2 young (8192K), 2 survivors (8192K)
 Metaspace       used 4606K, committed 4800K, reserved 1114112K
  class space    used 583K, committed 704K, reserved 1048576K
}
Event: 11.026 GC heap before
{Heap before GC invocations=2 (full 0):
 garbage-first heap   total 258048K, used 150654K [0x0000000600000000, 0x0000000800000000)
  region size 4096K, 37 young (151552K), 2 survivors (8192K)
 Metaspace       used 20888K, committed 21504K, reserved 1114112K
  class space    used 2898K, committed 3200K, reserved 1048576K
}
Event: 11.043 GC heap after
{Heap after GC invocations=3 (full 0):
 garbage-first heap   total 258048K, used 23633K [0x0000000600000000, 0x0000000800000000)
  region size 4096K, 5 young (20480K), 5 survivors (20480K)
 Metaspace       used 20888K, committed 21504K, reserved 1114112K
  class space    used 2898K, committed 3200K, reserved 1048576K
}
Event: 13.036 GC heap before
{Heap before GC invocations=4 (full 0):
 garbage-first heap   total 81920K, used 80977K [0x0000000600000000, 0x0000000800000000)
  region size 4096K, 19 young (77824K), 5 survivors (20480K)
 Metaspace       used 28077K, committed 29120K, reserved 1114112K
  class space    used 4040K, committed 4544K, reserved 1048576K
}
Event: 13.050 GC heap after
{Heap after GC invocations=5 (full 0):
 garbage-first heap   total 106496K, used 27385K [0x0000000600000000, 0x0000000800000000)
  region size 4096K, 1 young (4096K), 1 survivors (4096K)
 Metaspace       used 28077K, committed 29120K, reserved 1114112K
  class space    used 4040K, committed 4544K, reserved 1048576K
}
Event: 14.809 GC heap before
{Heap before GC invocations=5 (full 0):
 garbage-first heap   total 106496K, used 72441K [0x0000000600000000, 0x0000000800000000)
  region size 4096K, 14 young (57344K), 1 survivors (4096K)
 Metaspace       used 34691K, committed 35968K, reserved 1114112K
  class space    used 4960K, committed 5568K, reserved 1048576K
}
Event: 14.816 GC heap after
{Heap after GC invocations=6 (full 0):
 garbage-first heap   total 106496K, used 30204K [0x0000000600000000, 0x0000000800000000)
  region size 4096K, 2 young (8192K), 2 survivors (8192K)
 Metaspace       used 34691K, committed 35968K, reserved 1114112K
  class space    used 4960K, committed 5568K, reserved 1048576K
}
Event: 20.233 GC heap before
{Heap before GC invocations=7 (full 0):
 garbage-first heap   total 106496K, used 83452K [0x0000000600000000, 0x0000000800000000)
  region size 4096K, 15 young (61440K), 2 survivors (8192K)
 Metaspace       used 38277K, committed 39744K, reserved 1114112K
  class space    used 5565K, committed 6272K, reserved 1048576K
}
Event: 20.238 GC heap after
{Heap after GC invocations=8 (full 0):
 garbage-first heap   total 106496K, used 32334K [0x0000000600000000, 0x0000000800000000)
  region size 4096K, 2 young (8192K), 2 survivors (8192K)
 Metaspace       used 38277K, committed 39744K, reserved 1114112K
  class space    used 5565K, committed 6272K, reserved 1048576K
}
Event: 28.635 GC heap before
{Heap before GC invocations=8 (full 0):
 garbage-first heap   total 106496K, used 85582K [0x0000000600000000, 0x0000000800000000)
  region size 4096K, 15 young (61440K), 2 survivors (8192K)
 Metaspace       used 41270K, committed 43008K, reserved 1114112K
  class space    used 6041K, committed 6912K, reserved 1048576K
}
Event: 28.640 GC heap after
{Heap after GC invocations=9 (full 0):
 garbage-first heap   total 106496K, used 34018K [0x0000000600000000, 0x0000000800000000)
  region size 4096K, 1 young (4096K), 1 survivors (4096K)
 Metaspace       used 41270K, committed 43008K, reserved 1114112K
  class space    used 6041K, committed 6912K, reserved 1048576K
}
Event: 41.694 GC heap before
{Heap before GC invocations=9 (full 0):
 garbage-first heap   total 106496K, used 87266K [0x0000000600000000, 0x0000000800000000)
  region size 4096K, 14 young (57344K), 1 survivors (4096K)
 Metaspace       used 46341K, committed 48128K, reserved 1114112K
  class space    used 6851K, committed 7744K, reserved 1048576K
}
Event: 41.698 GC heap after
{Heap after GC invocations=10 (full 0):
 garbage-first heap   total 106496K, used 36186K [0x0000000600000000, 0x0000000800000000)
  region size 4096K, 2 young (8192K), 2 survivors (8192K)
 Metaspace       used 46341K, committed 48128K, reserved 1114112K
  class space    used 6851K, committed 7744K, reserved 1048576K
}

Dll operation events (20 events):
Event: 0.121 Attempting to load shared library C:\Users\AJI\.vscode\extensions\redhat.java-1.56.0-win32-x64\jre\21.0.12.1-win32-x86_64\bin\nio.dll
Event: 0.122 Loaded shared library C:\Users\AJI\.vscode\extensions\redhat.java-1.56.0-win32-x64\jre\21.0.12.1-win32-x86_64\bin\nio.dll
Event: 0.125 Attempting to load shared library C:\Users\AJI\.vscode\extensions\redhat.java-1.56.0-win32-x64\jre\21.0.12.1-win32-x86_64\bin\zip.dll
Event: 0.125 Loaded shared library C:\Users\AJI\.vscode\extensions\redhat.java-1.56.0-win32-x64\jre\21.0.12.1-win32-x86_64\bin\zip.dll
Event: 0.996 Attempting to load shared library C:\Users\AJI\.vscode\extensions\redhat.java-1.56.0-win32-x64\jre\21.0.12.1-win32-x86_64\bin\jimage.dll
Event: 0.996 Loaded shared library C:\Users\AJI\.vscode\extensions\redhat.java-1.56.0-win32-x64\jre\21.0.12.1-win32-x86_64\bin\jimage.dll
Event: 1.608 Attempting to load shared library C:\Users\AJI\.vscode\extensions\redhat.java-1.56.0-win32-x64\jre\21.0.12.1-win32-x86_64\bin\verify.dll
Event: 1.609 Loaded shared library C:\Users\AJI\.vscode\extensions\redhat.java-1.56.0-win32-x64\jre\21.0.12.1-win32-x86_64\bin\verify.dll
Event: 1.654 Attempting to load shared library C:\Users\AJI\.gradle\native\1def1411415f61bf3af743bc5b6707747c0891f09f0c88961ee8f79bc544acac\windows-amd64\native-platform.dll
Event: 1.654 Loaded shared library C:\Users\AJI\.gradle\native\1def1411415f61bf3af743bc5b6707747c0891f09f0c88961ee8f79bc544acac\windows-amd64\native-platform.dll
Event: 1.667 Attempting to load shared library C:\Users\AJI\.gradle\native\0.2.8\x86_64-windows-gnu\gradle-fileevents.dll
Event: 1.667 Loaded shared library C:\Users\AJI\.gradle\native\0.2.8\x86_64-windows-gnu\gradle-fileevents.dll
Event: 3.321 Attempting to load shared library C:\Users\AJI\.vscode\extensions\redhat.java-1.56.0-win32-x64\jre\21.0.12.1-win32-x86_64\bin\management.dll
Event: 3.321 Loaded shared library C:\Users\AJI\.vscode\extensions\redhat.java-1.56.0-win32-x64\jre\21.0.12.1-win32-x86_64\bin\management.dll
Event: 3.324 Attempting to load shared library C:\Users\AJI\.vscode\extensions\redhat.java-1.56.0-win32-x64\jre\21.0.12.1-win32-x86_64\bin\management_ext.dll
Event: 3.330 Loaded shared library C:\Users\AJI\.vscode\extensions\redhat.java-1.56.0-win32-x64\jre\21.0.12.1-win32-x86_64\bin\management_ext.dll
Event: 3.538 Attempting to load shared library C:\Users\AJI\.vscode\extensions\redhat.java-1.56.0-win32-x64\jre\21.0.12.1-win32-x86_64\bin\extnet.dll
Event: 3.547 Loaded shared library C:\Users\AJI\.vscode\extensions\redhat.java-1.56.0-win32-x64\jre\21.0.12.1-win32-x86_64\bin\extnet.dll
Event: 4.004 Attempting to load shared library C:\Users\AJI\.vscode\extensions\redhat.java-1.56.0-win32-x64\jre\21.0.12.1-win32-x86_64\bin\sunmscapi.dll
Event: 4.012 Loaded shared library C:\Users\AJI\.vscode\extensions\redhat.java-1.56.0-win32-x64\jre\21.0.12.1-win32-x86_64\bin\sunmscapi.dll

Deoptimization events (20 events):
Event: 41.821 Thread 0x00000251aa2365d0 Uncommon trap: trap_request=0xffffffd6 fr.pc=0x0000025145a6819c relative=0x000000000000053c
Event: 41.821 Thread 0x00000251aa2365d0 Uncommon trap: reason=array_check action=maybe_recompile pc=0x0000025145a6819c method=com.google.common.collect.ImmutableMap$Builder.put(Ljava/lang/Object;Ljava/lang/Object;)Lcom/google/common/collect/ImmutableMap$Builder; @ 32 c2
Event: 41.821 Thread 0x00000251aa2365d0 DEOPT PACKING pc=0x0000025145a6819c sp=0x000000a5897f3b90
Event: 41.821 Thread 0x00000251aa2365d0 DEOPT UNPACKING pc=0x0000025145074422 sp=0x000000a5897f3b60 mode 2
Event: 41.821 Thread 0x00000251aa2365d0 Uncommon trap: trap_request=0xffffffd6 fr.pc=0x0000025145a6819c relative=0x000000000000053c
Event: 41.821 Thread 0x00000251aa2365d0 Uncommon trap: reason=array_check action=maybe_recompile pc=0x0000025145a6819c method=com.google.common.collect.ImmutableMap$Builder.put(Ljava/lang/Object;Ljava/lang/Object;)Lcom/google/common/collect/ImmutableMap$Builder; @ 32 c2
Event: 41.821 Thread 0x00000251aa2365d0 DEOPT PACKING pc=0x0000025145a6819c sp=0x000000a5897f3b90
Event: 41.821 Thread 0x00000251aa2365d0 DEOPT UNPACKING pc=0x0000025145074422 sp=0x000000a5897f3b60 mode 2
Event: 42.579 Thread 0x00000251aa2365d0 Uncommon trap: trap_request=0xffffff45 fr.pc=0x0000025145a6c67c relative=0x00000000000000dc
Event: 42.579 Thread 0x00000251aa2365d0 Uncommon trap: reason=unstable_if action=reinterpret pc=0x0000025145a6c67c method=org.gradle.util.internal.GUtil.isTrue(Ljava/lang/Object;)Z @ 45 c2
Event: 42.579 Thread 0x00000251aa2365d0 DEOPT PACKING pc=0x0000025145a6c67c sp=0x000000a5897f45e0
Event: 42.579 Thread 0x00000251aa2365d0 DEOPT UNPACKING pc=0x0000025145074422 sp=0x000000a5897f4580 mode 2
Event: 42.628 Thread 0x00000251aa9135d0 Uncommon trap: trap_request=0xffffff54 fr.pc=0x00000251458f143c relative=0x0000000000005cfc
Event: 42.628 Thread 0x00000251aa9135d0 Uncommon trap: reason=speculate_null_assert action=make_not_entrant pc=0x00000251458f143c method=jdk.internal.util.ReferencedKeyMap.existingKey(Ljdk/internal/util/ReferencedKeyMap;Ljava/lang/Object;)Ljava/lang/Object; @ 18 c2
Event: 42.628 Thread 0x00000251aa9135d0 DEOPT PACKING pc=0x00000251458f143c sp=0x000000a58b7fe220
Event: 42.628 Thread 0x00000251aa9135d0 DEOPT UNPACKING pc=0x0000025145074422 sp=0x000000a58b7fe100 mode 2
Event: 42.636 Thread 0x0000025163c7ce10 Uncommon trap: trap_request=0xffffffde fr.pc=0x00000251458adfa4 relative=0x0000000000000ea4
Event: 42.636 Thread 0x0000025163c7ce10 Uncommon trap: reason=class_check action=maybe_recompile pc=0x00000251458adfa4 method=java.util.concurrent.ConcurrentHashMap.putVal(Ljava/lang/Object;Ljava/lang/Object;Z)Ljava/lang/Object; @ 242 c2
Event: 42.636 Thread 0x0000025163c7ce10 DEOPT PACKING pc=0x00000251458adfa4 sp=0x000000a58bffd690
Event: 42.636 Thread 0x0000025163c7ce10 DEOPT UNPACKING pc=0x0000025145074422 sp=0x000000a58bffd600 mode 2

Classes loaded (20 events):
Event: 43.582 Loading class jdk/internal/reflect/ByteVectorImpl
Event: 43.582 Loading class jdk/internal/reflect/ByteVector
Event: 43.582 Loading class jdk/internal/reflect/ByteVector done
Event: 43.582 Loading class jdk/internal/reflect/ByteVectorImpl done
Event: 43.582 Loading class jdk/internal/reflect/ClassFileAssembler
Event: 43.582 Loading class jdk/internal/reflect/ClassFileAssembler done
Event: 43.583 Loading class jdk/internal/reflect/UTF8
Event: 43.583 Loading class jdk/internal/reflect/UTF8 done
Event: 43.584 Loading class jdk/internal/reflect/Label
Event: 43.584 Loading class jdk/internal/reflect/Label done
Event: 43.584 Loading class jdk/internal/reflect/Label$PatchInfo
Event: 43.584 Loading class jdk/internal/reflect/Label$PatchInfo done
Event: 43.584 Loading class jdk/internal/reflect/MethodAccessorGenerator$1
Event: 43.584 Loading class jdk/internal/reflect/MethodAccessorGenerator$1 done
Event: 43.584 Loading class jdk/internal/reflect/ClassDefiner
Event: 43.584 Loading class jdk/internal/reflect/ClassDefiner done
Event: 43.584 Loading class jdk/internal/reflect/ClassDefiner$1
Event: 43.584 Loading class jdk/internal/reflect/ClassDefiner$1 done
Event: 43.585 Loading class jdk/internal/reflect/SerializationConstructorAccessorImpl
Event: 43.585 Loading class jdk/internal/reflect/SerializationConstructorAccessorImpl done

Classes unloaded (0 events):
No events

Classes redefined (0 events):
No events

Internal exceptions (20 events):
Event: 21.317 Thread 0x00000251aa2365d0 Exception <a 'sun/nio/fs/WindowsException'{0x00000006059588a0}> (0x00000006059588a0) 
thrown [s\src\hotspot\share\prims\jni.cpp, line 520]
Event: 21.318 Thread 0x00000251aa2365d0 Exception <a 'sun/nio/fs/WindowsException'{0x000000060595a558}> (0x000000060595a558) 
thrown [s\src\hotspot\share\prims\jni.cpp, line 520]
Event: 29.051 Thread 0x00000251aa2365d0 Exception <a 'java/lang/NoSuchMethodError'{0x00000006062dfef8}: 'long java.lang.invoke.DirectMethodHandle$Holder.invokeStatic(java.lang.Object, long)'> (0x00000006062dfef8) 
thrown [s\src\hotspot\share\interpreter\linkResolver.cpp, line 773]
Event: 39.370 Thread 0x00000251aa2365d0 Exception <a 'java/lang/NoSuchMethodError'{0x00000006056a0320}: 'java.lang.Object java.lang.invoke.DirectMethodHandle$Holder.newInvokeSpecial(java.lang.Object, java.lang.Object, java.lang.Object, int, java.lang.Object)'> (0x00000006056a0320) 
thrown [s\src\hotspot\share\interpreter\linkResolver.cpp, line 773]
Event: 39.370 Thread 0x00000251aa2365d0 Exception <a 'java/lang/NoSuchMethodError'{0x00000006056a52a0}: 'java.lang.Object java.lang.invoke.Invokers$Holder.linkToTargetMethod(java.lang.Object, java.lang.Object, int, java.lang.Object, java.lang.Object)'> (0x00000006056a52a0) 
thrown [s\src\hotspot\share\interpreter\linkResolver.cpp, line 773]
Event: 39.568 Thread 0x00000251aa2365d0 Exception <a 'java/lang/NoSuchMethodError'{0x0000000603985100}: 'java.lang.Object java.lang.invoke.DirectMethodHandle$Holder.newInvokeSpecial(java.lang.Object, int, java.lang.Object)'> (0x0000000603985100) 
thrown [s\src\hotspot\share\interpreter\linkResolver.cpp, line 773]
Event: 40.101 Thread 0x00000251aa2365d0 Exception <a 'java/lang/NoSuchMethodError'{0x0000000603254c70}: 'java.lang.Object java.lang.invoke.DirectMethodHandle$Holder.invokeSpecial(java.lang.Object, java.lang.Object, java.lang.Object, int, java.lang.Object)'> (0x0000000603254c70) 
thrown [s\src\hotspot\share\interpreter\linkResolver.cpp, line 773]
Event: 40.159 Thread 0x00000251aa2365d0 Exception <a 'java/lang/NoSuchMethodError'{0x0000000602cf0158}: 'int java.lang.invoke.DirectMethodHandle$Holder.invokeSpecialIFC(java.lang.Object, java.lang.Object, java.lang.Object)'> (0x0000000602cf0158) 
thrown [s\src\hotspot\share\interpreter\linkResolver.cpp, line 773]
Event: 40.521 Thread 0x00000251aa2365d0 Exception <a 'java/lang/NoSuchMethodError'{0x00000006029fc340}: 'java.lang.Object java.lang.invoke.DirectMethodHandle$Holder.newInvokeSpecial(java.lang.Object, java.lang.Object, long, java.lang.Object)'> (0x00000006029fc340) 
thrown [s\src\hotspot\share\interpreter\linkResolver.cpp, line 773]
Event: 40.521 Thread 0x00000251aa2365d0 Exception <a 'java/lang/NoSuchMethodError'{0x0000000602a018f0}: 'java.lang.Object java.lang.invoke.DirectMethodHandle$Holder.invokeSpecial(java.lang.Object, java.lang.Object, java.lang.Object, long, java.lang.Object)'> (0x0000000602a018f0) 
thrown [s\src\hotspot\share\interpreter\linkResolver.cpp, line 773]
Event: 40.521 Thread 0x00000251aa2365d0 Exception <a 'java/lang/NoSuchMethodError'{0x0000000602a06820}: 'java.lang.Object java.lang.invoke.Invokers$Holder.linkToTargetMethod(java.lang.Object, long, java.lang.Object, java.lang.Object)'> (0x0000000602a06820) 
thrown [s\src\hotspot\share\interpreter\linkResolver.cpp, line 773]
Event: 40.525 Thread 0x00000251aa2365d0 Exception <a 'java/lang/NoSuchMethodError'{0x0000000602a32848}: 'void java.lang.invoke.DirectMethodHandle$Holder.invokeStatic(java.lang.Object, java.lang.Object, java.lang.Object, int, java.lang.Object)'> (0x0000000602a32848) 
thrown [s\src\hotspot\share\interpreter\linkResolver.cpp, line 773]
Event: 40.567 Thread 0x00000251aa2365d0 Exception <a 'java/lang/NoSuchMethodError'{0x0000000602bf51b8}: 'int java.lang.invoke.DirectMethodHandle$Holder.invokeInterface(java.lang.Object, java.lang.Object, java.lang.Object, java.lang.Object, java.lang.Object)'> (0x0000000602bf51b8) 
thrown [s\src\hotspot\share\interpreter\linkResolver.cpp, line 773]
Event: 40.779 Thread 0x00000251aa2365d0 Exception <a 'java/lang/NoSuchMethodError'{0x0000000602711430}: 'java.lang.Object java.lang.invoke.DirectMethodHandle$Holder.invokeSpecial(java.lang.Object, java.lang.Object, long, java.lang.Object, java.lang.Object)'> (0x0000000602711430) 
thrown [s\src\hotspot\share\interpreter\linkResolver.cpp, line 773]
Event: 42.388 Thread 0x00000251aa2365d0 Exception <a 'java/lang/IncompatibleClassChangeError'{0x00000006064f2018}: Found class java.lang.Object, but interface was expected> (0x00000006064f2018) 
thrown [s\src\hotspot\share\interpreter\linkResolver.cpp, line 840]
Event: 42.635 Thread 0x0000025163c7db30 Exception <a 'java/lang/NoSuchMethodError'{0x000000060675ef80}: 'void java.lang.invoke.DirectMethodHandle$Holder.invokeVirtual(java.lang.Object, java.lang.Object)'> (0x000000060675ef80) 
thrown [s\src\hotspot\share\interpreter\linkResolver.cpp, line 773]
Event: 42.635 Thread 0x0000025163c7ce10 Exception <a 'java/lang/NoSuchMethodError'{0x0000000606746cf0}: 'void java.lang.invoke.DirectMethodHandle$Holder.invokeVirtual(java.lang.Object, java.lang.Object)'> (0x0000000606746cf0) 
thrown [s\src\hotspot\share\interpreter\linkResolver.cpp, line 773]
Event: 43.592 Thread 0x00000251aa2365d0 Exception <a 'java/lang/NoSuchMethodError'{0x00000006062c44d8}: 'java.lang.Object java.lang.invoke.DirectMethodHandle$Holder.newInvokeSpecial(java.lang.Object, java.lang.Object, java.lang.Object, java.lang.Object, int, java.lang.Object)'> (0x00000006062c44d8) 
thrown [s\src\hotspot\share\interpreter\linkResolver.cpp, line 773]
Event: 43.593 Thread 0x00000251aa2365d0 Exception <a 'java/lang/NoSuchMethodError'{0x00000006062c9e08}: 'java.lang.Object java.lang.invoke.DirectMethodHandle$Holder.invokeSpecial(java.lang.Object, java.lang.Object, java.lang.Object, java.lang.Object, java.lang.Object, int, java.lang.Object)'> (0x00000006062c9e08) 
thrown [s\src\hotspot\share\interpreter\linkResolver.cpp, line 773]
Event: 43.593 Thread 0x00000251aa2365d0 Exception <a 'java/lang/NoSuchMethodError'{0x00000006062cef48}: 'java.lang.Object java.lang.invoke.Invokers$Holder.linkToTargetMethod(java.lang.Object, java.lang.Object, java.lang.Object, int, java.lang.Object, java.lang.Object)'> (0x00000006062cef48) 
thrown [s\src\hotspot\share\interpreter\linkResolver.cpp, line 773]

ZGC Phase Switch (0 events):
No events

VM Operations (20 events):
Event: 37.274 Executing safepoint VM operation: Cleanup
Event: 37.274 Executing safepoint VM operation: Cleanup done
Event: 38.278 Executing safepoint VM operation: Cleanup
Event: 38.278 Executing safepoint VM operation: Cleanup done
Event: 39.291 Executing safepoint VM operation: Cleanup
Event: 39.291 Executing safepoint VM operation: Cleanup done
Event: 40.164 Executing non-safepoint VM operation: HandshakeAllThreads (Deoptimize)
Event: 40.164 Executing non-safepoint VM operation: HandshakeAllThreads (Deoptimize) done
Event: 40.761 Executing non-safepoint VM operation: HandshakeAllThreads (Deoptimize)
Event: 40.761 Executing non-safepoint VM operation: HandshakeAllThreads (Deoptimize) done
Event: 40.762 Executing safepoint VM operation: Cleanup
Event: 40.762 Executing safepoint VM operation: Cleanup done
Event: 40.764 Executing non-safepoint VM operation: HandshakeAllThreads (Deoptimize)
Event: 40.764 Executing non-safepoint VM operation: HandshakeAllThreads (Deoptimize) done
Event: 41.694 Executing safepoint VM operation: G1CollectForAllocation (G1 Evacuation Pause)
Event: 41.699 Executing safepoint VM operation: G1CollectForAllocation (G1 Evacuation Pause) done
Event: 42.709 Executing safepoint VM operation: Cleanup
Event: 42.709 Executing safepoint VM operation: Cleanup done
Event: 43.587 Executing non-safepoint VM operation: HandshakeAllThreads (Deoptimize)
Event: 43.588 Executing non-safepoint VM operation: HandshakeAllThreads (Deoptimize) done

Memory protections (0 events):
No events

Nmethod flushes (20 events):
Event: 14.838 Thread 0x00000251633b8f40 flushing  nmethod 0x00000251355b1110
Event: 14.838 Thread 0x00000251633b8f40 flushing  nmethod 0x00000251355b1f90
Event: 14.838 Thread 0x00000251633b8f40 flushing  nmethod 0x00000251355b2410
Event: 14.838 Thread 0x00000251633b8f40 flushing  nmethod 0x00000251355b3710
Event: 14.838 Thread 0x00000251633b8f40 flushing  nmethod 0x00000251355b4790
Event: 14.838 Thread 0x00000251633b8f40 flushing  nmethod 0x00000251355b5910
Event: 14.838 Thread 0x00000251633b8f40 flushing  nmethod 0x00000251355b8710
Event: 14.838 Thread 0x00000251633b8f40 flushing  nmethod 0x0000025135625e90
Event: 14.838 Thread 0x00000251633b8f40 flushing  nmethod 0x0000025135626390
Event: 14.838 Thread 0x00000251633b8f40 flushing  nmethod 0x0000025135627610
Event: 14.838 Thread 0x00000251633b8f40 flushing  nmethod 0x0000025135875510
Event: 14.838 Thread 0x00000251633b8f40 flushing  nmethod 0x000002513559ce10
Event: 14.838 Thread 0x00000251633b8f40 flushing  nmethod 0x000002513559d110
Event: 14.838 Thread 0x00000251633b8f40 flushing  nmethod 0x000002513559eb90
Event: 14.838 Thread 0x00000251633b8f40 flushing  nmethod 0x0000025135660710
Event: 14.838 Thread 0x00000251633b8f40 flushing  nmethod 0x0000025135660c90
Event: 14.838 Thread 0x00000251633b8f40 flushing  nmethod 0x0000025135662090
Event: 14.838 Thread 0x00000251633b8f40 flushing  nmethod 0x0000025135666790
Event: 14.838 Thread 0x00000251633b8f40 flushing  nmethod 0x0000025135666c90
Event: 14.838 Thread 0x00000251633b8f40 flushing  nmethod 0x0000025135718990

Events (20 events):
Event: 42.625 Thread 0x00000251aa2365d0 Thread added: 0x00000251aa9135d0
Event: 42.626 Thread 0x00000251aa2365d0 Thread added: 0x00000251aa913c60
Event: 42.627 Thread 0x00000251aa2365d0 Thread added: 0x0000025163c7c780
Event: 42.628 Thread 0x00000251aa2365d0 Thread added: 0x0000025163c7ad40
Event: 42.629 Thread 0x00000251aa2365d0 Thread added: 0x0000025163c7b3d0
Event: 42.631 Thread 0x00000251aa2365d0 Thread added: 0x0000025163c7a6b0
Event: 42.632 Thread 0x00000251aa2365d0 Thread added: 0x0000025163c7d4a0
Event: 42.632 Thread 0x00000251aa2365d0 Thread added: 0x0000025163c7e1c0
Event: 42.633 Thread 0x00000251aa2365d0 Thread added: 0x0000025163c7ce10
Event: 42.633 Thread 0x00000251aa2365d0 Thread added: 0x0000025163c7db30
Event: 42.633 Thread 0x00000251aa2365d0 Thread added: 0x0000025163c7e850
Event: 42.633 Thread 0x00000251aa2365d0 Thread added: 0x0000025163c7eee0
Event: 42.633 Thread 0x00000251aa2365d0 Thread added: 0x0000025163c7ba60
Event: 42.634 Thread 0x00000251aa2365d0 Thread added: 0x0000025163c7f570
Event: 42.634 Thread 0x00000251aa2365d0 Thread added: 0x0000025163c7c0f0
Event: 42.634 Thread 0x00000251aa2365d0 Thread added: 0x0000025163c7fc00
Event: 42.634 Thread 0x00000251aa2365d0 Thread added: 0x0000025163c80290
Event: 43.386 Thread 0x0000025163419b30 Thread exited: 0x0000025163419b30
Event: 43.388 Thread 0x000002516341a8d0 Thread exited: 0x000002516341a8d0
Event: 43.528 Thread 0x000002516341cae0 Thread added: 0x000002516341a8d0


Dynamic libraries:
0x00007ff735c60000 - 0x00007ff735c6e000 	C:\Users\AJI\.vscode\extensions\redhat.java-1.56.0-win32-x64\jre\21.0.12.1-win32-x86_64\bin\java.exe
0x00007ffaa9a20000 - 0x00007ffaa9c87000 	C:\WINDOWS\SYSTEM32\ntdll.dll
0x00007ffaa7cd0000 - 0x00007ffaa7d9b000 	C:\WINDOWS\System32\KERNEL32.DLL
0x00007ffaa71b0000 - 0x00007ffaa75b2000 	C:\WINDOWS\System32\KERNELBASE.dll
0x00007ffa5b940000 - 0x00007ffa5b958000 	C:\Users\AJI\.vscode\extensions\redhat.java-1.56.0-win32-x64\jre\21.0.12.1-win32-x86_64\bin\jli.dll
0x00007ffaa7050000 - 0x00007ffaa719c000 	C:\WINDOWS\System32\ucrtbase.dll
0x00007ffa76fd0000 - 0x00007ffa76fee000 	C:\Users\AJI\.vscode\extensions\redhat.java-1.56.0-win32-x64\jre\21.0.12.1-win32-x86_64\bin\VCRUNTIME140.dll
0x00007ffaa7da0000 - 0x00007ffaa7f6f000 	C:\WINDOWS\System32\USER32.dll
0x00007ffaa6e90000 - 0x00007ffaa6eb7000 	C:\WINDOWS\System32\win32u.dll
0x00007ffa85610000 - 0x00007ffa858a0000 	C:\WINDOWS\WinSxS\amd64_microsoft.windows.common-controls_6595b64144ccf1df_6.0.26100.9278_none_3e0d1ba8e3303201\COMCTL32.dll
0x00007ffaa7740000 - 0x00007ffaa776b000 	C:\WINDOWS\System32\GDI32.dll
0x00007ffaa6cd0000 - 0x00007ffaa6df9000 	C:\WINDOWS\System32\gdi32full.dll
0x00007ffaa6c20000 - 0x00007ffaa6cc3000 	C:\WINDOWS\System32\msvcp_win.dll
0x00007ffaa8760000 - 0x00007ffaa8809000 	C:\WINDOWS\System32\msvcrt.dll
0x00007ffaa9250000 - 0x00007ffaa9281000 	C:\WINDOWS\System32\IMM32.DLL
0x00007ffa8fa10000 - 0x00007ffa8fa1c000 	C:\Users\AJI\.vscode\extensions\redhat.java-1.56.0-win32-x64\jre\21.0.12.1-win32-x86_64\bin\vcruntime140_1.dll
0x00007ff9ae9a0000 - 0x00007ff9aea2d000 	C:\Users\AJI\.vscode\extensions\redhat.java-1.56.0-win32-x64\jre\21.0.12.1-win32-x86_64\bin\msvcp140.dll
0x00007ff96c320000 - 0x00007ff96d0c2000 	C:\Users\AJI\.vscode\extensions\redhat.java-1.56.0-win32-x64\jre\21.0.12.1-win32-x86_64\bin\server\jvm.dll
0x00007ffaa8fb0000 - 0x00007ffaa906c000 	C:\WINDOWS\System32\ADVAPI32.dll
0x00007ffaa7b90000 - 0x00007ffaa7c39000 	C:\WINDOWS\System32\sechost.dll
0x00007ffaa80d0000 - 0x00007ffaa81e8000 	C:\WINDOWS\System32\RPCRT4.dll
0x00007ffaa7c40000 - 0x00007ffaa7cc0000 	C:\WINDOWS\System32\WS2_32.dll
0x00007ffaa6a80000 - 0x00007ffaa6ade000 	C:\WINDOWS\SYSTEM32\POWRPROF.dll
0x00007ffaa0960000 - 0x00007ffaa0996000 	C:\WINDOWS\SYSTEM32\WINMM.dll
0x00007ffa9deb0000 - 0x00007ffa9debb000 	C:\WINDOWS\SYSTEM32\VERSION.dll
0x00007ffaa6a60000 - 0x00007ffaa6a75000 	C:\WINDOWS\SYSTEM32\UMPDC.dll
0x00007ffaa5400000 - 0x00007ffaa541b000 	C:\WINDOWS\SYSTEM32\kernel.appcore.dll
0x00007ffa8f9e0000 - 0x00007ffa8f9ea000 	C:\Users\AJI\.vscode\extensions\redhat.java-1.56.0-win32-x64\jre\21.0.12.1-win32-x86_64\bin\jimage.dll
0x00007ffaa3d10000 - 0x00007ffaa3f5c000 	C:\WINDOWS\SYSTEM32\DBGHELP.DLL
0x00007ffaa9320000 - 0x00007ffaa96a5000 	C:\WINDOWS\System32\combase.dll
0x00007ffaa81f0000 - 0x00007ffaa82c9000 	C:\WINDOWS\System32\OLEAUT32.dll
0x00007ffa84dc0000 - 0x00007ffa84dfb000 	C:\WINDOWS\SYSTEM32\dbgcore.DLL
0x00007ffaa75c0000 - 0x00007ffaa766c000 	C:\WINDOWS\System32\bcryptPrimitives.dll
0x00007ffa80050000 - 0x00007ffa8005f000 	C:\Users\AJI\.vscode\extensions\redhat.java-1.56.0-win32-x64\jre\21.0.12.1-win32-x86_64\bin\instrument.dll
0x00007ffa56a30000 - 0x00007ffa56a50000 	C:\Users\AJI\.vscode\extensions\redhat.java-1.56.0-win32-x64\jre\21.0.12.1-win32-x86_64\bin\java.dll
0x00007ffaa8810000 - 0x00007ffaa8fa8000 	C:\WINDOWS\System32\SHELL32.dll
0x00007ffaa4150000 - 0x00007ffaa49fe000 	C:\WINDOWS\SYSTEM32\windows.storage.dll
0x00007ffaa96b0000 - 0x00007ffaa97ab000 	C:\WINDOWS\System32\SHCORE.dll
0x00007ffaa7a10000 - 0x00007ffaa7a76000 	C:\WINDOWS\System32\shlwapi.dll
0x00007ffaa6b40000 - 0x00007ffaa6b69000 	C:\WINDOWS\SYSTEM32\profapi.dll
0x00007ffa554d0000 - 0x00007ffa554e8000 	C:\Users\AJI\.vscode\extensions\redhat.java-1.56.0-win32-x64\jre\21.0.12.1-win32-x86_64\bin\zip.dll
0x00007ffa813d0000 - 0x00007ffa813e0000 	C:\Users\AJI\.vscode\extensions\redhat.java-1.56.0-win32-x64\jre\21.0.12.1-win32-x86_64\bin\net.dll
0x00007ffa9f270000 - 0x00007ffa9f39a000 	C:\WINDOWS\SYSTEM32\WINHTTP.dll
0x00007ffaa59c0000 - 0x00007ffaa5a2c000 	C:\WINDOWS\system32\mswsock.dll
0x00007ffa554b0000 - 0x00007ffa554c6000 	C:\Users\AJI\.vscode\extensions\redhat.java-1.56.0-win32-x64\jre\21.0.12.1-win32-x86_64\bin\nio.dll
0x00007ffa7fae0000 - 0x00007ffa7faf0000 	C:\Users\AJI\.vscode\extensions\redhat.java-1.56.0-win32-x64\jre\21.0.12.1-win32-x86_64\bin\verify.dll
0x00007ffa399a0000 - 0x00007ffa399c7000 	C:\Users\AJI\.gradle\native\1def1411415f61bf3af743bc5b6707747c0891f09f0c88961ee8f79bc544acac\windows-amd64\native-platform.dll
0x00007ff9bbe60000 - 0x00007ff9bbed7000 	C:\Users\AJI\.gradle\native\0.2.8\x86_64-windows-gnu\gradle-fileevents.dll
0x00007ffa7eee0000 - 0x00007ffa7eeea000 	C:\Users\AJI\.vscode\extensions\redhat.java-1.56.0-win32-x64\jre\21.0.12.1-win32-x86_64\bin\management.dll
0x00007ffa77400000 - 0x00007ffa7740c000 	C:\Users\AJI\.vscode\extensions\redhat.java-1.56.0-win32-x64\jre\21.0.12.1-win32-x86_64\bin\management_ext.dll
0x00007ffaa7b80000 - 0x00007ffaa7b88000 	C:\WINDOWS\System32\PSAPI.DLL
0x00007ffaa4ee0000 - 0x00007ffaa4f13000 	C:\WINDOWS\SYSTEM32\IPHLPAPI.DLL
0x00007ffaa80c0000 - 0x00007ffaa80ca000 	C:\WINDOWS\System32\NSI.dll
0x00007ffa74220000 - 0x00007ffa74229000 	C:\Users\AJI\.vscode\extensions\redhat.java-1.56.0-win32-x64\jre\21.0.12.1-win32-x86_64\bin\extnet.dll
0x00007ffaa5cb0000 - 0x00007ffaa5ccb000 	C:\WINDOWS\SYSTEM32\CRYPTSP.dll
0x00007ffaa5360000 - 0x00007ffaa5399000 	C:\WINDOWS\system32\rsaenh.dll
0x00007ffaa5a70000 - 0x00007ffaa5aa4000 	C:\WINDOWS\SYSTEM32\USERENV.dll
0x00007ffaa6b10000 - 0x00007ffaa6b3a000 	C:\WINDOWS\SYSTEM32\bcrypt.dll
0x00007ffaa5cd0000 - 0x00007ffaa5cdc000 	C:\WINDOWS\SYSTEM32\CRYPTBASE.dll
0x00007ffa73220000 - 0x00007ffa7322e000 	C:\Users\AJI\.vscode\extensions\redhat.java-1.56.0-win32-x64\jre\21.0.12.1-win32-x86_64\bin\sunmscapi.dll
0x00007ffaa6ec0000 - 0x00007ffaa703e000 	C:\WINDOWS\System32\CRYPT32.dll
0x00007ffaa5ea0000 - 0x00007ffaa5ed0000 	C:\WINDOWS\SYSTEM32\ncrypt.dll
0x00007ffaa5e50000 - 0x00007ffaa5e8f000 	C:\WINDOWS\SYSTEM32\NTASN1.dll
0x00007ffa7c400000 - 0x00007ffa7c408000 	C:\WINDOWS\system32\wshunix.dll

JVMTI agents:
C:\Users\AJI\.gradle\wrapper\dists\gradle-9.1.0-all\7wzd0jkjit61aq2p43wpjgij9\gradle-9.1.0\lib\agents\gradle-instrumentation-agent-9.1.0.jar path:C:\Users\AJI\.vscode\extensions\redhat.java-1.56.0-win32-x64\jre\21.0.12.1-win32-x86_64\bin\instrument.dll, loaded, initialized, instrumentlib options:none

dbghelp: loaded successfully - version: 4.0.5 - missing functions: none
symbol engine: initialized successfully - sym options: 0x614 - pdb path: .;C:\Users\AJI\.vscode\extensions\redhat.java-1.56.0-win32-x64\jre\21.0.12.1-win32-x86_64\bin;C:\WINDOWS\SYSTEM32;C:\WINDOWS\WinSxS\amd64_microsoft.windows.common-controls_6595b64144ccf1df_6.0.26100.9278_none_3e0d1ba8e3303201;C:\Users\AJI\.vscode\extensions\redhat.java-1.56.0-win32-x64\jre\21.0.12.1-win32-x86_64\bin\server;C:\Users\AJI\.gradle\native\1def1411415f61bf3af743bc5b6707747c0891f09f0c88961ee8f79bc544acac\windows-amd64;C:\Users\AJI\.gradle\native\0.2.8\x86_64-windows-gnu

VM Arguments:
jvm_args: --add-opens=java.base/java.lang=ALL-UNNAMED --add-opens=java.base/java.lang.invoke=ALL-UNNAMED --add-opens=java.base/java.util=ALL-UNNAMED --add-opens=java.prefs/java.util.prefs=ALL-UNNAMED --add-exports=jdk.compiler/com.sun.tools.javac.api=ALL-UNNAMED --add-exports=jdk.compiler/com.sun.tools.javac.util=ALL-UNNAMED --add-opens=java.base/java.util=ALL-UNNAMED --add-opens=java.prefs/java.util.prefs=ALL-UNNAMED --add-opens=java.base/java.nio.charset=ALL-UNNAMED --add-opens=java.base/java.net=ALL-UNNAMED --add-opens=java.base/java.util.concurrent=ALL-UNNAMED --add-opens=java.base/java.util.concurrent.atomic=ALL-UNNAMED --add-opens=java.xml/javax.xml.namespace=ALL-UNNAMED --add-opens=java.base/java.time=ALL-UNNAMED -XX:MaxMetaspaceSize=4G -XX:ReservedCodeCacheSize=512m -XX:+HeapDumpOnOutOfMemoryError -Xmx8G -Dfile.encoding=UTF-8 -Duser.country=IN -Duser.language=en -Duser.variant -javaagent:C:\Users\AJI\.gradle\wrapper\dists\gradle-9.1.0-all\7wzd0jkjit61aq2p43wpjgij9\gradle-9.1.0\lib\agents\gradle-instrumentation-agent-9.1.0.jar 
java_command: org.gradle.launcher.daemon.bootstrap.GradleDaemon 9.1.0
java_class_path (initial): C:\Users\AJI\.gradle\wrapper\dists\gradle-9.1.0-all\7wzd0jkjit61aq2p43wpjgij9\gradle-9.1.0\lib\gradle-daemon-main-9.1.0.jar
Launcher Type: SUN_STANDARD

[Global flags]
     intx CICompilerCount                          = 12                                        {product} {ergonomic}
     uint ConcGCThreads                            = 4                                         {product} {ergonomic}
     uint G1ConcRefinementThreads                  = 15                                        {product} {ergonomic}
   size_t G1HeapRegionSize                         = 4194304                                   {product} {ergonomic}
    uintx GCDrainStackTargetSize                   = 64                                        {product} {ergonomic}
     bool HeapDumpOnOutOfMemoryError               = true                                   {manageable} {command line}
   size_t InitialHeapSize                          = 264241152                                 {product} {ergonomic}
   size_t MarkStackSize                            = 4194304                                   {product} {ergonomic}
   size_t MaxHeapSize                              = 8589934592                                {product} {command line}
   size_t MaxMetaspaceSize                         = 4294967296                                {product} {command line}
   size_t MaxNewSize                               = 5150605312                                {product} {ergonomic}
   size_t MinHeapDeltaBytes                        = 4194304                                   {product} {ergonomic}
   size_t MinHeapSize                              = 8388608                                   {product} {ergonomic}
    uintx NonNMethodCodeHeapSize                   = 7602480                                {pd product} {ergonomic}
    uintx NonProfiledCodeHeapSize                  = 264634216                              {pd product} {ergonomic}
    uintx ProfiledCodeHeapSize                     = 264634216                              {pd product} {ergonomic}
    uintx ReservedCodeCacheSize                    = 536870912                              {pd product} {command line}
     bool SegmentedCodeCache                       = true                                      {product} {ergonomic}
   size_t SoftMaxHeapSize                          = 8589934592                             {manageable} {ergonomic}
     bool UseCompressedOops                        = true                           {product lp64_product} {ergonomic}
     bool UseG1GC                                  = true                                      {product} {ergonomic}
     bool UseLargePagesIndividualAllocation        = false                                  {pd product} {ergonomic}

Logging:
Log output configuration:
 #0: stdout all=warning uptime,level,tags foldmultilines=false
 #1: stderr all=off uptime,level,tags foldmultilines=false

Release file:
JAVA_VERSION="21.0.12.1" 
MODULES="java.base java.compiler java.datatransfer java.xml java.prefs java.desktop java.instrument java.logging java.management java.security.sasl java.naming java.rmi java.management.rmi java.net.http java.scripting java.security.jgss java.transaction.xa java.sql java.sql.rowset java.xml.crypto java.se java.smartcardio jdk.accessibility jdk.internal.jvmstat jdk.attach jdk.charsets jdk.internal.opt jdk.zipfs jdk.compiler jdk.crypto.ec jdk.crypto.cryptoki jdk.crypto.mscapi jdk.dynalink jdk.internal.ed jdk.editpad jdk.hotspot.agent jdk.httpserver jdk.internal.le jdk.internal.vm.ci jdk.internal.vm.compiler jdk.internal.vm.compiler.management jdk.jartool jdk.javadoc jdk.jcmd jdk.management jdk.management.agent jdk.jconsole jdk.jdeps jdk.jdwp.agent jdk.jdi jdk.jfr jdk.jshell jdk.jsobject jdk.jstatd jdk.localedata jdk.management.jfr jdk.naming.dns jdk.naming.rmi jdk.net jdk.nio.mapmode jdk.random jdk.sctp jdk.security.auth jdk.security.jgss jdk.unsupported jdk.unsupported.desktop jdk.xml.dom" 

Environment Variables:
JAVA_HOME=C:\Program Files\Java\jdk-17
PATH=C:\Python314\Scripts\;C:\Python314\;C:\Program Files\Eclipse Adoptium\jdk-25.0.3.9-hotspot\bin;C:\Program Files\Microsoft\jdk-11.0.16.101-hotspot\bin;C:\WINDOWS\system32;C:\WINDOWS;C:\WINDOWS\System32\Wbem;C:\WINDOWS\System32\WindowsPowerShell\v1.0\;C:\WINDOWS\System32\OpenSSH\;C:\Program Files\dotnet\;C:\MinGW\bin;C:\ProgramData\chocolatey\bin;C:\Users\AJI\AppData\Local\Pub\Cache\bin;C:\Program Files\Java\jdk-17\bin;d:\cursor\resources\app\bin;C:\Users\AJI\develop\flutter\bin;C:\Users\AJI\.local\bin;D:\node\node_modules\npm\bin;D:\node\;C:\Program Files\nodejs\;C:\Program Files\nodejs\node_modules\npm\bin;C:\Users\AJI\Documents\MONGO\mongosh-2.9.2-win32-x64\bin;C:\xampp\php;C:\Program Files\Git\cmd;C:\Users\AJI\AppData\Local\Programs\Python\Python312\Scripts\;C:\Users\AJI\AppData\Local\Programs\Python\Python312\;C:\Users\AJI\.local\bin;C:\Users\AJI\AppData\Local\Microsoft\WindowsApps;D:\IntelliJ IDEA Community Edition 2023.1.5\bin;;C:\mingw64\bin;C:\Users\AJI\.dotnet\tools;C:\Users\AJI\Documents\flutter_windows_3.13.4-stable\flutter\bin;C:\Users\AJI\AppData\Local\Pub\Cache\bin;D:\flutter_pub_cache;C:\Users\AJI\AppData\Local\Android\Sdk;C:\Program Files\Java\jdk-17\bin;D:\rider\JetBrains Rider 2024.3.7\bin;;D:\Program Files\Microsoft VS Code\bin;D:\freelanceing\cursor\resources\app\bin;C:\Users\AJI\AppData\Local\Programs\Microsoft VS Code\bin;C:\Users\AJI\AppData\Local\Programs\cursor\resources\app\bin;C:\Users\AJI\AppData\Roaming\npm
USERNAME=AJI
OS=Windows_NT
PROCESSOR_IDENTIFIER=Intel64 Family 6 Model 154 Stepping 3, GenuineIntel
TMP=C:\Users\AJI\AppData\Local\Temp
TEMP=C:\Users\AJI\AppData\Local\Temp




Periodic native trim disabled

---------------  S Y S T E M  ---------------

OS:
 Windows 11 , 64 bit Build 26100 (10.0.26100.9444)
OS uptime: 0 days 4:10 hours
Hyper-V role detected

CPU: total 20 (initial active 20) (10 cores per cpu, 2 threads per core) family 6 model 154 stepping 3 microcode 0x43b, cx8, cmov, fxsr, ht, mmx, 3dnowpref, sse, sse2, sse3, ssse3, sse4.1, sse4.2, popcnt, lzcnt, tsc, tscinvbit, avx, avx2, aes, erms, clmul, bmi1, bmi2, adx, sha, fma, vzeroupper, clflush, clflushopt, clwb, hv, serialize, rdtscp, rdpid, fsrm, f16c, cet_ibt, cet_ss
Processor Information for processor 0
  Max Mhz: 2300, Current Mhz: 2300, Mhz Limit: 2300
Processor Information for processor 1
  Max Mhz: 2300, Current Mhz: 2300, Mhz Limit: 2300
Processor Information for processor 2
  Max Mhz: 2300, Current Mhz: 2300, Mhz Limit: 2300
Processor Information for processor 3
  Max Mhz: 2300, Current Mhz: 2300, Mhz Limit: 2300
Processor Information for processor 4
  Max Mhz: 2300, Current Mhz: 2300, Mhz Limit: 2300
Processor Information for processor 5
  Max Mhz: 2300, Current Mhz: 2300, Mhz Limit: 2300
Processor Information for processor 6
  Max Mhz: 2300, Current Mhz: 2300, Mhz Limit: 2300
Processor Information for processor 7
  Max Mhz: 2300, Current Mhz: 2300, Mhz Limit: 2300
Processor Information for processor 8
  Max Mhz: 2300, Current Mhz: 2300, Mhz Limit: 2300
Processor Information for processor 9
  Max Mhz: 2300, Current Mhz: 2300, Mhz Limit: 2300
Processor Information for processor 10
  Max Mhz: 2300, Current Mhz: 2300, Mhz Limit: 2300
Processor Information for processor 11
  Max Mhz: 2300, Current Mhz: 2300, Mhz Limit: 2300
Processor Information for processor 12
  Max Mhz: 2300, Current Mhz: 2300, Mhz Limit: 2300
Processor Information for processor 13
  Max Mhz: 2300, Current Mhz: 2300, Mhz Limit: 2300
Processor Information for processor 14
  Max Mhz: 2300, Current Mhz: 2300, Mhz Limit: 2300
Processor Information for processor 15
  Max Mhz: 2300, Current Mhz: 2300, Mhz Limit: 2300
Processor Information for processor 16
  Max Mhz: 2300, Current Mhz: 2300, Mhz Limit: 2300
Processor Information for processor 17
  Max Mhz: 2300, Current Mhz: 1488, Mhz Limit: 2300
Processor Information for processor 18
  Max Mhz: 2300, Current Mhz: 2300, Mhz Limit: 2300
Processor Information for processor 19
  Max Mhz: 2300, Current Mhz: 1488, Mhz Limit: 2300

Memory: 4k page, system-wide physical 16068M (242M free)
TotalPageFile size 65220M (AvailPageFile size 7M)
current process WorkingSet (physical memory assigned to process): 201M, peak: 243M
current process commit charge ("private bytes"): 321M, peak: 431M

vm_info: OpenJDK 64-Bit Server VM (21.0.12.1+1-LTS) for windows-amd64 JRE (21.0.12.1+1-LTS), built on 2026-08-18T00:00:00Z by "admin" with MS VC++ 17.12 (VS2022)

END.
